 ConEmu

 Timestamp is 613e72ee (Sun Sep 12 23:36:46 2021)

 Preferred load address is 10000000

 Start         Length     Name                   Class
 0001:00000000 00000010H .text$di                CODE
 0001:00000010 00028a45H .text$mn                CODE
 0001:00028a55 00000703H .text$x                 CODE
 0001:00029158 0000000aH .text$yd                CODE
 0002:00000000 00000338H .idata$5                DATA
 0002:00000338 00000004H .00cfg                  DATA
 0002:0000033c 00000004H .CRT$XCA                DATA
 0002:00000340 00000004H .CRT$XCU                DATA
 0002:00000344 00000004H .CRT$XCZ                DATA
 0002:00000348 00000004H .CRT$XIA                DATA
 0002:0000034c 00000010H .CRT$XIC                DATA
 0002:0000035c 00000004H .CRT$XIZ                DATA
 0002:00000360 00000004H .CRT$XLA                DATA
 0002:00000364 00000004H .CRT$XLZ                DATA
 0002:00000368 00000004H .CRT$XPA                DATA
 0002:0000036c 00000008H .CRT$XPX                DATA
 0002:00000374 00000004H .CRT$XPXA               DATA
 0002:00000378 00000004H .CRT$XPZ                DATA
 0002:0000037c 00000004H .CRT$XTA                DATA
 0002:00000380 00000010H .CRT$XTZ                DATA
 0002:00000384 00000000H .gfids$x                DATA
 0002:00000384 00000000H .gfids$y                DATA
 0002:00000390 000096d8H .rdata                  DATA
 0002:00009a68 00000018H .rdata$T                DATA
 0002:00009a80 000005b0H .rdata$r                DATA
 0002:0000a030 000000b0H .rdata$sxdata           DATA
 0002:0000a0e0 000003b0H .rdata$zzzdbg           DATA
 0002:0000a490 00000004H .rtc$IAA                DATA
 0002:0000a494 00000004H .rtc$IZZ                DATA
 0002:0000a498 00000004H .rtc$TAA                DATA
 0002:0000a49c 00000004H .rtc$TZZ                DATA
 0002:0000a4a0 00000004H .tls                    DATA
 0002:0000a4a4 00000004H .tls$                   DATA
 0002:0000a4a8 00000008H .tls$ZZZ                DATA
 0002:0000a4b0 00000d50H .xdata$x                DATA
 0002:0000b200 000002e0H .edata                  DATA
 0002:0000b4e0 00000064H .idata$2                DATA
 0002:0000b544 00000014H .idata$3                DATA
 0002:0000b558 00000338H .idata$4                DATA
 0002:0000b890 00000e9eH .idata$6                DATA
 0003:00000000 00000988H .data                   DATA
 0003:00000988 00000388H .data$r                 DATA
 0003:00000d10 0000a250H .bss                    DATA
 0004:00000000 000000a0H .rsrc$01                DATA
 0004:000000a0 00000488H .rsrc$02                DATA

  Address         Publics by Value              Rva+Base       Lib:Object

 0000:00000000       ___guard_fids_count        00000000     <absolute>
 0000:00000000       ___hybrid_code_map_count   00000000     <absolute>
 0000:00000000       ___guard_iat_count         00000000     <absolute>
 0000:00000000       ___dynamic_value_reloc_table 00000000     <absolute>
 0000:00000000       ___guard_longjmp_count     00000000     <absolute>
 0000:00000000       __except_list              00000000     <absolute>
 0000:00000000       ___guard_fids_table        00000000     <absolute>
 0000:00000000       ___guard_longjmp_table     00000000     <absolute>
 0000:00000000       ___guard_iat_table         00000000     <absolute>
 0000:00000000       ___hybrid_auxiliary_iat    00000000     <absolute>
 0000:00000000       ___volatile_metadata       00000000     <absolute>
 0000:00000000       ___enclave_config          00000000     <absolute>
 0000:00000000       ___hybrid_code_map         00000000     <absolute>
 0000:0000002c       ___safe_se_handler_count   0000002c     <absolute>
 0000:0000002c       __tls_array                0000002c     <absolute>
 0000:00000100       ___guard_flags             00000100     <absolute>
 0000:00000000       ___ImageBase               10000000     <linker-defined>
 0001:00000010       ??$swprintf_c@$0EA@@@YAHAAY0EA@_WPB_WZZ 10001010 f i ConEmuInjects.obj
 0001:00000026       ??$swprintf_c@$0IA@@@YAHAAY0IA@_WPB_WZZ 10001026 f i ConEmuInjects.obj
 0001:0000003f       ??$swprintf_c@$0PP@@@YAHAAY0PP@_WPB_WZZ 1000103f f i ConEmuInjects.obj
 0001:00000058       ?ShutdownHooks@@YAXXZ      10001058 f   ConEmuInjects.obj
 0001:00000189       ?StartupConsoleHooks@@YAXXZ 10001189 f   ConEmuInjects.obj
 0001:000001f2       ?StartupHooks@@YA_NPAUHINSTANCE__@@@Z 100011f2 f   ConEmuInjects.obj
 0001:000004c3       ?StringCchVPrintfW@@YGJPA_WIPB_WPAD@Z 100014c3 f i ConEmuInjects.obj
 0001:0000051a       ___local_stdio_printf_options 1000151a f i ConEmuInjects.obj
 0001:00000520       __vsnwprintf_l             10001520 f i ConEmuInjects.obj
 0001:00000552       ?ProcessSynchroEventW3@@YGHPAX@Z 10001552 f   ConEmuPlugin.obj
 0001:00000562       ?ProcessEditorEventW3@@YGHPAX@Z 10001562 f   ConEmuPlugin.obj
 0001:00000572       ?ProcessViewerEventW3@@YGHPAX@Z 10001572 f   ConEmuPlugin.obj
 0001:00000582       ?ExitFARW3@@YGXPAX@Z       10001582 f   ConEmuPlugin.obj
 0001:000005c4       _ExitFARW@0                100015c4 f   ConEmuPlugin.obj
 0001:00000604       ?ProcessEditorEvent@@YGHHPAX@Z 10001604 f   ConEmuPlugin.obj
 0001:00000604       _ProcessEditorEventW@8     10001604 f   ConEmuPlugin.obj
 0001:0000061c       _ProcessSynchroEventW@8    1000161c f   ConEmuPlugin.obj
 0001:00000635       _ProcessViewerEventW@8     10001635 f   ConEmuPlugin.obj
 0001:00000635       ?ProcessViewerEvent@@YGHHPAX@Z 10001635 f   ConEmuPlugin.obj
 0001:0000064d       ?ActivateConsole@@YGHXZ    1000164d f   ConEmuPlugin.obj
 0001:000007f9       ?ExitFAR@@YGXXZ            100017f9 f   ConEmuPlugin.obj
 0001:00000839       ?GetFarHWND2@@YGPAUHWND__@@H@Z 10001839 f   ConEmuPlugin.obj
 0001:0000089a       ?GetFarHWND@@YGPAUHWND__@@XZ 1000189a f   ConEmuPlugin.obj
 0001:000008a2       ?GetFarVersion@@YGXPAUFarVersion@@@Z 100018a2 f   ConEmuPlugin.obj
 0001:000008bc       ?GetMinFarVersion@@YGHXZ   100018bc f   ConEmuPlugin.obj
 0001:000008da       ?GetPluginInfo@@YGXPAX@Z   100018da f   ConEmuPlugin.obj
 0001:0000090e       ?GetPluginInfoW@@YGXPAX@Z  1000190e f   ConEmuPlugin.obj
 0001:0000091e       ?IsConsoleActive@@YGHXZ    1000191e f   ConEmuPlugin.obj
 0001:0000095d       ?IsTerminalMode@@YGHXZ     1000195d f   ConEmuPlugin.obj
 0001:00000963       ?OpenPlugin@@YGPAXHH@Z     10001963 f   ConEmuPlugin.obj
 0001:0000097e       ?OpenW@@YGPAXPBX@Z         1000197e f   ConEmuPlugin.obj
 0001:0000098e       ?ProcessEditorInput@@YGHPBU_INPUT_RECORD@@@Z 1000198e f   ConEmuPlugin.obj
 0001:000009a6       ?RegisterBackground@@YGHPAURegisterBackgroundArg@@@Z 100019a6 f   ConEmuPlugin.obj
 0001:00000a15       ?RegisterPanelView@@YGHPAUPanelViewInit@@@Z 10001a15 f   ConEmuPlugin.obj
 0001:00000b45       ?SetStartupInfo@@YGXPAX@Z  10001b45 f   ConEmuPlugin.obj
 0001:00000b8b       ?SetupExportsFar3@@YAXXZ   10001b8b f   ConEmuPlugin.obj
 0001:00000b9e       ?SyncExecute@@YGHPAUHINSTANCE__@@P6GXJ@ZJ@Z 10001b9e f   ConEmuPlugin.obj
 0001:00000bdc       _DllMain@12                10001bdc f   ConEmuPlugin.obj
 0001:00000c03       _GetMinFarVersionW@0       10001c03 f   ConEmuPlugin.obj
 0001:00000c09       _OpenPluginW@8             10001c09 f   ConEmuPlugin.obj
 0001:00000c36       _ProcessEditorInputW@4     10001c36 f   ConEmuPlugin.obj
 0001:00000c46       _SetStartupInfoW@4         10001c46 f   ConEmuPlugin.obj
 0001:00000c68       ??0CPluginW1900@@QAE@XZ    10001c68 f   ConEmuPlugin1900.obj
 0001:00000df1       ??_GCPluginW1900@@UAEPAXI@Z 10001df1 f i ConEmuPlugin1900.obj
 0001:00000df1       ??_ECPluginW1900@@UAEPAXI@Z 10001df1 f i ConEmuPlugin1900.obj
 0001:0000116e       ?CheckPanelExist@CPluginW1900@@UAE_NXZ 1000216e f   ConEmuPlugin1900.obj
 0001:00001191       ?Color2BgIndex@Far3Color@@SAXKHAAGPBK@Z 10002191 f i ConEmuPlugin1900.obj
 0001:00001263       ?Color2FgIndex@Far3Color@@SAXKAAGPBK@Z 10002263 f i ConEmuPlugin1900.obj
 0001:0000131b       ?ExecuteSynchroApi@CPluginW1900@@UAE_NXZ 1000231b f   ConEmuPlugin1900.obj
 0001:0000133e       ?ExitFar@CPluginW1900@@UAEXXZ 1000233e f   ConEmuPlugin1900.obj
 0001:000013a5       ?FarColor_3_2@@YAEABUFarColor@@_N@Z 100023a5 f i ConEmuPlugin1900.obj
 0001:00001450       ?GetActiveWindowType@CPluginW1900@@UAEHXZ 10002450 f   ConEmuPlugin1900.obj
 0001:000014c9       ?GetEditorModifiedState@CPluginW1900@@UAEKXZ 100024c9 f   ConEmuPlugin1900.obj
 0001:00001505       ?GetFarRect@CPluginW1900@@UAE_NAAU_SMALL_RECT@@@Z 10002505 f   ConEmuPlugin1900.obj
 0001:00001592       ?GetMacroArea@CPluginW1900@@UAEHXZ 10002592 f   ConEmuPlugin1900.obj
 0001:000015a6       ?GetMsg@CPluginW1900@@UAEPB_WHPA_WI@Z 100025a6 f   ConEmuPlugin1900.obj
 0001:000015ec       ?GetPanelDir@CPluginW1900@@UAEPA_WKPA_WH@Z 100025ec f   ConEmuPlugin1900.obj
 0001:00001704       ?GetPanelInfo@CPluginW1900@@UAE_NKPAUCEPanelInfo@@@Z 10002704 f   ConEmuPlugin1900.obj
 0001:0000196b       ?GetPanelItemInfo@CPluginW1900@@UAE_NABUCEPanelInfo@@_NHAAU_WIN32_FIND_DATAW@@PAPA_W@Z 1000296b f   ConEmuPlugin1900.obj
 0001:00001ae1       ?GetPluginInfoPtr@CPluginW1900@@UAEXPAX@Z 10002ae1 f   ConEmuPlugin1900.obj
 0001:00001b2a       ?GetStdIndex@Far3Color@@SAHKPBK@Z 10002b2a f i ConEmuPlugin1900.obj
 0001:00001b4f       ?GetWindowCount@CPluginW1900@@UAEHXZ 10002b4f f   ConEmuPlugin1900.obj
 0001:00001b70       ?GetWindowTypeName@CPluginW2800@@UAEPB_WH@Z 10002b70 f   ConEmuPlugin2800.obj
 0001:00001b70       ?GetWindowTypeName@CPluginAnsi@@UAEPB_WH@Z 10002b70 f   ConEmuPluginA.obj
 0001:00001b70       ?GetWindowTypeName@CPluginW995@@UAEPB_WH@Z 10002b70 f   ConEmuPlugin995.obj
 0001:00001b70       ?GetWindowTypeName@CPluginW1900@@UAEPB_WH@Z 10002b70 f   ConEmuPlugin1900.obj
 0001:00001bc7       ?GuiMacroDlg@CPluginW1900@@UAEXXZ 10002bc7 f   ConEmuPlugin1900.obj
 0001:00001bcc       ?InputBox@CPluginW1900@@UAE_NPB_W000AAPA_W@Z 10002bcc f   ConEmuPlugin1900.obj
 0001:00001c64       ?IsMacroActive@CPluginW1900@@UAE_NXZ 10002c64 f   ConEmuPlugin1900.obj
 0001:00001c8e       ?LoadFarColors@CPluginW1900@@UAEXAAY0BAA@E@Z 10002c8e f   ConEmuPlugin1900.obj
 0001:00001de5       ?LoadFarSettings@CPluginW1900@@UAEXPAUCEFarInterfaceSettings@@PAUCEFarPanelSettings@@@Z 10002de5 f   ConEmuPlugin1900.obj
 0001:00001ef3       ?Open@CPluginW1900@@UAEPAXPBX@Z 10002ef3 f   ConEmuPlugin1900.obj
 0001:00001fbf       ?OpenEditor@CPluginW1900@@UAE_NPB_W_N11HH@Z 10002fbf f   ConEmuPlugin1900.obj
 0001:00002060       ?PanelControlApi@CPluginW1900@@UAEHPAXHH0@Z 10003060 f   ConEmuPlugin1900.obj
 0001:0000207d       ?PostMacroApi@CPluginW1900@@UAEXPB_WPAU_INPUT_RECORD@@_N@Z 1000307d f   ConEmuPlugin1900.obj
 0001:00002576       ?ProcessEditorEventPtr@CPluginW2800@@UAEHPAX@Z 10003576 f   ConEmuPlugin2800.obj
 0001:00002576       ?ProcessEditorEventPtr@CPluginW1900@@UAEHPAX@Z 10003576 f   ConEmuPlugin1900.obj
 0001:0000258a       ?ProcessEditorInputPtr@CPluginW1900@@UAEHPBX@Z 1000358a f   ConEmuPlugin1900.obj
 0001:000025a8       ?ProcessSynchroEventPtr@CPluginW2800@@UAEHPAX@Z 100035a8 f   ConEmuPlugin2800.obj
 0001:000025a8       ?ProcessSynchroEventPtr@CPluginW1900@@UAEHPAX@Z 100035a8 f   ConEmuPlugin1900.obj
 0001:000025c4       ?ProcessViewerEventPtr@CPluginW2800@@UAEHPAX@Z 100035c4 f   ConEmuPlugin2800.obj
 0001:000025c4       ?ProcessViewerEventPtr@CPluginW1900@@UAEHPAX@Z 100035c4 f   ConEmuPlugin1900.obj
 0001:000025d8       ?RedrawAll@CPluginW1900@@UAEXXZ 100035d8 f   ConEmuPlugin1900.obj
 0001:000025f9       ?SetStartupInfoPtr@CPluginW1900@@UAEXPAX@Z 100035f9 f   ConEmuPlugin1900.obj
 0001:000026fc       ?SetWindow@CPluginW1900@@UAEXH@Z 100036fc f   ConEmuPlugin1900.obj
 0001:00002737       ?ShowMessage@CPluginW1900@@UAEHPB_WH_N@Z 10003737 f   ConEmuPlugin1900.obj
 0001:0000279c       ?ShowPluginMenu@CPluginW1900@@UAEHPAUConEmuPluginMenuItem@@HH@Z 1000379c f   ConEmuPlugin1900.obj
 0001:000028dc       ?ShowUserScreen@CPluginW1900@@UAEX_N@Z 100038dc f   ConEmuPlugin1900.obj
 0001:00002901       ?WaitEndSynchro@CPluginW2800@@UAEXXZ 10003901 f   ConEmuPlugin2800.obj
 0001:00002901       ?PlugServerInit@@YAXXZ     10003901 f   PluginSrv.obj
 0001:00002901       ?StopWaitEndSynchro@CPluginW1900@@UAEXXZ 10003901 f   ConEmuPlugin1900.obj
 0001:00002901       ?ShutdownPluginStep@CPluginBase@@SAXPB_WHHHH@Z 10003901 f   ConEmuPluginBase.obj
 0001:00002901       ?WaitEndSynchro@CPluginAnsi@@UAEXXZ 10003901 f   ConEmuPluginA.obj
 0001:00002901       ?StopWaitEndSynchro@CPluginW2800@@UAEXXZ 10003901 f   ConEmuPlugin2800.obj
 0001:00002901       ?_Doraise@exception@stdext@@MBEXXZ 10003901 f   common-kernel32:CEStr.obj
 0001:00002901       ?StopWaitEndSynchro@CPluginAnsi@@UAEXXZ 10003901 f   ConEmuPluginA.obj
 0001:00002901       ?WaitEndSynchro@CPluginW1900@@UAEXXZ 10003901 f   ConEmuPlugin1900.obj
 0001:00002901       @_guard_check_icall_nop@4  10003901 f   LIBCMT:guard_support.obj
 0001:00002902       ?UpdateConEmuTabsApi@CPluginW1900@@UAE_NH@Z 10003902 f   ConEmuPlugin1900.obj
 0001:00002d57       ??$_Emplace_reallocate@ABUWindowInfo@@@?$vector@UWindowInfo@@V?$MArrayAllocator@UWindowInfo@@@@@std@@QAEPAUWindowInfo@@QAU2@ABU2@@Z 10003d57 f i ConEmuPlugin2800.obj
 0001:00002e14       ??$_Fill_unchecked1@PAUWindowInfo@@U1@@std@@YAXPAUWindowInfo@@0ABU1@U?$integral_constant@_N$0A@@0@@Z 10003e14 f i ConEmuPlugin2800.obj
 0001:00002e37       ??$_Uninit_alloc_fill_n1@PAUWindowInfo@@IV?$MArrayAllocator@UWindowInfo@@@@@std@@YAPAUWindowInfo@@QAU1@IABU1@AAV?$MArrayAllocator@UWindowInfo@@@@U?$integral_constant@_N$0A@@0@@Z 10003e37 f i ConEmuPlugin2800.obj
 0001:00002e5c       ??$_Uninitialized_fill_n@PAUWindowInfo@@IV?$MArrayAllocator@UWindowInfo@@@@@std@@YAPAUWindowInfo@@QAU1@IABU1@AAV?$MArrayAllocator@UWindowInfo@@@@@Z 10003e5c f i ConEmuPlugin2800.obj
 0001:00002e7d       ??$emplace_back@ABUWindowInfo@@@?$vector@UWindowInfo@@V?$MArrayAllocator@UWindowInfo@@@@@std@@QAEXABUWindowInfo@@@Z 10003e7d f i ConEmuPlugin2800.obj
 0001:00002eab       ??0CPluginW2800@@QAE@XZ    10003eab f   ConEmuPlugin2800.obj
 0001:00003034       ??0bad_alloc@std@@QAE@ABV01@@Z 10004034 f i ConEmuPlugin2800.obj
 0001:0000304f       ??0bad_alloc@std@@QAE@XZ   1000404f f i ConEmuPlugin2800.obj
 0001:00003067       ??0exception@std@@QAE@ABV01@@Z 10004067 f i ConEmuPlugin2800.obj
 0001:00003093       ??1?$MArray@UWindowInfo@@@@QAE@XZ 10004093 f i ConEmuPlugin2800.obj
 0001:000030cb       ??1bad_exception@std@@UAE@XZ 100040cb f i libvcruntime:frame.obj
 0001:000030cb       ??1length_error@std@@UAE@XZ 100040cb f i libcpmt:xthrow.obj
 0001:000030cb       ??1bad_function_call@std@@UAE@XZ 100040cb f i libcpmt:xthrow.obj
 0001:000030cb       ??1bad_alloc@std@@UAE@XZ   100040cb f i ConEmuPlugin2800.obj
 0001:000030dc       ??_ECPluginW2800@@UAEPAXI@Z 100040dc f i ConEmuPlugin2800.obj
 0001:000030dc       ??_GCPluginW2800@@UAEPAXI@Z 100040dc f i ConEmuPlugin2800.obj
 0001:00003107       ??_Eexception@std@@UAEPAXI@Z 10004107 f i ConEmuPlugin2800.obj
 0001:00003107       ??_Ebad_function_call@std@@UAEPAXI@Z 10004107 f i libcpmt:xthrow.obj
 0001:00003107       ??_Glogic_error@std@@UAEPAXI@Z 10004107 f i libcpmt:xthrow.obj
 0001:00003107       ??_Gexception@std@@UAEPAXI@Z 10004107 f i ConEmuPlugin2800.obj
 0001:00003107       ??_Elength_error@std@@UAEPAXI@Z 10004107 f i libcpmt:xthrow.obj
 0001:00003107       ??_Gbad_exception@std@@UAEPAXI@Z 10004107 f i libvcruntime:frame.obj
 0001:00003107       ??_Glength_error@std@@UAEPAXI@Z 10004107 f i libcpmt:xthrow.obj
 0001:00003107       ??_Ebad_alloc@std@@UAEPAXI@Z 10004107 f i ConEmuPlugin2800.obj
 0001:00003107       ??_Gbad_function_call@std@@UAEPAXI@Z 10004107 f i libcpmt:xthrow.obj
 0001:00003107       ??_Ebad_exception@std@@UAEPAXI@Z 10004107 f i libvcruntime:frame.obj
 0001:00003107       ??_Gbad_alloc@std@@UAEPAXI@Z 10004107 f i ConEmuPlugin2800.obj
 0001:00003107       ??_Elogic_error@std@@UAEPAXI@Z 10004107 f i libcpmt:xthrow.obj
 0001:0000349d       ?CheckPanelExist@CPluginW2800@@UAE_NXZ 1000449d f   ConEmuPlugin2800.obj
 0001:000034c0       ?ExecuteSynchroApi@CPluginW2800@@UAE_NXZ 100044c0 f   ConEmuPlugin2800.obj
 0001:000034e3       ?ExitFar@CPluginW2800@@UAEXXZ 100044e3 f   ConEmuPlugin2800.obj
 0001:0000355d       ?GetActiveWindowType@CPluginW2800@@UAEHXZ 1000455d f   ConEmuPlugin2800.obj
 0001:000035dc       ?GetEditorModifiedState@CPluginW2800@@UAEKXZ 100045dc f   ConEmuPlugin2800.obj
 0001:00003618       ?GetFarRect@CPluginW2800@@UAE_NAAU_SMALL_RECT@@@Z 10004618 f   ConEmuPlugin2800.obj
 0001:000036a8       ?GetMacroArea@CPluginW2800@@UAEHXZ 100046a8 f   ConEmuPlugin2800.obj
 0001:000036bc       ?GetMsg@CPluginW2800@@UAEPB_WHPA_WI@Z 100046bc f   ConEmuPlugin2800.obj
 0001:00003702       ?GetPanelDir@CPluginW2800@@UAEPA_WKPA_WH@Z 10004702 f   ConEmuPlugin2800.obj
 0001:0000381a       ?GetPanelInfo@CPluginW2800@@UAE_NKPAUCEPanelInfo@@@Z 1000481a f   ConEmuPlugin2800.obj
 0001:00003a81       ?GetPanelItemInfo@CPluginW2800@@UAE_NABUCEPanelInfo@@_NHAAU_WIN32_FIND_DATAW@@PAPA_W@Z 10004a81 f   ConEmuPlugin2800.obj
 0001:00003c00       ?GetPluginInfoPtr@CPluginW2800@@UAEXPAX@Z 10004c00 f   ConEmuPlugin2800.obj
 0001:00003c49       ?GetWindowCount@CPluginW2800@@UAEHXZ 10004c49 f   ConEmuPlugin2800.obj
 0001:00003c6a       ?GuiMacroDlg@CPluginW2800@@UAEXXZ 10004c6a f   ConEmuPlugin2800.obj
 0001:00003c6f       ?InputBox@CPluginW2800@@UAE_NPB_W000AAPA_W@Z 10004c6f f   ConEmuPlugin2800.obj
 0001:00003d07       ?IsMacroActive@CPluginW2800@@UAE_NXZ 10004d07 f   ConEmuPlugin2800.obj
 0001:00003d31       ?LoadFarColors@CPluginW2800@@UAEXAAY0BAA@E@Z 10004d31 f   ConEmuPlugin2800.obj
 0001:00003e88       ?LoadFarSettings@CPluginW2800@@UAEXPAUCEFarInterfaceSettings@@PAUCEFarPanelSettings@@@Z 10004e88 f   ConEmuPlugin2800.obj
 0001:00003f90       ?Open@CPluginW2800@@UAEPAXPBX@Z 10004f90 f   ConEmuPlugin2800.obj
 0001:000040d7       ?OpenEditor@CPluginW2800@@UAE_NPB_W_N11HH@Z 100050d7 f   ConEmuPlugin2800.obj
 0001:00004178       ?PanelControlApi@CPluginW2800@@UAEHPAXHH0@Z 10005178 f   ConEmuPlugin2800.obj
 0001:00004195       ?PostMacroApi@CPluginW2800@@UAEXPB_WPAU_INPUT_RECORD@@_N@Z 10005195 f   ConEmuPlugin2800.obj
 0001:00004428       ?ProcessEditorInputPtr@CPluginW2800@@UAEHPBX@Z 10005428 f   ConEmuPlugin2800.obj
 0001:00004446       ?RedrawAll@CPluginW2800@@UAEXXZ 10005446 f   ConEmuPlugin2800.obj
 0001:00004467       ?SetStartupInfoPtr@CPluginW2800@@UAEXPAX@Z 10005467 f   ConEmuPlugin2800.obj
 0001:0000456a       ?SetWindow@CPluginW2800@@UAEXH@Z 1000556a f   ConEmuPlugin2800.obj
 0001:0000464c       ?ShowMessage@CPluginW2800@@UAEHPB_WH_N@Z 1000564c f   ConEmuPlugin2800.obj
 0001:000046b1       ?ShowPluginMenu@CPluginW2800@@UAEHPAUConEmuPluginMenuItem@@HH@Z 100056b1 f   ConEmuPlugin2800.obj
 0001:000047f1       ?ShowUserScreen@CPluginW2800@@UAEX_N@Z 100057f1 f   ConEmuPlugin2800.obj
 0001:00004816       ?UpdateConEmuTabsApi@CPluginW2800@@UAE_NH@Z 10005816 f   ConEmuPlugin2800.obj
 0001:00004e64       ?_Calculate_growth@?$vector@UWindowInfo@@V?$MArrayAllocator@UWindowInfo@@@@@std@@ABEII@Z 10005e64 f i ConEmuPlugin2800.obj
 0001:00004e8f       ?_Change_array@?$vector@UWindowInfo@@V?$MArrayAllocator@UWindowInfo@@@@@std@@AAEXQAUWindowInfo@@II@Z 10005e8f f i ConEmuPlugin2800.obj
 0001:00004ebe       ?_Tidy@?$vector@UWindowInfo@@V?$MArrayAllocator@UWindowInfo@@@@@std@@AAEXXZ 10005ebe f i ConEmuPlugin2800.obj
 0001:00004eda       ?_Xlength@?$vector@UtagPROCESSENTRY32W@@V?$MArrayAllocator@UtagPROCESSENTRY32W@@@@@std@@CAXXZ 10005eda f i common-kernel32:MProcess.obj
 0001:00004eda       ?_Xlength@?$vector@UWindowInfo@@V?$MArrayAllocator@UWindowInfo@@@@@std@@CAXXZ 10005eda f i ConEmuPlugin2800.obj
 0001:00004ee5       ?allocate@?$MArrayAllocator@UWindowInfo@@@@QAEPAUWindowInfo@@I@Z 10005ee5 f i ConEmuPlugin2800.obj
 0001:00004f15       ?erase@?$MArray@UWindowInfo@@@@QAEXHH@Z 10005f15 f i ConEmuPlugin2800.obj
 0001:00004f60       ?erase@?$vector@UWindowInfo@@V?$MArrayAllocator@UWindowInfo@@@@@std@@QAE?AV?$_Vector_iterator@V?$_Vector_val@U?$_Simple_types@UWindowInfo@@@std@@@std@@@2@V?$_Vector_const_iterator@V?$_Vector_val@U?$_Simple_types@UWindowInfo@@@std@@@std@@@2@0@Z 10005f60 f i ConEmuPlugin2800.obj
 0001:00004f98       ?insert@?$MArray@UWindowInfo@@@@QAEHHABUWindowInfo@@H@Z 10005f98 f i ConEmuPlugin2800.obj
 0001:00004ff0       ?insert@?$vector@UWindowInfo@@V?$MArrayAllocator@UWindowInfo@@@@@std@@QAE?AV?$_Vector_iterator@V?$_Vector_val@U?$_Simple_types@UWindowInfo@@@std@@@std@@@2@V?$_Vector_const_iterator@V?$_Vector_val@U?$_Simple_types@UWindowInfo@@@std@@@std@@@2@IABUWindowInfo@@@Z 10005ff0 f i ConEmuPlugin2800.obj
 0001:000051bb       ?what@exception@std@@UBEPBDXZ 100061bb f i ConEmuPlugin2800.obj
 0001:000051c9       _GetGlobalInfoW@4          100061c9 f   ConEmuPlugin2800.obj
 0001:0000525c       ??0CPluginW995@@QAE@XZ     1000625c f   ConEmuPlugin995.obj
 0001:000053e0       ??_ECPluginW995@@UAEPAXI@Z 100063e0 f i ConEmuPlugin995.obj
 0001:000053e0       ??_GCPluginW995@@UAEPAXI@Z 100063e0 f i ConEmuPlugin995.obj
 0001:00005735       ?CheckPanelExist@CPluginW995@@UAE_NXZ 10006735 f   ConEmuPlugin995.obj
 0001:00005758       ?ExecuteSynchroApi@CPluginW995@@UAE_NXZ 10006758 f   ConEmuPlugin995.obj
 0001:00005777       ?ExitFar@CPluginW995@@UAEXXZ 10006777 f   ConEmuPlugin995.obj
 0001:000057de       ?GetActiveWindowType@CPluginW995@@UAEHXZ 100067de f   ConEmuPlugin995.obj
 0001:0000587e       ?GetEditorModifiedState@CPluginW995@@UAEKXZ 1000687e f   ConEmuPlugin995.obj
 0001:000058b6       ?GetFarRect@CPluginW995@@UAE_NAAU_SMALL_RECT@@@Z 100068b6 f   ConEmuPlugin995.obj
 0001:000058f9       ?GetMacroArea@CPluginW995@@UAEHXZ 100068f9 f   ConEmuPlugin995.obj
 0001:00005931       ?GetMsg@CPluginW995@@UAEPB_WHPA_WI@Z 10006931 f   ConEmuPlugin995.obj
 0001:00005975       ?GetPanelDir@CPluginW995@@UAEPA_WKPA_WH@Z 10006975 f   ConEmuPlugin995.obj
 0001:00005a3f       ?GetPanelInfo@CPluginW995@@UAE_NKPAUCEPanelInfo@@@Z 10006a3f f   ConEmuPlugin995.obj
 0001:00005c29       ?GetPanelItemInfo@CPluginW995@@UAE_NABUCEPanelInfo@@_NHAAU_WIN32_FIND_DATAW@@PAPA_W@Z 10006c29 f   ConEmuPlugin995.obj
 0001:00005d92       ?GetPluginInfoPtr@CPluginW995@@UAEXPAX@Z 10006d92 f   ConEmuPlugin995.obj
 0001:00005deb       ?GetWindowCount@CPluginW995@@UAEHXZ 10006deb f   ConEmuPlugin995.obj
 0001:00005e08       ?GuiMacroDlg@CPluginW995@@UAEXXZ 10006e08 f   ConEmuPlugin995.obj
 0001:00005e0d       ?InputBox@CPluginW995@@UAE_NPB_W000AAPA_W@Z 10006e0d f   ConEmuPlugin995.obj
 0001:00005e99       ?IsMacroActive@CPluginW995@@UAE_NXZ 10006e99 f   ConEmuPlugin995.obj
 0001:00005ee8       ?LoadFarColors@CPluginW995@@UAEXAAY0BAA@E@Z 10006ee8 f   ConEmuPlugin995.obj
 0001:00005f9f       ?LoadFarSettings@CPluginW995@@UAEXPAUCEFarInterfaceSettings@@PAUCEFarPanelSettings@@@Z 10006f9f f   ConEmuPlugin995.obj
 0001:00005fd6       ?Open@CPluginAnsi@@UAEPAXPBX@Z 10006fd6 f i ConEmuPluginA.obj
 0001:00005fd6       ?Open@CPluginW995@@UAEPAXPBX@Z 10006fd6 f i ConEmuPlugin995.obj
 0001:00005fdf       ?OpenEditor@CPluginW995@@UAE_NPB_W_N11HH@Z 10006fdf f   ConEmuPlugin995.obj
 0001:00006078       ?PanelControlApi@CPluginW995@@UAEHPAXHH0@Z 10007078 f   ConEmuPlugin995.obj
 0001:00006095       ?PostMacroApi@CPluginW995@@UAEXPB_WPAU_INPUT_RECORD@@_N@Z 10007095 f   ConEmuPlugin995.obj
 0001:00006137       ?ProcessEditorInputPtr@CPluginAnsi@@UAEHPBX@Z 10007137 f i ConEmuPluginA.obj
 0001:00006137       ?ProcessSynchroEventPtr@CPluginW995@@UAEHPAX@Z 10007137 f i ConEmuPlugin995.obj
 0001:00006137       ?ProcessEditorEventPtr@CPluginW995@@UAEHPAX@Z 10007137 f i ConEmuPlugin995.obj
 0001:00006137       ?ProcessViewerEventPtr@CPluginW995@@UAEHPAX@Z 10007137 f i ConEmuPlugin995.obj
 0001:00006137       ?ProcessSynchroEventPtr@CPluginAnsi@@UAEHPAX@Z 10007137 f i ConEmuPluginA.obj
 0001:00006137       ?ProcessViewerEventPtr@CPluginAnsi@@UAEHPAX@Z 10007137 f i ConEmuPluginA.obj
 0001:00006137       ?ProcessEditorEventPtr@CPluginAnsi@@UAEHPAX@Z 10007137 f i ConEmuPluginA.obj
 0001:0000613c       ?ProcessEditorInputPtr@CPluginW995@@UAEHPBX@Z 1000713c f   ConEmuPlugin995.obj
 0001:00006156       ?RedrawAll@CPluginW995@@UAEXXZ 10007156 f   ConEmuPlugin995.obj
 0001:00006173       ?SetStartupInfoPtr@CPluginW995@@UAEXPAX@Z 10007173 f   ConEmuPlugin995.obj
 0001:00006281       ?SetWindow@CPluginW995@@UAEXH@Z 10007281 f   ConEmuPlugin995.obj
 0001:000062b5       ?ShowMessage@CPluginW995@@UAEHPB_WH_N@Z 100072b5 f   ConEmuPlugin995.obj
 0001:000062fe       ?ShowPluginMenu@CPluginW995@@UAEHPAUConEmuPluginMenuItem@@HH@Z 100072fe f   ConEmuPlugin995.obj
 0001:000063e3       ?ShowUserScreen@CPluginW995@@UAEX_N@Z 100073e3 f   ConEmuPlugin995.obj
 0001:00006408       ?StopWaitEndSynchro@CPluginW995@@UAEXXZ 10007408 f   ConEmuPlugin995.obj
 0001:00006421       ?UpdateConEmuTabsApi@CPluginW995@@UAE_NH@Z 10007421 f   ConEmuPlugin995.obj
 0001:00006668       ?WaitEndSynchro@CPluginW995@@UAEXXZ 10007668 f   ConEmuPlugin995.obj
 0001:00006779       ??0CPluginAnsi@@QAE@XZ     10007779 f   ConEmuPluginA.obj
 0001:000068cd       ??_GCPluginAnsi@@UAEPAXI@Z 100078cd f i ConEmuPluginA.obj
 0001:000068cd       ??_ECPluginAnsi@@UAEPAXI@Z 100078cd f i ConEmuPluginA.obj
 0001:00006d38       ?CheckPanelExist@CPluginAnsi@@UAE_NXZ 10007d38 f   ConEmuPluginA.obj
 0001:00006d5c       ?ExecuteSynchroApi@CPluginAnsi@@UAE_NXZ 10007d5c f i ConEmuPluginA.obj
 0001:00006d5f       ?ExitFar@CPluginAnsi@@UAEXXZ 10007d5f f   ConEmuPluginA.obj
 0001:00006d94       ?GetActiveWindowType@CPluginAnsi@@UAEHXZ 10007d94 f   ConEmuPluginA.obj
 0001:00006e05       ?GetEditorModifiedState@CPluginAnsi@@UAEKXZ 10007e05 f   ConEmuPluginA.obj
 0001:00006e40       ?GetFarRect@CPluginAnsi@@UAE_NAAU_SMALL_RECT@@@Z 10007e40 f i ConEmuPluginA.obj
 0001:00006e45       ?GetMacroArea@CPluginAnsi@@UAEHXZ 10007e45 f   ConEmuPluginA.obj
 0001:00006e45       __get_startup_argv_mode    10007e45 f   LIBCMT:argv_mode.obj
 0001:00006e49       ?GetMsg@CPluginAnsi@@UAEPB_WHPA_WI@Z 10007e49 f   ConEmuPluginA.obj
 0001:00006eb9       ?GetPanelDir@CPluginAnsi@@UAEPA_WKPA_WH@Z 10007eb9 f   ConEmuPluginA.obj
 0001:00006f7b       ?GetPanelInfo@CPluginAnsi@@UAE_NKPAUCEPanelInfo@@@Z 10007f7b f   ConEmuPluginA.obj
 0001:0000714b       ?GetPanelItemInfo@CPluginAnsi@@UAE_NABUCEPanelInfo@@_NHAAU_WIN32_FIND_DATAW@@PAPA_W@Z 1000814b f   ConEmuPluginA.obj
 0001:00007265       ?GetPluginInfoPtr@CPluginAnsi@@UAEXPAX@Z 10008265 f   ConEmuPluginA.obj
 0001:000072d2       ?GetWindowCount@CPluginAnsi@@UAEHXZ 100082d2 f   ConEmuPluginA.obj
 0001:000072f5       ?GuiMacroDlg@CPluginAnsi@@UAEXXZ 100082f5 f   ConEmuPluginA.obj
 0001:000072fa       ?InputBox@CPluginAnsi@@UAE_NPB_W000AAPA_W@Z 100082fa f   ConEmuPluginA.obj
 0001:00007425       ?IsMacroActive@CPluginAnsi@@UAE_NXZ 10008425 f   ConEmuPluginA.obj
 0001:0000747a       ?LoadFarColors@CPluginAnsi@@UAEXAAY0BAA@E@Z 1000847a f   ConEmuPluginA.obj
 0001:00007537       ?LoadFarSettings@CPluginAnsi@@UAEXPAUCEFarInterfaceSettings@@PAUCEFarPanelSettings@@@Z 10008537 f   ConEmuPluginA.obj
 0001:0000757a       ?OpenEditor@CPluginAnsi@@UAE_NPB_W_N11HH@Z 1000857a f   ConEmuPluginA.obj
 0001:00007658       ?PanelControlApi@CPluginAnsi@@UAEHPAXHH0@Z 10008658 f   ConEmuPluginA.obj
 0001:00007682       ?PostMacroApi@CPluginAnsi@@UAEXPB_WPAU_INPUT_RECORD@@_N@Z 10008682 f   ConEmuPluginA.obj
 0001:00007722       ?RedrawAll@CPluginAnsi@@UAEXXZ 10008722 f   ConEmuPluginA.obj
 0001:00007745       ?SetStartupInfoPtr@CPluginAnsi@@UAEXPAX@Z 10008745 f   ConEmuPluginA.obj
 0001:00007846       ?SetWindow@CPluginAnsi@@UAEXH@Z 10008846 f   ConEmuPluginA.obj
 0001:00007886       ?ShowMessage@CPluginAnsi@@UAEHPB_WH_N@Z 10008886 f   ConEmuPluginA.obj
 0001:00007910       ?ShowPluginMenu@CPluginAnsi@@UAEHPAUConEmuPluginMenuItem@@HH@Z 10008910 f   ConEmuPluginA.obj
 0001:00007a36       ?ShowUserScreen@CPluginAnsi@@UAEX_N@Z 10008a36 f   ConEmuPluginA.obj
 0001:00007a5c       ?UpdateConEmuTabsApi@CPluginAnsi@@UAE_NH@Z 10008a5c f   ConEmuPluginA.obj
 0001:00007cc7       ??$swprintf_c@$0BAE@@@YAHAAY0BAE@_WPB_WZZ 10008cc7 f i ConEmuPluginBase.obj
 0001:00007ce0       ??$swprintf_c@$0DAM@@@YAHAAY0DAM@_WPB_WZZ 10008ce0 f i ConEmuPluginBase.obj
 0001:00007cf9       ??$swprintf_c@$0EAA@@@YAHAAY0EAA@_WPB_WZZ 10008cf9 f i ConEmuPluginBase.obj
 0001:00007d12       ??$swprintf_c@$0MI@@@YAHAAY0MI@_WPB_WZZ 10008d12 f i ConEmuPluginBase.obj
 0001:00007d2b       ??0?$MFileMapping@UCESERVER_CONSOLE_MAPPING_HDR@@@@QAE@XZ 10008d2b f i ConEmuPluginBase.obj
 0001:00007d88       ??0CPluginBase@@QAE@XZ     10008d88 f   ConEmuPluginBase.obj
 0001:00007e99       ??0MWow64Disable@@QAE@XZ   10008e99 f i ConEmuPluginBase.obj
 0001:00007ede       ??1?$MFileMapping@UConEmuGuiMapping@@@@QAE@XZ 10008ede f i common-user32:ConEmuCheckEx.obj
 0001:00007ede       ??1?$MFileMapping@UCESERVER_CONSOLE_MAPPING_HDR@@@@QAE@XZ 10008ede f i ConEmuPluginBase.obj
 0001:00007ede       ??1?$MFileMapping@UPanelViewSetMapping@@@@QAE@XZ 10008ede f i PluginBackground.obj
 0001:00007ee8       ??1CPluginBase@@UAE@XZ     10008ee8 f   ConEmuPluginBase.obj
 0001:00007eef       ??1MWow64Disable@@QAE@XZ   10008eef f i ConEmuPluginBase.obj
 0001:00007f23       ??_G?$MFileMapping@UCESERVER_CONSOLE_MAPPING_HDR@@@@QAEPAXI@Z 10008f23 f i ConEmuPluginBase.obj
 0001:00007f4d       ??_ECPluginBase@@UAEPAXI@Z 10008f4d f i ConEmuPluginBase.obj
 0001:00007f4d       ??_GCPluginBase@@UAEPAXI@Z 10008f4d f i ConEmuPluginBase.obj
 0001:00007f73       ?ActivatePlugin@CPluginBase@@QAE_NKPAXK@Z 10008f73 f   ConEmuPluginBase.obj
 0001:00008106       ?AddTab@CPluginBase@@QAE_NAAHH_N1HPB_W2HHHH@Z 10009106 f   ConEmuPluginBase.obj
 0001:000083e7       ?AddTabFinish@CPluginBase@@QAEXH@Z 100093e7 f   ConEmuPluginBase.obj
 0001:000083f9       ?Attach2Gui@CPluginBase@@QAE_N_N@Z 100093f9 f   ConEmuPluginBase.obj
 0001:00008787       ?BackgroundMacroError@CPluginBase@@SGKPAX@Z 10009787 f   ConEmuPluginBase.obj
 0001:000087ae       ?CheckBufferEnabled@CPluginBase@@QAE_NXZ 100097ae f   ConEmuPluginBase.obj
 0001:00008807       ?CheckConEmuDetached@CPluginBase@@SAXXZ 10009807 f   ConEmuPluginBase.obj
 0001:000088a2       ?CheckResources@CPluginBase@@QAEX_N@Z 100098a2 f   ConEmuPluginBase.obj
 0001:00008a42       ?CloseMap@?$MFileMapping@UConEmuGuiMapping@@@@QAEXXZ 10009a42 f i common-kernel32:ConEmuCheck.obj
 0001:00008a42       ?CloseMap@?$MFileMapping@UCESERVER_CONSOLE_MAPPING_HDR@@@@QAEXXZ 10009a42 f i ConEmuPluginBase.obj
 0001:00008a42       ?CloseMap@?$MFileMapping@UPanelViewSetMapping@@@@QAEXXZ 10009a42 f i PluginBackground.obj
 0001:00008a93       ?CloseMapHeader@CPluginBase@@SAXXZ 10009a93 f   ConEmuPluginBase.obj
 0001:00008aaa       ?ClosePtr@?$MFileMapping@UCESERVER_CONSOLE_MAPPING_HDR@@@@QAEXXZ 10009aaa f i ConEmuPluginBase.obj
 0001:00008aaa       ?ClosePtr@?$MFileMapping@UPanelViewSetMapping@@@@QAEXXZ 10009aaa f i PluginBackground.obj
 0001:00008aaa       ?ClosePtr@?$MFileMapping@UConEmuGuiMapping@@@@QAEXXZ 10009aaa f i common-kernel32:ConEmuCheck.obj
 0001:00008ac2       ?CloseTabs@CPluginBase@@SAXXZ 10009ac2 f   ConEmuPluginBase.obj
 0001:00008b4a       ?CommonPluginStartup@CPluginBase@@QAEXXZ 10009b4a f   ConEmuPluginBase.obj
 0001:00008c36       ?CreateTabs@CPluginBase@@SA_NH@Z 10009c36 f   ConEmuPluginBase.obj
 0001:00008ce0       ?Disable@MWow64Disable@@QAEXXZ 10009ce0 f i ConEmuPluginBase.obj
 0001:00008cfa       ?DllCheckUnique@CPluginBase@@KA_N_N@Z 10009cfa f   ConEmuPluginBase.obj
 0001:00008ea6       ?DllMain_ProcessAttach@CPluginBase@@KAXPAUHINSTANCE__@@@Z 10009ea6 f   ConEmuPluginBase.obj
 0001:00008f9a       ?DllMain_ProcessDetach@CPluginBase@@KAXXZ 10009f9a f   ConEmuPluginBase.obj
 0001:0000906a       ?EditViewConsoleOutput@CPluginBase@@QAEX_N@Z 1000a06a f   ConEmuPluginBase.obj
 0001:000090f3       ?EmergencyShow@CPluginBase@@KAXXZ 1000a0f3 f   ConEmuPluginBase.obj
 0001:0000913e       ?ExecuteSynchro@CPluginBase@@QAEXXZ 1000a13e f   ConEmuPluginBase.obj
 0001:000091b3       ?ExitFarCommon@CPluginBase@@QAEX_N@Z 1000a1b3 f   ConEmuPluginBase.obj
 0001:000091d6       ?FarSetConsoleSize@CPluginBase@@SA_NFF@Z 1000a1d6 f   ConEmuPluginBase.obj
 0001:000092ba       ?FillLoadedParm@CPluginBase@@SAXPAUConEmuLoadedArg@@PAUHINSTANCE__@@H@Z 1000a2ba f   ConEmuPluginBase.obj
 0001:00009348       ?FillUpdateBackground@CPluginBase@@QAEXPAUPaintBackgroundArg@@@Z 1000a348 f   ConEmuPluginBase.obj
 0001:00009489       ?FindServerCmd@CPluginBase@@QAE_NKAAK_N@Z 1000a489 f   ConEmuPluginBase.obj
 0001:0000956f       ?GetMainThreadId@CPluginBase@@SAKXZ 1000a56f f   ConEmuPluginBase.obj
 0001:000095fa       ?GetPanelInfo@CPluginBase@@QAE_NKPAUBkPanelInfo@@@Z 1000a5fa f   ConEmuPluginBase.obj
 0001:0000967a       ?InitHWND@CPluginBase@@SAXXZ 1000a67a f   ConEmuPluginBase.obj
 0001:00009890       ?InitName@?$MFileMapping@UCESERVER_CONSOLE_MAPPING_HDR@@@@QAEPB_WPB_WKK@Z 1000a890 f i ConEmuPluginBase.obj
 0001:00009890       ?InitName@?$MFileMapping@UPanelViewSetMapping@@@@QAEPB_WPB_WKK@Z 1000a890 f i PluginBackground.obj
 0001:00009890       ?InitName@?$MFileMapping@UConEmuGuiMapping@@@@QAEPB_WPB_WKK@Z 1000a890 f i common-kernel32:ConEmuCheck.obj
 0001:000098c1       ?InitResources@CPluginBase@@QAEXXZ 1000a8c1 f   ConEmuPluginBase.obj
 0001:00009a7d       ?InitRootRegKey@CPluginBase@@IAEXXZ 1000aa7d f   ConEmuPluginBase.obj
 0001:00009b63       ?InternalOpenCreate@?$MFileMapping@UPanelViewSetMapping@@@@IAEPAUPanelViewSetMapping@@_N0H@Z 1000ab63 f i PluginBackground.obj
 0001:00009b63       ?InternalOpenCreate@?$MFileMapping@UConEmuGuiMapping@@@@IAEPAUConEmuGuiMapping@@_N0H@Z 1000ab63 f i common-kernel32:ConEmuCheck.obj
 0001:00009b63       ?InternalOpenCreate@?$MFileMapping@UCESERVER_CONSOLE_MAPPING_HDR@@@@IAEPAUCESERVER_CONSOLE_MAPPING_HDR@@_N0H@Z 1000ab63 f i ConEmuPluginBase.obj
 0001:00009d45       ?IsCurrentTabModal@CPluginBase@@QAE_NXZ 1000ad45 f   ConEmuPluginBase.obj
 0001:00009dce       ?IsFarLua@FarVersion@@QBE_NXZ 1000adce f i ConEmuPluginBase.obj
 0001:00009eff       ?LoadFarVersion@CPluginBase@@SA_NXZ 1000aeff f   ConEmuPluginBase.obj
 0001:0000a146       ?LoadPanelTabsFromRegistry@CPluginBase@@IAEXXZ 1000b146 f   ConEmuPluginBase.obj
 0001:0000a22f       ?MonitorThreadProcW@CPluginBase@@SGKPAX@Z 1000b22f f   ConEmuPluginBase.obj
 0001:0000a5fd       ?NotifyConEmuUnloaded@CPluginBase@@SAXXZ 1000b5fd f   ConEmuPluginBase.obj
 0001:0000a6f8       ?OnConsoleDetaching@CPluginBase@@SGHPAUHookCallbackArg@@@Z 1000b6f8 f   ConEmuPluginBase.obj
 0001:0000a80c       ?OnConsolePeekInput@CPluginBase@@SGHPAUHookCallbackArg@@@Z 1000b80c f   ConEmuPluginBase.obj
 0001:0000a86b       ?OnConsolePeekInputPost@CPluginBase@@SGHPAUHookCallbackArg@@@Z 1000b86b f   ConEmuPluginBase.obj
 0001:0000a89b       ?OnConsolePeekReadInput@CPluginBase@@SAX_N@Z 1000b89b f   ConEmuPluginBase.obj
 0001:0000aa79       ?OnConsoleReadInput@CPluginBase@@SGHPAUHookCallbackArg@@@Z 1000ba79 f   ConEmuPluginBase.obj
 0001:0000aa89       ?OnConsoleReadInputPost@CPluginBase@@SGHPAUHookCallbackArg@@@Z 1000ba89 f   ConEmuPluginBase.obj
 0001:0000ac0b       ?OnConsoleReadInputWork@CPluginBase@@SAHPAUHookCallbackArg@@@Z 1000bc0b f   ConEmuPluginBase.obj
 0001:0000ac75       ?OnConsoleWasAttached@CPluginBase@@SGHPAUHookCallbackArg@@@Z 1000bc75 f   ConEmuPluginBase.obj
 0001:0000accb       ?OnCurDirChanged@CPluginBase@@SGXXZ 1000bccb f   ConEmuPluginBase.obj
 0001:0000ad20       ?OnGetNumberOfConsoleInputEventsPost@CPluginBase@@SGHPAUHookCallbackArg@@@Z 1000bd20 f   ConEmuPluginBase.obj
 0001:0000ad54       ?OnLibraryLoaded@CPluginBase@@SGXPAUHINSTANCE__@@@Z 1000bd54 f   ConEmuPluginBase.obj
 0001:0000adc2       ?OnMainThreadActivated@CPluginBase@@QAEXXZ 1000bdc2 f   ConEmuPluginBase.obj
 0001:0000af32       ?OnPanelViewCallbacks@CPluginBase@@SA_NPAUHookCallbackArg@@P6GHPAXPAU_INPUT_RECORD@@KPAKPAH@Z5@Z 1000bf32 f   ConEmuPluginBase.obj
 0001:0000afd3       ?OnPostWriteConsoleOutput@CPluginBase@@SGHPAUHookCallbackArg@@@Z 1000bfd3 f   ConEmuPluginBase.obj
 0001:0000afde       ?OnShellExecuteExW_Except@CPluginBase@@SGHPAUHookCallbackArg@@@Z 1000bfde f   ConEmuPluginBase.obj
 0001:0000b013       ?OnWriteConsoleOutput@CPluginBase@@SGHPAUHookCallbackArg@@@Z 1000c013 f   ConEmuPluginBase.obj
 0001:0000b0a0       ?OpenMapHeader@CPluginBase@@SAHXZ 1000c0a0 f   ConEmuPluginBase.obj
 0001:0000b15c       ?OpenPluginCommon@CPluginBase@@QAEPAXHH_N@Z 1000c15c f   ConEmuPluginBase.obj
 0001:0000b3b9       ?OutDataAlloc@CPluginBase@@SA_NK@Z 1000c3b9 f   ConEmuPluginBase.obj
 0001:0000b408       ?OutDataRealloc@CPluginBase@@SA_NK@Z 1000c408 f   ConEmuPluginBase.obj
 0001:0000b49f       ?OutDataWrite@CPluginBase@@SA_NPAXK@Z 1000c49f f   ConEmuPluginBase.obj
 0001:0000b51e       ?PanelControl@CPluginBase@@QAEHPAXHH0@Z 1000c51e f   ConEmuPluginBase.obj
 0001:0000b585       ?Plugin@@YAPAVCPluginBase@@XZ 1000c585 f   ConEmuPluginBase.obj
 0001:0000b654       ?PostMacro@CPluginBase@@QAEXPB_WPAU_INPUT_RECORD@@_N@Z 1000c654 f   ConEmuPluginBase.obj
 0001:0000b695       ?PrintText@CPluginBase@@QAE_NPB_W@Z 1000c695 f   ConEmuPluginBase.obj
 0001:0000b76d       ?ProcessCommand@CPluginBase@@QAE_NKHPAXPAPAUCESERVER_REQ@@_N@Z 1000c76d f   ConEmuPluginBase.obj
 0001:0000bb7d       ?ProcessCommandLine@CPluginBase@@QAE_NPA_W@Z 1000cb7d f   ConEmuPluginBase.obj
 0001:0000bbb6       ?ProcessDragFrom@CPluginBase@@QAEXXZ 1000cbb6 f   ConEmuPluginBase.obj
 0001:0000c112       ?ProcessDragTo@CPluginBase@@QAEXXZ 1000d112 f   ConEmuPluginBase.obj
 0001:0000c430       ?ProcessEditorInputInternal@CPluginBase@@QAEXABU_INPUT_RECORD@@@Z 1000d430 f   ConEmuPluginBase.obj
 0001:0000c462       ?ProcessEditorViewerEvent@CPluginBase@@QAEHHH@Z 1000d462 f   ConEmuPluginBase.obj
 0001:0000c4ff       ?ProcessSetWindowCommand@CPluginBase@@QAEXXZ 1000d4ff f   ConEmuPluginBase.obj
 0001:0000c5cb       ?ProcessSynchroEvent@CPluginBase@@QAEHHPAX@Z 1000d5cb f   ConEmuPluginBase.obj
 0001:0000c63d       ?ReloadFarInfo@CPluginBase@@QAE_N_N@Z 1000d63d f   ConEmuPluginBase.obj
 0001:0000c858       ?ReloadFarInfoApi@CPluginBase@@IAE_NXZ 1000d858 f   ConEmuPluginBase.obj
 0001:0000c9e5       ?Restore@MWow64Disable@@QAEXXZ 1000d9e5 f i ConEmuPluginBase.obj
 0001:0000c9fc       ?RunExternalProgram@CPluginBase@@QAE_NPA_W@Z 1000d9fc f   ConEmuPluginBase.obj
 0001:0000cb2c       ?RunExternalProgramW@CPluginBase@@SA_NPA_W0_N@Z 1000db2c f   ConEmuPluginBase.obj
 0001:0000cd00       ?SendTabs@CPluginBase@@SAXH_N@Z 1000dd00 f   ConEmuPluginBase.obj
 0001:0000ce8b       ?SetRootRegKey@CPluginBase@@IAEXPA_W@Z 1000de8b f   ConEmuPluginBase.obj
 0001:0000cf0e       ?ShowConsoleInfo@CPluginBase@@QAEXXZ 1000df0e f   ConEmuPluginBase.obj
 0001:0000d07f       ?ShowMessage@CPluginBase@@QAEHHH@Z 1000e07f f   ConEmuPluginBase.obj
 0001:0000d0e3       ?ShowMessageBox@CPluginBase@@KAHPB_WI@Z 1000e0e3 f   ConEmuPluginBase.obj
 0001:0000d177       ?ShowMessageGui@CPluginBase@@QAEHHH@Z 1000e177 f   ConEmuPluginBase.obj
 0001:0000d1df       ?ShowPanelsList@CPluginBase@@QAEXXZ 1000e1df f   ConEmuPluginBase.obj
 0001:0000d2df       ?ShowPluginMenu@CPluginBase@@QAEXW4PluginCallCommands@@@Z 1000e2df f   ConEmuPluginBase.obj
 0001:0000d494       ?ShowProtocolWarning@CPluginBase@@KAXXZ 1000e494 f   ConEmuPluginBase.obj
 0001:0000d5bf       ?ShowTabsList@CPluginBase@@QAEXXZ 1000e5bf f   ConEmuPluginBase.obj
 0001:0000d7e1       ?StartDebugger@CPluginBase@@QAE_NXZ 1000e7e1 f   ConEmuPluginBase.obj
 0001:0000da4f       ?StopThread@CPluginBase@@QAEX_N@Z 1000ea4f f   ConEmuPluginBase.obj
 0001:0000dc12       ?StorePanelDirs@CPluginBase@@QAE_NPB_W0@Z 1000ec12 f   ConEmuPluginBase.obj
 0001:0000dd2e       ?StringCchCatW@@YGJPA_WIPB_W@Z 1000ed2e f i ConEmuPluginBase.obj
 0001:0000dd6c       ?StringCchCopyW@@YGJPA_WIPB_W@Z 1000ed6c f i ConEmuPluginBase.obj
 0001:0000de82       ?SwitchTabCommand@CPluginBase@@QAEXW4PluginMenuCommands@@@Z 1000ee82 f   ConEmuPluginBase.obj
 0001:0000defa       ?ToOem@CPluginBase@@SAPADPB_W@Z 1000eefa f   ConEmuPluginBase.obj
 0001:0000df38       ?ToOem@CPluginBase@@SAXPB_WPADH@Z 1000ef38 f   ConEmuPluginBase.obj
 0001:0000df5f       ?ToUnicode@CPluginBase@@SAPA_WPBD@Z 1000ef5f f   ConEmuPluginBase.obj
 0001:0000dfc7       ?TouchReadPeekConsoleInputs@CPluginBase@@SAXH@Z 1000efc7 f   ConEmuPluginBase.obj
 0001:0000dfff       ?UngetDummyMouseEvent@CPluginBase@@SA_N_NPAUHookCallbackArg@@@Z 1000efff f   ConEmuPluginBase.obj
 0001:0000e178       ?UpdateConEmuTabs@CPluginBase@@QAE_N_N@Z 1000f178 f   ConEmuPluginBase.obj
 0001:0000e370       ?UpdatePanelDirs@CPluginBase@@QAEXXZ 1000f370 f   ConEmuPluginBase.obj
 0001:0000e4de       ?WaitPluginActivation@CPluginBase@@SAKKPAPAXHK@Z 1000f4de f   ConEmuPluginBase.obj
 0001:0000e5c4       ?cmd_CloseQSearch@CPluginBase@@QAEXXZ 1000f5c4 f   ConEmuPluginBase.obj
 0001:0000e5ee       ?cmd_ConSetFont@CPluginBase@@QAEXPAX@Z 1000f5ee f   ConEmuPluginBase.obj
 0001:0000e620       ?cmd_EMenu@CPluginBase@@QAEXPAX@Z 1000f620 f   ConEmuPluginBase.obj
 0001:0000e6bb       ?cmd_ExternalCallback@CPluginBase@@QAE_NPAX@Z 1000f6bb f   ConEmuPluginBase.obj
 0001:0000e6fe       ?cmd_GuiChanged@CPluginBase@@QAEXPAX@Z 1000f6fe f   ConEmuPluginBase.obj
 0001:0000e775       ?cmd_LeftClickSync@CPluginBase@@QAEXPAX@Z 1000f775 f   ConEmuPluginBase.obj
 0001:0000e842       ?cmd_OpenEditorLine@CPluginBase@@QAE_NPAUCESERVER_REQ_FAREDITOR@@@Z 1000f842 f   ConEmuPluginBase.obj
 0001:0000e8d5       ?cmd_RedrawFarCall@CPluginBase@@QAE_NAAPAUCESERVER_REQ@@PAPAU2@@Z 1000f8d5 f   ConEmuPluginBase.obj
 0001:0000e969       ?cmd_SetWindow@CPluginBase@@QAE_NPAX_N@Z 1000f969 f   ConEmuPluginBase.obj
 0001:0000e9d9       ?isEditorViewer@CPluginBase@@QAE_NXZ 1000f9d9 f   ConEmuPluginBase.obj
 0001:0000e9f7       ?isMacroActive@CPluginBase@@QAE_NAAH@Z 1000f9f7 f   ConEmuPluginBase.obj
 0001:0000ea2f       ?isModalEditorViewer@CPluginBase@@QAE_NXZ 1000fa2f f   ConEmuPluginBase.obj
 0001:0000ea56       ?pcc_Disabled@CPluginBase@@SA_NW4PluginMenuCommands@@@Z 1000fa56 f   ConEmuPluginBase.obj
 0001:0000eac3       ?pcc_Selected@CPluginBase@@SA_NW4PluginMenuCommands@@@Z 1000fac3 f   ConEmuPluginBase.obj
 0001:0000eb16       _wmemcmp                   1000fb16 f i ConEmuPluginBase.obj
 0001:0000eb4c       ??0?$MFileMapping@UPanelViewSetMapping@@@@QAE@XZ 1000fb4c f i PluginBackground.obj
 0001:0000eba9       ??0CPluginBackground@@QAE@XZ 1000fba9 f   PluginBackground.obj
 0001:0000ed1a       ??1CPluginBackground@@QAE@XZ 1000fd1a f   PluginBackground.obj
 0001:0000ee85       ?CheckPanelFolders@CPluginBackground@@IAEXH@Z 1000fe85 f   PluginBackground.obj
 0001:0000ef32       ?GetTo@?$MFileMapping@UPanelViewSetMapping@@@@QAE_NPAUPanelViewSetMapping@@H@Z 1000ff32 f i PluginBackground.obj
 0001:0000f001       ?IsParmChanged@CPluginBackground@@IAE_NPAUPaintBackgroundArg@@0@Z 10010001 f   PluginBackground.obj
 0001:0000f222       ?LoadThSet@CPluginBackground@@IAEHH@Z 10010222 f   PluginBackground.obj
 0001:0000f397       ?MonitorBackground@CPluginBackground@@QAEXXZ 10010397 f   PluginBackground.obj
 0001:0000f3ef       ?OnMainThreadActivated@CPluginBackground@@QAEXHH@Z 100103ef f   PluginBackground.obj
 0001:0000f4a9       ?ReallocItems@CPluginBackground@@IAEXH@Z 100104a9 f   PluginBackground.obj
 0001:0000f4f3       ?RegisterSubplugin@CPluginBackground@@QAEHPAURegisterBackgroundArg@@@Z 100104f3 f   PluginBackground.obj
 0001:0000f702       ?SetDcPanelRect@CPluginBackground@@IAEXPAUtagRECT@@PAUBkPanelInfo@@PAUPaintBackgroundArg@@@Z 10010702 f   PluginBackground.obj
 0001:0000f7dd       ?SetForceThLoad@CPluginBackground@@QAEXXZ 100107dd f   PluginBackground.obj
 0001:0000f7f0       ?SetForceUpdate@CPluginBackground@@QAEX_N@Z 100107f0 f   PluginBackground.obj
 0001:0000f812       ?UpdateBackground@CPluginBackground@@IAEXXZ 10010812 f   PluginBackground.obj
 0001:0000ff6d       ?UpdateBackground_Exec@CPluginBackground@@KAXPAURegisterBackgroundArg@@PAUPaintBackgroundArg@@@Z 10010f6d f   PluginBackground.obj
 0001:0000ffe3       ??$swprintf_c@$09@@YAHAAY09_WPB_WZZ 10010fe3 f i PluginSrv.obj
 0001:0000fff9       ??$wcscpy_c@$0BAE@@@YAHAAY0BAE@_WPB_W@Z 10010ff9 f i PluginSrv.obj
 0001:0001000e       ?AllocRequestBuf@PipeInst@?$PipeServer@UCESERVER_REQ@@@@QAEPAUCESERVER_REQ@@K@Z 1001100e f i PluginSrv.obj
 0001:0001004a       ?DumpError@?$PipeServer@UCESERVER_REQ@@@@IAEXPAUPipeInst@1@PB_WH@Z 1001104a f i PluginSrv.obj
 0001:0001011d       ?PipeServerRead@?$PipeServer@UCESERVER_REQ@@@@IAEHPAUPipeInst@1@@Z 1001111d f i PluginSrv.obj
 0001:00010380       ?PipeServerThread@?$PipeServer@UCESERVER_REQ@@@@IAEKPAUPipeInst@1@@Z 10011380 f i PluginSrv.obj
 0001:000105ad       ?PipeServerWrite@?$PipeServer@UCESERVER_REQ@@@@IAEHPAUPipeInst@1@PBXKPAKH@Z 100115ad f i PluginSrv.obj
 0001:00010689       ?PlugServerCommand@@YGHPAXPAUCESERVER_REQ@@AAPAU1@AAK3J@Z 10011689 f   PluginSrv.obj
 0001:00010b00       ?PlugServerFree@@YGXPAUCESERVER_REQ@@J@Z 10011b00 f   PluginSrv.obj
 0001:00010b11       ?PlugServerStart@@YA_NXZ   10011b11 f   PluginSrv.obj
 0001:00010bc0       ?PlugServerStop@@YAX_N@Z   10011bc0 f   PluginSrv.obj
 0001:00010bf9       ?SetMaxCount@?$PipeServer@UCESERVER_REQ@@@@QAEXH@Z 10011bf9 f i PluginSrv.obj
 0001:00010c20       ?StartPipeInstance@?$PipeServer@UCESERVER_REQ@@@@IAE_NPAUPipeInst@1@@Z 10011c20 f i PluginSrv.obj
 0001:00010d4f       ?StartPipeServer@?$PipeServer@UCESERVER_REQ@@@@QAE_N_NPB_WJPAU_SECURITY_ATTRIBUTES@@P6GHPAXPAUCESERVER_REQ@@AAPAU3@AAK6J@ZP6GX4J@ZP6GH3J@Z99@Z 10011d4f f i PluginSrv.obj
 0001:00010e81       ?StopPipeServer@?$PipeServer@UCESERVER_REQ@@@@QAEX_NAA_N@Z 10011e81 f i PluginSrv.obj
 0001:0001115a       ?TerminatePipeThread@?$PipeServer@UCESERVER_REQ@@@@KAXAAPAXABUPipeInst@1@AA_N@Z 1001215a f i PluginSrv.obj
 0001:000111b0       ?WaitForClient@?$PipeServer@UCESERVER_REQ@@@@IAE_NPAUPipeInst@1@AAH1@Z 100121b0 f i PluginSrv.obj
 0001:00011442       ?WaitOverlapped@?$PipeServer@UCESERVER_REQ@@@@IAEHPAUPipeInst@1@PAK@Z 10012442 f i PluginSrv.obj
 0001:00011591       ?WriteDummyAnswer@?$PipeServer@UCESERVER_REQ@@@@IAEHPAUPipeInst@1@@Z 10012591 f i PluginSrv.obj
 0001:000115e9       ?_Disconnect@?$PipeServer@UCESERVER_REQ@@@@IAEXPAUPipeInst@1@_N11@Z 100125e9 f i PluginSrv.obj
 0001:0001163d       ?_PipeServerThread@?$PipeServer@UCESERVER_REQ@@@@KGKPAX@Z 1001263d f i PluginSrv.obj
 0001:00011684       ?cmd_FarSetChanged@@YAXPAUFAR_REQ_FARSETCHANGED@@@Z 10012684 f   PluginSrv.obj
 0001:000116d2       _GetFileVersionInfoSizeW@8 100126d2 f   version:VERSION.dll
 0001:000116d8       _GetFileVersionInfoW@16    100126d8 f   version:VERSION.dll
 0001:000116de       _VerQueryValueW@16         100126de f   version:VERSION.dll
 0001:000116e4       _CreateToolhelp32Snapshot@8 100126e4 f   kernel32:KERNEL32.dll
 0001:000116ea       _Thread32First@8           100126ea f   kernel32:KERNEL32.dll
 0001:000116f0       _Thread32Next@8            100126f0 f   kernel32:KERNEL32.dll
 0001:000116f6       _Module32FirstW@8          100126f6 f   kernel32:KERNEL32.dll
 0001:000116fc       _Module32NextW@8           100126fc f   kernel32:KERNEL32.dll
 0001:00011702       ??2@YAPAXI@Z               10012702 f   common-kernel32:Memory.obj
 0001:00011723       ??3@YAXPAX@Z               10012723 f   common-kernel32:Memory.obj
 0001:00011723       ??_V@YAXPAX@Z              10012723 f   common-kernel32:Memory.obj
 0001:00011728       ??_U@YAPAXI@Z              10012728 f   common-kernel32:Memory.obj
 0001:00011731       ?HeapDeinitialize@@YAXXZ   10012731 f   common-kernel32:Memory.obj
 0001:00011787       ?HeapInitialize@@YA_NXZ    10012787 f   common-kernel32:Memory.obj
 0001:000117b5       ?xf_calloc@@YAPAXII@Z      100127b5 f   common-kernel32:Memory.obj
 0001:000117e0       ?xf_free@@YAXPAX@Z         100127e0 f   common-kernel32:Memory.obj
 0001:00011820       ?xf_malloc@@YAPAXI@Z       10012820 f   common-kernel32:Memory.obj
 0001:00011846       ?xf_realloc@@YAPAXPAXI@Z   10012846 f   common-kernel32:Memory.obj
 0001:0001186d       ??0?$MFileMapping@UConEmuGuiMapping@@@@QAE@XZ 1001286d f i common-kernel32:ConEmuCheck.obj
 0001:000118ca       ?ExecuteCmd@@YAPAUCESERVER_REQ@@PB_WPAU1@KPAUHWND__@@HKH@Z 100128ca f   common-kernel32:ConEmuCheck.obj
 0001:00011a9f       ?ExecuteFreeResult@@YAXAAPAUCESERVER_REQ@@@Z 10012a9f f   common-kernel32:ConEmuCheck.obj
 0001:00011ab7       ?ExecuteGuiCmd@@YAPAUCESERVER_REQ@@PAUHWND__@@PAU1@0H@Z 10012ab7 f   common-kernel32:ConEmuCheck.obj
 0001:00011b38       ?ExecuteNewCmd@@YAPAUCESERVER_REQ@@KI@Z 10012b38 f   common-kernel32:ConEmuCheck.obj
 0001:00011b76       ?ExecuteNewCmd@@YA_NAAPAUCESERVER_REQ@@AAKKI@Z 10012b76 f   common-kernel32:ConEmuCheck.obj
 0001:00011bd4       ?ExecuteOpenPipe@@YAPAXPB_WAAY0CAI@_W0KKHPAXH@Z 10012bd4 f   common-kernel32:ConEmuCheck.obj
 0001:00011d0e       ?ExecutePrepareCmd@@YAXPAUCESERVER_REQ@@KI@Z 10012d0e f   common-kernel32:ConEmuCheck.obj
 0001:00011d45       ?ExecutePrepareCmd@@YAXPAUCESERVER_REQ_HDR@@KI@Z 10012d45 f   common-kernel32:ConEmuCheck.obj
 0001:00011dad       ?ExecuteSrvCmd@@YAPAUCESERVER_REQ@@KPAU1@PAUHWND__@@HKH@Z 10012dad f   common-kernel32:ConEmuCheck.obj
 0001:00011e44       ?GetConEmuHWND@@YAPAUHWND__@@W4ConEmuWndType@@@Z 10012e44 f   common-kernel32:ConEmuCheck.obj
 0001:00011ec0       ?GetConEmuWindows@@YA?AUConEmuWindows@@PAUHWND__@@@Z 10012ec0 f   common-kernel32:ConEmuCheck.obj
 0001:00011f9a       ?GetConEmuWindowsFromEnv@@YA?AUConEmuWindows@@XZ 10012f9a f   common-kernel32:ConEmuCheck.obj
 0001:000120c9       ?GuiMessageBox@@YAHPAUHWND__@@PB_W1H@Z 100130c9 f   common-kernel32:ConEmuCheck.obj
 0001:000121e6       ?IsConsoleClass@@YA_NPB_W@Z 100131e6 f   common-kernel32:ConEmuCheck.obj
 0001:00012220       ?IsConsoleWindow@@YA_NPAUHWND__@@@Z 10013220 f   common-kernel32:ConEmuCheck.obj
 0001:000122e7       ?IsPseudoConsoleWindow@@YA_NPAUHWND__@@@Z 100132e7 f   common-kernel32:ConEmuCheck.obj
 0001:00012355       ?LoadGuiMapping@@YAHKAAUConEmuGuiMapping@@@Z 10013355 f   common-kernel32:ConEmuCheck.obj
 0001:00012409       ?LoadSrvMapping@@YAHPAUHWND__@@AAUCESERVER_CONSOLE_MAPPING_HDR@@@Z 10013409 f   common-kernel32:ConEmuCheck.obj
 0001:000124bd       ?ModuleName@@YAPB_WPB_W@Z  100134bd f   common-kernel32:ConEmuCheck.obj
 0001:00012553       ?StringCchCopyNW@@YGJPA_WIPB_WI@Z 10013553 f i common-kernel32:ConEmuCheck.obj
 0001:0001259f       ?myGetConsoleWindow@@YAPAUHWND__@@XZ 1001359f f   common-kernel32:ConEmuCheck.obj
 0001:00012673       ?StringCchVPrintfA@@YGJPADIPBD0@Z 10013673 f i common-kernel32:MStrSafe.obj
 0001:000126c8       ?lstrcmpni@@YAHPB_W0H@Z    100136c8 f   common-kernel32:MStrSafe.obj
 0001:000127b3       ?msprintf@@YAPB_WPA_WIPB_WZZ 100137b3 f   common-kernel32:MStrSafe.obj
 0001:000127cd       ?mvsprintf@@YAPB_WPA_WIPB_WPAD@Z 100137cd f   common-kernel32:MStrSafe.obj
 0001:00012c30       ?sprintf_c@@YAHPADHPBDZZ   10013c30 f   common-kernel32:MStrSafe.obj
 0001:00012c53       ?swprintf_c@@YAHPA_WHPB_WZZ 10013c53 f   common-kernel32:MStrSafe.obj
 0001:00012c76       __vsnprintf_l              10013c76 f i common-kernel32:MStrSafe.obj
 0001:00012ca8       ??0CEStr@@QAE@$$QAU0@@Z    10013ca8 f   common-kernel32:CEStr.obj
 0001:00012cd1       ??0CEStr@@QAE@PB_W00000000@Z 10013cd1 f   common-kernel32:CEStr.obj
 0001:00012dd2       ??0CEStr@@QAE@XZ           10013dd2 f   common-kernel32:CEStr.obj
 0001:00012ddc       ??0bad_alloc@stdext@@QAE@ABV01@@Z 10013ddc f i common-kernel32:CEStr.obj
 0001:00012dfa       ??0bad_alloc@stdext@@QAE@XZ 10013dfa f i common-kernel32:CEStr.obj
 0001:00012e0a       ??0exception@stdext@@QAE@ABV01@@Z 10013e0a f i common-kernel32:CEStr.obj
 0001:00012e22       ??1CEStr@@QAE@XZ           10013e22 f   common-kernel32:CEStr.obj
 0001:00012e27       ??1bad_alloc@stdext@@UAE@XZ 10013e27 f i common-kernel32:CEStr.obj
 0001:00012e2e       ??4CEStr@@QAEAAU0@$$QAU0@@Z 10013e2e f   common-kernel32:CEStr.obj
 0001:00012e63       ??4CEStr@@QAEAAU0@PB_W@Z   10013e63 f   common-kernel32:CEStr.obj
 0001:00012e7f       ?data@CEStr@@QBEPA_WXZ     10013e7f f   common-kernel32:CEStr.obj
 0001:00012e7f       ??BCEStr@@QBEPB_WXZ        10013e7f f   common-kernel32:CEStr.obj
 0001:00012e82       ??BCEStr@@QBE_NXZ          10013e82 f   common-kernel32:CEStr.obj
 0001:00012e8a       ??_Gexception@stdext@@UAEPAXI@Z 10013e8a f i common-kernel32:CEStr.obj
 0001:00012e8a       ??_Eexception@stdext@@UAEPAXI@Z 10013e8a f i common-kernel32:CEStr.obj
 0001:00012e8a       ??_Ebad_alloc@stdext@@UAEPAXI@Z 10013e8a f i common-kernel32:CEStr.obj
 0001:00012e8a       ??_Gbad_alloc@stdext@@UAEPAXI@Z 10013e8a f i common-kernel32:CEStr.obj
 0001:00012ead       ?Append@CEStr@@QAEPB_WPB_W0000000@Z 10013ead f   common-kernel32:CEStr.obj
 0001:00012eff       ?Clear@CEStr@@QAEXXZ       10013eff f   common-kernel32:CEStr.obj
 0001:00012f0d       ?Compare@CEStr@@QBEHPB_W_N@Z 10013f0d f   common-kernel32:CEStr.obj
 0001:00012f48       ?Detach@CEStr@@QAEPA_WXZ   10013f48 f   common-kernel32:CEStr.obj
 0001:00012f52       ?GetBuffer@CEStr@@QAEPA_WH@Z 10013f52 f   common-kernel32:CEStr.obj
 0001:00012fe8       ?GetLen@CEStr@@QBEHXZ      10013fe8 f   common-kernel32:CEStr.obj
 0001:00013012       ?GetMaxCount@CEStr@@QAEHXZ 10014012 f   common-kernel32:CEStr.obj
 0001:0001302e       ?IsEmpty@CEStr@@QBE_NXZ    1001402e f   common-kernel32:CEStr.obj
 0001:0001303e       ?Release@CEStr@@QAEXXZ     1001403e f   common-kernel32:CEStr.obj
 0001:00013053       ?Set@CEStr@@QAEPB_WPB_WH@Z 10014053 f   common-kernel32:CEStr.obj
 0001:00013118       ?SetAt@CEStr@@QAE_WH_W@Z   10014118 f   common-kernel32:CEStr.obj
 0001:0001314e       ?_Doraise@bad_alloc@stdext@@MBEXXZ 1001414e f i common-kernel32:CEStr.obj
 0001:0001315b       ?c_str@CEStr@@QBEPB_WPB_W@Z 1001415b f   common-kernel32:CEStr.obj
 0001:0001316b       ?what@exception@stdext@@UBEPBDXZ 1001416b f i common-kernel32:CEStr.obj
 0001:00013179       ?IsFilePath@@YA_NPB_W_N@Z  10014179 f   common-kernel32:CmdLine.obj
 0001:000132ed       ?PointToExt@@YAPB_WPB_W@Z  100142ed f   common-kernel32:CmdLine.obj
 0001:0001330b       ?PointToName@@YAPB_WPB_W@Z 1001430b f   common-kernel32:CmdLine.obj
 0001:0001334d       ?Unquote@@YAPB_WPA_W_N@Z   1001434d f   common-kernel32:CmdLine.obj
 0001:00013398       ??$sprintf_c@$0CI@@@YAHAAY0CI@DPBDZZ 10014398 f i common-kernel32:WThreads.obj
 0001:000133ae       ?SetThreadName@@YAXKPAD@Z  100143ae f   common-kernel32:WThreads.obj
 0001:00013407       ?apiCreateThread@@YAPAXP6GKPAX@Z0PAKPBDH@Z 10014407 f   common-kernel32:WThreads.obj
 0001:000134ff       ?apiTerminateThreadEx@@YAHPAXKPBDH@Z 100144ff f   common-kernel32:WThreads.obj
 0001:000135d3       ?apiThreadHelper@@YGKPAX@Z 100145d3 f   common-kernel32:WThreads.obj
 0001:0001375f       ?lstrdup@@YA?AUCEStr@@PB_WI@Z 1001475f f   common-kernel32:MStrDup.obj
 0001:000137b1       ?lstrdupW@@YA?AUCEStr@@PBDI@Z 100147b1 f   common-kernel32:MStrDup.obj
 0001:00013a1e       ??0CEnvStrings@@QAE@PA_W@Z 10014a1e f   common-kernel32:EnvVar.obj
 0001:00013a7c       ??1CEnvStrings@@QAE@XZ     10014a7c f   common-kernel32:EnvVar.obj
 0001:00013a91       ?Clear@CEnvRestorer@@QAEXXZ 10014a91 f   common-kernel32:EnvVar.obj
 0001:00013aa8       ?ExpandEnvStr@@YA?AUCEStr@@PB_W@Z 10014aa8 f   common-kernel32:EnvVar.obj
 0001:00013ac9       ?GetEnvVar@@YA?AUCEStr@@PB_W@Z 10014ac9 f   common-kernel32:EnvVar.obj
 0001:00013ae5       ?SavePathVar@CEnvRestorer@@QAEXPB_W@Z 10014ae5 f   common-kernel32:EnvVar.obj
 0001:00013b11       ?CommonShutdown@@YAXXZ     10014b11 f   common-kernel32:Common.obj
 0001:00013b20       ?GetCommand@CESERVER_REQ_NEWCMD@@QAEPA_WXZ 10014b20 f   common-kernel32:Common.obj
 0001:00013b39       ?GetEnvStrings@CESERVER_REQ_NEWCMD@@QAEPA_WXZ 10014b39 f   common-kernel32:Common.obj
 0001:00013b56       ?IsEnvBlockVariableValid@@YA_NPB_W@Z 10014b56 f   common-kernel32:Common.obj
 0001:00013b82       ?IsEnvBlockVariableValid@@YA_NPB_WAAPB_W@Z 10014b82 f   common-kernel32:Common.obj
 0001:00013bb8       ?SetCommand@CESERVER_REQ_NEWCMD@@QAEXPB_W@Z 10014bb8 f   common-kernel32:Common.obj
 0001:00013c04       ?SetEnvStrings@CESERVER_REQ_NEWCMD@@QAEXPB_WK@Z 10014c04 f   common-kernel32:Common.obj
 0001:00013cd0       ??0MNullDesc@@QAE@XZ       10014cd0 f i common-kernel32:MSecurity.obj
 0001:00013cf2       ??1MNullDesc@@QAE@XZ       10014cf2 f i common-kernel32:MSecurity.obj
 0001:00013d2a       ?LoadAdvApi@MNullDesc@@IAEHXZ 10014d2a f i common-kernel32:MSecurity.obj
 0001:00013e02       ?LocalSecurity@@YAPAU_SECURITY_ATTRIBUTES@@XZ 10014e02 f   common-kernel32:MSecurity.obj
 0001:00013e2e       ?LocalSecurity@MNullDesc@@QAEPAU_SECURITY_ATTRIBUTES@@XZ 10014e2e f i common-kernel32:MSecurity.obj
 0001:00013f4b       ?ShutdownSecurity@@YAXXZ   10014f4b f   common-kernel32:MSecurity.obj
 0001:00013f70       ?UnloadAdvApi@MNullDesc@@IAEXXZ 10014f70 f i common-kernel32:MSecurity.obj
 0001:00013f88       ??$?0P6GHPAX@ZX@?$function@$$A6AXPAX@Z@std@@QAE@P6GHPAX@Z@Z 10014f88 f i common-kernel32:WObjects.obj
 0001:00013fa8       ??$GetProcAddress@$$A6GHPAU_OSVERSIONINFOEXW@@K_K@Z@MModule@@QBE_NQBDAAP6GHPAU_OSVERSIONINFOEXW@@K_K@Z@Z 10014fa8 f i common-kernel32:WObjects.obj
 0001:00013fe5       ??0?$MHandleBase@PAX@@QAE@PAXV?$function@$$A6AXPAX@Z@std@@@Z 10014fe5 f i common-kernel32:WObjects.obj
 0001:0001400f       ??0MHandle@@QAE@PAXV?$function@$$A6AXPAX@Z@std@@@Z 1001500f f i common-kernel32:WObjects.obj
 0001:00014040       ??R?$_Func_class@XPAX@std@@QBEXPAX@Z 10015040 f i common-kernel32:WObjects.obj
 0001:0001405d       ?Close@?$MHandleBase@PAX@@QAEXXZ 1001505d f i common-kernel32:WObjects.obj
 0001:0001408a       ?FileExists@@YA_NPB_WPA_K@Z 1001508a f   common-kernel32:WObjects.obj
 0001:00014272       ?IsWin6@@YA_NXZ            10015272 f   common-kernel32:WObjects.obj
 0001:000142a0       ?IsWin7@@YA_NXZ            100152a0 f   common-kernel32:WObjects.obj
 0001:000142ce       ?IsWinVerOrHigher@@YA_NG@Z 100152ce f   common-kernel32:WObjects.obj
 0001:0001434b       ?IsWindows64@@YA_NXZ       1001534b f   common-kernel32:WObjects.obj
 0001:000143bb       ?MakeOsVersionEx@@YA?AU_OSVERSIONINFOEXW@@KK@Z 100153bb f   common-kernel32:WObjects.obj
 0001:000143ec       ?SetHandle@?$MHandleBase@PAX@@QAE_NPAXV?$function@$$A6AXPAX@Z@std@@@Z 100153ec f i common-kernel32:WObjects.obj
 0001:00014440       ?_Copy@?$_Func_impl_no_alloc@P6GHPAX@ZXPAX@std@@EBEPAV?$_Func_base@XPAX@2@PAX@Z 10015440 f i common-kernel32:WObjects.obj
 0001:00014440       ?_Move@?$_Func_impl_no_alloc@P6GHPAX@ZXPAX@std@@EAEPAV?$_Func_base@XPAX@2@PAX@Z 10015440 f i common-kernel32:WObjects.obj
 0001:00014456       ?_Delete_this@?$_Func_impl_no_alloc@V<lambda_9e7323793ed24b1a5fadb4d27ba29021>@@_NABUtagPROCESSENTRY32W@@@std@@EAEX_N@Z 10015456 f i common-kernel32:MProcess.obj
 0001:00014456       ?_Delete_this@?$_Func_impl_no_alloc@P6GHPAX@ZXPAX@std@@EAEX_N@Z 10015456 f i common-kernel32:WObjects.obj
 0001:0001446d       ?_Do_call@?$_Func_impl_no_alloc@P6GHPAX@ZXPAX@std@@EAEX$$QAPAX@Z 1001546d f i common-kernel32:WObjects.obj
 0001:0001447c       ?_Get@?$_Func_impl_no_alloc@V<lambda_9e7323793ed24b1a5fadb4d27ba29021>@@_NABUtagPROCESSENTRY32W@@@std@@EBEPBXXZ 1001547c f i common-kernel32:MProcess.obj
 0001:0001447c       ?_Get@?$_Func_impl_no_alloc@P6GHPAX@ZXPAX@std@@EBEPBXXZ 1001547c f i common-kernel32:WObjects.obj
 0001:00014480       ?_Reset_move@?$_Func_class@XPAX@std@@IAEX$$QAV12@@Z 10015480 f i common-kernel32:WObjects.obj
 0001:000144b4       ?_Target_type@?$_Func_impl_no_alloc@P6GHPAX@ZXPAX@std@@EBEABVtype_info@@XZ 100154b4 f i common-kernel32:WObjects.obj
 0001:000144ba       ?_Tidy@?$_Func_class@XPAX@std@@IAEXXZ 100154ba f i common-kernel32:WObjects.obj
 0001:000144ba       ?_Tidy@?$_Func_class@_NABUtagPROCESSENTRY32W@@@std@@IAEXXZ 100154ba f i common-kernel32:MProcess.obj
 0001:000144d8       ?_VerifyVersionInfo@@YA_NPAU_OSVERSIONINFOEXW@@K_K@Z 100154d8 f   common-kernel32:WObjects.obj
 0001:00014552       ?Init@HkFunc@@QAE_NPB_WPAUHINSTANCE__@@@Z 10015552 f   common-kernel32:HkFunc.obj
 0001:000145b0       ?isConEmuHk@HkFunc@@QAE_NXZ 100155b0 f   common-kernel32:HkFunc.obj
 0001:000145b7       ??$_Emplace_reallocate@ABUtagPROCESSENTRY32W@@@?$vector@UtagPROCESSENTRY32W@@V?$MArrayAllocator@UtagPROCESSENTRY32W@@@@@std@@QAEPAUtagPROCESSENTRY32W@@QAU2@ABU2@@Z 100155b7 f i common-kernel32:MProcess.obj
 0001:0001467a       ??$emplace_back@ABUtagPROCESSENTRY32W@@@?$vector@UtagPROCESSENTRY32W@@V?$MArrayAllocator@UtagPROCESSENTRY32W@@@@@std@@QAEXABUtagPROCESSENTRY32W@@@Z 1001567a f i common-kernel32:MProcess.obj
 0001:000146ad       ??0?$MToolHelp@UtagPROCESSENTRY32W@@$1?Process32FirstW@@YGHPAXPAU1@@Z$1?Process32NextW@@YGH01@Z@@QAE@KK@Z 100156ad f i common-kernel32:MProcess.obj
 0001:0001471b       ??1?$MToolHelp@UtagPROCESSENTRY32W@@$1?Process32FirstW@@YGHPAXPAU1@@Z$1?Process32NextW@@YGH01@Z@@UAE@XZ 1001571b f i common-kernel32:MProcess.obj
 0001:00014735       ??_E?$MToolHelp@UtagPROCESSENTRY32W@@$1?Process32FirstW@@YGHPAXPAU1@@Z$1?Process32NextW@@YGH01@Z@@UAEPAXI@Z 10015735 f i common-kernel32:MProcess.obj
 0001:00014735       ??_EMToolHelpProcess@@UAEPAXI@Z 10015735 f i common-kernel32:MProcess.obj
 0001:00014735       ??_G?$MToolHelp@UtagPROCESSENTRY32W@@$1?Process32FirstW@@YGHPAXPAU1@@Z$1?Process32NextW@@YGH01@Z@@UAEPAXI@Z 10015735 f i common-kernel32:MProcess.obj
 0001:00014735       ??_GMToolHelpProcess@@UAEPAXI@Z 10015735 f i common-kernel32:MProcess.obj
 0001:0001475a       ?Close@?$MToolHelp@UtagPROCESSENTRY32W@@$1?Process32FirstW@@YGHPAXPAU1@@Z$1?Process32NextW@@YGH01@Z@@QAEXXZ 1001575a f i common-kernel32:MProcess.obj
 0001:000147c7       ?Filter@?$MToolHelp@UtagPROCESSENTRY32W@@$1?Process32FirstW@@YGHPAXPAU1@@Z$1?Process32NextW@@YGH01@Z@@MAE_NABUtagPROCESSENTRY32W@@@Z 100157c7 f i common-kernel32:MProcess.obj
 0001:000147cc       ?Find@?$MToolHelp@UtagPROCESSENTRY32W@@$1?Process32FirstW@@YGHPAXPAU1@@Z$1?Process32NextW@@YGH01@Z@@QAE_NABV?$function@$$A6A_NABUtagPROCESSENTRY32W@@@Z@std@@AAUtagPROCESSENTRY32W@@@Z 100157cc f i common-kernel32:MProcess.obj
 0001:00014866       ?Find@MToolHelpProcess@@QAE_NKAAUtagPROCESSENTRY32W@@@Z 10015866 f i common-kernel32:MProcess.obj
 0001:000148af       ?Next@?$MToolHelp@UtagPROCESSENTRY32W@@$1?Process32FirstW@@YGHPAXPAU1@@Z$1?Process32NextW@@YGH01@Z@@QAE_NAAUtagPROCESSENTRY32W@@@Z 100158af f i common-kernel32:MProcess.obj
 0001:00014907       ?Open@?$MToolHelp@UtagPROCESSENTRY32W@@$1?Process32FirstW@@YGHPAXPAU1@@Z$1?Process32NextW@@YGH01@Z@@QAE_NXZ 10015907 f i common-kernel32:MProcess.obj
 0001:00014966       ?_Calculate_growth@?$vector@UtagPROCESSENTRY32W@@V?$MArrayAllocator@UtagPROCESSENTRY32W@@@@@std@@ABEII@Z 10015966 f i common-kernel32:MProcess.obj
 0001:00014993       ?_Change_array@?$vector@UtagPROCESSENTRY32W@@V?$MArrayAllocator@UtagPROCESSENTRY32W@@@@@std@@AAEXQAUtagPROCESSENTRY32W@@II@Z 10015993 f i common-kernel32:MProcess.obj
 0001:000149c8       ?_Move@?$_Func_impl_no_alloc@V<lambda_9e7323793ed24b1a5fadb4d27ba29021>@@_NABUtagPROCESSENTRY32W@@@std@@EAEPAV?$_Func_base@_NABUtagPROCESSENTRY32W@@@2@PAX@Z 100159c8 f i common-kernel32:MProcess.obj
 0001:000149c8       ?_Copy@?$_Func_impl_no_alloc@V<lambda_9e7323793ed24b1a5fadb4d27ba29021>@@_NABUtagPROCESSENTRY32W@@@std@@EBEPAV?$_Func_base@_NABUtagPROCESSENTRY32W@@@2@PAX@Z 100159c8 f i common-kernel32:MProcess.obj
 0001:000149de       ?_Do_call@?$_Func_impl_no_alloc@V<lambda_9e7323793ed24b1a5fadb4d27ba29021>@@_NABUtagPROCESSENTRY32W@@@std@@EAE_NABUtagPROCESSENTRY32W@@@Z 100159de f i common-kernel32:MProcess.obj
 0001:000149f1       ?_Target_type@?$_Func_impl_no_alloc@V<lambda_9e7323793ed24b1a5fadb4d27ba29021>@@_NABUtagPROCESSENTRY32W@@@std@@EBEABVtype_info@@XZ 100159f1 f i common-kernel32:MProcess.obj
 0001:000149f7       ?_Tidy@?$vector@UtagPROCESSENTRY32W@@V?$MArrayAllocator@UtagPROCESSENTRY32W@@@@@std@@AAEXXZ 100159f7 f i common-kernel32:MProcess.obj
 0001:00014a13       ?allocate@?$MArrayAllocator@UtagPROCESSENTRY32W@@@@QAEPAUtagPROCESSENTRY32W@@I@Z 10015a13 f i common-kernel32:MProcess.obj
 0001:00014a45       ?getNext@?$MToolHelp@UtagPROCESSENTRY32W@@$1?Process32FirstW@@YGHPAXPAU1@@Z$1?Process32NextW@@YGH01@Z@@IAE_NXZ 10015a45 f i common-kernel32:MProcess.obj
 0001:00014ac6       ?isTerminalMode@@YA_NXZ    10015ac6 f   common-kernel32:MProcess.obj
 0001:00014bb9       ?push_back@?$MArray@UtagPROCESSENTRY32W@@@@QAEHABUtagPROCESSENTRY32W@@@Z 10015bb9 f i common-kernel32:MProcess.obj
 0001:00014bdb       ?swap@?$vector@UtagPROCESSENTRY32W@@V?$MArrayAllocator@UtagPROCESSENTRY32W@@@@@std@@QAEXAAV12@@Z 10015bdb f i common-kernel32:MProcess.obj
 0001:00014c0f       ??0MSection@@QAE@XZ        10015c0f f   common-kernel32:MSection.obj
 0001:00014c6e       ??0MSectionLock@@QAE@XZ    10015c6e f   common-kernel32:MSection.obj
 0001:00014c7b       ??0MSectionThread@@QAE@PAVMSection@@@Z 10015c7b f   common-kernel32:MSection.obj
 0001:00014c96       ??1MSection@@QAE@XZ        10015c96 f   common-kernel32:MSection.obj
 0001:00014cf0       ??1MSectionLock@@QAE@XZ    10015cf0 f   common-kernel32:MSection.obj
 0001:00014d09       ??1MSectionThread@@QAE@XZ  10015d09 f   common-kernel32:MSection.obj
 0001:00014d1f       ?AddRef@MSection@@IAEXK@Z  10015d1f f   common-kernel32:MSection.obj
 0001:00014d88       ?Lock@MSection@@IAEHHK@Z   10015d88 f   common-kernel32:MSection.obj
 0001:00014e4e       ?Lock@MSectionLock@@QAEHPAVMSection@@HK@Z 10015e4e f   common-kernel32:MSection.obj
 0001:00014e99       ?MyEnterCriticalSection@MSection@@IAE_NK@Z 10015e99 f   common-kernel32:MSection.obj
 0001:00014f81       ?ReleaseRef@MSection@@IAEHK@Z 10015f81 f   common-kernel32:MSection.obj
 0001:00014fee       ?ThreadTerminated@MSection@@QAEXK@Z 10015fee f   common-kernel32:MSection.obj
 0001:00015014       ?Unlock@MSection@@IAEXH@Z  10016014 f   common-kernel32:MSection.obj
 0001:00015052       ?Unlock@MSectionLock@@QAEXXZ 10016052 f   common-kernel32:MSection.obj
 0001:0001506f       ?WaitUnlocked@MSection@@IAEXKK@Z 1001606f f   common-kernel32:MSection.obj
 0001:000150ca       ?CheckCallbackPtr@@YA_NPAUHINSTANCE__@@IPAP6GHXZHHH@Z 100160ca f   common-kernel32:WModuleCheck.obj
 0001:00015197       ?IsModuleValid@@YA_NPAUHINSTANCE__@@H@Z 10016197 f   common-kernel32:WModuleCheck.obj
 0001:0001526f       ??0MModule@@QAE@PAUHINSTANCE__@@@Z 1001626f f   common-kernel32:MModule.obj
 0001:00015285       ??1MModule@@QAE@XZ         10016285 f   common-kernel32:MModule.obj
 0001:0001528a       ?Free@MModule@@QAEXXZ      1001628a f   common-kernel32:MModule.obj
 0001:000152b5       ??0MSectionSimple@@QAE@_N@Z 100162b5 f   common-kernel32:MSectionSimple.obj
 0001:000152df       ??1MSectionSimple@@QAE@XZ  100162df f   common-kernel32:MSectionSimple.obj
 0001:000152e4       ?Close@MSectionSimple@@QAEXXZ 100162e4 f   common-kernel32:MSectionSimple.obj
 0001:000152fa       ?Enter@MSectionSimple@@QAEXXZ 100162fa f   common-kernel32:MSectionSimple.obj
 0001:00015302       ?Init@MSectionSimple@@QAEXXZ 10016302 f   common-kernel32:MSectionSimple.obj
 0001:00015318       ?Leave@MSectionSimple@@QAEXXZ 10016318 f   common-kernel32:MSectionSimple.obj
 0001:00015320       ?RecreateAndLock@MSectionSimple@@QAE_NXZ 10016320 f   common-kernel32:MSectionSimple.obj
 0001:00015367       ?TryEnter@MSectionSimple@@QAE_NXZ 10016367 f   common-kernel32:MSectionSimple.obj
 0001:00015386       ?SetConEmuEnvHWND@@YAXPB_WPAUHWND__@@@Z 10016386 f   common-user32:SetEnvVar.obj
 0001:000153d1       ?SetConEmuEnvVar@@YAXPAUHWND__@@@Z 100163d1 f   common-user32:SetEnvVar.obj
 0001:0001543b       ?SetConEmuEnvVarChild@@YAXPAUHWND__@@0@Z 1001643b f   common-user32:SetEnvVar.obj
 0001:0001545d       ??$wcscpy_add@$0BAF@@@YAHPA_WAAY0BAF@_WPB_W@Z 1001645d f i common-user32:ConEmuCheckEx.obj
 0001:0001548a       ??$wcscpy_c@$0BAF@@@YAHAAY0BAF@_WPB_W@Z 1001648a f i common-user32:ConEmuCheckEx.obj
 0001:0001549f       ?FindConEmuBaseDir@@YAHAAY0BAF@_W0PAUHINSTANCE__@@@Z 1001649f f   common-user32:ConEmuCheckEx.obj
 0001:00015945       ?IsConEmuExeExist@@YAHPB_WAAY0BAF@_W@Z 10016945 f   common-user32:ConEmuCheckEx.obj
 0001:000159bc       ??$swprintf_c@$0FA@@@YAHAAY0FA@_WPB_WZZ 100169bc f i common-user32:EmergencyShow.obj
 0001:000159d2       ?CorrectConsolePos@@YAXPAUHWND__@@@Z 100169d2 f   common-user32:EmergencyShow.obj
 0001:00015aa7       ?EmergencyShow@@YAXPAUHWND__@@HH@Z 10016aa7 f   common-user32:EmergencyShow.obj
 0001:00015b98       ?EvaluateDefaultFontWidth@@YAHHPB_W@Z 10016b98 f   common-user32:EmergencyShow.obj
 0001:00015c88       ?SetUserFriendlyFont@@YAXPAUHWND__@@HH@Z 10016c88 f   common-user32:EmergencyShow.obj
 0001:00015fb8       ??0MSetter@@QAE@PAJ@Z      10016fb8 f   common-user32:MSetter.obj
 0001:00015fdc       ??1MSetter@@QAE@XZ         10016fdc f   common-user32:MSetter.obj
 0001:00015fe1       ?Unlock@MSetter@@QAEXXZ    10016fe1 f   common-user32:MSetter.obj
 0001:0001603c       ?IsDotsName@@YA_NPB_W@Z    1001703c f   common-user32:WFiles.obj
 0001:0001606c       ?SearchAppPaths@@YA_NPB_WAAUCEStr@@_NPAVCEnvRestorer@@@Z 1001706c f   common-user32:WFiles.obj
 0001:00016466       ??1ConsoleSectionHelper@@QAE@XZ 10017466 f i common-user32:WConsoleEx.obj
 0001:0001648e       ?CreateConsoleData@ConsoleSectionHelper@@QAEPAUCONSOLE_INFO@@XZ 1001748e f i common-user32:WConsoleEx.obj
 0001:000164b3       ?CreateConsoleSection@ConsoleSectionHelper@@QAEPAXXZ 100174b3 f i common-user32:WConsoleEx.obj
 0001:000164d4       ?GetConsoleSizeInfo@@YAXPAUCONSOLE_INFO@@@Z 100174d4 f   common-user32:WConsoleEx.obj
 0001:00016546       ?SetConsoleFontSizeTo@@YAXPAUHWND__@@HHPB_WGG@Z 10017546 f   common-user32:WConsoleEx.obj
 0001:00016863       ?SetConsoleInfo@@YAHPAUHWND__@@PAUCONSOLE_INFO@@@Z 10017863 f   common-user32:WConsoleEx.obj
 0001:00016a3b       ?SetEnvVarExpanded@@YAXPB_W0@Z 10017a3b f   common-user32:WUser.obj
 0001:00016ae7       ?UpdateComspec@@YAXPAUConEmuComspec@@_N@Z 10017ae7 f   common-user32:WUser.obj
 0001:00016d7a       ?apiShowWindow@@YA_NPAUHWND__@@H@Z 10017d7a f   common-user32:WUser.obj
 0001:00016d90       ?apiShowWindowAsync@@YA_NPAUHWND__@@H@Z 10017d90 f   common-user32:WUser.obj
 0001:00016da6       ?RegGetStringValue@@YAHPAUHKEY__@@PB_W1AAUCEStr@@K@Z 10017da6 f   common-user32:WRegistry.obj
 0001:00016f00       ?FindMonitorsWorkspace@@YGHPAUHMONITOR__@@PAUHDC__@@PAUtagRECT@@J@Z 10017f00 f   common-user32:Monitors.obj
 0001:00016f39       ?GetAllMonitorsWorkspace@@YA?AUtagRECT@@XZ 10017f39 f   common-user32:Monitors.obj
 0001:00016f89       ??0bad_function_call@std@@QAE@ABV01@@Z 10017f89 f i libcpmt:xthrow.obj
 0001:00016fa4       ??0bad_function_call@std@@QAE@XZ 10017fa4 f i libcpmt:xthrow.obj
 0001:00016fb5       ??0exception@std@@QAE@QBD@Z 10017fb5 f i libcpmt:xthrow.obj
 0001:00016fea       ??0length_error@std@@QAE@ABV01@@Z 10017fea f i libcpmt:xthrow.obj
 0001:00017005       ??0length_error@std@@QAE@PBD@Z 10018005 f i libcpmt:xthrow.obj
 0001:00017024       ??0logic_error@std@@QAE@ABV01@@Z 10018024 f i libcpmt:xthrow.obj
 0001:0001703f       ?_Xbad_function_call@std@@YAXXZ 1001803f f   libcpmt:xthrow.obj
 0001:0001705c       ?_Xlength_error@std@@YAXPBD@Z 1001805c f   libcpmt:xthrow.obj
 0001:0001707c       ?what@bad_function_call@std@@UBEPBDXZ 1001807c f i libcpmt:xthrow.obj
 0001:00017082       @__security_check_cookie@4 10018082 f   LIBCMT:secchk.obj
 0001:00017093       ??3@YAXPAXI@Z              10018093 f   LIBCMT:delete_scalar_size.obj
 0001:000170a1       __EH_epilog3               100180a1 f   LIBCMT:ehprolg3.obj
 0001:000170b6       __EH_epilog3_GS            100180b6 f   LIBCMT:ehprolg3.obj
 0001:000170c7       __EH_prolog3               100180c7 f   LIBCMT:ehprolg3.obj
 0001:000170fb       __EH_prolog3_GS            100180fb f   LIBCMT:ehprolg3.obj
 0001:00017132       __EH_prolog3_catch         10018132 f   LIBCMT:ehprolg3.obj
 0001:00017170       __chkstk                   10018170 f   LIBCMT:chkstk.obj
 0001:00017170       __alloca_probe             10018170 f   LIBCMT:chkstk.obj
 0001:000171a0       __aullshr                  100181a0 f   LIBCMT:ullshr.obj
 0001:000171bf       ??_Etype_info@@UAEPAXI@Z   100181bf f i LIBCMT:std_type_info_static.obj
 0001:000171bf       ??_Gtype_info@@UAEPAXI@Z   100181bf f i LIBCMT:std_type_info_static.obj
 0001:00017209       ??$__crt_fast_encode_pointer@P6GHPAU_RTL_CONDITION_VARIABLE@@PAU_RTL_CRITICAL_SECTION@@K@Z@@YAP6GHPAU_RTL_CONDITION_VARIABLE@@PAU_RTL_CRITICAL_SECTION@@K@ZQ6GH01K@Z@Z 10018209 f i LIBCMT:thread_safe_statics.obj
 0001:00017209       ??$__crt_fast_encode_pointer@PAX@@YAPAXQAX@Z 10018209 f i libvcruntime:winapi_downlevel.obj
 0001:00017209       ??$__crt_fast_encode_pointer@P6GXPAU_RTL_CONDITION_VARIABLE@@@Z@@YAP6GXPAU_RTL_CONDITION_VARIABLE@@@ZQ6GX0@Z@Z 10018209 f i LIBCMT:thread_safe_statics.obj
 0001:00017209       ??$__crt_fast_encode_pointer@PAP6AXXZ@@YAPAP6AXXZQAP6AXXZ@Z 10018209 f i LIBCMT:utility.obj
 0001:00017331       __Init_thread_footer       10018331 f   LIBCMT:thread_safe_statics.obj
 0001:0001737b       __Init_thread_header       1001837b f   LIBCMT:thread_safe_statics.obj
 0001:000173cd       __Init_thread_notify       100183cd f   LIBCMT:thread_safe_statics.obj
 0001:0001740f       __Init_thread_wait         1001840f f   LIBCMT:thread_safe_statics.obj
 0001:00017470       __SEH_prolog4              10018470 f   LIBCMT:sehprolg4.obj
 0001:000174b6       __SEH_epilog4              100184b6 f   LIBCMT:sehprolg4.obj
 0001:000177eb       __DllMainCRTStartup@12     100187eb f   LIBCMT:dll_dllmain.obj
 0001:00017852       ___scrt_acquire_startup_lock 10018852 f   LIBCMT:utility.obj
 0001:00017884       ___scrt_dllmain_after_initialize_c 10018884 f   LIBCMT:utility.obj
 0001:000178af       ___scrt_dllmain_before_initialize_c 100188af f   LIBCMT:utility.obj
 0001:000178bd       ___scrt_dllmain_crt_thread_attach 100188bd f   LIBCMT:utility.obj
 0001:000178dc       ___scrt_dllmain_crt_thread_detach 100188dc f   LIBCMT:utility.obj
 0001:000178e9       ___scrt_dllmain_exception_filter 100188e9 f   LIBCMT:utility.obj
 0001:0001791d       ___scrt_dllmain_uninitialize_c 1001891d f   LIBCMT:utility.obj
 0001:00017940       ___scrt_dllmain_uninitialize_critical 10018940 f   LIBCMT:utility.obj
 0001:0001794d       ___scrt_initialize_crt     1001894d f   LIBCMT:utility.obj
 0001:00017986       ___scrt_initialize_onexit_tables 10018986 f   LIBCMT:utility.obj
 0001:00017a2b       ___scrt_is_nonwritable_in_current_image 10018a2b f   LIBCMT:utility.obj
 0001:00017abf       ___scrt_release_startup_lock 10018abf f   LIBCMT:utility.obj
 0001:00017adc       ___scrt_uninitialize_crt   10018adc f   LIBCMT:utility.obj
 0001:00017b04       __onexit                   10018b04 f   LIBCMT:utility.obj
 0001:00017b3f       _atexit                    10018b3f f   LIBCMT:utility.obj
 0001:00017b54       ___raise_securityfailure   10018b54 f   LIBCMT:gs_report.obj
 0001:00017b7c       ___report_gsfailure        10018b7c f   LIBCMT:gs_report.obj
 0001:00017c75       ___scrt_fastfail           10018c75 f   LIBCMT:utility_desktop.obj
 0001:00017d8f       __crt_debugger_hook        10018d8f f   LIBCMT:utility_desktop.obj
 0001:00017de4       ___security_init_cookie    10018de4 f   LIBCMT:gs_support.obj
 0001:00017e2f       ?__scrt_initialize_type_info@@YAXXZ 10018e2f f   LIBCMT:tncleanup.obj
 0001:00017e3b       ?__scrt_uninitialize_type_info@@YAXXZ 10018e3b f   LIBCMT:tncleanup.obj
 0001:00017e47       ___local_stdio_scanf_options 10018e47 f i LIBCMT:default_local_stdio_options.obj
 0001:00017e4d       ___scrt_initialize_default_local_stdio_options 10018e4d f   LIBCMT:default_local_stdio_options.obj
 0001:00017e6a       ___scrt_get_dyn_tls_init_callback 10018e6a f   LIBCMT:dyn_tls_init.obj
 0001:00017e70       __RTC_Initialize           10018e70 f   LIBCMT:initsect.obj
 0001:00017e9c       __RTC_Terminate            10018e9c f   LIBCMT:initsect.obj
 0001:00017ecb       ___isa_available_init      10018ecb f   LIBCMT:cpu_disp.obj
 0001:00018062       ___scrt_is_ucrt_dll_in_use 10019062 f   LIBCMT:ucrt_detection.obj
 0001:0001806e       ?GetRangeOfTrysToCheck@__FrameHandler3@@SA?AU?$pair@Viterator@TryBlockMap@__FrameHandler3@@V123@@std@@AAVTryBlockMap@1@HH@Z 1001906e f   libvcruntime:trnsctrl.obj
 0001:000180f0       ?_CallCatchBlock2@@YAPAXPAUEHRegistrationNode@@PBU_s_FuncInfo@@PAXHK@Z 100190f0 f   libvcruntime:trnsctrl.obj
 0001:0001814e       ?_CallSETranslator@@YAHPAUEHExceptionRecord@@PAUEHRegistrationNode@@PAX2PBU_s_FuncInfo@@H1@Z 1001914e f   libvcruntime:trnsctrl.obj
 0001:00018229       ?_JumpToContinuation@@YGXPAXPAUEHRegistrationNode@@@Z 10019229 f   libvcruntime:trnsctrl.obj
 0001:00018259       ?_UnwindNestedFrames@@YGXPAUEHRegistrationNode@@PAUEHExceptionRecord@@@Z 10019259 f   libvcruntime:trnsctrl.obj
 0001:000182ac       __CatchGuardHandler        100192ac f   libvcruntime:trnsctrl.obj
 0001:000182dd       __CreateFrameInfo          100192dd f   libvcruntime:trnsctrl.obj
 0001:00018301       __FindAndUnlinkFrame       10019301 f   libvcruntime:trnsctrl.obj
 0001:00018346       __TranslatorGuardHandler   10019346 f   libvcruntime:trnsctrl.obj
 0001:000183e3       ___CxxFrameHandler3        100193e3 f   libvcruntime:trnsctrl.obj
 0001:00018419       _wcschr                    10019419 f   libvcruntime:wcschr.obj
 0001:000184e0       _wcsstr                    100194e0 f   libvcruntime:wcsstr.obj
 0001:00018760       _memmove                   10019760 f   libvcruntime:memmove.obj
 0001:00018ce0       _memset                    10019ce0 f   libvcruntime:memset.obj
 0001:00018e3a       ___DestructExceptionObject 10019e3a f   libvcruntime:ehhelpers.obj
 0001:00018eda       ?_CallMemberFunction0@@YGXQAX0@Z 10019eda f i libvcruntime:ehhelpers.obj
 0001:00018ee7       __IsExceptionObjectToBeDestroyed 10019ee7 f   libvcruntime:ehhelpers.obj
 0001:00018f0d       ___AdjustPointer           10019f0d f   libvcruntime:ehhelpers.obj
 0001:00018f32       ___FrameUnwindFilter       10019f32 f   libvcruntime:ehhelpers.obj
 0001:00018f77       ___std_terminate           10019f77 f   libvcruntime:ehhelpers.obj
 0001:00018f7c       ___std_exception_copy      10019f7c f   libvcruntime:std_exception.obj
 0001:00018fdf       ___std_exception_destroy   10019fdf f   libvcruntime:std_exception.obj
 0001:00018ffe       __CxxThrowException@8      10019ffe f   libvcruntime:throw.obj
 0001:0001906b       __get_purecall_handler     1001a06b f   libvcruntime:purevirt.obj
 0001:00019080       __purecall                 1001a080 f   libvcruntime:purevirt.obj
 0001:0001909c       _wcsrchr                   1001a09c f   libvcruntime:wcsrchr.obj
 0001:00019140       _memcpy                    1001a140 f   libvcruntime:memcpy.obj
 0001:00019700       __except_handler4          1001a700 f   libvcruntime:chandler4.obj
 0001:00019860       _strrchr                   1001a860 f   libvcruntime:strrchr.obj
 0001:000199a0       _strchr                    1001a9a0 f   libvcruntime:strchr.obj
 0001:00019a0e       ___from_strstr_to_strchr   1001aa0e     libvcruntime:strchr.obj
 0001:00019acb       ___vcrt_initialize         1001aacb f   libvcruntime:initialization.obj
 0001:00019af4       ___vcrt_thread_attach      1001aaf4 f   libvcruntime:initialization.obj
 0001:00019aff       ___vcrt_thread_detach      1001aaff f   libvcruntime:initialization.obj
 0001:00019b0a       ___vcrt_uninitialize       1001ab0a f   libvcruntime:initialization.obj
 0001:00019b29       ___vcrt_uninitialize_critical 1001ab29 f   libvcruntime:initialization.obj
 0001:00019b31       ___std_type_info_compare   1001ab31 f   libvcruntime:std_type_info.obj
 0001:00019b6d       ___std_type_info_destroy_list 1001ab6d f   libvcruntime:std_type_info.obj
 0001:00019b90       ___vcrt_freefls@4          1001ab90 f   libvcruntime:per_thread_data.obj
 0001:00019bac       ___vcrt_freeptd            1001abac f   libvcruntime:per_thread_data.obj
 0001:00019be2       ___vcrt_getptd             1001abe2 f   libvcruntime:per_thread_data.obj
 0001:00019bf0       ___vcrt_getptd_noexit      1001abf0 f   libvcruntime:per_thread_data.obj
 0001:00019c82       ___vcrt_initialize_ptd     1001ac82 f   libvcruntime:per_thread_data.obj
 0001:00019cb5       ___vcrt_uninitialize_ptd   1001acb5 f   libvcruntime:per_thread_data.obj
 0001:0001a3c7       ??$TypeMatchHelper@$$CBU_s_HandlerType@@@@YAHPBU_s_HandlerType@@PBU_s_CatchableType@@PBU_s_ThrowInfo@@@Z 1001b3c7 f i libvcruntime:frame.obj
[...]
 0002:0000abec       __ehfuncinfo$?FindConEmuBaseDir@@YAHAAY0BAF@_W0PAUHINSTANCE__@@@Z 10035bec     common-user32:ConEmuCheckEx.obj
 0002:0000ac10       __ehfuncinfo$?SearchAppPaths@@YA_NPB_WAAUCEStr@@_NPAVCEnvRestorer@@@Z 10035c10     common-user32:WFiles.obj
 0002:0000ac34       __unwindtable$?SearchAppPaths@@YA_NPB_WAAUCEStr@@_NPAVCEnvRestorer@@@Z 10035c34     common-user32:WFiles.obj
 0002:0000ac5c       __unwindtable$?UpdateComspec@@YAXPAUConEmuComspec@@_N@Z 10035c5c     common-user32:WUser.obj
 0002:0000ac7c       __ehfuncinfo$?UpdateComspec@@YAXPAUConEmuComspec@@_N@Z 10035c7c     common-user32:WUser.obj
 0002:0000ad30       __sehtable$?dllmain_crt_process_attach@@YAHQAUHINSTANCE__@@QAX@Z 10035d30     LIBCMT:dll_dllmain.obj
 0002:0000ad50       __sehtable$?dllmain_crt_process_detach@@YAH_N@Z 10035d50     LIBCMT:dll_dllmain.obj
 0002:0000ad70       __sehtable$?dllmain_dispatch@@YAHQAUHINSTANCE__@@KQAX@Z 10035d70     LIBCMT:dll_dllmain.obj
 0002:0000ad90       __sehtable$___scrt_is_nonwritable_in_current_image 10035d90     LIBCMT:utility.obj
 0002:0000adb0       __sehtable$___DestructExceptionObject 10035db0     libvcruntime:ehhelpers.obj
 0002:0000add0       __sehtable$?FrameUnwindToState@__FrameHandler3@@SAXPAUEHRegistrationNode@@PAXPBU_s_FuncInfo@@H@Z 10035dd0     libvcruntime:frame.obj
 0002:0000adf8       __sehtable$?CallCatchBlock@@YAPAXPAUEHExceptionRecord@@PAUEHRegistrationNode@@PAU_CONTEXT@@PBU_s_FuncInfo@@PAXHK@Z 10035df8     libvcruntime:frame.obj
 0002:0000ae20       __catchsym$?CallUnexpected@@YAXPBU_s_ESTypeList@@@Z$2 10035e20     libvcruntime:frame.obj
 0002:0000ae30       __unwindtable$?CallUnexpected@@YAXPBU_s_ESTypeList@@@Z 10035e30     libvcruntime:frame.obj
 0002:0000ae40       __tryblocktable$?CallUnexpected@@YAXPBU_s_ESTypeList@@@Z 10035e40     libvcruntime:frame.obj
 0002:0000ae54       __ehfuncinfo$?CallUnexpected@@YAXPBU_s_ESTypeList@@@Z 10035e54     libvcruntime:frame.obj
 0002:0000ae78       __sehtable$??$BuildCatchObjectHelperInternal@$$CBU_s_HandlerType@@@@YAHPAUEHExceptionRecord@@PAXPBU_s_HandlerType@@PBU_s_CatchableType@@@Z 10035e78     libvcruntime:frame.obj
 0002:0000ae98       __sehtable$??$BuildCatchObjectInternal@$$CBU_s_HandlerType@@@@YAXPAUEHExceptionRecord@@PAXPBU_s_HandlerType@@PBU_s_CatchableType@@@Z 10035e98     libvcruntime:frame.obj
 0002:0000aef0       __sehtable$?common_exit@@YAXHW4_crt_exit_cleanup_mode@@W4_crt_exit_return_mode@@@Z 10035ef0     libucrt:exit.obj
 0002:0000af18       __sehtable$??$?RV<lambda_800076c951b434888f4765a74a194fcc>@@AAV<lambda_4e60a939b0d047cfe11ddc22648dfba9>@@V<lambda_6dbb1268764f43b569ce7b67e331d33a>@@@?$__crt_seh_guarded_call@H@@QAEH$$QAV<lambda_800076c951b434888f4765a74a194fcc>@@AAV<lambda_4e60a939b0d047cfe11ddc22648dfba9>@@$$QAV<lambda_6dbb1268764f43b569ce7b67e331d33a>@@@Z 10035f18     libucrt:onexit.obj
 0002:0000af38       __sehtable$??$?RV<lambda_995298e7d72eb4c2aab26c0585b3abe5>@@AAV<lambda_275893d493268fdec8709772e3fcec0e>@@V<lambda_293819299cbf9a7022e18b56a874bb5c>@@@?$__crt_seh_guarded_call@H@@QAEH$$QAV<lambda_995298e7d72eb4c2aab26c0585b3abe5>@@AAV<lambda_275893d493268fdec8709772e3fcec0e>@@$$QAV<lambda_293819299cbf9a7022e18b56a874bb5c>@@@Z 10035f38     libucrt:onexit.obj
 0002:0000af58       __sehtable$_terminate      10035f58     libucrt:terminate.obj
 0002:0000af78       __sehtable$??$?RV<lambda_9df27f884b057bc3edfc946cb5b7cf47>@@AAV<lambda_e69574bed617af4e071282c136b37893>@@V<lambda_cc0d902bcbbeb830f749456577db4721>@@@?$__crt_seh_guarded_call@X@@QAEX$$QAV<lambda_9df27f884b057bc3edfc946cb5b7cf47>@@AAV<lambda_e69574bed617af4e071282c136b37893>@@$$QAV<lambda_cc0d902bcbbeb830f749456577db4721>@@@Z 10035f78     libucrt:per_thread_data.obj
 0002:0000af98       __sehtable$??$?RV<lambda_3518db117f0e7cdb002338c5d3c47b6c>@@AAV<lambda_b2ea41f6bbb362cd97d94c6828d90b61>@@V<lambda_abdedf541bb04549bc734292b4a045d4>@@@?$__crt_seh_guarded_call@X@@QAEX$$QAV<lambda_3518db117f0e7cdb002338c5d3c47b6c>@@AAV<lambda_b2ea41f6bbb362cd97d94c6828d90b61>@@$$QAV<lambda_abdedf541bb04549bc734292b4a045d4>@@@Z 10035f98     libucrt:per_thread_data.obj
 0002:0000afb8       __sehtable$??$?RV<lambda_51b6e8b1eb166f2a3faf91f424b38130>@@AAV<lambda_6250bd4b2a391816dd638c3bf72b0bcb>@@V<lambda_0b5a4a3e68152e1d9b943535f5f47bed>@@@?$__crt_seh_guarded_call@X@@QAEX$$QAV<lambda_51b6e8b1eb166f2a3faf91f424b38130>@@AAV<lambda_6250bd4b2a391816dd638c3bf72b0bcb>@@$$QAV<lambda_0b5a4a3e68152e1d9b943535f5f47bed>@@@Z 10035fb8     libucrt:per_thread_data.obj
 0002:0000afd8       __sehtable$??$?RV<lambda_5b71d36f03204c0beab531769a5b5694>@@AAV<lambda_be2b3da3f62db62e9dad5dc70221a656>@@V<lambda_8f9ce462984622f9bf76b59e2aaaf805>@@@?$__crt_seh_guarded_call@X@@QAEX$$QAV<lambda_5b71d36f03204c0beab531769a5b5694>@@AAV<lambda_be2b3da3f62db62e9dad5dc70221a656>@@$$QAV<lambda_8f9ce462984622f9bf76b59e2aaaf805>@@@Z 10035fd8     libucrt:per_thread_data.obj
 0002:0000aff8       __sehtable$___acrt_uninitialize_locale 10035ff8     libucrt:wsetlocale.obj
 0002:0000b018       __sehtable$___acrt_initialize_lowio 10036018     libucrt:ioinit.obj
 0002:0000b038       __sehtable$___acrt_update_thread_multibyte_data 10036038     libucrt:mbctype.obj
 0002:0000b058       __sehtable$??$?RV<lambda_978dc153c237d78434369da87b74ff60>@@AAV<lambda_ad1ced32f4ac17aa236e5ef05d6b3b7c>@@V<lambda_4a8533e2866a575feecb8298ce776b0d>@@@?$__crt_seh_guarded_call@X@@QAEX$$QAV<lambda_978dc153c237d78434369da87b74ff60>@@AAV<lambda_ad1ced32f4ac17aa236e5ef05d6b3b7c>@@$$QAV<lambda_4a8533e2866a575feecb8298ce776b0d>@@@Z 10036058     libucrt:mbctype.obj
 0002:0000b078       __sehtable$__query_new_handler 10036078     libucrt:new_handler.obj
 0002:0000b098       __sehtable$_raise          10036098     libucrt:signal.obj
 0002:0000b0b8       __sehtable$??$?RV<lambda_a048d3beccc847880fc8490e18b82769>@@AAV<lambda_ec61778202f4f5fc7e7711acc23c3bca>@@V<lambda_f7496a158712204296dd6628a163878e>@@@?$__crt_seh_guarded_call@P6AXH@Z@@QAEP6AXH@Z$$QAV<lambda_a048d3beccc847880fc8490e18b82769>@@AAV<lambda_ec61778202f4f5fc7e7711acc23c3bca>@@$$QAV<lambda_f7496a158712204296dd6628a163878e>@@@Z 100360b8     libucrt:signal.obj
 0002:0000b0d8       __sehtable$___acrt_update_thread_locale_data 100360d8     libucrt:locale_refcounting.obj
 0002:0000b0f8       __sehtable$__fcloseall     100360f8     libucrt:closeall.obj
 0002:0000b118       __sehtable$_common_flush_all 10036118     libucrt:fflush.obj
 0002:0000b140       __sehtable$___acrt_lowio_ensure_fh_exists 10036140     libucrt:osfinfo.obj
 0002:0000b160       __sehtable$__write         10036160     libucrt:write.obj
 0002:0000b180       __sehtable$_fclose         10036180     libucrt:fclose.obj
 0002:0000b1a0       __sehtable$??$?RV<lambda_61cee617f5178ae960314fd4d05640a0>@@AAV<lambda_6978c1fb23f02e42e1d9e99668cc68aa>@@V<lambda_9cd88cf8ad10232537feb2133f08c833>@@@?$__crt_seh_guarded_call@H@@QAEH$$QAV<lambda_61cee617f5178ae960314fd4d05640a0>@@AAV<lambda_6978c1fb23f02e42e1d9e99668cc68aa>@@$$QAV<lambda_9cd88cf8ad10232537feb2133f08c833>@@@Z 100361a0     libucrt:commit.obj
 0002:0000b1c0       __sehtable$??$?RV<lambda_123407a5e2ac06da108355a851863b7a>@@AAV<lambda_2fe9b910cf3cbf4a0ab98a02ba45b3ec>@@V<lambda_ae55bdf541ad94d75914d381c370e64d>@@@?$__crt_seh_guarded_call@H@@QAEH$$QAV<lambda_123407a5e2ac06da108355a851863b7a>@@AAV<lambda_2fe9b910cf3cbf4a0ab98a02ba45b3ec>@@$$QAV<lambda_ae55bdf541ad94d75914d381c370e64d>@@@Z 100361c0     libucrt:close.obj
 0002:0000b1e0       __sehtable$__IsNonwritableInCurrentImage 100361e0     LIBCMT:pesect.obj
 0002:0000b200       .edata                     10036200     ConEmu.exp
 0002:0000b228       rgpv                       10036228     ConEmu.exp
 0002:0000b294       rgszName                   10036294     ConEmu.exp
 0002:0000b300       rgwOrd                     10036300     ConEmu.exp
 0002:0000b336       szName                     10036336     ConEmu.exp
 0002:0000b341       $N00001                    10036341     ConEmu.exp
 0002:0000b351       $N00002                    10036351     ConEmu.exp
 0002:0000b359       $N00003                    10036359     ConEmu.exp
 0002:0000b365       $N00004                    10036365     ConEmu.exp
 0002:0000b370       $N00005                    10036370     ConEmu.exp
 0002:0000b37e       $N00006                    1003637e     ConEmu.exp
 0002:0000b38f       $N00007                    1003638f     ConEmu.exp
 0002:0000b39d       $N00008                    1003639d     ConEmu.exp
 0002:0000b3ac       $N00009                    100363ac     ConEmu.exp
 0002:0000b3bc       $N00010                    100363bc     ConEmu.exp
 0002:0000b3c7       $N00011                    100363c7     ConEmu.exp
 0002:0000b3cd       $N00012                    100363cd     ConEmu.exp
 0002:0000b3e0       $N00013                    100363e0     ConEmu.exp
 0002:0000b3f3       $N00014                    100363f3     ConEmu.exp
 0002:0000b406       $N00015                    10036406     ConEmu.exp
 0002:0000b419       $N00016                    10036419     ConEmu.exp
 0002:0000b42b       $N00017                    1003642b     ConEmu.exp
 0002:0000b43a       $N00018                    1003643a     ConEmu.exp
 0002:0000b446       $N00019                    10036446     ConEmu.exp
 0002:0000b44f       $N00020                    1003644f     ConEmu.exp
 0002:0000b45e       $N00021                    1003645e     ConEmu.exp
 0002:0000b470       $N00022                    10036470     ConEmu.exp
 0002:0000b47c       $N00023                    1003647c     ConEmu.exp
 0002:0000b490       $N00024                    10036490     ConEmu.exp
 0002:0000b4a4       $N00025                    100364a4     ConEmu.exp
 0002:0000b4b9       $N00026                    100364b9     ConEmu.exp
 0002:0000b4cd       $N00027                    100364cd     ConEmu.exp
 0002:0000b8d2       .idata$6                   100368d2     version:VERSION.dll
 0002:0000be3c       .idata$6                   10036e3c     kernel32:KERNEL32.dll
 0002:0000bf48       .idata$6                   10036f48     user32:USER32.dll
 0002:0000bfe8       .idata$6                   10036fe8     gdi32:GDI32.dll
 0002:0000c024       .idata$6                   10037024     advapi32:ADVAPI32.dll
 0003:00000100       ?val@?CE@??Open@CPluginW2800@@UAEPAXPBX@Z@4UFarMacroValue@@A 10038100     ConEmuPlugin2800.obj
 0003:00000240       ?__vcrt_flsindex@@3KA      10038240     libvcruntime:per_thread_data.obj
 0003:00000260       _errno_no_memory           10038260     libucrt:errno.obj
 0003:00000264       _doserrno_no_memory        10038264     libucrt:errno.obj
 0003:00000270       ___acrt_flsindex           10038270     libucrt:per_thread_data.obj
 0003:000003e8       ___rgctypeflag             100383e8     libucrt:mbctype.obj
 0003:000003f0       ___rgcode_page_info        100383f0     libucrt:mbctype.obj
 0003:00000d50       ?store@?M@??GetPanelInfo@CPluginW1900@@UAE_NKPAUCEPanelInfo@@@Z@4UPanelInfo@@A 10038d50     ConEmuPlugin1900.obj
 0003:00000da0       ?szMenu@?1??GetPluginInfoPtr@CPluginW1900@@UAEXPAX@Z@4PAPA_WA 10038da0     ConEmuPlugin1900.obj
 0003:00000da8       ?szMenu1@?1??GetPluginInfoPtr@CPluginW1900@@UAEXPAX@Z@4PA_WA 10038da8     ConEmuPlugin1900.obj
 0003:00000fa8       ?WLastActive@?1??UpdateConEmuTabsApi@CPluginW1900@@UAE_NH@Z@4UWindowInfo@@A 10038fa8     ConEmuPlugin1900.obj
 0003:00000fd8       ?pwList@@3PAV?$MArray@UWindowInfo@@@@A 10038fd8     ConEmuPlugin2800.obj
 0003:00000fe0       ?store@?M@??GetPanelInfo@CPluginW2800@@UAE_NKPAUCEPanelInfo@@@Z@4UPanelInfo@@A 10038fe0     ConEmuPlugin2800.obj
 0003:00001030       ?szMenu@?1??GetPluginInfoPtr@CPluginW2800@@UAEXPAX@Z@4PAPA_WA 10039030     ConEmuPlugin2800.obj
 0003:00001038       ?szMenu1@?1??GetPluginInfoPtr@CPluginW2800@@UAEXPAX@Z@4PA_WA 10039038     ConEmuPlugin2800.obj
 0003:00001238       ?WLastActive@?1??UpdateConEmuTabsApi@CPluginW2800@@UAE_NH@Z@4UWindowInfo@@A 10039238     ConEmuPlugin2800.obj
 0003:00001260       ?rc@?CE@??Open@CPluginW2800@@UAEPAXPBX@Z@4UFarMacroCall@@A 10039260     ConEmuPlugin2800.obj
 0003:0000127c       ?ghSyncDlg@@3PAXA          1003927c     ConEmuPlugin995.obj
 0003:00001280       ?store@?M@??GetPanelInfo@CPluginW995@@UAE_NKPAUCEPanelInfo@@@Z@4UPanelInfo@@A 10039280     ConEmuPlugin995.obj
 0003:000012c4       ?szMenu@?1??GetPluginInfoPtr@CPluginW995@@UAEXPAX@Z@4PAPA_WA 100392c4     ConEmuPlugin995.obj
 0003:000012c8       ?szMenu1@?1??GetPluginInfoPtr@CPluginW995@@UAEXPAX@Z@4PA_WA 100392c8     ConEmuPlugin995.obj
 0003:000014d0       ?store@?M@??GetPanelInfo@CPluginAnsi@@UAE_NKPAUCEPanelInfo@@@Z@4UPanelInfo@@A 100394d0     ConEmuPluginA.obj
 0003:000016c0       ?szMenu@?1??GetPluginInfoPtr@CPluginAnsi@@UAEXPAX@Z@4PAPADA 100396c0     ConEmuPluginA.obj
 0003:000016c8       ?szMenu1@?1??GetPluginInfoPtr@CPluginAnsi@@UAEXPAX@Z@4PADA 100396c8     ConEmuPluginA.obj
 0003:000029ac       ?gbTryOpenMapHeader@@3HA   1003a9ac     ConEmuPluginBase.obj
 0003:000029b0       ?gbStartupHooksAfterMap@@3HA 1003a9b0     ConEmuPluginBase.obj
 0003:000029b4       ?siEnabled@?1??CheckBufferEnabled@CPluginBase@@QAE_NXZ@4HA 1003a9b4     ConEmuPluginBase.obj
 0003:000029b8       ?dwLastTickCount@?7??CheckResources@CPluginBase@@QAEX_N@Z@4KA 1003a9b8     ConEmuPluginBase.obj
 0003:000029bc       ?$TSS0@?7??CheckResources@CPluginBase@@QAEX_N@Z@4HA 1003a9bc     ConEmuPluginBase.obj
 0003:000029c0       ?dwLastTickCount@?9??OnConsolePeekReadInput@CPluginBase@@SAX_N@Z@4KA 1003a9c0     ConEmuPluginBase.obj
 0003:00002c0c       ?gHeapInit@?A0x8f3601b8@@3U?$atomic@H@std@@A 1003ac0c     common-kernel32:Memory.obj
 0003:00002c10       ?gHeapCounter@?A0x8f3601b8@@3U?$atomic@H@std@@A 1003ac10     common-kernel32:Memory.obj
 0003:00002c28       ?szFile@?1??ModuleName@@YAPB_WPB_W@Z@4PA_WA 1003ac28     common-kernel32:ConEmuCheck.obj
 0003:00002c6c       ?gh_UnknownTerminatedThread@@3PAXA 1003ac6c     common-kernel32:WThreads.obj
 0003:00002c70       ?g_Threads@@3PAUConEmuThreadInfo@@A 1003ac70     common-kernel32:WThreads.obj
 0003:0000a474       ?szNil@?1??GetCommand@CESERVER_REQ_NEWCMD@@QAEPA_WXZ@4PA_WA 10042474     common-kernel32:Common.obj
 0003:0000a480       ?rtlVerifyVersionInfo@?1??_VerifyVersionInfo@@YA_NPAU_OSVERSIONINFOEXW@@K_K@Z@4P6GH0K1@ZA 10042480     common-kernel32:WObjects.obj
 0003:0000a484       ?hasRtl@?1??_VerifyVersionInfo@@YA_NPAU_OSVERSIONINFOEXW@@K_K@Z@4HA 10042484     common-kernel32:WObjects.obj
 0003:0000a488       ?ibIsWin6@?1??IsWin6@@YA_NXZ@4HA 10042488     common-kernel32:WObjects.obj
 0003:0000a48c       ?ibIsWin7@?1??IsWin7@@YA_NXZ@4HA 1004248c     common-kernel32:WObjects.obj
 0003:0000a490       ?is64bitOs@?1??IsWindows64@@YA_NXZ@4_NA 10042490     common-kernel32:WObjects.obj
 0003:0000a491       ?isOsChecked@?1??IsWindows64@@YA_NXZ@4_NA 10042491     common-kernel32:WObjects.obj
 0003:0000a498       ?terminalMode@?1??isTerminalMode@@YA_NXZ@4_NA 10042498     common-kernel32:MProcess.obj
 0003:0000a499       ?terminalChecked@?1??isTerminalMode@@YA_NXZ@4_NA 10042499     common-kernel32:MProcess.obj
 0003:0000a49a       ?bSysInfoRetrieved@?1??IsModuleValid@@YA_NPAUHINSTANCE__@@H@Z@4_NA 1004249a     common-kernel32:WModuleCheck.obj
 0003:0000a49c       ?si@?1??IsModuleValid@@YA_NPAUHINSTANCE__@@H@Z@4U_SYSTEM_INFO@@A 1004249c     common-kernel32:WModuleCheck.obj
 0003:0000a4cc       ?_Tss_mutex@@3U_RTL_CRITICAL_SECTION@@A 100424cc     LIBCMT:thread_safe_statics.obj
 0003:0000a4e4       ?_Tss_cv@@3U_RTL_CONDITION_VARIABLE@@A 100424e4     LIBCMT:thread_safe_statics.obj
 0003:0000a4e8       ?_Tss_event@@3PAXA         100424e8     LIBCMT:thread_safe_statics.obj
 0003:0000a4ec       ?encoded_sleep_condition_variable_cs@@3P6GHPAU_RTL_CONDITION_VARIABLE@@PAU_RTL_CRITICAL_SECTION@@K@ZA 100424ec     LIBCMT:thread_safe_statics.obj
 0003:0000a4f0       ?encoded_wake_all_condition_variable@@3P6GXPAU_RTL_CONDITION_VARIABLE@@@ZA 100424f0     LIBCMT:thread_safe_statics.obj
 0003:0000a4f4       ?__proc_attached@@3HA      100424f4     LIBCMT:dll_dllmain.obj
 0003:0000a500       ?is_initialized_as_dll@@3_NA 10042500     LIBCMT:utility.obj
 0003:0000a501       ?module_local_atexit_table_initialized@@3_NA 10042501     LIBCMT:utility.obj
 0003:0000a504       ?module_local_atexit_table@@3U_onexit_table_t@@A 10042504     LIBCMT:utility.obj
 0003:0000a510       ?module_local_at_quick_exit_table@@3U_onexit_table_t@@A 10042510     LIBCMT:utility.obj
 0003:0000a520       _GS_ExceptionRecord        10042520     LIBCMT:gs_report.obj
 0003:0000a570       _GS_ContextRecord          10042570     LIBCMT:gs_report.obj
 0003:0000a85c       ?__vcrt_startup_thread_ptd@@3U__vcrt_ptd@@A 1004285c     libvcruntime:per_thread_data.obj
 0003:0000a888       ___vcrt_lock_table         10042888     libvcruntime:locks.obj
 0003:0000a8a0       ___vcrt_locks_initialized  100428a0     libvcruntime:locks.obj
 0003:0000a8a4       ?module_handles@@3PAPAUHINSTANCE__@@A 100428a4     libvcruntime:winapi_downlevel.obj
 0003:0000a8b0       ?encoded_function_pointers@@3PAPAXA 100428b0     libvcruntime:winapi_downlevel.obj
 0003:0000a8ec       ?heap@@3V_HeapManager@@A   100428ec     libvcruntime:undname.obj
 0003:0000a900       ___acrt_invalid_parameter_handler 10042900     libucrt:invalid_parameter.obj
 0003:0000a904       _c_termination_complete    10042904     libucrt:exit.obj
 0003:0000a908       _thread_local_exit_callback_func 10042908     libucrt:exit.obj
 0003:0000a90c       ?c_exit_complete@?5??common_exit@@YAXHW4_crt_exit_cleanup_mode@@W4_crt_exit_return_mode@@@Z@4_NA 1004290c     libucrt:exit.obj
 0003:0000a910       ?program_name@?5???$common_configure_argv@D@@YAHW4_crt_argv_mode@@@Z@4PADA 10042910     libucrt:argv_parsing.obj
 0003:0000aa48       _enable_percent_n          10042a48     libucrt:printf_count_output.obj
 0003:0000ac68       ___acrt_lock_table         10042c68     libucrt:locks.obj
 0003:0000ada0       ___acrt_locks_initialized  10042da0     libucrt:locks.obj
 0003:0000ada8       _module_handles            10042da8     libucrt:winapi_thunks.obj
 0003:0000adf8       _encoded_function_pointers 10042df8     libucrt:winapi_thunks.obj
 0003:0000ae78       ?state_cache@?1??__acrt_is_packaged_app@@9@4JA 10042e78     libucrt:winapi_thunks.obj
 0003:0000ae94       _fSystemSet                10042e94     libucrt:mbctype.obj
 0003:0000ae98       ?initialized@?1??__acrt_initialize_multibyte@@9@4_NA 10042e98     libucrt:mbctype.obj
 0003:0000aeb8       ___acrt_new_handler        10042eb8     libucrt:new_handler.obj
 0003:0000aebc       _ctrlc_action              10042ebc     libucrt:signal.obj
 0003:0000aec0       _ctrlbreak_action          10042ec0     libucrt:signal.obj
 0003:0000aec4       _abort_action              10042ec4     libucrt:signal.obj
 0003:0000aec8       _term_action               10042ec8     libucrt:signal.obj
 0003:0000aecc       _user_matherr              10042ecc     libucrt:matherr.obj
 0003:0000aed0       ___acrt_global_new_mode    10042ed0     libucrt:new_mode.obj
 0003:0000aedc       ___acrt_app_type           10042edc     libucrt:report_runtime_error.obj
 0003:0000aee4       __pmatherr_set             10042ee4     libucrt:libm_error.obj
 0003:0000af3c       ?gbPauseConsoleWasRequested@@3_NA 10042f3c     common-kernel32:WConsole.obj
 0003:0000af40       ?GetCurrentConsoleFontEx@?1??apiGetCurrentConsoleFontEx@@YAHPAXHPAUMY_CONSOLE_FONT_INFOEX@@@Z@4P6GH0H1@ZA 10042f40     common-kernel32:WConsole.obj
 0003:0000af44       ?bFuncChecked@?1??apiGetCurrentConsoleFontEx@@YAHPAXHPAUMY_CONSOLE_FONT_INFOEX@@@Z@4_NA 10042f44     common-kernel32:WConsole.obj
 0003:0000af48       ?SetCurrentConsoleFontEx@?1??apiSetCurrentConsoleFontEx@@YAHPAXHPAUMY_CONSOLE_FONT_INFOEX@@@Z@4P6GH0H1@ZA 10042f48     common-kernel32:WConsole.obj
 0003:0000af4c       ?bFuncChecked@?1??apiSetCurrentConsoleFontEx@@YAHPAXHPAUMY_CONSOLE_FONT_INFOEX@@@Z@4_NA 10042f4c     common-kernel32:WConsole.obj
 0004:000000a0       $R000000                   100430a0     ConEmu.res
 0004:000003a8       $R000308                   100433a8     ConEmu.res
