 ConEmuTh

 Timestamp is 613e72bb (Sun Sep 12 23:35:55 2021)

 Preferred load address is 10000000

 Start         Length     Name                   Class
 0001:00000000 000231f5H .text$mn                CODE
 0001:000231f5 00000268H .text$x                 CODE
 0002:00000000 00000328H .idata$5                DATA
 0002:00000328 00000004H .00cfg                  DATA
 0002:0000032c 00000004H .CRT$XCA                DATA
 0002:00000330 00000004H .CRT$XCZ                DATA
 0002:00000334 00000004H .CRT$XIA                DATA
 0002:00000338 0000000cH .CRT$XIC                DATA
 0002:00000344 00000004H .CRT$XIZ                DATA
 0002:00000348 00000004H .CRT$XPA                DATA
 0002:0000034c 00000008H .CRT$XPX                DATA
 0002:00000354 00000004H .CRT$XPXA               DATA
 0002:00000358 00000004H .CRT$XPZ                DATA
 0002:0000035c 00000004H .CRT$XTA                DATA
 0002:00000360 00000010H .CRT$XTZ                DATA
 0002:00000364 00000000H .gfids$x                DATA
 0002:00000364 00000000H .gfids$y                DATA
 0002:00000370 000071d8H .rdata                  DATA
 0002:00007548 00000488H .rdata$r                DATA
 0002:000079d0 0000004cH .rdata$sxdata           DATA
 0002:00007a1c 0000030cH .rdata$zzzdbg           DATA
 0002:00007d28 00000004H .rtc$IAA                DATA
 0002:00007d2c 00000004H .rtc$IZZ                DATA
 0002:00007d30 00000004H .rtc$TAA                DATA
 0002:00007d34 00000004H .rtc$TZZ                DATA
 0002:00007d38 00000868H .xdata$x                DATA
 0002:000085a0 00000168H .edata                  DATA
 0002:00008708 0000008cH .idata$2                DATA
 0002:00008794 00000014H .idata$3                DATA
 0002:000087a8 00000328H .idata$4                DATA
 0002:00008ad0 00000dc8H .idata$6                DATA
 0003:00000000 000007f8H .data                   DATA
 0003:000007f8 00000330H .data$r                 DATA
 0003:00000b28 00029868H .bss                    DATA
 0004:00000000 00000130H .rsrc$01                DATA
 0004:00000130 00001558H .rsrc$02                DATA

  Address         Publics by Value              Rva+Base       Lib:Object

 0000:00000000       ___guard_fids_count        00000000     <absolute>
 0000:00000000       ___hybrid_code_map_count   00000000     <absolute>
 0000:00000000       ___guard_iat_count         00000000     <absolute>
 0000:00000000       ___dynamic_value_reloc_table 00000000     <absolute>
 0000:00000000       ___guard_longjmp_count     00000000     <absolute>
 0000:00000000       __except_list              00000000     <absolute>
 0000:00000000       ___guard_fids_table        00000000     <absolute>
 0000:00000000       ___guard_longjmp_table     00000000     <absolute>
 0000:00000000       ___hybrid_auxiliary_iat    00000000     <absolute>
 0000:00000000       ___guard_iat_table         00000000     <absolute>
 0000:00000000       ___volatile_metadata       00000000     <absolute>
 0000:00000000       ___enclave_config          00000000     <absolute>
 0000:00000000       ___hybrid_code_map         00000000     <absolute>
 0000:00000013       ___safe_se_handler_count   00000013     <absolute>
 0000:00000100       ___guard_flags             00000100     <absolute>
 0000:00000000       ___ImageBase               10000000     <linker-defined>
 0001:00000000       _ExitFARW@0                10001000 f   ConEmuTh.obj
 0001:00000025       _ProcessSynchroEventW@8    10001025 f   ConEmuTh.obj
 0001:00000039       ?ExitFARW3@@YGXPAX@Z       10001039 f   ConEmuTh.obj
 0001:00000067       ??$swprintf_c@$0CAA@@@YAHAAY0CAA@_WPB_WZZ 10001067 f i ConEmuTh.obj
 0001:00000080       ??0?$MFileMapping@UPanelViewSetMapping@@@@QAE@XZ 10001080 f i ConEmuTh.obj
 0001:000000dd       ??0?$MFileMapping@Utag_DetectedDialog@@@@QAE@XZ 100010dd f i ConEmuTh.obj
 0001:0000013a       ??1?$MFileMapping@UPanelViewSetMapping@@@@QAE@XZ 1000113a f i ConEmuTh.obj
 0001:00000144       ??_G?$MFileMapping@Utag_DetectedDialog@@@@QAEPAXI@Z 10001144 f i ConEmuTh.obj
 0001:000002a0       ?CheckConEmu@@YAHH@Z       100012a0 f   ConEmuTh.obj
 0001:0000037b       ?CheckPanelSettings@@YAHH@Z 1000137b f   ConEmuTh.obj
 0001:000003b3       ?CheckVarsInitialized@@YAXXZ 100013b3 f   ConEmuTh.obj
 0001:000004e0       ?CheckWindows@@YA_NXZ      100014e0 f   ConEmuTh.obj
 0001:0000057c       ?CloseMap@?$MFileMapping@UPanelViewSetMapping@@@@QAEXXZ 1000157c f i ConEmuTh.obj
 0001:0000057c       ?CloseMap@?$MFileMapping@Utag_DetectedDialog@@@@QAEXXZ 1000157c f i ConEmuTh.obj
 0001:000005cd       ?ClosePtr@?$MFileMapping@UPanelViewSetMapping@@@@QAEXXZ 100015cd f i ConEmuTh.obj
 0001:000005cd       ?ClosePtr@?$MFileMapping@Utag_DetectedDialog@@@@QAEXXZ 100015cd f i ConEmuTh.obj
 0001:000005e5       ?EntryPoint@@YAXHH_N@Z     100015e5 f   ConEmuTh.obj
 0001:00000750       ?ExecuteInMainThread@@YAXPAUConEmuThSynchroArg@@@Z 10001750 f   ConEmuTh.obj
 0001:000007bf       ?ExitPlugin@@YAXXZ         100017bf f   ConEmuTh.obj
 0001:000008c5       ?FreeItem@CePluginPanelItem@@QAEXXZ 100018c5 f   ConEmuTh.obj
 0001:000008da       ?FreeUserData@CePluginPanelItem@@QAEXXZ 100018da f   ConEmuTh.obj
 0001:0000091b       ?GetActivePanel@@YAPAUCeFullPanelInfo@@XZ 1000191b f   ConEmuTh.obj
 0001:00000960       ?GetFarRect@@YAHPAU_SMALL_RECT@@@Z 10001960 f   ConEmuTh.obj
 0001:000009c6       ?GetFocusedThumbnails@@YAPAUCeFullPanelInfo@@XZ 100019c6 f   ConEmuTh.obj
 0001:00000a16       ?GetMainThreadId@@YAKXZ    10001a16 f   ConEmuTh.obj
 0001:00000aa1       ?GetMsgW@@YAPB_WH@Z        10001aa1 f   ConEmuTh.obj
 0001:00000ada       ?GetPalette@@YAABV?$array@K$0BA@@std@@XZ 10001ada f   ConEmuTh.obj
 0001:00000ae0       ?GetPluginInfoWcmn@@YGXPAX@Z 10001ae0 f   ConEmuTh.obj
 0001:00000b11       ?GetTo@?$MFileMapping@UPanelViewSetMapping@@@@QAE_NPAUPanelViewSetMapping@@H@Z 10001b11 f i ConEmuTh.obj
 0001:00000be0       ?InitName@?$MFileMapping@UPanelViewSetMapping@@@@QAEPB_WPB_WKK@Z 10001be0 f i ConEmuTh.obj
 0001:00000be0       ?InitName@?$MFileMapping@Utag_DetectedDialog@@@@QAEPB_WPB_WKK@Z 10001be0 f i ConEmuTh.obj
 0001:00000c11       ?InternalOpenCreate@?$MFileMapping@Utag_DetectedDialog@@@@IAEPAUtag_DetectedDialog@@_N0H@Z 10001c11 f i ConEmuTh.obj
 0001:00000c11       ?InternalOpenCreate@?$MFileMapping@UPanelViewSetMapping@@@@IAEPAUPanelViewSetMapping@@_N0H@Z 10001c11 f i ConEmuTh.obj
 0001:00000df3       ?IsThumbnailsActive@@YAPAUCeFullPanelInfo@@H@Z 10001df3 f   ConEmuTh.obj
 0001:00000fc4       ?LoadFarVersion@@YAHXZ     10001fc4 f   ConEmuTh.obj
 0001:00001300       ?LoadPanelItemInfo@@YAXPAUCeFullPanelInfo@@H@Z 10002300 f   ConEmuTh.obj
 0001:00001338       ?LoadThSet@@YAHK@Z         10002338 f   ConEmuTh.obj
 0001:000014c9       ?OnPostPeekConsole@@YGHPAXPAU_INPUT_RECORD@@KPAKPAH@Z 100024c9 f   ConEmuTh.obj
 0001:00001513       ?OnPostReadConsole@@YGHPAXPAU_INPUT_RECORD@@KPAKPAH@Z 10002513 f   ConEmuTh.obj
 0001:00001555       ?OnPrePeekConsole@@YGHPAXPAU_INPUT_RECORD@@KPAKPAH@Z 10002555 f   ConEmuTh.obj
 0001:000015f8       ?OnPreReadConsole@@YGHPAXPAU_INPUT_RECORD@@KPAKPAH@Z 100025f8 f   ConEmuTh.obj
 0001:00001618       ?OnPreWriteConsoleOutput@@YGHPAXPBU_CHAR_INFO@@U_COORD@@2PAU_SMALL_RECT@@@Z 10002618 f   ConEmuTh.obj
 0001:0000173a       ?OnReadyForPanelsReload@@YAXXZ 1000273a f   ConEmuTh.obj
 0001:00001888       ?OpenPluginWcmn@@YAPAXHH_N@Z 10002888 f   ConEmuTh.obj
 0001:000018ba       ?OpenW@@YGPAXPBUOpenInfo@@@Z 100028ba f   ConEmuTh.obj
 0001:000018ec       ?PostMacro@@YAXPA_W@Z      100028ec f   ConEmuTh.obj
 0001:00001a22       ?ProcessConsoleInput@@YAHHPAU_INPUT_RECORD@@KPAK@Z 10002a22 f   ConEmuTh.obj
 0001:00001d0a       ?ProcessSynchroEventCommon@@YAHHPAX@Z 10002d0a f   ConEmuTh.obj
 0001:00001e95       ?RefreshPalette@@YAABV?$array@K$0BA@@std@@_N@Z 10002e95 f   ConEmuTh.obj
 0001:00001ec6       ?ReloadPanelsInfo@@YAXXZ   10002ec6 f   ConEmuTh.obj
 0001:00002036       ?ReloadResourcesW@@YAXXZ   10003036 f   ConEmuTh.obj
 0001:00002099       ?ResetUngetBuffer@@YAXXZ   10003099 f   ConEmuTh.obj
 0001:000020a8       ?SavePanelViewState@@YAXHK@Z 100030a8 f   ConEmuTh.obj
 0001:000020dc       ?SetFrom@?$MFileMapping@Utag_DetectedDialog@@@@QAE_NPBUtag_DetectedDialog@@H@Z 100030dc f i ConEmuTh.obj
 0001:00002207       ?SettingsLoad@@YAHPB_WPAK@Z 10003207 f   ConEmuTh.obj
 0001:0000223f       ?SettingsLoadOther@@YAXPB_W@Z 1000323f f   ConEmuTh.obj
 0001:00002337       ?SettingsLoadReg@@YAHPB_W0PAK@Z 10003337 f   ConEmuTh.obj
 0001:00002397       ?SettingsSave@@YAXPB_WPAK@Z 10003397 f   ConEmuTh.obj
 0001:000023cf       ?SettingsSaveReg@@YAXPB_W0PAK@Z 100033cf f   ConEmuTh.obj
 0001:00002419       ?ShowLastError@@YAHXZ      10003419 f   ConEmuTh.obj
 0001:000024a6       ?ShowMessage@@YAHHH@Z      100034a6 f   ConEmuTh.obj
 0001:000024de       ?ShowPluginMenu@@YAHXZ     100034de f   ConEmuTh.obj
 0001:0000250c       ?StartPlugin@@YAXH@Z       1000350c f   ConEmuTh.obj
 0001:00002633       ?StringCchCatW@@YGJPA_WIPB_W@Z 10003633 f i ConEmuTh.obj
 0001:00002671       ?StringCchCopyW@@YGJPA_WIPB_W@Z 10003671 f i ConEmuTh.obj
 0001:000026a5       ?StringCchVPrintfW@@YGJPA_WIPB_WPAD@Z 100036a5 f i ConEmuTh.obj
 0001:000027de       ?UpdateEnvVar@@YAXH@Z      100037de f   ConEmuTh.obj
 0001:000027ff       ?isPreloadByDefault@@YA_NXZ 100037ff f   ConEmuTh.obj
 0001:00002829       _DllMain@12                10003829 f   ConEmuTh.obj
 0001:000028e2       _GetMinFarVersionW@0       100038e2 f   ConEmuTh.obj
 0001:000028e8       _SetStartupInfoW@4         100038e8 f   ConEmuTh.obj
 0001:0000293f       ___local_stdio_printf_options 1000393f f i ConEmuTh.obj
 0001:00002945       __vsnwprintf_l             10003945 f i ConEmuTh.obj
 0001:000029c3       ?CheckFarPanelsW1900@@YA_NXZ 100039c3 f   ConEmuTh1900.obj
 0001:00002a02       ?CheckPanelSettingsW1900@@YAHH@Z 10003a02 f   ConEmuTh1900.obj
 0001:00002a95       ?Color2BgIndex@Far3Color@@SAXKHAAGPBK@Z 10003a95 f i ConEmuTh1900.obj
 0001:00002b67       ?Color2FgIndex@Far3Color@@SAXKAAGPBK@Z 10003b67 f i ConEmuTh1900.obj
 0001:00002c1f       ?ExecuteInMainThreadW1900@@YAXPAUConEmuThSynchroArg@@@Z 10003c1f f   ConEmuTh1900.obj
 0001:00002c3c       ?ExitFARW1900@@YAXXZ       10003c3c f   ConEmuTh1900.obj
 0001:00002c6b       ?FarColor_3_2@@YAEABUFarColor@@_N@Z 10003c6b f i ConEmuTh1900.obj
 0001:00002d16       ?GetFarRectW1900@@YAXPAU_SMALL_RECT@@@Z 10003d16 f   ConEmuTh1900.obj
 0001:00002d86       ?GetMsgW1900@@YAPB_WH@Z    10003d86 f   ConEmuTh1900.obj
 0001:00002dac       ?GetPluginInfoW1900@@YAXPAX@Z 10003dac f   ConEmuTh1900.obj
 0001:00002e10       ?GetStdIndex@Far3Color@@SAHKPBK@Z 10003e10 f i ConEmuTh1900.obj
 0001:00002f41       ?LoadPanelInfoW1900@@YAHH@Z 10003f41 f   ConEmuTh1900.obj
 0001:00003393       ?LoadPanelItemInfoW1900@@YAXPAUCeFullPanelInfo@@H@Z 10004393 f   ConEmuTh1900.obj
 0001:00003516       ?OpenW1900@@YAPAXPBX@Z     10004516 f   ConEmuTh1900.obj
 0001:00003578       ?PostMacroW1900@@YAXPA_W@Z 10004578 f   ConEmuTh1900.obj
 0001:000035f0       ?ReloadPanelsInfoW1900@@YAXXZ 100045f0 f   ConEmuTh1900.obj
 0001:0000360a       ?SetCurrentPanelItemW1900@@YAXHHH@Z 1000460a f   ConEmuTh1900.obj
 0001:0000370a       ?SetStartupInfoW1900@@YAXPAX@Z 1000470a f   ConEmuTh1900.obj
 0001:00003801       ?LoadPanelItemInfoA@@YAXPAUCeFullPanelInfo@@H@Z 10004801 f   ConEmuThA.obj
 0001:00003801       ?OnThreadStopped@?$CQueueProcessor@PAUIMAGE_CACHE_INFO@@@@MAEXXZ 10004801 f   ImgCache.obj
 0001:00003801       ?SettingsLoadOtherW2800@@YAXXZ 10004801 f   ConEmuTh2800.obj
 0001:00003801       ?_Doraise@exception@stdext@@MBEXXZ 10004801 f   common-kernel32:MProcess.obj
 0001:00003801       ?SettingsLoadOtherW1900@@YAXXZ 10004801 f   ConEmuTh1900.obj
 0001:00003801       @_guard_check_icall_nop@4  10004801 f   LIBCMT:guard_support.obj
 0001:00003802       ?SettingsLoadW1900@@YAHPB_WPAK@Z 10004802 f   ConEmuTh1900.obj
 0001:000038ac       ?SettingsSaveW1900@@YAXPB_WPAK@Z 100048ac f   ConEmuTh1900.obj
 0001:00003952       ?ShowMessageW1900@@YAHHH@Z 10004952 f   ConEmuTh1900.obj
 0001:00003987       ?ShowMessageW1900@@YAHPB_WH@Z 10004987 f   ConEmuTh1900.obj
 0001:000039f1       ?ShowPluginMenuW1900@@YAHXZ 100049f1 f   ConEmuTh1900.obj
 0001:00003bba       ??$swprintf_c@$0MI@@@YAHAAY0MI@_WPB_WZZ 10004bba f i ConEmuTh2800.obj
 0001:00003bd3       ?CheckFarPanelsW2800@@YA_NXZ 10004bd3 f   ConEmuTh2800.obj
 0001:00003c30       ?CheckPanelSettingsW2800@@YAHH@Z 10004c30 f   ConEmuTh2800.obj
 0001:00003cc3       ?ExecuteInMainThreadW2800@@YAXPAUConEmuThSynchroArg@@@Z 10004cc3 f   ConEmuTh2800.obj
 0001:00003ce0       ?ExitFARW2800@@YAXXZ       10004ce0 f   ConEmuTh2800.obj
 0001:00003d0f       ?FreePanelItemUserData2800@@YAXPAXKP6GHXZ@Z 10004d0f f   ConEmuTh2800.obj
 0001:00003d3d       ?GetFarRectW2800@@YAXPAU_SMALL_RECT@@@Z 10004d3d f   ConEmuTh2800.obj
 0001:00003db0       ?GetMsgW2800@@YAPB_WH@Z    10004db0 f   ConEmuTh2800.obj
 0001:00003dd6       ?GetPluginInfoW2800@@YAXPAX@Z 10004dd6 f   ConEmuTh2800.obj
 0001:00003e3a       ?IsFarLua@FarVersion@@QBE_NXZ 10004e3a f i ConEmuTh2800.obj
 0001:00003f5d       ?LoadPanelInfoW2800@@YAHH@Z 10004f5d f   ConEmuTh2800.obj
 0001:000043af       ?LoadPanelItemInfoW2800@@YAXPAUCeFullPanelInfo@@H@Z 100053af f   ConEmuTh2800.obj
 0001:0000458d       ?OpenW2800@@YAPAXPBX@Z     1000558d f   ConEmuTh2800.obj
 0001:00004631       ?PostMacroW2800@@YAXPA_W@Z 10005631 f   ConEmuTh2800.obj
 0001:000046ab       ?ProcessSynchroEventW3@@YGHPAX@Z 100056ab f   ConEmuTh2800.obj
 0001:000046c2       ?ReloadPanelsInfoW2800@@YAXXZ 100056c2 f   ConEmuTh2800.obj
 0001:000046dc       ?SetCurrentPanelItemW2800@@YAXHHH@Z 100056dc f   ConEmuTh2800.obj
 0001:000047d5       ?SetCurrentPanelItemW2800Int@@YAXHHH@Z 100057d5 f   ConEmuTh2800.obj
 0001:000048c8       ?SetStartupInfoW2800@@YAXPAX@Z 100058c8 f   ConEmuTh2800.obj
 0001:000049bf       ?SettingsLoadW2800@@YAHPB_WPAK@Z 100059bf f   ConEmuTh2800.obj
 0001:00004a62       ?SettingsSaveW2800@@YAXPB_WPAK@Z 10005a62 f   ConEmuTh2800.obj
 0001:00004b06       ?ShowMessageW2800@@YAHHH@Z 10005b06 f   ConEmuTh2800.obj
 0001:00004b3b       ?ShowMessageW2800@@YAHPB_WH@Z 10005b3b f   ConEmuTh2800.obj
 0001:00004ba5       ?ShowPluginMenuW2800@@YAHXZ 10005ba5 f   ConEmuTh2800.obj
 0001:00004d6e       _GetGlobalInfoW@4          10005d6e f   ConEmuTh2800.obj
 0001:00004e01       ?CheckFarPanelsW995@@YA_NXZ 10005e01 f   ConEmuTh995.obj
 0001:00004e58       ?CheckPanelSettingsW995@@YAHH@Z 10005e58 f   ConEmuTh995.obj
 0001:00004eb4       ?ExecuteInMainThreadW995@@YAXPAUConEmuThSynchroArg@@@Z 10005eb4 f   ConEmuTh995.obj
 0001:00004ecd       ?ExitFARW995@@YAXXZ        10005ecd f   ConEmuTh995.obj
 0001:00004f13       ?GetFarRectW995@@YAXPAU_SMALL_RECT@@@Z 10005f13 f   ConEmuTh995.obj
 0001:00004f38       ?GetMsgW995@@YAPB_WH@Z     10005f38 f   ConEmuTh995.obj
 0001:00004f5c       ?GetPluginInfoW995@@YAXPAX@Z 10005f5c f   ConEmuTh995.obj
 0001:00004fef       ?LoadPanelInfo995@@YAHH@Z  10005fef f   ConEmuTh995.obj
 0001:00005327       ?LoadPanelItemInfoW995@@YAXPAUCeFullPanelInfo@@H@Z 10006327 f   ConEmuTh995.obj
 0001:0000543c       ?PostMacroW995@@YAXPA_W@Z  1000643c f   ConEmuTh995.obj
 0001:000054a4       ?ReloadPanelsInfoW995@@YAXXZ 100064a4 f   ConEmuTh995.obj
 0001:000054be       ?SetCurrentPanelItemW995@@YAXHHH@Z 100064be f   ConEmuTh995.obj
 0001:00005592       ?SetStartupInfoW995@@YAXPAX@Z 10006592 f   ConEmuTh995.obj
 0001:000056cf       ?SettingsLoadOtherW995@@YAXXZ 100066cf f   ConEmuTh995.obj
 0001:000056dc       ?SettingsLoadW995@@YAHPB_WPAK@Z 100066dc f   ConEmuTh995.obj
 0001:000056f5       ?SettingsSaveW995@@YAXPB_WPAK@Z 100066f5 f   ConEmuTh995.obj
 0001:0000570e       ?ShowMessageW995@@YAHHH@Z  1000670e f   ConEmuTh995.obj
 0001:00005741       ?ShowMessageW995@@YAHPB_WH@Z 10006741 f   ConEmuTh995.obj
 0001:0000576f       ?ShowPluginMenuW995@@YAHXZ 1000676f f   ConEmuTh995.obj
 0001:0000589e       _OpenPluginW@8             1000689e f   ConEmuTh995.obj
 0001:000058cd       ?CheckFarPanelsA@@YA_NXZ   100068cd f   ConEmuThA.obj
 0001:00005944       ?CheckPanelSettingsA@@YAHH@Z 10006944 f   ConEmuThA.obj
 0001:000059ac       ?GetMsgA@@YAPB_WHPA_W@Z    100069ac f   ConEmuThA.obj
 0001:00005a5c       ?LoadPanelInfoA@@YAHH@Z    10006a5c f   ConEmuThA.obj
 0001:00005dd5       ?PostMacroA@@YAXPAD@Z      10006dd5 f   ConEmuThA.obj
 0001:00005e41       ?ReloadPanelsInfoA@@YAXXZ  10006e41 f   ConEmuThA.obj
 0001:00005e5b       ?ReloadResourcesA@@YAXXZ   10006e5b f   ConEmuThA.obj
 0001:00005f04       ?SetCurrentPanelItemA@@YAXHHH@Z 10006f04 f   ConEmuThA.obj
 0001:00006005       ?SettingsLoadA@@YAHPB_WPAK@Z 10007005 f   ConEmuThA.obj
 0001:0000601e       ?SettingsLoadOtherA@@YAXXZ 1000701e f   ConEmuThA.obj
 0001:0000602b       ?SettingsSaveA@@YAXPB_WPAK@Z 1000702b f   ConEmuThA.obj
 0001:00006044       ?ShowMessageA@@YAHHH@Z     10007044 f   ConEmuThA.obj
 0001:00006080       ?ShowMessageA@@YAHPBDH@Z   10007080 f   ConEmuThA.obj
 0001:000060b4       ?ShowPluginMenuA@@YAHXZ    100070b4 f   ConEmuThA.obj
 0001:00006242       _ExitFAR@0                 10007242 f   ConEmuThA.obj
 0001:0000628d       _GetMinFarVersion@0        1000728d f   ConEmuThA.obj
 0001:000062ab       _GetPluginInfo@4           100072ab f   ConEmuThA.obj
 0001:0000630f       _OpenPlugin@8              1000730f f   ConEmuThA.obj
 0001:00006337       _SetStartupInfo@4          10007337 f   ConEmuThA.obj
 0001:0000649f       ??$swprintf_c@$0IA@@@YAHAAY0IA@_WPB_WZZ 1000749f f i Display.obj
 0001:000064b8       ?BisItem2CeItem@CeFullPanelInfo@@QAEHHH_KKKHH@Z 100074b8 f   Display.obj
 0001:0000653d       ?CalcTopPanelItem@CeFullPanelInfo@@QAEHHH@Z 1000753d f   Display.obj
 0001:00006611       ?Close@CeFullPanelInfo@@QAEXXZ 10007611 f   Display.obj
 0001:0000664a       ?CreateView@CeFullPanelInfo@@QAEPAUHWND__@@XZ 1000764a f   Display.obj
 0001:0000696c       ?DisplayReloadPanel@CeFullPanelInfo@@QAEXXZ 1000796c f   Display.obj
 0001:0000698f       ?DisplayThread@CeFullPanelInfo@@SGKPAX@Z 1000798f f   Display.obj
 0001:00006aa1       ?DisplayWndProc@CeFullPanelInfo@@SGJPAUHWND__@@IIJ@Z 10007aa1 f   Display.obj
 0001:00006f55       ?DrawItemText@CeFullPanelInfo@@QAEHPAUHDC__@@PAUtagRECT@@1PAUCePluginPanelItem@@PB_WPAUHBRUSH__@@H@Z 10007f55 f   Display.obj
 0001:000075a3       ?FarItem2CeItem@CeFullPanelInfo@@QAEHHPB_W0KU_FILETIME@@_KHPAXKP6GHXZ2K@Z 100085a3 f   Display.obj
 0001:0000784a       ?FinalRelease@CeFullPanelInfo@@QAEXXZ 1000884a f   Display.obj
 0001:00007923       ?GetConCoordFromIndex@CeFullPanelInfo@@QAEHHAAU_COORD@@@Z 10008923 f   Display.obj
 0001:000079b0       ?GetIndexFromWndCoord@CeFullPanelInfo@@QAEHHHAAH@Z 100089b0 f   Display.obj
 0001:00007a27       ?GetItemColors@CeFullPanelInfo@@QAEPAUHBRUSH__@@HPAUCePluginPanelItem@@PAUCePluginPanelItemColor@@HAAK2@Z 10008a27 f   Display.obj
 0001:00007a7e       ?Invalidate@CeFullPanelInfo@@QAEXXZ 10008a7e f   Display.obj
 0001:00007ac2       ?InvalidateAll@CeFullPanelInfo@@SAXXZ 10008ac2 f   Display.obj
 0001:00007aff       ?LoadItemColors@CeFullPanelInfo@@QAEXHPAUCePluginPanelItem@@PAUCePluginPanelItemColor@@HH@Z 10008aff f   Display.obj
 0001:00007d3a       ?OnSettingsChanged@CeFullPanelInfo@@QAEHH@Z 10008d3a f   Display.obj
 0001:00007dcc       ?Paint@CeFullPanelInfo@@QAEXPAUHWND__@@AAUtagPAINTSTRUCT@@AAUtagRECT@@@Z 10008dcc f   Display.obj
 0001:00008585       ?PaintItem@CeFullPanelInfo@@QAEHPAUHDC__@@HHHPAUCePluginPanelItem@@PAUCePluginPanelItemColor@@HHPAUHBRUSH__@@3K@Z 10009585 f   Display.obj
 0001:000089fb       ?ReallocItems@CeFullPanelInfo@@QAEHH@Z 100099fb f   Display.obj
 0001:00008b2e       ?RegisterPanelView@CeFullPanelInfo@@QAEHXZ 10009b2e f   Display.obj
 0001:00008dfa       ?RequestSetPos@CeFullPanelInfo@@QAEXHHH@Z 10009dfa f   Display.obj
 0001:00008eb2       ?StringCchCopyNW@@YGJPA_WIPB_WI@Z 10009eb2 f i Display.obj
 0001:00008f34       ?UnregisterPanelView@CeFullPanelInfo@@QAEH_N@Z 10009f34 f   Display.obj
 0001:00009056       ??$SafeDelete@UMSectionSimple@@@@YAXAAPAUMSectionSimple@@@Z 1000a056 f i ImgCache.obj
 0001:00009087       ??0?$CQueueProcessor@PAUIMAGE_CACHE_INFO@@@@QAE@XZ 1000a087 f i ImgCache.obj
 0001:000090eb       ??0CImgCache@@QAE@PAUHINSTANCE__@@@Z 1000a0eb f   ImgCache.obj
 0001:00009235       ??1?$CQueueProcessor@PAUIMAGE_CACHE_INFO@@@@UAE@XZ 1000a235 f i ImgCache.obj
 0001:000092be       ??1CImgCache@@QAE@XZ       1000a2be f   ImgCache.obj
 0001:0000938b       ??_G?$CQueueProcessor@PAUIMAGE_CACHE_INFO@@@@UAEPAXI@Z 1000a38b f i ImgCache.obj
 0001:0000938b       ??_E?$CQueueProcessor@PAUIMAGE_CACHE_INFO@@@@UAEPAXI@Z 1000a38b f i ImgCache.obj
 0001:000093ad       ??_GCImgLoader@@UAEPAXI@Z  1000a3ad f i ImgCache.obj
 0001:000093ad       ??_ECImgLoader@@UAEPAXI@Z  1000a3ad f i ImgCache.obj
 0001:000093cf       ?OnItemReady@?$CQueueProcessor@PAUIMAGE_CACHE_INFO@@@@MAEXAAPAUIMAGE_CACHE_INFO@@J@Z 1000a3cf f i ImgCache.obj
 0001:000093cf       ?ApplyChanges@?$CQueueProcessor@PAUIMAGE_CACHE_INFO@@@@MAEXAAPAUIMAGE_CACHE_INFO@@ABQAU2@@Z 1000a3cf f i ImgCache.obj
 0001:000093cf       ?OnItemFailed@?$CQueueProcessor@PAUIMAGE_CACHE_INFO@@@@MAEXAAPAUIMAGE_CACHE_INFO@@J@Z 1000a3cf f i ImgCache.obj
 0001:000093d2       ?CheckDrawDibCreated@CImgCache@@IAEHXZ 1000a3d2 f   ImgCache.obj
 0001:000094ed       ?CheckHighPriority@CImgLoader@@UAE_NABQAUIMAGE_CACHE_INFO@@@Z 1000a4ed f i ImgCache.obj
 0001:000094ed       ?Filter@?$MToolHelp@UtagPROCESSENTRY32W@@$1?Process32FirstW@@YGHPAXPAU1@@Z$1?Process32NextW@@YGH01@Z@@MAE_NABUtagPROCESSENTRY32W@@@Z 1000a4ed f i common-kernel32:MProcess.obj
 0001:000094ed       ?CheckHighPriority@?$CQueueProcessor@PAUIMAGE_CACHE_INFO@@@@MAE_NABQAUIMAGE_CACHE_INFO@@@Z 1000a4ed f i ImgCache.obj
 0001:000094f2       ?CheckLoadDibCreated@CImgCache@@IAEHXZ 1000a4f2 f   ImgCache.obj
 0001:0000960d       ?CheckThread@?$CQueueProcessor@PAUIMAGE_CACHE_INFO@@@@IAEJXZ 1000a60d f i ImgCache.obj
 0001:0000969e       ?CheckWaitingCount@?$CQueueProcessor@PAUIMAGE_CACHE_INFO@@@@AAEXXZ 1000a69e f i ImgCache.obj
 0001:000096e0       ?ClearQueue@?$CQueueProcessor@PAUIMAGE_CACHE_INFO@@@@AAEXXZ 1000a6e0 f i ImgCache.obj
 0001:0000973b       ?CopyBits@CImgCache@@IAEXU_COORD@@PAEK01@Z 1000a73b f   ImgCache.obj
 0001:00009796       ?CopyItem@?$CQueueProcessor@PAUIMAGE_CACHE_INFO@@@@MAEXPBQAUIMAGE_CACHE_INFO@@PAPAU2@@Z 1000a796 f i ImgCache.obj
 0001:000097b3       ?FindInCache@CImgCache@@IAEHPAUCePluginPanelItem@@PAHI@Z 1000a7b3 f   ImgCache.obj
 0001:000099bf       ?FindOrCreate@?$CQueueProcessor@PAUIMAGE_CACHE_INFO@@@@AAEPAUProcessingItem@1@ABQAUIMAGE_CACHE_INFO@@J_NW4ProcessingPriority@@@Z 1000a9bf f i ImgCache.obj
 0001:00009b2c       ?FreeItem@?$CQueueProcessor@PAUIMAGE_CACHE_INFO@@@@MAEXABQAUIMAGE_CACHE_INFO@@@Z 1000ab2c f i ImgCache.obj
 0001:00009b2f       ?FreeModules@CImgCache@@IAEXXZ 1000ab2f f   ImgCache.obj
 0001:00009b80       ?Init@CImgCache@@QAEXK@Z   1000ab80 f   ImgCache.obj
 0001:00009bc9       ?InitializeQueue@?$CQueueProcessor@PAUIMAGE_CACHE_INFO@@@@AAEXH@Z 1000abc9 f i ImgCache.obj
 0001:00009c4a       ?IsEqual@?$CQueueProcessor@PAUIMAGE_CACHE_INFO@@@@MAE_NABQAUIMAGE_CACHE_INFO@@J0J@Z 1000ac4a f i ImgCache.obj
 0001:00009c77       ?IsEqual@CImgLoader@@UAE_NABQAUIMAGE_CACHE_INFO@@J0J@Z 1000ac77 f i ImgCache.obj
 0001:00009c98       ?IsStopRequested@?$CQueueProcessor@PAUIMAGE_CACHE_INFO@@@@UAE_NABQAUIMAGE_CACHE_INFO@@@Z 1000ac98 f i ImgCache.obj
 0001:00009ca9       ?IsTerminationRequested@?$CQueueProcessor@PAUIMAGE_CACHE_INFO@@@@MAE_NXZ 1000aca9 f i ImgCache.obj
 0001:00009ca9       ?IsTerminationRequested@CImgLoader@@UAE_NXZ 1000aca9 f i ImgCache.obj
 0001:00009cad       ?LoadModules@CImgCache@@IAEXXZ 1000acad f   ImgCache.obj
 0001:00009ec7       ?LoadShellIcon@CImgCache@@QAEHPAUIMAGE_CACHE_INFO@@H@Z 1000aec7 f   ImgCache.obj
 0001:0000a1b6       ?LoadThumbnail@CImgCache@@QAEHPAUIMAGE_CACHE_INFO@@@Z 1000b1b6 f   ImgCache.obj
 0001:0000a5e5       ?OnThreadStarted@?$CQueueProcessor@PAUIMAGE_CACHE_INFO@@@@MAEJXZ 1000b5e5 f i ImgCache.obj
 0001:0000a5e8       ?OnThreadStarted@CImgLoader@@UAEJXZ 1000b5e8 f i ImgCache.obj
 0001:0000a607       ?OnThreadStopped@CImgLoader@@UAEXXZ 1000b607 f i ImgCache.obj
 0001:0000a618       ?PaintItem@CImgCache@@QAEHPAUHDC__@@HHHPAUCePluginPanelItem@@PAPB_WPAH@Z 1000b618 f   ImgCache.obj
 0001:0000aaa3       ?ProcessItem@?$CQueueProcessor@PAUIMAGE_CACHE_INFO@@@@IAEJPAUProcessingItem@1@@Z 1000baa3 f i ImgCache.obj
 0001:0000aaec       ?ProcessItem@?$CQueueProcessor@PAUIMAGE_CACHE_INFO@@@@MAEJAAPAUIMAGE_CACHE_INFO@@J@Z 1000baec f i ImgCache.obj
 0001:0000aaf4       ?ProcessItem@CImgLoader@@UAEJAAPAUIMAGE_CACHE_INFO@@J@Z 1000baf4 f i ImgCache.obj
 0001:0000ab39       ?ProcessingStep@?$CQueueProcessor@PAUIMAGE_CACHE_INFO@@@@IAE_NXZ 1000bb39 f i ImgCache.obj
 0001:0000acc5       ?ProcessingThread@?$CQueueProcessor@PAUIMAGE_CACHE_INFO@@@@KGKPAX@Z 1000bcc5 f i ImgCache.obj
 0001:0000aceb       ?RequestItem@?$CQueueProcessor@PAUIMAGE_CACHE_INFO@@@@QAEJ_NW4ProcessingPriority@@QAUIMAGE_CACHE_INFO@@J@Z 1000bceb f i ImgCache.obj
 0001:0000ad89       ?RequestItem@CImgCache@@QAEHPAUCePluginPanelItem@@I@Z 1000bd89 f   ImgCache.obj
 0001:0000ae3c       ?Reset@CImgCache@@QAEXXZ   1000be3c f   ImgCache.obj
 0001:0000af89       ?SetCacheLocation@CImgCache@@QAEXPB_W@Z 1000bf89 f   ImgCache.obj
 0001:0000afe6       ?Terminate@?$CQueueProcessor@PAUIMAGE_CACHE_INFO@@@@QAEXK@Z 1000bfe6 f i ImgCache.obj
 0001:0000b036       _GetFileVersionInfoSizeW@8 1000c036 f   version:VERSION.dll
 0001:0000b03c       _GetFileVersionInfoW@16    1000c03c f   version:VERSION.dll
 0001:0000b042       _VerQueryValueW@16         1000c042 f   version:VERSION.dll
 0001:0000b048       _CreateToolhelp32Snapshot@8 1000c048 f   kernel32:KERNEL32.dll
 0001:0000b04e       _Thread32First@8           1000c04e f   kernel32:KERNEL32.dll
 0001:0000b054       _Thread32Next@8            1000c054 f   kernel32:KERNEL32.dll
 0001:0000b05a       ??2@YAPAXI@Z               1000c05a f   common-kernel32:Memory.obj
 0001:0000b07b       ??_V@YAXPAX@Z              1000c07b f   common-kernel32:Memory.obj
 0001:0000b07b       ??3@YAXPAX@Z               1000c07b f   common-kernel32:Memory.obj
 0001:0000b080       ??_U@YAPAXI@Z              1000c080 f   common-kernel32:Memory.obj
 0001:0000b089       ?HeapDeinitialize@@YAXXZ   1000c089 f   common-kernel32:Memory.obj
 0001:0000b0df       ?HeapInitialize@@YA_NXZ    1000c0df f   common-kernel32:Memory.obj
 0001:0000b10d       ?xf_calloc@@YAPAXII@Z      1000c10d f   common-kernel32:Memory.obj
 0001:0000b138       ?xf_free@@YAXPAX@Z         1000c138 f   common-kernel32:Memory.obj
 0001:0000b178       ?xf_malloc@@YAPAXI@Z       1000c178 f   common-kernel32:Memory.obj
 0001:0000b19e       ?xf_realloc@@YAPAXPAXI@Z   1000c19e f   common-kernel32:Memory.obj
 0001:0000b1c5       ?StringCchVPrintfA@@YGJPADIPBD0@Z 1000c1c5 f i common-kernel32:MStrSafe.obj
 0001:0000b21a       ?msprintf@@YAPB_WPA_WIPB_WZZ 1000c21a f   common-kernel32:MStrSafe.obj
 0001:0000b234       ?mvsprintf@@YAPB_WPA_WIPB_WPAD@Z 1000c234 f   common-kernel32:MStrSafe.obj
 0001:0000b697       ?sprintf_c@@YAHPADHPBDZZ   1000c697 f   common-kernel32:MStrSafe.obj
 0001:0000b6ba       ?swprintf_c@@YAHPA_WHPB_WZZ 1000c6ba f   common-kernel32:MStrSafe.obj
 0001:0000b6dd       __vsnprintf_l              1000c6dd f i common-kernel32:MStrSafe.obj
 0001:0000b70f       ?CommonShutdown@@YAXXZ     1000c70f f   common-kernel32:Common.obj
 0001:0000b71e       ??0MNullDesc@@QAE@XZ       1000c71e f i common-kernel32:MSecurity.obj
 0001:0000b740       ??1MNullDesc@@QAE@XZ       1000c740 f i common-kernel32:MSecurity.obj
 0001:0000b778       ?LoadAdvApi@MNullDesc@@IAEHXZ 1000c778 f i common-kernel32:MSecurity.obj
 0001:0000b850       ?LocalSecurity@@YAPAU_SECURITY_ATTRIBUTES@@XZ 1000c850 f   common-kernel32:MSecurity.obj
 0001:0000b87c       ?LocalSecurity@MNullDesc@@QAEPAU_SECURITY_ATTRIBUTES@@XZ 1000c87c f i common-kernel32:MSecurity.obj
 0001:0000b999       ?ShutdownSecurity@@YAXXZ   1000c999 f   common-kernel32:MSecurity.obj
 0001:0000b9be       ?UnloadAdvApi@MNullDesc@@IAEXXZ 1000c9be f i common-kernel32:MSecurity.obj
 0001:0000b9d6       ?ExecuteCmd@@YAPAUCESERVER_REQ@@PB_WPAU1@KPAUHWND__@@HKH@Z 1000c9d6 f   common-kernel32:ConEmuCheck.obj
 0001:0000bbab       ?ExecuteFreeResult@@YAXAAPAUCESERVER_REQ@@@Z 1000cbab f   common-kernel32:ConEmuCheck.obj
 0001:0000bbc3       ?ExecuteGuiCmd@@YAPAUCESERVER_REQ@@PAUHWND__@@PAU1@0H@Z 1000cbc3 f   common-kernel32:ConEmuCheck.obj
 0001:0000bc44       ?ExecuteNewCmd@@YAPAUCESERVER_REQ@@KI@Z 1000cc44 f   common-kernel32:ConEmuCheck.obj
 0001:0000bc82       ?ExecuteOpenPipe@@YAPAXPB_WAAY0CAI@_W0KKHPAXH@Z 1000cc82 f   common-kernel32:ConEmuCheck.obj
 0001:0000bdbc       ?ExecutePrepareCmd@@YAXPAUCESERVER_REQ@@KI@Z 1000cdbc f   common-kernel32:ConEmuCheck.obj
 0001:0000bdf3       ?ExecutePrepareCmd@@YAXPAUCESERVER_REQ_HDR@@KI@Z 1000cdf3 f   common-kernel32:ConEmuCheck.obj
 0001:0000be5b       ?ModuleName@@YAPB_WPB_W@Z  1000ce5b f   common-kernel32:ConEmuCheck.obj
 0001:0000bef1       ??$_Emplace_reallocate@ABUtagPROCESSENTRY32W@@@?$vector@UtagPROCESSENTRY32W@@V?$MArrayAllocator@UtagPROCESSENTRY32W@@@@@std@@QAEPAUtagPROCESSENTRY32W@@QAU2@ABU2@@Z 1000cef1 f i common-kernel32:MProcess.obj
 0001:0000bfb4       ??$emplace_back@ABUtagPROCESSENTRY32W@@@?$vector@UtagPROCESSENTRY32W@@V?$MArrayAllocator@UtagPROCESSENTRY32W@@@@@std@@QAEXABUtagPROCESSENTRY32W@@@Z 1000cfb4 f i common-kernel32:MProcess.obj
 0001:0000bfe7       ??0?$MToolHelp@UtagPROCESSENTRY32W@@$1?Process32FirstW@@YGHPAXPAU1@@Z$1?Process32NextW@@YGH01@Z@@QAE@KK@Z 1000cfe7 f i common-kernel32:MProcess.obj
 0001:0000c055       ??0bad_alloc@stdext@@QAE@ABV01@@Z 1000d055 f i common-kernel32:MProcess.obj
 0001:0000c073       ??0bad_alloc@stdext@@QAE@XZ 1000d073 f i common-kernel32:MProcess.obj
 0001:0000c083       ??0exception@stdext@@QAE@ABV01@@Z 1000d083 f i common-kernel32:MProcess.obj
 0001:0000c09b       ??1?$MToolHelp@UtagPROCESSENTRY32W@@$1?Process32FirstW@@YGHPAXPAU1@@Z$1?Process32NextW@@YGH01@Z@@UAE@XZ 1000d09b f i common-kernel32:MProcess.obj
 0001:0000c0b5       ??1bad_alloc@stdext@@UAE@XZ 1000d0b5 f i common-kernel32:MProcess.obj
 0001:0000c0bc       ??_G?$MToolHelp@UtagPROCESSENTRY32W@@$1?Process32FirstW@@YGHPAXPAU1@@Z$1?Process32NextW@@YGH01@Z@@UAEPAXI@Z 1000d0bc f i common-kernel32:MProcess.obj
 0001:0000c0bc       ??_EMToolHelpProcess@@UAEPAXI@Z 1000d0bc f i common-kernel32:MProcess.obj
 0001:0000c0bc       ??_GMToolHelpProcess@@UAEPAXI@Z 1000d0bc f i common-kernel32:MProcess.obj
 0001:0000c0bc       ??_E?$MToolHelp@UtagPROCESSENTRY32W@@$1?Process32FirstW@@YGHPAXPAU1@@Z$1?Process32NextW@@YGH01@Z@@UAEPAXI@Z 1000d0bc f i common-kernel32:MProcess.obj
 0001:0000c0e1       ??_Gexception@stdext@@UAEPAXI@Z 1000d0e1 f i common-kernel32:MProcess.obj
 0001:0000c0e1       ??_Gbad_alloc@stdext@@UAEPAXI@Z 1000d0e1 f i common-kernel32:MProcess.obj
 0001:0000c0e1       ??_Ebad_alloc@stdext@@UAEPAXI@Z 1000d0e1 f i common-kernel32:MProcess.obj
 0001:0000c0e1       ??_Eexception@stdext@@UAEPAXI@Z 1000d0e1 f i common-kernel32:MProcess.obj
 0001:0000c104       ?Close@?$MToolHelp@UtagPROCESSENTRY32W@@$1?Process32FirstW@@YGHPAXPAU1@@Z$1?Process32NextW@@YGH01@Z@@QAEXXZ 1000d104 f i common-kernel32:MProcess.obj
 0001:0000c171       ?Find@?$MToolHelp@UtagPROCESSENTRY32W@@$1?Process32FirstW@@YGHPAXPAU1@@Z$1?Process32NextW@@YGH01@Z@@QAE_NABV?$function@$$A6A_NABUtagPROCESSENTRY32W@@@Z@std@@AAUtagPROCESSENTRY32W@@@Z 1000d171 f i common-kernel32:MProcess.obj
 0001:0000c20b       ?Find@MToolHelpProcess@@QAE_NKAAUtagPROCESSENTRY32W@@@Z 1000d20b f i common-kernel32:MProcess.obj
 0001:0000c254       ?Next@?$MToolHelp@UtagPROCESSENTRY32W@@$1?Process32FirstW@@YGHPAXPAU1@@Z$1?Process32NextW@@YGH01@Z@@QAE_NAAUtagPROCESSENTRY32W@@@Z 1000d254 f i common-kernel32:MProcess.obj
 0001:0000c2ac       ?Open@?$MToolHelp@UtagPROCESSENTRY32W@@$1?Process32FirstW@@YGHPAXPAU1@@Z$1?Process32NextW@@YGH01@Z@@QAE_NXZ 1000d2ac f i common-kernel32:MProcess.obj
 0001:0000c30b       ?_Calculate_growth@?$vector@UtagPROCESSENTRY32W@@V?$MArrayAllocator@UtagPROCESSENTRY32W@@@@@std@@ABEII@Z 1000d30b f i common-kernel32:MProcess.obj
 0001:0000c338       ?_Change_array@?$vector@UtagPROCESSENTRY32W@@V?$MArrayAllocator@UtagPROCESSENTRY32W@@@@@std@@AAEXQAUtagPROCESSENTRY32W@@II@Z 1000d338 f i common-kernel32:MProcess.obj
 0001:0000c36d       ?_Copy@?$_Func_impl_no_alloc@V<lambda_9e7323793ed24b1a5fadb4d27ba29021>@@_NABUtagPROCESSENTRY32W@@@std@@EBEPAV?$_Func_base@_NABUtagPROCESSENTRY32W@@@2@PAX@Z 1000d36d f i common-kernel32:MProcess.obj
 0001:0000c36d       ?_Move@?$_Func_impl_no_alloc@V<lambda_9e7323793ed24b1a5fadb4d27ba29021>@@_NABUtagPROCESSENTRY32W@@@std@@EAEPAV?$_Func_base@_NABUtagPROCESSENTRY32W@@@2@PAX@Z 1000d36d f i common-kernel32:MProcess.obj
 0001:0000c383       ?_Delete_this@?$_Func_impl_no_alloc@P6GHPAX@ZXPAX@std@@EAEX_N@Z 1000d383 f i common-kernel32:WObjects.obj
 0001:0000c383       ?_Delete_this@?$_Func_impl_no_alloc@V<lambda_9e7323793ed24b1a5fadb4d27ba29021>@@_NABUtagPROCESSENTRY32W@@@std@@EAEX_N@Z 1000d383 f i common-kernel32:MProcess.obj
 0001:0000c39a       ?_Do_call@?$_Func_impl_no_alloc@V<lambda_9e7323793ed24b1a5fadb4d27ba29021>@@_NABUtagPROCESSENTRY32W@@@std@@EAE_NABUtagPROCESSENTRY32W@@@Z 1000d39a f i common-kernel32:MProcess.obj
 0001:0000c3ad       ?_Doraise@bad_alloc@stdext@@MBEXXZ 1000d3ad f i common-kernel32:MProcess.obj
 0001:0000c3ba       ?_Get@?$_Func_impl_no_alloc@V<lambda_9e7323793ed24b1a5fadb4d27ba29021>@@_NABUtagPROCESSENTRY32W@@@std@@EBEPBXXZ 1000d3ba f i common-kernel32:MProcess.obj
 0001:0000c3ba       ?_Get@?$_Func_impl_no_alloc@P6GHPAX@ZXPAX@std@@EBEPBXXZ 1000d3ba f i common-kernel32:WObjects.obj
 0001:0000c3be       ?_Target_type@?$_Func_impl_no_alloc@V<lambda_9e7323793ed24b1a5fadb4d27ba29021>@@_NABUtagPROCESSENTRY32W@@@std@@EBEABVtype_info@@XZ 1000d3be f i common-kernel32:MProcess.obj
 0001:0000c3c4       ?_Tidy@?$_Func_class@XPAX@std@@IAEXXZ 1000d3c4 f i common-kernel32:WObjects.obj
 0001:0000c3c4       ?_Tidy@?$_Func_class@_NABUtagPROCESSENTRY32W@@@std@@IAEXXZ 1000d3c4 f i common-kernel32:MProcess.obj
 0001:0000c3e2       ?_Tidy@?$vector@UtagPROCESSENTRY32W@@V?$MArrayAllocator@UtagPROCESSENTRY32W@@@@@std@@AAEXXZ 1000d3e2 f i common-kernel32:MProcess.obj
 0001:0000c3fe       ?_Xlength@?$vector@UtagPROCESSENTRY32W@@V?$MArrayAllocator@UtagPROCESSENTRY32W@@@@@std@@CAXXZ 1000d3fe f i common-kernel32:MProcess.obj
 0001:0000c409       ?allocate@?$MArrayAllocator@UtagPROCESSENTRY32W@@@@QAEPAUtagPROCESSENTRY32W@@I@Z 1000d409 f i common-kernel32:MProcess.obj
 0001:0000c43b       ?getNext@?$MToolHelp@UtagPROCESSENTRY32W@@$1?Process32FirstW@@YGHPAXPAU1@@Z$1?Process32NextW@@YGH01@Z@@IAE_NXZ 1000d43b f i common-kernel32:MProcess.obj
 0001:0000c4bc       ?isTerminalMode@@YA_NXZ    1000d4bc f   common-kernel32:MProcess.obj
 0001:0000c5af       ?push_back@?$MArray@UtagPROCESSENTRY32W@@@@QAEHABUtagPROCESSENTRY32W@@@Z 1000d5af f i common-kernel32:MProcess.obj
 0001:0000c5d1       ?swap@?$vector@UtagPROCESSENTRY32W@@V?$MArrayAllocator@UtagPROCESSENTRY32W@@@@@std@@QAEXAAV12@@Z 1000d5d1 f i common-kernel32:MProcess.obj
 0001:0000c605       ?what@exception@stdext@@UBEPBDXZ 1000d605 f i common-kernel32:MProcess.obj
 0001:0000c613       ?Init@HkFunc@@QAE_NPB_WPAUHINSTANCE__@@@Z 1000d613 f   common-kernel32:HkFunc.obj
 0001:0000c671       ??0MSection@@QAE@XZ        1000d671 f   common-kernel32:MSection.obj
 0001:0000c6d0       ??0MSectionLock@@QAE@XZ    1000d6d0 f   common-kernel32:MSection.obj
 0001:0000c6dd       ??1MSection@@QAE@XZ        1000d6dd f   common-kernel32:MSection.obj
 0001:0000c737       ??1MSectionLock@@QAE@XZ    1000d737 f   common-kernel32:MSection.obj
 0001:0000c750       ?AddRef@MSection@@IAEXK@Z  1000d750 f   common-kernel32:MSection.obj
 0001:0000c7b9       ?Lock@MSection@@IAEHHK@Z   1000d7b9 f   common-kernel32:MSection.obj
 0001:0000c87f       ?Lock@MSectionLock@@QAEHPAVMSection@@HK@Z 1000d87f f   common-kernel32:MSection.obj
 0001:0000c8ca       ?MyEnterCriticalSection@MSection@@IAE_NK@Z 1000d8ca f   common-kernel32:MSection.obj
 0001:0000c9b2       ?ReleaseRef@MSection@@IAEHK@Z 1000d9b2 f   common-kernel32:MSection.obj
 0001:0000ca1f       ?Unlock@MSection@@IAEXH@Z  1000da1f f   common-kernel32:MSection.obj
 0001:0000ca5d       ?Unlock@MSectionLock@@QAEXXZ 1000da5d f   common-kernel32:MSection.obj
 0001:0000ca7a       ?WaitUnlocked@MSection@@IAEXKK@Z 1000da7a f   common-kernel32:MSection.obj
 0001:0000cad5       ??$sprintf_c@$0CI@@@YAHAAY0CI@DPBDZZ 1000dad5 f i common-kernel32:WThreads.obj
 0001:0000caeb       ?SetThreadName@@YAXKPAD@Z  1000daeb f   common-kernel32:WThreads.obj
 0001:0000cb44       ?apiCreateThread@@YAPAXP6GKPAX@Z0PAKPBDH@Z 1000db44 f   common-kernel32:WThreads.obj
 0001:0000cc3c       ?apiTerminateThreadEx@@YAHPAXKPBDH@Z 1000dc3c f   common-kernel32:WThreads.obj
 0001:0000cd10       ?apiThreadHelper@@YGKPAX@Z 1000dd10 f   common-kernel32:WThreads.obj
 0001:0000ce9c       ??$?0P6GHPAX@ZX@?$function@$$A6AXPAX@Z@std@@QAE@P6GHPAX@Z@Z 1000de9c f i common-kernel32:WObjects.obj
 0001:0000cebc       ??$GetProcAddress@$$A6GHPAU_OSVERSIONINFOEXW@@K_K@Z@MModule@@QBE_NQBDAAP6GHPAU_OSVERSIONINFOEXW@@K_K@Z@Z 1000debc f i common-kernel32:WObjects.obj
 0001:0000cef9       ??0?$MHandleBase@PAX@@QAE@PAXV?$function@$$A6AXPAX@Z@std@@@Z 1000def9 f i common-kernel32:WObjects.obj
 0001:0000cf23       ??0MHandle@@QAE@PAXV?$function@$$A6AXPAX@Z@std@@@Z 1000df23 f i common-kernel32:WObjects.obj
 0001:0000cf54       ??0MWow64Disable@@QAE@XZ   1000df54 f i common-kernel32:WObjects.obj
 0001:0000cf99       ??R?$_Func_class@XPAX@std@@QBEXPAX@Z 1000df99 f i common-kernel32:WObjects.obj
 0001:0000cfb6       ?Close@?$MHandleBase@PAX@@QAEXXZ 1000dfb6 f i common-kernel32:WObjects.obj
 0001:0000cfe3       ?Disable@MWow64Disable@@QAEXXZ 1000dfe3 f i common-kernel32:WObjects.obj
 0001:0000cffd       ?FileExists@@YA_NPB_WPA_K@Z 1000dffd f   common-kernel32:WObjects.obj
 0001:0000d1e5       ?IsWin7@@YA_NXZ            1000e1e5 f   common-kernel32:WObjects.obj
 0001:0000d213       ?IsWinVerOrHigher@@YA_NG@Z 1000e213 f   common-kernel32:WObjects.obj
 0001:0000d290       ?IsWindows64@@YA_NXZ       1000e290 f   common-kernel32:WObjects.obj
 0001:0000d300       ?MakeOsVersionEx@@YA?AU_OSVERSIONINFOEXW@@KK@Z 1000e300 f   common-kernel32:WObjects.obj
 0001:0000d331       ?Restore@MWow64Disable@@QAEXXZ 1000e331 f i common-kernel32:WObjects.obj
 0001:0000d348       ?SetHandle@?$MHandleBase@PAX@@QAE_NPAXV?$function@$$A6AXPAX@Z@std@@@Z 1000e348 f i common-kernel32:WObjects.obj
 0001:0000d39c       ?_Move@?$_Func_impl_no_alloc@P6GHPAX@ZXPAX@std@@EAEPAV?$_Func_base@XPAX@2@PAX@Z 1000e39c f i common-kernel32:WObjects.obj
 0001:0000d39c       ?_Copy@?$_Func_impl_no_alloc@P6GHPAX@ZXPAX@std@@EBEPAV?$_Func_base@XPAX@2@PAX@Z 1000e39c f i common-kernel32:WObjects.obj
 0001:0000d3b2       ?_Do_call@?$_Func_impl_no_alloc@P6GHPAX@ZXPAX@std@@EAEX$$QAPAX@Z 1000e3b2 f i common-kernel32:WObjects.obj
 0001:0000d3c1       ?_Reset_move@?$_Func_class@XPAX@std@@IAEX$$QAV12@@Z 1000e3c1 f i common-kernel32:WObjects.obj
 0001:0000d3f5       ?_Target_type@?$_Func_impl_no_alloc@P6GHPAX@ZXPAX@std@@EBEABVtype_info@@XZ 1000e3f5 f i common-kernel32:WObjects.obj
 0001:0000d3fb       ?_VerifyVersionInfo@@YA_NPAU_OSVERSIONINFOEXW@@K_K@Z 1000e3fb f   common-kernel32:WObjects.obj
 0001:0000d475       ??0CEStr@@QAE@$$QAU0@@Z    1000e475 f   common-kernel32:CEStr.obj
 0001:0000d49e       ??0CEStr@@QAE@PB_W00000000@Z 1000e49e f   common-kernel32:CEStr.obj
 0001:0000d59f       ??0CEStr@@QAE@XZ           1000e59f f   common-kernel32:CEStr.obj
 0001:0000d5a9       ??1CEStr@@QAE@XZ           1000e5a9 f   common-kernel32:CEStr.obj
 0001:0000d5ae       ??4CEStr@@QAEAAU0@$$QAU0@@Z 1000e5ae f   common-kernel32:CEStr.obj
 0001:0000d5e3       ??4CEStr@@QAEAAU0@PB_W@Z   1000e5e3 f   common-kernel32:CEStr.obj
 0001:0000d5ff       ?data@CEStr@@QBEPA_WXZ     1000e5ff f   common-kernel32:CEStr.obj
 0001:0000d5ff       ??BCEStr@@QBEPB_WXZ        1000e5ff f   common-kernel32:CEStr.obj
 0001:0000d602       ??BCEStr@@QBE_NXZ          1000e602 f   common-kernel32:CEStr.obj
 0001:0000d60a       ?Clear@CEStr@@QAEXXZ       1000e60a f   common-kernel32:CEStr.obj
 0001:0000d618       ?Compare@CEStr@@QBEHPB_W_N@Z 1000e618 f   common-kernel32:CEStr.obj
 0001:0000d653       ?Detach@CEStr@@QAEPA_WXZ   1000e653 f   common-kernel32:CEStr.obj
 0001:0000d65d       ?GetBuffer@CEStr@@QAEPA_WH@Z 1000e65d f   common-kernel32:CEStr.obj
 0001:0000d6f3       ?GetLen@CEStr@@QBEHXZ      1000e6f3 f   common-kernel32:CEStr.obj
 0001:0000d71d       ?GetMaxCount@CEStr@@QAEHXZ 1000e71d f   common-kernel32:CEStr.obj
 0001:0000d739       ?IsEmpty@CEStr@@QBE_NXZ    1000e739 f   common-kernel32:CEStr.obj
 0001:0000d749       ?Release@CEStr@@QAEXXZ     1000e749 f   common-kernel32:CEStr.obj
 0001:0000d75e       ?Set@CEStr@@QAEPB_WPB_WH@Z 1000e75e f   common-kernel32:CEStr.obj
 0001:0000d823       ?SetAt@CEStr@@QAE_WH_W@Z   1000e823 f   common-kernel32:CEStr.obj
 0001:0000d859       ?PointToExt@@YAPB_WPB_W@Z  1000e859 f   common-kernel32:CmdLine.obj
 0001:0000d877       ?PointToName@@YAPB_WPB_W@Z 1000e877 f   common-kernel32:CmdLine.obj
 0001:0000d8b9       ?Unquote@@YAPB_WPA_W_N@Z   1000e8b9 f   common-kernel32:CmdLine.obj
 0001:0000d904       ?lstrdup@@YA?AUCEStr@@PB_WI@Z 1000e904 f   common-kernel32:MStrDup.obj
 0001:0000d956       ??0MSectionLockSimple@@QAE@XZ 1000e956 f   common-kernel32:MSectionSimple.obj
 0001:0000d960       ??0MSectionSimple@@QAE@_N@Z 1000e960 f   common-kernel32:MSectionSimple.obj
 0001:0000d98a       ??1MSectionLockSimple@@QAE@XZ 1000e98a f   common-kernel32:MSectionSimple.obj
 0001:0000d995       ??1MSectionSimple@@QAE@XZ  1000e995 f   common-kernel32:MSectionSimple.obj
 0001:0000d99a       ?Close@MSectionSimple@@QAEXXZ 1000e99a f   common-kernel32:MSectionSimple.obj
 0001:0000d9b0       ?Enter@MSectionSimple@@QAEXXZ 1000e9b0 f   common-kernel32:MSectionSimple.obj
 0001:0000d9b8       ?Init@MSectionSimple@@QAEXXZ 1000e9b8 f   common-kernel32:MSectionSimple.obj
 0001:0000d9ce       ?Leave@MSectionSimple@@QAEXXZ 1000e9ce f   common-kernel32:MSectionSimple.obj
 0001:0000d9d6       ?Lock@MSectionLockSimple@@QAEHPAUMSectionSimple@@K@Z 1000e9d6 f   common-kernel32:MSectionSimple.obj
 0001:0000da3c       ?RecreateAndLock@MSectionSimple@@QAE_NXZ 1000ea3c f   common-kernel32:MSectionSimple.obj
 0001:0000da83       ?TryEnter@MSectionSimple@@QAE_NXZ 1000ea83 f   common-kernel32:MSectionSimple.obj
 0001:0000daa2       ?Unlock@MSectionLockSimple@@QAEXXZ 1000eaa2 f   common-kernel32:MSectionSimple.obj
 0001:0000dccb       ?Clear@CEnvRestorer@@QAEXXZ 1000eccb f   common-kernel32:EnvVar.obj
 0001:0000dce2       ?ExpandEnvStr@@YA?AUCEStr@@PB_W@Z 1000ece2 f   common-kernel32:EnvVar.obj
 0001:0000dd03       ?GetEnvVar@@YA?AUCEStr@@PB_W@Z 1000ed03 f   common-kernel32:EnvVar.obj
 0001:0000dd1f       ?SavePathVar@CEnvRestorer@@QAEXPB_W@Z 1000ed1f f   common-kernel32:EnvVar.obj
 0001:0000dd4b       ??0MModule@@QAE@PAUHINSTANCE__@@@Z 1000ed4b f   common-kernel32:MModule.obj
 0001:0000dd61       ??1MModule@@QAE@XZ         1000ed61 f   common-kernel32:MModule.obj
 0001:0000dd66       ?Free@MModule@@QAEXXZ      1000ed66 f   common-kernel32:MModule.obj
 0001:0000dd91       ??0CRgnDetect@@QAE@XZ      1000ed91 f   common-user32:RgnDetect.obj
 0001:0000de52       ??1CRgnDetect@@QAE@XZ      1000ee52 f   common-user32:RgnDetect.obj
 0001:0000decd       ?DetectDialog@CRgnDetect@@IAE_NPA_WPAUtag_CharAttr@@HHHHPAH2@Z 1000eecd f   common-user32:RgnDetect.obj
 0001:0000e130       ?ExpandDialogFrame@CRgnDetect@@IAE_NPA_WPAUtag_CharAttr@@HHAAH2HH22@Z 1000f130 f   common-user32:RgnDetect.obj
 0001:0000e432       ?FindByBackground@CRgnDetect@@IAE_NPA_WPAUtag_CharAttr@@HHAAH222AA_N@Z 1000f432 f   common-user32:RgnDetect.obj
 0001:0000e537       ?FindDialog_Any@CRgnDetect@@IAE_NPA_WPAUtag_CharAttr@@HHAAH222AA_N@Z 1000f537 f   common-user32:RgnDetect.obj
 0001:0000e742       ?FindDialog_Inner@CRgnDetect@@IAE_NPA_WPAUtag_CharAttr@@HHAAH2@Z 1000f742 f   common-user32:RgnDetect.obj
 0001:0000e880       ?FindDialog_Left@CRgnDetect@@IAE_NPA_WPAUtag_CharAttr@@HHAAH222AA_N@Z 1000f880 f   common-user32:RgnDetect.obj
 0001:0000e9e4       ?FindDialog_Right@CRgnDetect@@IAE_NPA_WPAUtag_CharAttr@@HHAAH222AA_N@Z 1000f9e4 f   common-user32:RgnDetect.obj
 0001:0000eaa8       ?FindDialog_TopLeft@CRgnDetect@@IAE_NPA_WPAUtag_CharAttr@@HHAAH222AA_N@Z 1000faa8 f   common-user32:RgnDetect.obj
 0001:0000eb2f       ?FindDialog_TopRight@CRgnDetect@@IAE_NPA_WPAUtag_CharAttr@@HHAAH222AA_N@Z 1000fb2f f   common-user32:RgnDetect.obj
 0001:0000ebc2       ?FindFrameBottom_ByLeft@CRgnDetect@@IAE_NPA_WPAUtag_CharAttr@@HHAAH22@Z 1000fbc2 f   common-user32:RgnDetect.obj
 0001:0000ec62       ?FindFrameBottom_ByRight@CRgnDetect@@IAE_NPA_WPAUtag_CharAttr@@HHABH2AAH@Z 1000fc62 f   common-user32:RgnDetect.obj
 0001:0000ed42       ?FindFrameLeft_ByBottom@CRgnDetect@@IAE_NPA_WPAUtag_CharAttr@@HHAAH22@Z 1000fd42 f   common-user32:RgnDetect.obj
 0001:0000edf9       ?FindFrameLeft_ByTop@CRgnDetect@@IAE_NPA_WPAUtag_CharAttr@@HHAAH22@Z 1000fdf9 f   common-user32:RgnDetect.obj
 0001:0000ef4b       ?FindFrameRight_ByBottom@CRgnDetect@@IAE_NPA_WPAUtag_CharAttr@@HHAAH22@Z 1000ff4b f   common-user32:RgnDetect.obj
 0001:0000f005       ?FindFrameRight_ByTop@CRgnDetect@@IAE_NPA_WPAUtag_CharAttr@@HHAAH22@Z 10010005 f   common-user32:RgnDetect.obj
 0001:0000f142       ?FindFrameTop_ByLeft@CRgnDetect@@IAE_NPA_WPAUtag_CharAttr@@HHAAH22@Z 10010142 f   common-user32:RgnDetect.obj
 0001:0000f1c3       ?FindFrameTop_ByRight@CRgnDetect@@IAE_NPA_WPAUtag_CharAttr@@HHAAH22@Z 100101c3 f   common-user32:RgnDetect.obj
 0001:0000f271       ?FindFrame_TopLeft@CRgnDetect@@IAE_NPA_WPAUtag_CharAttr@@HHAAH222@Z 10010271 f   common-user32:RgnDetect.obj
 0001:0000f330       ?GetCharAttr@CRgnDetect@@QAEHHHAA_WAAUtag_CharAttr@@@Z 10010330 f   common-user32:RgnDetect.obj
 0001:0000f3a2       ?GetDetectedDialogsPtr@CRgnDetect@@QBEPBUtag_DetectedDialog@@XZ 100103a2 f   common-user32:RgnDetect.obj
 0001:0000f3a6       ?GetFlags@CRgnDetect@@QBEKXZ 100103a6 f   common-user32:RgnDetect.obj
 0001:0000f3ad       ?InitializeSBI@CRgnDetect@@QAEHABV?$array@K$0BA@@std@@@Z 100103ad f   common-user32:RgnDetect.obj
 0001:0000f727       ?MarkDialog@CRgnDetect@@IAEHPA_WPAUtag_CharAttr@@HHHHHHI_NK@Z 10010727 f   common-user32:RgnDetect.obj
 0001:0000fef3       ?OnWindowSizeChanged@CRgnDetect@@QAEXXZ 10010ef3 f   common-user32:RgnDetect.obj
 0001:0000fefb       ?OnWriteConsoleOutput@CRgnDetect@@QAEXPBU_CHAR_INFO@@U_COORD@@1PAU_SMALL_RECT@@ABV?$array@K$0BA@@std@@@Z 10010efb f   common-user32:RgnDetect.obj
 0001:00010178       ?PrepareTransparent@CRgnDetect@@QAEXPBUCEFAR_INFO_MAPPING@@ABV?$array@K$0BA@@std@@PBU_CONSOLE_SCREEN_BUFFER_INFO@@PA_WPAUtag_CharAttr@@HH_N@Z 10011178 f   common-user32:RgnDetect.obj
 0001:0001082c       ?PrepareTransparent@CRgnDetect@@QAEXPBUCEFAR_INFO_MAPPING@@ABV?$array@K$0BA@@std@@_N@Z 1001182c f   common-user32:RgnDetect.obj
 0001:000108d8       ?SetFarRect@CRgnDetect@@QAEXPAU_SMALL_RECT@@@Z 100118d8 f   common-user32:RgnDetect.obj
 0001:00010966       ?TextHeight@CRgnDetect@@QAEHXZ 10011966 f   common-user32:RgnDetect.obj
 0001:0001098e       ?TextWidth@CRgnDetect@@QAEHXZ 1001198e f   common-user32:RgnDetect.obj
 0001:000109b6       _wmemcmp                   100119b6 f i common-user32:RgnDetect.obj
 0001:000109ec       ?SearchAppPaths@@YA_NPB_WAAUCEStr@@_NPAVCEnvRestorer@@@Z 100119ec f   common-user32:WFiles.obj
 0001:00010de6       ?apiShowWindow@@YA_NPAUHWND__@@H@Z 10011de6 f   common-user32:WUser.obj
 0001:00010dfc       ?RegGetStringValue@@YAHPAUHKEY__@@PB_W1AAUCEStr@@K@Z 10011dfc f   common-user32:WRegistry.obj
 0001:00010f56       ??0bad_function_call@std@@QAE@ABV01@@Z 10011f56 f i libcpmt:xthrow.obj
 0001:00010f71       ??0bad_function_call@std@@QAE@XZ 10011f71 f i libcpmt:xthrow.obj
 0001:00010f82       ??0exception@std@@QAE@ABV01@@Z 10011f82 f i libcpmt:xthrow.obj
 0001:00010fae       ??0exception@std@@QAE@QBD@Z 10011fae f i libcpmt:xthrow.obj
 0001:00010fe3       ??0length_error@std@@QAE@ABV01@@Z 10011fe3 f i libcpmt:xthrow.obj
 0001:00010ffe       ??0length_error@std@@QAE@PBD@Z 10011ffe f i libcpmt:xthrow.obj
 0001:0001101d       ??0logic_error@std@@QAE@ABV01@@Z 1001201d f i libcpmt:xthrow.obj
 0001:00011038       ??1bad_function_call@std@@UAE@XZ 10012038 f i libcpmt:xthrow.obj
 0001:00011038       ??1bad_exception@std@@UAE@XZ 10012038 f i libvcruntime:frame.obj
 0001:00011038       ??1length_error@std@@UAE@XZ 10012038 f i libcpmt:xthrow.obj
 0001:00011049       ??_Elength_error@std@@UAEPAXI@Z 10012049 f i libcpmt:xthrow.obj
 0001:00011049       ??_Ebad_exception@std@@UAEPAXI@Z 10012049 f i libvcruntime:frame.obj
 0001:00011049       ??_Gbad_exception@std@@UAEPAXI@Z 10012049 f i libvcruntime:frame.obj
 0001:00011049       ??_Gexception@std@@UAEPAXI@Z 10012049 f i libcpmt:xthrow.obj
 0001:00011049       ??_Glogic_error@std@@UAEPAXI@Z 10012049 f i libcpmt:xthrow.obj
 0001:00011049       ??_Elogic_error@std@@UAEPAXI@Z 10012049 f i libcpmt:xthrow.obj
 0001:00011049       ??_Ebad_function_call@std@@UAEPAXI@Z 10012049 f i libcpmt:xthrow.obj
 0001:00011049       ??_Gbad_function_call@std@@UAEPAXI@Z 10012049 f i libcpmt:xthrow.obj
 0001:00011049       ??_Eexception@std@@UAEPAXI@Z 10012049 f i libcpmt:xthrow.obj
 0001:00011049       ??_Glength_error@std@@UAEPAXI@Z 10012049 f i libcpmt:xthrow.obj
 0001:00011076       ?_Xbad_function_call@std@@YAXXZ 10012076 f   libcpmt:xthrow.obj
 0001:00011093       ?_Xlength_error@std@@YAXPBD@Z 10012093 f   libcpmt:xthrow.obj
 0001:000110b3       ?what@bad_function_call@std@@UBEPBDXZ 100120b3 f i libcpmt:xthrow.obj
 0001:000110b9       ?what@exception@std@@UBEPBDXZ 100120b9 f i libcpmt:xthrow.obj
 0001:000110c6       ??3@YAXPAXI@Z              100120c6 f   LIBCMT:delete_scalar_size.obj
 0001:000110d4       @__security_check_cookie@4 100120d4 f   LIBCMT:secchk.obj
 0001:000110e5       __EH_epilog3               100120e5 f   LIBCMT:ehprolg3.obj
 0001:000110fa       __EH_epilog3_GS            100120fa f   LIBCMT:ehprolg3.obj
 0001:0001110b       __EH_prolog3               1001210b f   LIBCMT:ehprolg3.obj
 0001:0001113f       __EH_prolog3_GS            1001213f f   LIBCMT:ehprolg3.obj
 0001:00011176       __EH_prolog3_catch         10012176 f   LIBCMT:ehprolg3.obj
 0001:000111b0       __SEH_prolog4              100121b0 f   LIBCMT:sehprolg4.obj
 0001:000111f6       __SEH_epilog4              100121f6 f   LIBCMT:sehprolg4.obj
 0001:00011210       __alldiv                   10012210 f   LIBCMT:lldiv.obj
 0001:000112ba       ??_Gtype_info@@UAEPAXI@Z   100122ba f i LIBCMT:std_type_info_static.obj
 0001:000112ba       ??_Etype_info@@UAEPAXI@Z   100122ba f i LIBCMT:std_type_info_static.obj
 0001:000115fd       __DllMainCRTStartup@12     100125fd f   LIBCMT:dll_dllmain.obj
 0001:00011620       __chkstk                   10012620 f   LIBCMT:chkstk.obj
 0001:00011620       __alloca_probe             10012620 f   LIBCMT:chkstk.obj
 0001:0001164d       ___raise_securityfailure   1001264d f   LIBCMT:gs_report.obj
 0001:00011675       ___report_gsfailure        10012675 f   LIBCMT:gs_report.obj
 0001:000117bb       ___security_init_cookie    100127bb f   LIBCMT:gs_support.obj
 0001:00011806       ?__scrt_initialize_type_info@@YAXXZ 10012806 f   LIBCMT:tncleanup.obj
 0001:00011812       ?__scrt_uninitialize_type_info@@YAXXZ 10012812 f   LIBCMT:tncleanup.obj
 0001:0001181e       ___local_stdio_scanf_options 1001281e f i LIBCMT:default_local_stdio_options.obj
 0001:00011824       ___scrt_initialize_default_local_stdio_options 10012824 f   LIBCMT:default_local_stdio_options.obj
 0001:00011885       ___scrt_acquire_startup_lock 10012885 f   LIBCMT:utility.obj
 0001:000118b7       ___scrt_dllmain_after_initialize_c 100128b7 f   LIBCMT:utility.obj
 0001:000118e2       ___scrt_dllmain_before_initialize_c 100128e2 f   LIBCMT:utility.obj
 0001:000118f0       ___scrt_dllmain_crt_thread_attach 100128f0 f   LIBCMT:utility.obj
 0001:0001190f       ___scrt_dllmain_crt_thread_detach 1001290f f   LIBCMT:utility.obj
 0001:0001191c       ___scrt_dllmain_exception_filter 1001291c f   LIBCMT:utility.obj
 0001:00011950       ___scrt_dllmain_uninitialize_c 10012950 f   LIBCMT:utility.obj
 0001:00011973       ___scrt_dllmain_uninitialize_critical 10012973 f   LIBCMT:utility.obj
 0001:00011980       ___scrt_initialize_crt     10012980 f   LIBCMT:utility.obj
 0001:000119b9       ___scrt_initialize_onexit_tables 100129b9 f   LIBCMT:utility.obj
 0001:00011a5e       ___scrt_is_nonwritable_in_current_image 10012a5e f   LIBCMT:utility.obj
 0001:00011af2       ___scrt_release_startup_lock 10012af2 f   LIBCMT:utility.obj
 0001:00011b0f       ___scrt_uninitialize_crt   10012b0f f   LIBCMT:utility.obj
 0001:00011b37       ___scrt_get_dyn_tls_init_callback 10012b37 f   LIBCMT:dyn_tls_init.obj
 0001:00011b3d       ___scrt_fastfail           10012b3d f   LIBCMT:utility_desktop.obj
 0001:00011c57       __crt_debugger_hook        10012c57 f   LIBCMT:utility_desktop.obj
 0001:00011c5f       __RTC_Initialize           10012c5f f   LIBCMT:initsect.obj
 0001:00011c8b       __RTC_Terminate            10012c8b f   LIBCMT:initsect.obj
 0001:00011cb7       ___isa_available_init      10012cb7 f   LIBCMT:cpu_disp.obj
 0001:00011e4e       __get_startup_argv_mode    10012e4e f   LIBCMT:argv_mode.obj
 0001:00011e52       ___scrt_is_ucrt_dll_in_use 10012e52 f   LIBCMT:ucrt_detection.obj
 0001:00011e5e       _wcsrchr                   10012e5e f   libvcruntime:wcsrchr.obj
 0001:00011f00       ?GetRangeOfTrysToCheck@__FrameHandler3@@SA?AU?$pair@Viterator@TryBlockMap@__FrameHandler3@@V123@@std@@AAVTryBlockMap@1@HH@Z 10012f00 f   libvcruntime:trnsctrl.obj
 0001:00011f82       ?_CallCatchBlock2@@YAPAXPAUEHRegistrationNode@@PBU_s_FuncInfo@@PAXHK@Z 10012f82 f   libvcruntime:trnsctrl.obj
 0001:00011fe0       ?_CallSETranslator@@YAHPAUEHExceptionRecord@@PAUEHRegistrationNode@@PAX2PBU_s_FuncInfo@@H1@Z 10012fe0 f   libvcruntime:trnsctrl.obj
 0001:000120bb       ?_JumpToContinuation@@YGXPAXPAUEHRegistrationNode@@@Z 100130bb f   libvcruntime:trnsctrl.obj
 0001:000120eb       ?_UnwindNestedFrames@@YGXPAUEHRegistrationNode@@PAUEHExceptionRecord@@@Z 100130eb f   libvcruntime:trnsctrl.obj
 0001:0001213e       __CatchGuardHandler        1001313e f   libvcruntime:trnsctrl.obj
 0001:0001216f       __CreateFrameInfo          1001316f f   libvcruntime:trnsctrl.obj
 0001:00012193       __FindAndUnlinkFrame       10013193 f   libvcruntime:trnsctrl.obj
 0001:000121d8       __TranslatorGuardHandler   100131d8 f   libvcruntime:trnsctrl.obj
 0001:00012275       ___CxxFrameHandler3        10013275 f   libvcruntime:trnsctrl.obj
 0001:000122f0       __except_handler4          100132f0 f   libvcruntime:chandler4.obj
 0001:00012447       _memcmp                    10013447 f   libvcruntime:memcmp.obj
 0001:000133f0       _memmove                   100143f0 f   libvcruntime:memmove.obj
 0001:00013970       _memset                    10014970 f   libvcruntime:memset.obj
 0001:00013aca       _wcschr                    10014aca f   libvcruntime:wcschr.obj
 0001:00013b91       __CxxThrowException@8      10014b91 f   libvcruntime:throw.obj
 0001:00013c00       _strchr                    10014c00 f   libvcruntime:strchr.obj
 0001:00013c6e       ___from_strstr_to_strchr   10014c6e     libvcruntime:strchr.obj
 0001:00013d30       _strrchr                   10014d30 f   libvcruntime:strrchr.obj
 0001:00013e70       _memchr                    10014e70 f   libvcruntime:memchr.obj
 0001:00013f1d       ___std_exception_copy      10014f1d f   libvcruntime:std_exception.obj
 0001:00013f80       ___std_exception_destroy   10014f80 f   libvcruntime:std_exception.obj
 0001:00013f9f       ___std_type_info_compare   10014f9f f   libvcruntime:std_type_info.obj
 0001:00013fdb       ___std_type_info_destroy_list 10014fdb f   libvcruntime:std_type_info.obj
 0001:00013ffe       ___vcrt_initialize         10014ffe f   libvcruntime:initialization.obj
 0001:00014027       ___vcrt_thread_attach      10015027 f   libvcruntime:initialization.obj
 0001:00014032       ___vcrt_thread_detach      10015032 f   libvcruntime:initialization.obj
 0001:0001403d       ___vcrt_uninitialize       1001503d f   libvcruntime:initialization.obj
 0001:0001405c       ___vcrt_uninitialize_critical 1001505c f   libvcruntime:initialization.obj
 0001:00014064       ___vcrt_freefls@4          10015064 f   libvcruntime:per_thread_data.obj
 0001:00014080       ___vcrt_freeptd            10015080 f   libvcruntime:per_thread_data.obj
 0001:000140b6       ___vcrt_getptd             100150b6 f   libvcruntime:per_thread_data.obj
 0001:000140c4       ___vcrt_getptd_noexit      100150c4 f   libvcruntime:per_thread_data.obj
 0001:00014156       ___vcrt_initialize_ptd     10015156 f   libvcruntime:per_thread_data.obj
 0001:00014189       ___vcrt_uninitialize_ptd   10015189 f   libvcruntime:per_thread_data.obj
 0001:0001489b       ??$TypeMatchHelper@$$CBU_s_HandlerType@@@@YAHPBU_s_HandlerType@@PBU_s_CatchableType@@PBU_s_ThrowInfo@@@Z 1001589b f i libvcruntime:frame.obj
 0001:00014929       ??$__InternalCxxFrameHandler@V__FrameHandler3@@@@YA?AW4_EXCEPTION_DISPOSITION@@PAUEHExceptionRecord@@PAUEHRegistrationNode@@PAU_CONTEXT@@PAXPBU_s_FuncInfo@@H1E@Z 10015929 f i libvcruntime:frame.obj
 0001:00014a2b       ??0bad_exception@std@@QAE@ABV01@@Z 10015a2b f i libvcruntime:frame.obj
 0001:00014a46       ??0bad_exception@std@@QAE@XZ 10015a46 f i libvcruntime:frame.obj
 0001:00014a5e       ??8type_info@@QBE_NABV0@@Z 10015a5e f i libvcruntime:frame.obj
 0001:00014cc5       ?FrameUnwindToEmptyState@__FrameHandler3@@SAXPAUEHRegistrationNode@@PAXPBU_s_FuncInfo@@@Z 10015cc5 f   libvcruntime:frame.obj
 0001:00014cdd       ?FrameUnwindToState@__FrameHandler3@@SAXPAUEHRegistrationNode@@PAXPBU_s_FuncInfo@@H@Z 10015cdd f   libvcruntime:frame.obj
 0001:00014e5f       ?_CallMemberFunction1@@YGXQAX00@Z 10015e5f f i libvcruntime:frame.obj
 0001:00014e6f       ?_CallMemberFunction2@@YGXQAX00H@Z 10015e6f f i libvcruntime:frame.obj
 0001:00014e82       ?getESTypes@__FrameHandler3@@SAPBU_s_ESTypeList@@PBU_s_FuncInfo@@@Z 10015e82 f i libvcruntime:frame.obj
 0001:00014e90       __CallSettingFrame@12      10015e90 f   libvcruntime:lowhelpr.obj
 0001:00014eb7       __NLG_Return               10015eb7     libvcruntime:lowhelpr.obj
 0001:00014edc       ___except_validate_context_record 10015edc f   libvcruntime:jbcxrval.obj
 0001:00014f0c       ___except_validate_jump_buffer 10015f0c f   libvcruntime:jbcxrval.obj
 0001:00014f40       __local_unwind4            10015f40 f   libvcruntime:exsup4.obj
 0001:00015018       __seh_longjmp_unwind4@4    10016018 f   libvcruntime:exsup4.obj
 0001:00015040       @_EH4_CallFilterFunc@8     10016040 f   libvcruntime:exsup4.obj
 0001:00015058       @_EH4_TransferToHandler@8  10016058 f   libvcruntime:exsup4.obj
 0001:00015074       @_EH4_GlobalUnwind2@8      10016074 f   libvcruntime:exsup4.obj
 0001:00015090       @_EH4_LocalUnwind@16       10016090 f   libvcruntime:exsup4.obj
 0001:000150a7       ___vcrt_initialize_locks   100160a7 f   libvcruntime:locks.obj
 0001:000150e3       ___vcrt_uninitialize_locks 100160e3 f   libvcruntime:locks.obj
 0001:00015112       ??$__crt_fast_encode_pointer@PAX@@YAPAXQAX@Z 10016112 f i libvcruntime:winapi_downlevel.obj
 0001:00015262       ___vcrt_FlsAlloc           10016262 f   libvcruntime:winapi_downlevel.obj
 0001:0001529d       ___vcrt_FlsFree            1001629d f   libvcruntime:winapi_downlevel.obj
 0001:000152d8       ___vcrt_FlsGetValue        100162d8 f   libvcruntime:winapi_downlevel.obj
 0001:00015313       ___vcrt_FlsSetValue        10016313 f   libvcruntime:winapi_downlevel.obj
 0001:00015351       ___vcrt_InitializeCriticalSectionEx 10016351 f   libvcruntime:winapi_downlevel.obj
 0001:00015398       ___vcrt_initialize_winapi_thunks 10016398 f   libvcruntime:winapi_downlevel.obj
 0001:000153c1       ___vcrt_uninitialize_winapi_thunks 100163c1 f   libvcruntime:winapi_downlevel.obj
 0001:000153f3       ___vcrt_initialize_pure_virtual_call_handler 100163f3 f   libvcruntime:purevirt_data.obj
 0001:000153fe       _unexpected                100163fe f   libvcruntime:unexpected.obj
 0001:0001541b       ?GetCurrentState@__FrameHandler3@@SAHPAUEHRegistrationNode@@PAXPBU_s_FuncInfo@@@Z 1001641b f   libvcruntime:ehstate.obj
 0001:00015438       ?SetState@__FrameHandler3@@SAXPAUEHRegistrationNode@@PBU_s_FuncInfo@@H@Z 10016438 f   libvcruntime:ehstate.obj
 0001:00015446       ___DestructExceptionObject 10016446 f   libvcruntime:ehhelpers.obj
 0001:000154e6       ?_CallMemberFunction0@@YGXQAX0@Z 100164e6 f i libvcruntime:ehhelpers.obj
 0001:000154f3       __IsExceptionObjectToBeDestroyed 100164f3 f   libvcruntime:ehhelpers.obj
 0001:00015519       ___AdjustPointer           10016519 f   libvcruntime:ehhelpers.obj
 0001:0001553e       ___FrameUnwindFilter       1001653e f   libvcruntime:ehhelpers.obj
 0001:00015590       __global_unwind2           10016590 f   libvcruntime:exsup.obj
 0001:000155f6       __local_unwind2            100165f6 f   libvcruntime:exsup.obj
 0001:0001567a       __abnormal_termination     1001667a f   libvcruntime:exsup.obj
 0001:000156a0       __NLG_Notify1              100166a0 f   libvcruntime:exsup.obj
 0001:000156ac       __NLG_Notify               100166ac f   libvcruntime:exsup.obj
 0001:000156c3       __NLG_Dispatch2            100166c3     libvcruntime:exsup.obj
 0001:000156c3       __NLG_Dispatch             100166c3     libvcruntime:exsup.obj
 0001:000156cb       __NLG_Call                 100166cb f   libvcruntime:exsup.obj
 0001:000156cd       __NLG_Return2              100166cd     libvcruntime:exsup.obj
 0001:000156d0       _memcpy                    100166d0 f   libvcruntime:memcpy.obj
 0001:00015c44       ?initialize@?$dual_state_global@PAPAD@__crt_state_management@@QAEXQAPAD@Z 10016c44 f i libucrt:environment_initialization.obj
 0001:00015c44       ?initialize@?$dual_state_global@P6AHI@Z@__crt_state_management@@QAEXQ6AHI@Z@Z 10016c44 f i libucrt:new_handler.obj
 0001:00015c44       ?initialize@?$dual_state_global@P6AXH@Z@__crt_state_management@@QAEXQ6AXH@Z@Z 10016c44 f i libucrt:signal.obj
 0001:00015c44       ?initialize@?$dual_state_global@P6AXPB_W00II@Z@__crt_state_management@@QAEXQ6AXPB_W00II@Z@Z 10016c44 f i libucrt:invalid_parameter.obj
 0001:00015c44       ?initialize@?$dual_state_global@PAU__crt_locale_data@@@__crt_state_management@@QAEXQAU__crt_locale_data@@@Z 10016c44 f i libucrt:initialization.obj
 0001:00015c44       ?initialize@?$dual_state_global@P6AHPAU_exception@@@Z@__crt_state_management@@QAEXQ6AHPAU_exception@@@Z@Z 10016c44 f i libucrt:matherr.obj
 0001:00015c75       ___acrt_call_reportfault   10016c75 f   libucrt:invalid_parameter.obj
 0001:00015db0       ___acrt_initialize_invalid_parameter_handler 10016db0 f   libucrt:invalid_parameter.obj
 0001:00015dc4       __invalid_parameter        10016dc4 f   libucrt:invalid_parameter.obj
 0001:00015e3f       __invalid_parameter_noinfo 10016e3f f   libucrt:invalid_parameter.obj
 0001:00015e4f       __invoke_watson            10016e4f f   libucrt:invalid_parameter.obj
 0001:00015e82       ___acrt_errno_from_os_error 10016e82 f   libucrt:errno.obj
 0001:00015ec5       ___acrt_errno_map_os_error 10016ec5 f   libucrt:errno.obj
 0001:00015ee8       ___doserrno                10016ee8 f   libucrt:errno.obj
 0001:00015efb       __errno                    10016efb f   libucrt:errno.obj
 0001:0001620f       ??$count@D@formatting_buffer@__crt_stdio_output@@QBEIXZ 1001720f f i libucrt:output.obj
 0001:00016227       ??$ensure_buffer_is_big_enough@D@formatting_buffer@__crt_stdio_output@@QAE_NI@Z 10017227 f i libucrt:output.obj
 0001:000162ad       ??$is_wide_character_specifier@D@__crt_stdio_output@@YA_N_KDW4length_modifier@0@@Z 100172ad f i libucrt:output.obj
 0001:000162ed       ??$is_wide_character_specifier@_W@__crt_stdio_output@@YA_N_K_WW4length_modifier@0@@Z 100172ed f i libucrt:output.obj
 0001:0001633c       ??$scratch_data@D@formatting_buffer@__crt_stdio_output@@QAEPADXZ 1001733c f i libucrt:output.obj
 0001:0001635a       ??$type_case_integer_parse_into_buffer@I@?$output_processor@DV?$string_output_adapter@D@__crt_stdio_output@@V?$standard_base@DV?$string_output_adapter@D@__crt_stdio_output@@@2@@__crt_stdio_output@@AAEXII_N@Z 1001735a f i libucrt:output.obj
 0001:0001635a       ??$type_case_integer_parse_into_buffer@I@?$output_processor@_WV?$string_output_adapter@_W@__crt_stdio_output@@V?$standard_base@_WV?$string_output_adapter@_W@__crt_stdio_output@@@2@@__crt_stdio_output@@AAEXII_N@Z 1001735a f i libucrt:output.obj
 0001:000163cf       ??$type_case_integer_parse_into_buffer@_K@?$output_processor@_WV?$string_output_adapter@_W@__crt_stdio_output@@V?$standard_base@_WV?$string_output_adapter@_W@__crt_stdio_output@@@2@@__crt_stdio_output@@AAEX_KI_N@Z 100173cf f i libucrt:output.obj
 0001:000163cf       ??$type_case_integer_parse_into_buffer@_K@?$output_processor@DV?$string_output_adapter@D@__crt_stdio_output@@V?$standard_base@DV?$string_output_adapter@D@__crt_stdio_output@@@2@@__crt_stdio_output@@AAEX_KI_N@Z 100173cf f i libucrt:output.obj
 0001:00016457       ??$write_multiple_characters@V?$string_output_adapter@D@__crt_stdio_output@@D@__crt_stdio_output@@YAXABV?$string_output_adapter@D@0@DHQAH@Z 10017457 f i libucrt:output.obj
 0001:00016483       ??$write_multiple_characters@V?$string_output_adapter@_W@__crt_stdio_output@@D@__crt_stdio_output@@YAXABV?$string_output_adapter@_W@0@DHQAH@Z 10017483 f i libucrt:output.obj
 0001:000164b4       ??0?$common_data@D@__crt_stdio_output@@IAE@XZ 100174b4 f i libucrt:output.obj
 0001:000164fb       ??0?$common_data@_W@__crt_stdio_output@@IAE@XZ 100174fb f i libucrt:output.obj
 0001:00016547       ??0?$output_adapter_data@DV?$string_output_adapter@D@__crt_stdio_output@@@__crt_stdio_output@@IAE@ABV?$string_output_adapter@D@1@_KQBDQAU__crt_locale_pointers@@QAD@Z 10017547 f i libucrt:output.obj
 0001:00016583       ??0?$output_adapter_data@_WV?$string_output_adapter@_W@__crt_stdio_output@@@__crt_stdio_output@@IAE@ABV?$string_output_adapter@_W@1@_KQB_WQAU__crt_locale_pointers@@QAD@Z 10017583 f i libucrt:output.obj
 0001:000165bf       ??0?$output_processor@DV?$string_output_adapter@D@__crt_stdio_output@@V?$standard_base@DV?$string_output_adapter@D@__crt_stdio_output@@@2@@__crt_stdio_output@@QAE@ABV?$string_output_adapter@D@1@_KQBDQAU__crt_locale_pointers@@QAD@Z 100175bf f i libucrt:output.obj
 0001:000165f4       ??0?$output_processor@_WV?$string_output_adapter@_W@__crt_stdio_output@@V?$standard_base@_WV?$string_output_adapter@_W@__crt_stdio_output@@@2@@__crt_stdio_output@@QAE@ABV?$string_output_adapter@_W@1@_KQB_WQAU__crt_locale_pointers@@QAD@Z 100175f4 f i libucrt:output.obj
 0001:00016629       ??0_LocaleUpdate@@QAE@QAU__crt_locale_pointers@@@Z 10017629 f i libucrt:output.obj
 0001:000166ac       ??1formatting_buffer@__crt_stdio_output@@QAE@XZ 100176ac f i libucrt:output.obj
 0001:000166c6       ??4?$__crt_unique_heap_ptr@DU__crt_internal_free_policy@@@@QAEAAV0@$$QAV0@@Z 100176c6 f i libucrt:output.obj
 0001:000166ea       ?crop_zeroes@__crt_stdio_output@@YAXPADQAU__crt_locale_pointers@@@Z 100176ea f i libucrt:output.obj
 0001:00016741       ?find_next_state@?$output_processor@DV?$string_output_adapter@D@__crt_stdio_output@@V?$standard_base@DV?$string_output_adapter@D@__crt_stdio_output@@@2@@__crt_stdio_output@@ABE?AW4state@2@DW432@@Z 10017741 f i libucrt:output.obj
 0001:00016773       ?find_next_state@?$output_processor@_WV?$string_output_adapter@_W@__crt_stdio_output@@V?$standard_base@_WV?$string_output_adapter@_W@__crt_stdio_output@@@2@@__crt_stdio_output@@ABE?AW4state@2@_WW432@@Z 10017773 f i libucrt:output.obj
 0001:000167a7       ?force_decimal_point@__crt_stdio_output@@YAXPADQAU__crt_locale_pointers@@@Z 100177a7 f i libucrt:output.obj
 0001:00016803       ?parse_int_from_format_string@?$output_processor@DV?$string_output_adapter@D@__crt_stdio_output@@V?$standard_base@DV?$string_output_adapter@D@__crt_stdio_output@@@2@@__crt_stdio_output@@AAE_NQAH@Z 10017803 f i libucrt:output.obj
 0001:0001685f       ?parse_int_from_format_string@?$output_processor@_WV?$string_output_adapter@_W@__crt_stdio_output@@V?$standard_base@_WV?$string_output_adapter@_W@__crt_stdio_output@@@2@@__crt_stdio_output@@AAE_NQAH@Z 1001785f f i libucrt:output.obj
 0001:000168bd       ?process@?$output_processor@DV?$string_output_adapter@D@__crt_stdio_output@@V?$standard_base@DV?$string_output_adapter@D@__crt_stdio_output@@@2@@__crt_stdio_output@@QAEHXZ 100178bd f i libucrt:output.obj
 0001:000169d9       ?process@?$output_processor@_WV?$string_output_adapter@_W@__crt_stdio_output@@V?$standard_base@_WV?$string_output_adapter@_W@__crt_stdio_output@@@2@@__crt_stdio_output@@QAEHXZ 100179d9 f i libucrt:output.obj
 0001:00016af9       ?state_case_flag@?$output_processor@DV?$string_output_adapter@D@__crt_stdio_output@@V?$standard_base@DV?$string_output_adapter@D@__crt_stdio_output@@@2@@__crt_stdio_output@@AAE_NXZ 10017af9 f i libucrt:output.obj
 0001:00016b36       ?state_case_flag@?$output_processor@_WV?$string_output_adapter@_W@__crt_stdio_output@@V?$standard_base@_WV?$string_output_adapter@_W@__crt_stdio_output@@@2@@__crt_stdio_output@@AAE_NXZ 10017b36 f i libucrt:output.obj
 0001:00016b73       ?state_case_normal@?$output_processor@DV?$string_output_adapter@D@__crt_stdio_output@@V?$standard_base@DV?$string_output_adapter@D@__crt_stdio_output@@@2@@__crt_stdio_output@@AAE_NXZ 10017b73 f i libucrt:output.obj
 0001:00016b92       ?state_case_normal@?$output_processor@_WV?$string_output_adapter@_W@__crt_stdio_output@@V?$standard_base@_WV?$string_output_adapter@_W@__crt_stdio_output@@@2@@__crt_stdio_output@@AAE_NXZ 10017b92 f i libucrt:output.obj
 0001:00016bb1       ?state_case_normal_common@?$output_processor@DV?$string_output_adapter@D@__crt_stdio_output@@V?$standard_base@DV?$string_output_adapter@D@__crt_stdio_output@@@2@@__crt_stdio_output@@AAE_NXZ 10017bb1 f i libucrt:output.obj
 0001:00016bdb       ?state_case_normal_common@?$output_processor@_WV?$string_output_adapter@_W@__crt_stdio_output@@V?$standard_base@_WV?$string_output_adapter@_W@__crt_stdio_output@@@2@@__crt_stdio_output@@AAE_NXZ 10017bdb f i libucrt:output.obj
 0001:00016bf6       ?state_case_normal_tchar@?$output_processor@DV?$string_output_adapter@D@__crt_stdio_output@@V?$standard_base@DV?$string_output_adapter@D@__crt_stdio_output@@@2@@__crt_stdio_output@@AAE_ND@Z 10017bf6 f i libucrt:output.obj
 0001:00016c57       ?state_case_precision@?$output_processor@DV?$string_output_adapter@D@__crt_stdio_output@@V?$standard_base@DV?$string_output_adapter@D@__crt_stdio_output@@@2@@__crt_stdio_output@@AAE_NXZ 10017c57 f i libucrt:output.obj
 0001:00016c7f       ?state_case_precision@?$output_processor@_WV?$string_output_adapter@_W@__crt_stdio_output@@V?$standard_base@_WV?$string_output_adapter@_W@__crt_stdio_output@@@2@@__crt_stdio_output@@AAE_NXZ 10017c7f f i libucrt:output.obj
 0001:00016ca8       ?state_case_size@?$output_processor@DV?$string_output_adapter@D@__crt_stdio_output@@V?$standard_base@DV?$string_output_adapter@D@__crt_stdio_output@@@2@@__crt_stdio_output@@AAE_NXZ 10017ca8 f i libucrt:output.obj
 0001:00016e11       ?state_case_size@?$output_processor@_WV?$string_output_adapter@_W@__crt_stdio_output@@V?$standard_base@_WV?$string_output_adapter@_W@__crt_stdio_output@@@2@@__crt_stdio_output@@AAE_NXZ 10017e11 f i libucrt:output.obj
 0001:00016f8d       ?state_case_type@?$output_processor@DV?$string_output_adapter@D@__crt_stdio_output@@V?$standard_base@DV?$string_output_adapter@D@__crt_stdio_output@@@2@@__crt_stdio_output@@AAE_NXZ 10017f8d f i libucrt:output.obj
 0001:000171bc       ?state_case_type@?$output_processor@_WV?$string_output_adapter@_W@__crt_stdio_output@@V?$standard_base@_WV?$string_output_adapter@_W@__crt_stdio_output@@@2@@__crt_stdio_output@@AAE_NXZ 100181bc f i libucrt:output.obj
 0001:00017419       ?state_case_width@?$output_processor@DV?$string_output_adapter@D@__crt_stdio_output@@V?$standard_base@DV?$string_output_adapter@D@__crt_stdio_output@@@2@@__crt_stdio_output@@AAE_NXZ 10018419 f i libucrt:output.obj
 0001:00017444       ?state_case_width@?$output_processor@_WV?$string_output_adapter@_W@__crt_stdio_output@@V?$standard_base@_WV?$string_output_adapter@_W@__crt_stdio_output@@@2@@__crt_stdio_output@@AAE_NXZ 10018444 f i libucrt:output.obj
 0001:00017470       ?to_integer_size@__crt_stdio_output@@YAIW4length_modifier@1@@Z 10018470 f i libucrt:output.obj
 0001:000174cc       ?type_case_Z@?$output_processor@DV?$string_output_adapter@D@__crt_stdio_output@@V?$standard_base@DV?$string_output_adapter@D@__crt_stdio_output@@@2@@__crt_stdio_output@@AAE_NXZ 100184cc f i libucrt:output.obj
 0001:0001752f       ?type_case_Z@?$output_processor@_WV?$string_output_adapter@_W@__crt_stdio_output@@V?$standard_base@_WV?$string_output_adapter@_W@__crt_stdio_output@@@2@@__crt_stdio_output@@AAE_NXZ 1001852f f i libucrt:output.obj
 0001:00017592       ?type_case_a@?$output_processor@DV?$string_output_adapter@D@__crt_stdio_output@@V?$standard_base@DV?$string_output_adapter@D@__crt_stdio_output@@@2@@__crt_stdio_output@@AAE_NXZ 10018592 f i libucrt:output.obj
 0001:000176ec       ?type_case_a@?$output_processor@_WV?$string_output_adapter@_W@__crt_stdio_output@@V?$standard_base@_WV?$string_output_adapter@_W@__crt_stdio_output@@@2@@__crt_stdio_output@@AAE_NXZ 100186ec f i libucrt:output.obj
 0001:0001785e       ?type_case_c_tchar@?$output_processor@DV?$string_output_adapter@D@__crt_stdio_output@@V?$standard_base@DV?$string_output_adapter@D@__crt_stdio_output@@@2@@__crt_stdio_output@@AAE_ND@Z 1001885e f i libucrt:output.obj
 0001:000178ee       ?type_case_c_tchar@?$output_processor@_WV?$string_output_adapter@_W@__crt_stdio_output@@V?$standard_base@_WV?$string_output_adapter@_W@__crt_stdio_output@@@2@@__crt_stdio_output@@AAE_N_W@Z 100188ee f i libucrt:output.obj
 0001:00017986       ?type_case_integer@?$output_processor@DV?$string_output_adapter@D@__crt_stdio_output@@V?$standard_base@DV?$string_output_adapter@D@__crt_stdio_output@@@2@@__crt_stdio_output@@AAE_NI_N@Z 10018986 f i libucrt:output.obj
 0001:00017986       ?type_case_integer@?$output_processor@_WV?$string_output_adapter@_W@__crt_stdio_output@@V?$standard_base@_WV?$string_output_adapter@_W@__crt_stdio_output@@@2@@__crt_stdio_output@@AAE_NI_N@Z 10018986 f i libucrt:output.obj
 0001:00017ad0       ?type_case_n@?$output_processor@_WV?$string_output_adapter@_W@__crt_stdio_output@@V?$standard_base@_WV?$string_output_adapter@_W@__crt_stdio_output@@@2@@__crt_stdio_output@@AAE_NXZ 10018ad0 f i libucrt:output.obj
 0001:00017ad0       ?type_case_n@?$output_processor@DV?$string_output_adapter@D@__crt_stdio_output@@V?$standard_base@DV?$string_output_adapter@D@__crt_stdio_output@@@2@@__crt_stdio_output@@AAE_NXZ 10018ad0 f i libucrt:output.obj
 0001:00017b44       ?type_case_o@?$output_processor@DV?$string_output_adapter@D@__crt_stdio_output@@V?$standard_base@DV?$string_output_adapter@D@__crt_stdio_output@@@2@@__crt_stdio_output@@AAE_NXZ 10018b44 f i libucrt:output.obj
 0001:00017b44       ?type_case_o@?$output_processor@_WV?$string_output_adapter@_W@__crt_stdio_output@@V?$standard_base@_WV?$string_output_adapter@_W@__crt_stdio_output@@@2@@__crt_stdio_output@@AAE_NXZ 10018b44 f i libucrt:output.obj
 0001:00017b63       ?type_case_p@?$output_processor@_WV?$string_output_adapter@_W@__crt_stdio_output@@V?$standard_base@_WV?$string_output_adapter@_W@__crt_stdio_output@@@2@@__crt_stdio_output@@AAE_NXZ 10018b63 f i libucrt:output.obj
 0001:00017b63       ?type_case_p@?$output_processor@DV?$string_output_adapter@D@__crt_stdio_output@@V?$standard_base@DV?$string_output_adapter@D@__crt_stdio_output@@@2@@__crt_stdio_output@@AAE_NXZ 10018b63 f i libucrt:output.obj
 0001:00017b7b       ?type_case_s@?$output_processor@DV?$string_output_adapter@D@__crt_stdio_output@@V?$standard_base@DV?$string_output_adapter@D@__crt_stdio_output@@@2@@__crt_stdio_output@@AAE_NXZ 10018b7b f i libucrt:output.obj
 0001:00017bee       ?type_case_s@?$output_processor@_WV?$string_output_adapter@_W@__crt_stdio_output@@V?$standard_base@_WV?$string_output_adapter@_W@__crt_stdio_output@@@2@@__crt_stdio_output@@AAE_NXZ 10018bee f i libucrt:output.obj
 0001:00017c62       ?type_case_s_compute_narrow_string_length@?$output_processor@_WV?$string_output_adapter@_W@__crt_stdio_output@@V?$standard_base@_WV?$string_output_adapter@_W@__crt_stdio_output@@@2@@__crt_stdio_output@@ABEHH_W@Z 10018c62 f i libucrt:output.obj
 0001:00017ca2       ?validate@?$c_string_character_source@D@__crt_strtox@@QBE_NXZ 10018ca2 f i libucrt:strtox.obj
 0001:00017ca2       ?validate@?$c_string_character_source@_W@__crt_strtox@@QBE_NXZ 10018ca2 f i libucrt:strtox.obj
 0001:00017ca2       ?validate@?$string_output_adapter@_W@__crt_stdio_output@@QBE_NXZ 10018ca2 f i libucrt:output.obj
 0001:00017ca2       ?validate@?$string_output_adapter@D@__crt_stdio_output@@QBE_NXZ 10018ca2 f i libucrt:output.obj
 0001:00017cbd       ?write_character@?$string_output_adapter@D@__crt_stdio_output@@QBE_NDQAH@Z 10018cbd f i libucrt:output.obj
 0001:00017cff       ?write_character@?$string_output_adapter@_W@__crt_stdio_output@@QBE_N_WQAH@Z 10018cff f i libucrt:output.obj
 0001:00017d44       ?write_stored_string_tchar@?$output_processor@DV?$string_output_adapter@D@__crt_stdio_output@@V?$standard_base@DV?$string_output_adapter@D@__crt_stdio_output@@@2@@__crt_stdio_output@@AAE_ND@Z 10018d44 f i libucrt:output.obj
 0001:00017deb       ?write_stored_string_tchar@?$output_processor@_WV?$string_output_adapter@_W@__crt_stdio_output@@V?$standard_base@_WV?$string_output_adapter@_W@__crt_stdio_output@@@2@@__crt_stdio_output@@AAE_N_W@Z 10018deb f i libucrt:output.obj
 0001:00017e76       ?write_string@?$string_output_adapter@D@__crt_stdio_output@@QBEXQBDHQAH1@Z 10018e76 f i libucrt:output.obj
 0001:00017f09       ?write_string@?$string_output_adapter@_W@__crt_stdio_output@@QBEXQB_WHQAH1@Z 10018f09 f i libucrt:output.obj
 0001:00017fa3       ___stdio_common_vsprintf   10018fa3 f   libucrt:output.obj
 0001:00017fc7       ___stdio_common_vswprintf  10018fc7 f   libucrt:output.obj
 0001:00017feb       _wcsncmp                   10018feb f   libucrt:wcsncmp.obj
 0001:00018025       ??$is_overflow_condition@K@__crt_strtox@@YA_NIK@Z 10019025 f i libucrt:strtox.obj
 0001:00018058       ??$make_c_string_character_source@DPAPAD@__crt_strtox@@YA?AV?$c_string_character_source@D@0@QBDQAPAD@Z 10019058 f i libucrt:strtox.obj
 0001:00018058       ??$make_c_string_character_source@_WPAPA_W@__crt_strtox@@YA?AV?$c_string_character_source@_W@0@QB_WQAPA_W@Z 10019058 f i libucrt:strtox.obj
 0001:00018073       ??$parse_integer@KV?$c_string_character_source@D@__crt_strtox@@@__crt_strtox@@YAKQAU__crt_locale_pointers@@V?$c_string_character_source@D@0@H_N@Z 10019073 f i libucrt:strtox.obj
 0001:0001829b       ??$parse_integer@KV?$c_string_character_source@_W@__crt_strtox@@@__crt_strtox@@YAKQAU__crt_locale_pointers@@V?$c_string_character_source@_W@0@H_N@Z 1001929b f i libucrt:strtox.obj
 0001:00018980       ?unget@?$c_string_character_source@D@__crt_strtox@@QAEXD@Z 10019980 f i libucrt:strtox.obj
 0001:000189a8       ?unget@?$c_string_character_source@_W@__crt_strtox@@QAEX_W@Z 100199a8 f i libucrt:strtox.obj
 0001:000189d4       __chvalidchk_l             100199d4 f i libucrt:strtox.obj
 0001:000189fe       __ischartype_l             100199fe f i libucrt:strtox.obj
 0001:00018a31       _strtol                    10019a31 f   libucrt:strtox.obj
 0001:00018a5d       _wcstol                    10019a5d f   libucrt:strtox.obj
 0001:00018a89       _wcspbrk                   10019a89 f   libucrt:wcspbrk.obj
 0001:00018ace       __initterm                 10019ace f   libucrt:initterm.obj
 0001:00018b2a       __initterm_e               10019b2a f   libucrt:initterm.obj
 0001:00018b6f       __seh_filter_dll           10019b6f f   libucrt:exception_filter.obj
 0001:00018b8f       __seh_filter_exe           10019b8f f   libucrt:exception_filter.obj
[...]
 0002:000068c0       Zero                       1002b8c0     libucrt:log10_pentium4.obj
 0002:000068d0       Two52                      1002b8d0     libucrt:log10_pentium4.obj
 0002:000068e0       Infs                       1002b8e0     libucrt:log10_pentium4.obj
 0002:000068f0       NaN                        1002b8f0     libucrt:log10_pentium4.obj
 0002:00006900       coeff                      1002b900     libucrt:log10_pentium4.obj
 0002:0000695e       _log2max                   1002b95e     libucrt:87tran.obj
 0002:00006968       _smallarg                  1002b968     libucrt:87tran.obj
 0002:00006972       _half                      1002b972     libucrt:87tran.obj
 0002:000069be       One                        1002b9be     libucrt:87disp.obj
 0002:000069c6       Three                      1002b9c6     libucrt:87disp.obj
 0002:000069ce       XAMtoTagTab                1002b9ce     libucrt:87disp.obj
 0002:000069e0       One                        1002b9e0     libucrt:common.obj
 0002:000069f4       DblMax                     1002b9f4     libucrt:common.obj
 0002:000069fc       DblMin                     1002b9fc     libucrt:common.obj
 0002:00006a04       IeeeAdjO                   1002ba04     libucrt:common.obj
 0002:00006a0c       IeeeAdjU                   1002ba0c     libucrt:common.obj
 0002:00006a14       _infinity                  1002ba14     libucrt:common.obj
 0002:00006a1c       _zero                      1002ba1c     libucrt:common.obj
 0002:00006a58       _over                      1002ba58     libucrt:fpctrl.obj
 0002:00006a64       _under                     1002ba64     libucrt:fpctrl.obj
 0002:00007328       ?_names@?1??_get_fname@@9@9 1002c328     libucrt:fpexcept.obj
 0002:00007d38       __unwindtable$?LoadThSet@@YAHK@Z 1002cd38     ConEmuTh.obj
 0002:00007d40       __ehfuncinfo$?LoadThSet@@YAHK@Z 1002cd40     ConEmuTh.obj
 0002:00007d64       __unwindtable$?StartPlugin@@YAXH@Z 1002cd64     ConEmuTh.obj
 0002:00007d6c       __ehfuncinfo$?StartPlugin@@YAXH@Z 1002cd6c     ConEmuTh.obj
 0002:00007d90       __unwindtable$?CheckVarsInitialized@@YAXXZ 1002cd90     ConEmuTh.obj
 0002:00007da8       __ehfuncinfo$?CheckVarsInitialized@@YAXXZ 1002cda8     ConEmuTh.obj
 0002:00007dd0       __sehtable$?SetFrom@?$MFileMapping@Utag_DetectedDialog@@@@QAE_NPBUtag_DetectedDialog@@H@Z 1002cdd0     ConEmuTh.obj
 0002:00007df0       __sehtable$?GetTo@?$MFileMapping@UPanelViewSetMapping@@@@QAE_NPAUPanelViewSetMapping@@H@Z 1002cdf0     ConEmuTh.obj
 0002:00007e0c       __unwindtable$?ReallocItems@CeFullPanelInfo@@QAEHH@Z 1002ce0c     Display.obj
 0002:00007e14       __ehfuncinfo$?ReallocItems@CeFullPanelInfo@@QAEHH@Z 1002ce14     Display.obj
 0002:00007e38       __unwindtable$?Paint@CeFullPanelInfo@@QAEXPAUHWND__@@AAUtagPAINTSTRUCT@@AAUtagRECT@@@Z 1002ce38     Display.obj
 0002:00007e40       __ehfuncinfo$?Paint@CeFullPanelInfo@@QAEXPAUHWND__@@AAUtagPAINTSTRUCT@@AAUtagRECT@@@Z 1002ce40     Display.obj
 0002:00007e64       __unwindtable$?FindInCache@CImgCache@@IAEHPAUCePluginPanelItem@@PAHI@Z 1002ce64     ImgCache.obj
 0002:00007e6c       __ehfuncinfo$?FindInCache@CImgCache@@IAEHPAUCePluginPanelItem@@PAHI@Z 1002ce6c     ImgCache.obj
 0002:00007e90       __ehfuncinfo$??1?$CQueueProcessor@PAUIMAGE_CACHE_INFO@@@@UAE@XZ 1002ce90     ImgCache.obj
 0002:00007e90       __ehfuncinfo$??1CImgCache@@QAE@XZ 1002ce90     ImgCache.obj
 0002:00007e90       __ehfuncinfo$??1CRgnDetect@@QAE@XZ 1002ce90     common-user32:RgnDetect.obj
 0002:00007eb4       __unwindtable$?RequestItem@CImgCache@@QAEHPAUCePluginPanelItem@@I@Z 1002ceb4     ImgCache.obj
 0002:00007ebc       __ehfuncinfo$?RequestItem@CImgCache@@QAEHPAUCePluginPanelItem@@I@Z 1002cebc     ImgCache.obj
 0002:00007ee0       __unwindtable$?FindOrCreate@?$CQueueProcessor@PAUIMAGE_CACHE_INFO@@@@AAEPAUProcessingItem@1@ABQAUIMAGE_CACHE_INFO@@J_NW4ProcessingPriority@@@Z 1002cee0     ImgCache.obj
 0002:00007ee8       __ehfuncinfo$?FindOrCreate@?$CQueueProcessor@PAUIMAGE_CACHE_INFO@@@@AAEPAUProcessingItem@1@ABQAUIMAGE_CACHE_INFO@@J_NW4ProcessingPriority@@@Z 1002cee8     ImgCache.obj
 0002:00007f0c       __unwindtable$??0?$CQueueProcessor@PAUIMAGE_CACHE_INFO@@@@QAE@XZ 1002cf0c     ImgCache.obj
 0002:00007f14       __ehfuncinfo$??0?$CQueueProcessor@PAUIMAGE_CACHE_INFO@@@@QAE@XZ 1002cf14     ImgCache.obj
 0002:00007f38       __sehtable$?ProcessItem@?$CQueueProcessor@PAUIMAGE_CACHE_INFO@@@@IAEJPAUProcessingItem@1@@Z 1002cf38     ImgCache.obj
 0002:00007f54       __unwindtable$?ProcessingStep@?$CQueueProcessor@PAUIMAGE_CACHE_INFO@@@@IAE_NXZ 1002cf54     ImgCache.obj
 0002:00007f5c       __ehfuncinfo$?ProcessingStep@?$CQueueProcessor@PAUIMAGE_CACHE_INFO@@@@IAE_NXZ 1002cf5c     ImgCache.obj
 0002:00007fd8       __sehtable$?SetThreadName@@YAXKPAD@Z 1002cfd8     common-kernel32:WThreads.obj
 0002:00007ff4       __ehfuncinfo$?SearchAppPaths@@YA_NPB_WAAUCEStr@@_NPAVCEnvRestorer@@@Z 1002cff4     common-user32:WFiles.obj
 0002:00008018       __unwindtable$?SearchAppPaths@@YA_NPB_WAAUCEStr@@_NPAVCEnvRestorer@@@Z 1002d018     common-user32:WFiles.obj
 0002:000080f0       __sehtable$?dllmain_crt_process_attach@@YAHQAUHINSTANCE__@@QAX@Z 1002d0f0     LIBCMT:dll_dllmain.obj
 0002:00008110       __sehtable$?dllmain_crt_process_detach@@YAH_N@Z 1002d110     LIBCMT:dll_dllmain.obj
 0002:00008130       __sehtable$?dllmain_dispatch@@YAHQAUHINSTANCE__@@KQAX@Z 1002d130     LIBCMT:dll_dllmain.obj
 0002:00008150       __sehtable$___scrt_is_nonwritable_in_current_image 1002d150     LIBCMT:utility.obj
 0002:00008170       __sehtable$?FrameUnwindToState@__FrameHandler3@@SAXPAUEHRegistrationNode@@PAXPBU_s_FuncInfo@@H@Z 1002d170     libvcruntime:frame.obj
 0002:00008198       __sehtable$?CallCatchBlock@@YAPAXPAUEHExceptionRecord@@PAUEHRegistrationNode@@PAU_CONTEXT@@PBU_s_FuncInfo@@PAXHK@Z 1002d198     libvcruntime:frame.obj
 0002:000081c0       __catchsym$?CallUnexpected@@YAXPBU_s_ESTypeList@@@Z$2 1002d1c0     libvcruntime:frame.obj
 0002:000081d0       __unwindtable$?CallUnexpected@@YAXPBU_s_ESTypeList@@@Z 1002d1d0     libvcruntime:frame.obj
 0002:000081e0       __tryblocktable$?CallUnexpected@@YAXPBU_s_ESTypeList@@@Z 1002d1e0     libvcruntime:frame.obj
 0002:000081f4       __ehfuncinfo$?CallUnexpected@@YAXPBU_s_ESTypeList@@@Z 1002d1f4     libvcruntime:frame.obj
 0002:00008218       __sehtable$??$BuildCatchObjectHelperInternal@$$CBU_s_HandlerType@@@@YAHPAUEHExceptionRecord@@PAXPBU_s_HandlerType@@PBU_s_CatchableType@@@Z 1002d218     libvcruntime:frame.obj
 0002:00008238       __sehtable$??$BuildCatchObjectInternal@$$CBU_s_HandlerType@@@@YAXPAUEHExceptionRecord@@PAXPBU_s_HandlerType@@PBU_s_CatchableType@@@Z 1002d238     libvcruntime:frame.obj
 0002:00008290       __sehtable$___DestructExceptionObject 1002d290     libvcruntime:ehhelpers.obj
 0002:000082b0       __sehtable$?common_exit@@YAXHW4_crt_exit_cleanup_mode@@W4_crt_exit_return_mode@@@Z 1002d2b0     libucrt:exit.obj
 0002:000082d8       __sehtable$??$?RV<lambda_995298e7d72eb4c2aab26c0585b3abe5>@@AAV<lambda_275893d493268fdec8709772e3fcec0e>@@V<lambda_293819299cbf9a7022e18b56a874bb5c>@@@?$__crt_seh_guarded_call@H@@QAEH$$QAV<lambda_995298e7d72eb4c2aab26c0585b3abe5>@@AAV<lambda_275893d493268fdec8709772e3fcec0e>@@$$QAV<lambda_293819299cbf9a7022e18b56a874bb5c>@@@Z 1002d2d8     libucrt:onexit.obj
 0002:000082f8       __sehtable$_terminate      1002d2f8     libucrt:terminate.obj
 0002:00008318       __sehtable$??$?RV<lambda_9df27f884b057bc3edfc946cb5b7cf47>@@AAV<lambda_e69574bed617af4e071282c136b37893>@@V<lambda_cc0d902bcbbeb830f749456577db4721>@@@?$__crt_seh_guarded_call@X@@QAEX$$QAV<lambda_9df27f884b057bc3edfc946cb5b7cf47>@@AAV<lambda_e69574bed617af4e071282c136b37893>@@$$QAV<lambda_cc0d902bcbbeb830f749456577db4721>@@@Z 1002d318     libucrt:per_thread_data.obj
 0002:00008338       __sehtable$??$?RV<lambda_3518db117f0e7cdb002338c5d3c47b6c>@@AAV<lambda_b2ea41f6bbb362cd97d94c6828d90b61>@@V<lambda_abdedf541bb04549bc734292b4a045d4>@@@?$__crt_seh_guarded_call@X@@QAEX$$QAV<lambda_3518db117f0e7cdb002338c5d3c47b6c>@@AAV<lambda_b2ea41f6bbb362cd97d94c6828d90b61>@@$$QAV<lambda_abdedf541bb04549bc734292b4a045d4>@@@Z 1002d338     libucrt:per_thread_data.obj
 0002:00008358       __sehtable$??$?RV<lambda_51b6e8b1eb166f2a3faf91f424b38130>@@AAV<lambda_6250bd4b2a391816dd638c3bf72b0bcb>@@V<lambda_0b5a4a3e68152e1d9b943535f5f47bed>@@@?$__crt_seh_guarded_call@X@@QAEX$$QAV<lambda_51b6e8b1eb166f2a3faf91f424b38130>@@AAV<lambda_6250bd4b2a391816dd638c3bf72b0bcb>@@$$QAV<lambda_0b5a4a3e68152e1d9b943535f5f47bed>@@@Z 1002d358     libucrt:per_thread_data.obj
 0002:00008378       __sehtable$??$?RV<lambda_5b71d36f03204c0beab531769a5b5694>@@AAV<lambda_be2b3da3f62db62e9dad5dc70221a656>@@V<lambda_8f9ce462984622f9bf76b59e2aaaf805>@@@?$__crt_seh_guarded_call@X@@QAEX$$QAV<lambda_5b71d36f03204c0beab531769a5b5694>@@AAV<lambda_be2b3da3f62db62e9dad5dc70221a656>@@$$QAV<lambda_8f9ce462984622f9bf76b59e2aaaf805>@@@Z 1002d378     libucrt:per_thread_data.obj
 0002:00008398       __sehtable$___acrt_uninitialize_locale 1002d398     libucrt:wsetlocale.obj
 0002:000083b8       __sehtable$___acrt_initialize_lowio 1002d3b8     libucrt:ioinit.obj
 0002:000083d8       __sehtable$___acrt_update_thread_multibyte_data 1002d3d8     libucrt:mbctype.obj
 0002:000083f8       __sehtable$??$?RV<lambda_978dc153c237d78434369da87b74ff60>@@AAV<lambda_ad1ced32f4ac17aa236e5ef05d6b3b7c>@@V<lambda_4a8533e2866a575feecb8298ce776b0d>@@@?$__crt_seh_guarded_call@X@@QAEX$$QAV<lambda_978dc153c237d78434369da87b74ff60>@@AAV<lambda_ad1ced32f4ac17aa236e5ef05d6b3b7c>@@$$QAV<lambda_4a8533e2866a575feecb8298ce776b0d>@@@Z 1002d3f8     libucrt:mbctype.obj
 0002:00008418       __sehtable$__query_new_handler 1002d418     libucrt:new_handler.obj
 0002:00008438       __sehtable$_raise          1002d438     libucrt:signal.obj
 0002:00008458       __sehtable$??$?RV<lambda_a048d3beccc847880fc8490e18b82769>@@AAV<lambda_ec61778202f4f5fc7e7711acc23c3bca>@@V<lambda_f7496a158712204296dd6628a163878e>@@@?$__crt_seh_guarded_call@P6AXH@Z@@QAEP6AXH@Z$$QAV<lambda_a048d3beccc847880fc8490e18b82769>@@AAV<lambda_ec61778202f4f5fc7e7711acc23c3bca>@@$$QAV<lambda_f7496a158712204296dd6628a163878e>@@@Z 1002d458     libucrt:signal.obj
 0002:00008478       __sehtable$___acrt_update_thread_locale_data 1002d478     libucrt:locale_refcounting.obj
 0002:00008498       __sehtable$__fcloseall     1002d498     libucrt:closeall.obj
 0002:000084b8       __sehtable$_common_flush_all 1002d4b8     libucrt:fflush.obj
 0002:000084e0       __sehtable$___acrt_lowio_ensure_fh_exists 1002d4e0     libucrt:osfinfo.obj
 0002:00008500       __sehtable$__write         1002d500     libucrt:write.obj
 0002:00008520       __sehtable$_fclose         1002d520     libucrt:fclose.obj
 0002:00008540       __sehtable$??$?RV<lambda_61cee617f5178ae960314fd4d05640a0>@@AAV<lambda_6978c1fb23f02e42e1d9e99668cc68aa>@@V<lambda_9cd88cf8ad10232537feb2133f08c833>@@@?$__crt_seh_guarded_call@H@@QAEH$$QAV<lambda_61cee617f5178ae960314fd4d05640a0>@@AAV<lambda_6978c1fb23f02e42e1d9e99668cc68aa>@@$$QAV<lambda_9cd88cf8ad10232537feb2133f08c833>@@@Z 1002d540     libucrt:commit.obj
 0002:00008560       __sehtable$??$?RV<lambda_123407a5e2ac06da108355a851863b7a>@@AAV<lambda_2fe9b910cf3cbf4a0ab98a02ba45b3ec>@@V<lambda_ae55bdf541ad94d75914d381c370e64d>@@@?$__crt_seh_guarded_call@H@@QAEH$$QAV<lambda_123407a5e2ac06da108355a851863b7a>@@AAV<lambda_2fe9b910cf3cbf4a0ab98a02ba45b3ec>@@$$QAV<lambda_ae55bdf541ad94d75914d381c370e64d>@@@Z 1002d560     libucrt:close.obj
 0002:00008580       __sehtable$__IsNonwritableInCurrentImage 1002d580     LIBCMT:pesect.obj
 0002:000085a0       .edata                     1002d5a0     ConEmuTh.exp
 0002:000085c8       rgpv                       1002d5c8     ConEmuTh.exp
 0002:000085fc       rgszName                   1002d5fc     ConEmuTh.exp
 0002:00008630       rgwOrd                     1002d630     ConEmuTh.exp
 0002:0000864a       szName                     1002d64a     ConEmuTh.exp
 0002:00008657       $N00001                    1002d657     ConEmuTh.exp
 0002:00008666       $N00002                    1002d666     ConEmuTh.exp
 0002:0000866c       $N00003                    1002d66c     ConEmuTh.exp
 0002:00008674       $N00004                    1002d674     ConEmuTh.exp
 0002:0000867d       $N00005                    1002d67d     ConEmuTh.exp
 0002:0000868c       $N00006                    1002d68c     ConEmuTh.exp
 0002:0000869d       $N00007                    1002d69d     ConEmuTh.exp
 0002:000086af       $N00008                    1002d6af     ConEmuTh.exp
 0002:000086bd       $N00009                    1002d6bd     ConEmuTh.exp
 0002:000086c8       $N00010                    1002d6c8     ConEmuTh.exp
 0002:000086d4       $N00011                    1002d6d4     ConEmuTh.exp
 0002:000086e9       $N00012                    1002d6e9     ConEmuTh.exp
 0002:000086f8       $N00013                    1002d6f8     ConEmuTh.exp
 0002:00008b12       .idata$6                   1002db12     version:VERSION.dll
 0002:00008e60       .idata$6                   1002de60     kernel32:KERNEL32.dll
 0002:000090de       .idata$6                   1002e0de     user32:USER32.dll
 0002:00009230       .idata$6                   1002e230     gdi32:GDI32.dll
 0002:00009290       .idata$6                   1002e290     advapi32:ADVAPI32.dll
 0002:000092b0       .idata$6                   1002e2b0     shell32:SHELL32.dll
 0002:000092e0       .idata$6                   1002e2e0     ole32:ole32.dll
 0003:000000b0       ?__vcrt_flsindex@@3KA      1002f0b0     libvcruntime:per_thread_data.obj
 0003:000000d0       _errno_no_memory           1002f0d0     libucrt:errno.obj
 0003:000000d4       _doserrno_no_memory        1002f0d4     libucrt:errno.obj
 0003:000000e0       ___acrt_flsindex           1002f0e0     libucrt:per_thread_data.obj
 0003:00000258       ___rgctypeflag             1002f258     libucrt:mbctype.obj
 0003:00000260       ___rgcode_page_info        1002f260     libucrt:mbctype.obj
 0003:00021988       ?sbInClearing@?1??ProcessConsoleInput@@YAHHPAU_INPUT_RECORD@@KPAK@Z@4_NA 10050988     ConEmuTh.obj
 0003:000219a4       ?szMenu@?1??GetPluginInfoW1900@@YAXPAX@Z@4PAPA_WA 100509a4     ConEmuTh1900.obj
 0003:000219a8       ?szMenu1@?1??GetPluginInfoW1900@@YAXPAX@Z@4PA_WA 100509a8     ConEmuTh1900.obj
 0003:00021bb0       ?szMenu@?1??GetPluginInfoW2800@@YAXPAX@Z@4PAPA_WA 10050bb0     ConEmuTh2800.obj
 0003:00021bb8       ?szMenu1@?1??GetPluginInfoW2800@@YAXPAX@Z@4PA_WA 10050bb8     ConEmuTh2800.obj
 0003:00021dc0       ?gszRootKeyW995@@3PA_WA    10050dc0     ConEmuTh995.obj
 0003:00021dc4       ?szMenu@?1??GetPluginInfoW995@@YAXPAX@Z@4PAPA_WA 10050dc4     ConEmuTh995.obj
 0003:00021dc8       ?szMenu1@?1??GetPluginInfoW995@@YAXPAX@Z@4PA_WA 10050dc8     ConEmuTh995.obj
 0003:00021fd0       ?gszRootKeyA@@3PA_WA       10050fd0     ConEmuThA.obj
 0003:00021fd4       ?szMenu@?1??GetPluginInfo@@9@4@4PAPADA 10050fd4     ConEmuThA.obj
 0003:00021fd8       ?szMenu1@?1??GetPluginInfo@@9@4@4PADA 10050fd8     ConEmuThA.obj
 0003:000220f4       ?hClass@@3GA               100510f4     Display.obj
 0003:00022104       ?gHeapInit@?A0x8f3601b8@@3U?$atomic@H@std@@A 10051104     common-kernel32:Memory.obj
 0003:00022108       ?gHeapCounter@?A0x8f3601b8@@3U?$atomic@H@std@@A 10051108     common-kernel32:Memory.obj
 0003:00022128       ?szFile@?1??ModuleName@@YAPB_WPB_W@Z@4PA_WA 10051128     common-kernel32:ConEmuCheck.obj
 0003:00022168       ?terminalMode@?1??isTerminalMode@@YA_NXZ@4_NA 10051168     common-kernel32:MProcess.obj
 0003:00022169       ?terminalChecked@?1??isTerminalMode@@YA_NXZ@4_NA 10051169     common-kernel32:MProcess.obj
 0003:00022174       ?gh_UnknownTerminatedThread@@3PAXA 10051174     common-kernel32:WThreads.obj
 0003:00022178       ?g_Threads@@3PAUConEmuThreadInfo@@A 10051178     common-kernel32:WThreads.obj
 0003:0002997c       ?rtlVerifyVersionInfo@?1??_VerifyVersionInfo@@YA_NPAU_OSVERSIONINFOEXW@@K_K@Z@4P6GH0K1@ZA 1005897c     common-kernel32:WObjects.obj
 0003:00029980       ?hasRtl@?1??_VerifyVersionInfo@@YA_NPAU_OSVERSIONINFOEXW@@K_K@Z@4HA 10058980     common-kernel32:WObjects.obj
 0003:00029984       ?ibIsWin7@?1??IsWin7@@YA_NXZ@4HA 10058984     common-kernel32:WObjects.obj
 0003:00029988       ?is64bitOs@?1??IsWindows64@@YA_NXZ@4_NA 10058988     common-kernel32:WObjects.obj
 0003:00029989       ?isOsChecked@?1??IsWindows64@@YA_NXZ@4_NA 10058989     common-kernel32:WObjects.obj
 0003:0002998a       ?gbInTransparentAssert@@3_NA 1005898a     common-user32:RgnDetect.obj
 0003:0002998c       ?__proc_attached@@3HA      1005898c     LIBCMT:dll_dllmain.obj
 0003:00029990       _GS_ExceptionRecord        10058990     LIBCMT:gs_report.obj
 0003:000299e0       _GS_ContextRecord          100589e0     LIBCMT:gs_report.obj
 0003:00029cc8       ?is_initialized_as_dll@@3_NA 10058cc8     LIBCMT:utility.obj
 0003:00029cc9       ?module_local_atexit_table_initialized@@3_NA 10058cc9     LIBCMT:utility.obj
 0003:00029ccc       ?module_local_atexit_table@@3U_onexit_table_t@@A 10058ccc     LIBCMT:utility.obj
 0003:00029cd8       ?module_local_at_quick_exit_table@@3U_onexit_table_t@@A 10058cd8     LIBCMT:utility.obj
 0003:00029cf0       ?__vcrt_startup_thread_ptd@@3U__vcrt_ptd@@A 10058cf0     libvcruntime:per_thread_data.obj
 0003:00029d40       ?heap@@3V_HeapManager@@A   10058d40     libvcruntime:undname.obj
 0003:00029d54       ___vcrt_lock_table         10058d54     libvcruntime:locks.obj
 0003:00029d6c       ___vcrt_locks_initialized  10058d6c     libvcruntime:locks.obj
 0003:00029d70       ?module_handles@@3PAPAUHINSTANCE__@@A 10058d70     libvcruntime:winapi_downlevel.obj
 0003:00029d7c       ?encoded_function_pointers@@3PAPAXA 10058d7c     libvcruntime:winapi_downlevel.obj
 0003:00029d98       ___acrt_invalid_parameter_handler 10058d98     libucrt:invalid_parameter.obj
 0003:00029d9c       _c_termination_complete    10058d9c     libucrt:exit.obj
 0003:00029da0       _thread_local_exit_callback_func 10058da0     libucrt:exit.obj
 0003:00029da4       ?c_exit_complete@?5??common_exit@@YAXHW4_crt_exit_cleanup_mode@@W4_crt_exit_return_mode@@@Z@4_NA 10058da4     libucrt:exit.obj
 0003:00029da8       ?program_name@?5???$common_configure_argv@D@@YAHW4_crt_argv_mode@@@Z@4PADA 10058da8     libucrt:argv_parsing.obj
 0003:00029ee0       _enable_percent_n          10058ee0     libucrt:printf_count_output.obj
 0003:0002a100       ___acrt_lock_table         10059100     libucrt:locks.obj
 0003:0002a238       ___acrt_locks_initialized  10059238     libucrt:locks.obj
 0003:0002a240       _module_handles            10059240     libucrt:winapi_thunks.obj
 0003:0002a290       _encoded_function_pointers 10059290     libucrt:winapi_thunks.obj
 0003:0002a310       ?state_cache@?1??__acrt_is_packaged_app@@9@4JA 10059310     libucrt:winapi_thunks.obj
 0003:0002a32c       _fSystemSet                1005932c     libucrt:mbctype.obj
 0003:0002a330       ?initialized@?1??__acrt_initialize_multibyte@@9@4_NA 10059330     libucrt:mbctype.obj
 0003:0002a350       ___acrt_new_handler        10059350     libucrt:new_handler.obj
 0003:0002a354       _ctrlc_action              10059354     libucrt:signal.obj
 0003:0002a358       _ctrlbreak_action          10059358     libucrt:signal.obj
 0003:0002a35c       _abort_action              1005935c     libucrt:signal.obj
 0003:0002a360       _term_action               10059360     libucrt:signal.obj
 0003:0002a364       _user_matherr              10059364     libucrt:matherr.obj
 0003:0002a368       ___acrt_global_new_mode    10059368     libucrt:new_mode.obj
 0003:0002a374       ___acrt_app_type           10059374     libucrt:report_runtime_error.obj
 0003:0002a37c       __pmatherr_set             1005937c     libucrt:libm_error.obj
 0004:00000130       $R000000                   1005a130     ConEmuTh.res
 0004:00000448       $R000318                   1005a448     ConEmuTh.res
 0004:000014f0       $R0013C0                   1005b4f0     ConEmuTh.res
 0004:00001508       $R0013D8                   1005b508     ConEmuTh.res
