 gdi+

 Timestamp is 613e72b7 (Sun Sep 12 23:35:51 2021)

 Preferred load address is 10000000

 Start         Length     Name                   Class
 0001:00000000 0000ff4dH .text$mn                CODE
 0001:0000ff4d 00000000H .text$x                 CODE
 0002:00000000 00000180H .idata$5                DATA
 0002:00000180 00000004H .00cfg                  DATA
 0002:00000184 00000004H .CRT$XCA                DATA
 0002:00000188 00000004H .CRT$XCZ                DATA
 0002:0000018c 00000004H .CRT$XIA                DATA
 0002:00000190 0000000cH .CRT$XIC                DATA
 0002:0000019c 00000004H .CRT$XIZ                DATA
 0002:000001a0 00000004H .CRT$XPA                DATA
 0002:000001a4 00000008H .CRT$XPX                DATA
 0002:000001ac 00000004H .CRT$XPXA               DATA
 0002:000001b0 00000004H .CRT$XPZ                DATA
 0002:000001b4 00000004H .CRT$XTA                DATA
 0002:000001b8 00000008H .CRT$XTZ                DATA
 0002:000001bc 00000000H .gfids$x                DATA
 0002:000001bc 00000000H .gfids$y                DATA
 0002:000001c0 000057c0H .rdata                  DATA
 0002:00005978 00000000H .rdata$r                DATA
 0002:00005980 0000000cH .rdata$sxdata           DATA
 0002:0000598c 000002e4H .rdata$zzzdbg           DATA
 0002:00005c70 00000004H .rtc$IAA                DATA
 0002:00005c74 00000004H .rtc$IZZ                DATA
 0002:00005c78 00000004H .rtc$TAA                DATA
 0002:00005c7c 00000004H .rtc$TZZ                DATA
 0002:00005c80 000003b0H .xdata$x                DATA
 0002:00006030 00000094H .edata                  DATA
 0002:000060c4 00000050H .idata$2                DATA
 0002:00006114 00000014H .idata$3                DATA
 0002:00006128 00000180H .idata$4                DATA
 0002:000062a8 00000686H .idata$6                DATA
 0003:00000000 00000770H .data                   DATA
 0003:00000770 00000000H .data$r                 DATA
 0003:00000770 00008228H .bss                    DATA
 0004:00000000 000000a0H .rsrc$01                DATA
 0004:000000a0 00000490H .rsrc$02                DATA

  Address         Publics by Value              Rva+Base       Lib:Object

 0000:00000000       ___guard_longjmp_count     00000000     <absolute>
 0000:00000000       ___guard_iat_count         00000000     <absolute>
 0000:00000000       __except_list              00000000     <absolute>
 0000:00000000       ___guard_fids_count        00000000     <absolute>
 0000:00000000       ___guard_longjmp_table     00000000     <absolute>
 0000:00000000       ___hybrid_code_map_count   00000000     <absolute>
 0000:00000000       ___hybrid_auxiliary_iat    00000000     <absolute>
 0000:00000000       ___dynamic_value_reloc_table 00000000     <absolute>
 0000:00000000       ___guard_fids_table        00000000     <absolute>
 0000:00000000       ___volatile_metadata       00000000     <absolute>
 0000:00000000       ___guard_iat_table         00000000     <absolute>
 0000:00000000       ___enclave_config          00000000     <absolute>
 0000:00000000       ___hybrid_code_map         00000000     <absolute>
 0000:00000003       ___safe_se_handler_count   00000003     <absolute>
 0000:00000100       ___guard_flags             00000100     <absolute>
 0000:00000000       ___ImageBase               10000000     <linker-defined>
 0001:00000000       ?CET_Cancel@@YGXPAX@Z      10001000 f   gdip.obj
 0001:0000001d       ?CET_Done@@YGXPAUCET_Init@@@Z 1000101d f   gdip.obj
 0001:00000044       ?CET_Free@@YGXPAUCET_LoadInfo@@@Z 10001044 f   gdip.obj
 0001:000000a0       ?CET_Init@@YGHPAU0@@Z      100010a0 f   gdip.obj
 0001:00000111       ?CET_Load@@YGHPAUCET_LoadInfo@@@Z 10001111 f   gdip.obj
 0001:00000384       ?CalculateShowSize@GDIPlusImage@@QAEXAAH0000@Z 10001384 f i gdip.obj
 0001:0000056f       ?Close@GDIPlusData@@QAEXXZ 1000156f f i gdip.obj
 0001:000005ae       ?Close@GDIPlusDecoder@@QAEXXZ 100015ae f i gdip.obj
 0001:0000064f       ?Close@GDIPlusImage@@QAEXXZ 1000164f f i gdip.obj
 0001:000006ab       ?DrawImageAbortCallback@GDIPlusImage@@SGHPAUGDIPlusDecoder@@@Z 100016ab f i gdip.obj
 0001:000006c0       ?FreeThreadProc@GDIPlusDecoder@@SGKPAX@Z 100016c0 f i gdip.obj
 0001:000006df       ?GetExifTagValueAsInt@GDIPlusImage@@QAE_NKAAH@Z 100016df f i gdip.obj
 0001:00000787       ?GetPageBits@GDIPlusImage@@QAE_NPAUCET_LoadInfo@@@Z 10001787 f i gdip.obj
 0001:00000b89       ?Init@GDIPlusDecoder@@QAE_NPAUCET_Init@@@Z 10001b89 f i gdip.obj
 0001:00000d94       ?Open@GDIPlusImage@@QAE_N_NPB_WPBE_JU_COORD@@@Z 10001d94 f i gdip.obj
 0001:000010b8       ?OpenBitmapFromFile@GDIPlusImage@@QAEPAVGpImage@Gdiplus@@PB_WU_COORD@@@Z 100020b8 f i gdip.obj
 0001:000010fe       ?SelectPage@GDIPlusImage@@QAE_NI@Z 100020fe f i gdip.obj
 0001:0000119f       ??2@YAPAXI@Z               1000219f f   common-kernel32:Memory.obj
 0001:000011c0       ??3@YAXPAX@Z               100021c0 f   common-kernel32:Memory.obj
 0001:000011c0       ??_V@YAXPAX@Z              100021c0 f   common-kernel32:Memory.obj
 0001:000011c5       ??_U@YAPAXI@Z              100021c5 f   common-kernel32:Memory.obj
 0001:000011ce       ?HeapDeinitialize@@YAXXZ   100021ce f   common-kernel32:Memory.obj
 0001:00001224       ?HeapInitialize@@YA_NXZ    10002224 f   common-kernel32:Memory.obj
 0001:00001252       ?xf_free@@YAXPAX@Z         10002252 f   common-kernel32:Memory.obj
 0001:00001292       ?xf_malloc@@YAPAXI@Z       10002292 f   common-kernel32:Memory.obj
 0001:000012b8       ??$sprintf_c@$0CI@@@YAHAAY0CI@DPBDZZ 100022b8 f i common-kernel32:WThreads.obj
 0001:000012ce       ?SetThreadName@@YAXKPAD@Z  100022ce f   common-kernel32:WThreads.obj
 0001:00001327       ?StringCchVPrintfA@@YGJPADIPBD0@Z 10002327 f i common-kernel32:WThreads.obj
 0001:0000137c       ?apiCreateThread@@YAPAXP6GKPAX@Z0PAKPBDH@Z 1000237c f   common-kernel32:WThreads.obj
 0001:00001474       ?apiTerminateThreadEx@@YAHPAXKPBDH@Z 10002474 f   common-kernel32:WThreads.obj
 0001:00001548       ?apiThreadHelper@@YGKPAX@Z 10002548 f   common-kernel32:WThreads.obj
 0001:000016d4       ___local_stdio_printf_options 100026d4 f i common-kernel32:WThreads.obj
 0001:000016da       __vsnprintf_l              100026da f i common-kernel32:WThreads.obj
 0001:0000170c       ?sprintf_c@@YAHPADHPBDZZ   1000270c f   common-kernel32:MStrSafe.obj
 0001:0000172f       ___raise_securityfailure   1000272f f   LIBCMT:gs_report.obj
 0001:00001757       ___report_gsfailure        10002757 f   LIBCMT:gs_report.obj
 0001:00001850       ___report_rangecheckfailure 10002850 f   LIBCMT:gs_report.obj
 0001:0000185c       ___report_securityfailure  1000285c f   LIBCMT:gs_report.obj
 0001:0000192a       @__security_check_cookie@4 1000292a f   LIBCMT:secchk.obj
 0001:00001940       __alldiv                   10002940 f   LIBCMT:lldiv.obj
 0001:000019f0       __allmul                   100029f0 f   LIBCMT:llmul.obj
 0001:00001a30       __aulldiv                  10002a30 f   LIBCMT:ulldiv.obj
 0001:00001db8       __DllMainCRTStartup@12     10002db8 f   LIBCMT:dll_dllmain.obj
 0001:00001ddb       ??3@YAXPAXI@Z              10002ddb f   LIBCMT:delete_scalar_size.obj
 0001:00001df0       __SEH_prolog4              10002df0 f   LIBCMT:sehprolg4.obj
 0001:00001e36       __SEH_epilog4              10002e36 f   LIBCMT:sehprolg4.obj
 0001:00001e98       ___security_init_cookie    10002e98 f   LIBCMT:gs_support.obj
 0001:00001ee3       _DllMain@12                10002ee3 f   LIBCMT:dll_dllmain_stub.obj
 0001:00001ee9       ?__scrt_initialize_type_info@@YAXXZ 10002ee9 f   LIBCMT:tncleanup.obj
 0001:00001ef5       ?__scrt_uninitialize_type_info@@YAXXZ 10002ef5 f   LIBCMT:tncleanup.obj
 0001:00001f01       ___local_stdio_scanf_options 10002f01 f i LIBCMT:default_local_stdio_options.obj
 0001:00001f07       ___scrt_initialize_default_local_stdio_options 10002f07 f   LIBCMT:default_local_stdio_options.obj
 0001:00001f68       ___scrt_acquire_startup_lock 10002f68 f   LIBCMT:utility.obj
 0001:00001f9a       ___scrt_dllmain_after_initialize_c 10002f9a f   LIBCMT:utility.obj
 0001:00001fc5       ___scrt_dllmain_before_initialize_c 10002fc5 f   LIBCMT:utility.obj
 0001:00001fd3       ___scrt_dllmain_crt_thread_attach 10002fd3 f   LIBCMT:utility.obj
 0001:00001ff2       ___scrt_dllmain_crt_thread_detach 10002ff2 f   LIBCMT:utility.obj
 0001:00001fff       ___scrt_dllmain_exception_filter 10002fff f   LIBCMT:utility.obj
 0001:00002033       ___scrt_dllmain_uninitialize_c 10003033 f   LIBCMT:utility.obj
 0001:00002056       ___scrt_dllmain_uninitialize_critical 10003056 f   LIBCMT:utility.obj
 0001:00002063       ___scrt_initialize_crt     10003063 f   LIBCMT:utility.obj
 0001:0000209c       ___scrt_initialize_onexit_tables 1000309c f   LIBCMT:utility.obj
 0001:00002141       ___scrt_is_nonwritable_in_current_image 10003141 f   LIBCMT:utility.obj
 0001:000021d5       ___scrt_release_startup_lock 100031d5 f   LIBCMT:utility.obj
 0001:000021f2       ___scrt_uninitialize_crt   100031f2 f   LIBCMT:utility.obj
 0001:0000221a       ___scrt_get_dyn_tls_init_callback 1000321a f   LIBCMT:dyn_tls_init.obj
 0001:00002220       ___scrt_fastfail           10003220 f   LIBCMT:utility_desktop.obj
 0001:0000233a       __crt_debugger_hook        1000333a f   LIBCMT:utility_desktop.obj
 0001:00002342       __RTC_Initialize           10003342 f   LIBCMT:initsect.obj
 0001:0000236e       __RTC_Terminate            1000336e f   LIBCMT:initsect.obj
 0001:0000239a       @_guard_check_icall_nop@4  1000339a f i LIBCMT:guard_support.obj
 0001:0000239b       ___isa_available_init      1000339b f   LIBCMT:cpu_disp.obj
 0001:00002532       __get_startup_argv_mode    10003532 f   LIBCMT:argv_mode.obj
 0001:00002536       ___scrt_is_ucrt_dll_in_use 10003536 f   LIBCMT:ucrt_detection.obj
 0001:00002542       _wcsrchr                   10003542 f   libvcruntime:wcsrchr.obj
 0001:000025f0       _strchr                    100035f0 f   libvcruntime:strchr.obj
 0001:0000265e       ___from_strstr_to_strchr   1000365e     libvcruntime:strchr.obj
 0001:00002720       _strrchr                   10003720 f   libvcruntime:strrchr.obj
 0001:000028a0       __except_handler4          100038a0 f   libvcruntime:chandler4.obj
 0001:00002a00       _memset                    10003a00 f   libvcruntime:memset.obj
 0001:00002b60       _memmove                   10003b60 f   libvcruntime:memmove.obj
 0001:000030d4       ___std_type_info_destroy_list 100040d4 f   libvcruntime:std_type_info.obj
 0001:000030f7       ___vcrt_initialize         100040f7 f   libvcruntime:initialization.obj
 0001:00003120       ___vcrt_thread_attach      10004120 f   libvcruntime:initialization.obj
 0001:0000312b       ___vcrt_thread_detach      1000412b f   libvcruntime:initialization.obj
 0001:00003136       ___vcrt_uninitialize       10004136 f   libvcruntime:initialization.obj
 0001:00003155       ___vcrt_uninitialize_critical 10004155 f   libvcruntime:initialization.obj
 0001:00003160       __local_unwind4            10004160 f   libvcruntime:exsup4.obj
 0001:00003238       __seh_longjmp_unwind4@4    10004238 f   libvcruntime:exsup4.obj
 0001:00003260       @_EH4_CallFilterFunc@8     10004260 f   libvcruntime:exsup4.obj
 0001:00003278       @_EH4_TransferToHandler@8  10004278 f   libvcruntime:exsup4.obj
 0001:00003294       @_EH4_GlobalUnwind2@8      10004294 f   libvcruntime:exsup4.obj
 0001:000032b0       @_EH4_LocalUnwind@16       100042b0 f   libvcruntime:exsup4.obj
 0001:000032c7       ___except_validate_context_record 100042c7 f   libvcruntime:jbcxrval.obj
 0001:000032f7       ___except_validate_jump_buffer 100042f7 f   libvcruntime:jbcxrval.obj
 0001:00003324       ___vcrt_freefls@4          10004324 f   libvcruntime:per_thread_data.obj
 0001:00003340       ___vcrt_freeptd            10004340 f   libvcruntime:per_thread_data.obj
 0001:00003376       ___vcrt_getptd_noexit      10004376 f   libvcruntime:per_thread_data.obj
 0001:00003408       ___vcrt_initialize_ptd     10004408 f   libvcruntime:per_thread_data.obj
 0001:0000343b       ___vcrt_uninitialize_ptd   1000443b f   libvcruntime:per_thread_data.obj
 0001:00003456       ___vcrt_initialize_locks   10004456 f   libvcruntime:locks.obj
 0001:00003492       ___vcrt_uninitialize_locks 10004492 f   libvcruntime:locks.obj
 0001:000034c1       ??$__crt_fast_encode_pointer@PAX@@YAPAXQAX@Z 100044c1 f i libvcruntime:winapi_downlevel.obj
 0001:00003611       ___vcrt_FlsAlloc           10004611 f   libvcruntime:winapi_downlevel.obj
 0001:0000364c       ___vcrt_FlsFree            1000464c f   libvcruntime:winapi_downlevel.obj
 0001:00003687       ___vcrt_FlsGetValue        10004687 f   libvcruntime:winapi_downlevel.obj
 0001:000036c2       ___vcrt_FlsSetValue        100046c2 f   libvcruntime:winapi_downlevel.obj
 0001:00003700       ___vcrt_InitializeCriticalSectionEx 10004700 f   libvcruntime:winapi_downlevel.obj
 0001:00003747       ___vcrt_initialize_winapi_thunks 10004747 f   libvcruntime:winapi_downlevel.obj
 0001:00003770       ___vcrt_uninitialize_winapi_thunks 10004770 f   libvcruntime:winapi_downlevel.obj
 0001:000037a2       ___vcrt_initialize_pure_virtual_call_handler 100047a2 f   libvcruntime:purevirt_data.obj
 0001:000037b0       __global_unwind2           100047b0 f   libvcruntime:exsup.obj
 0001:00003816       __local_unwind2            10004816 f   libvcruntime:exsup.obj
 0001:0000389a       __abnormal_termination     1000489a f   libvcruntime:exsup.obj
 0001:000038c0       __NLG_Notify1              100048c0 f   libvcruntime:exsup.obj
 0001:000038cc       __NLG_Notify               100048cc f   libvcruntime:exsup.obj
 0001:000038e3       __NLG_Dispatch2            100048e3     libvcruntime:exsup.obj
 0001:000038e3       __NLG_Dispatch             100048e3     libvcruntime:exsup.obj
 0001:000038eb       __NLG_Call                 100048eb f   libvcruntime:exsup.obj
 0001:000038ed       __NLG_Return2              100048ed     libvcruntime:exsup.obj
 0001:000038f0       _memcpy                    100048f0 f   libvcruntime:memcpy.obj
 0001:00003e70       __CallSettingFrame@12      10004e70 f   libvcruntime:lowhelpr.obj
 0001:00003e97       __NLG_Return               10004e97     libvcruntime:lowhelpr.obj
 0001:00003ebc       ___DestructExceptionObject 10004ebc f   libvcruntime:ehhelpers.obj
 0001:00003f5c       ?_CallMemberFunction0@@YGXQAX0@Z 10004f5c f i libvcruntime:ehhelpers.obj
 0001:000040e5       ??$count@D@formatting_buffer@__crt_stdio_output@@QBEIXZ 100050e5 f i libucrt:output.obj
 0001:000040fd       ??$ensure_buffer_is_big_enough@D@formatting_buffer@__crt_stdio_output@@QAE_NI@Z 100050fd f i libucrt:output.obj
 0001:00004183       ??$is_wide_character_specifier@D@__crt_stdio_output@@YA_N_KDW4length_modifier@0@@Z 10005183 f i libucrt:output.obj
 0001:000041c3       ??$scratch_data@D@formatting_buffer@__crt_stdio_output@@QAEPADXZ 100051c3 f i libucrt:output.obj
 0001:000041e1       ??$type_case_integer_parse_into_buffer@I@?$output_processor@DV?$string_output_adapter@D@__crt_stdio_output@@V?$standard_base@DV?$string_output_adapter@D@__crt_stdio_output@@@2@@__crt_stdio_output@@AAEXII_N@Z 100051e1 f i libucrt:output.obj
 0001:00004256       ??$type_case_integer_parse_into_buffer@_K@?$output_processor@DV?$string_output_adapter@D@__crt_stdio_output@@V?$standard_base@DV?$string_output_adapter@D@__crt_stdio_output@@@2@@__crt_stdio_output@@AAEX_KI_N@Z 10005256 f i libucrt:output.obj
 0001:000042de       ??$write_multiple_characters@V?$string_output_adapter@D@__crt_stdio_output@@D@__crt_stdio_output@@YAXABV?$string_output_adapter@D@0@DHQAH@Z 100052de f i libucrt:output.obj
 0001:0000430a       ??0?$common_data@D@__crt_stdio_output@@IAE@XZ 1000530a f i libucrt:output.obj
 0001:00004351       ??0?$output_adapter_data@DV?$string_output_adapter@D@__crt_stdio_output@@@__crt_stdio_output@@IAE@ABV?$string_output_adapter@D@1@_KQBDQAU__crt_locale_pointers@@QAD@Z 10005351 f i libucrt:output.obj
 0001:0000438d       ??0?$output_processor@DV?$string_output_adapter@D@__crt_stdio_output@@V?$standard_base@DV?$string_output_adapter@D@__crt_stdio_output@@@2@@__crt_stdio_output@@QAE@ABV?$string_output_adapter@D@1@_KQBDQAU__crt_locale_pointers@@QAD@Z 1000538d f i libucrt:output.obj
 0001:000043c2       ??0_LocaleUpdate@@QAE@QAU__crt_locale_pointers@@@Z 100053c2 f i libucrt:output.obj
 0001:00004445       ??1formatting_buffer@__crt_stdio_output@@QAE@XZ 10005445 f i libucrt:output.obj
 0001:0000445f       ??4?$__crt_unique_heap_ptr@DU__crt_internal_free_policy@@@@QAEAAV0@$$QAV0@@Z 1000545f f i libucrt:output.obj
 0001:00004483       ?crop_zeroes@__crt_stdio_output@@YAXPADQAU__crt_locale_pointers@@@Z 10005483 f i libucrt:output.obj
 0001:000044da       ?find_next_state@?$output_processor@DV?$string_output_adapter@D@__crt_stdio_output@@V?$standard_base@DV?$string_output_adapter@D@__crt_stdio_output@@@2@@__crt_stdio_output@@ABE?AW4state@2@DW432@@Z 100054da f i libucrt:output.obj
 0001:0000450c       ?force_decimal_point@__crt_stdio_output@@YAXPADQAU__crt_locale_pointers@@@Z 1000550c f i libucrt:output.obj
 0001:00004568       ?parse_int_from_format_string@?$output_processor@DV?$string_output_adapter@D@__crt_stdio_output@@V?$standard_base@DV?$string_output_adapter@D@__crt_stdio_output@@@2@@__crt_stdio_output@@AAE_NQAH@Z 10005568 f i libucrt:output.obj
 0001:000045c4       ?process@?$output_processor@DV?$string_output_adapter@D@__crt_stdio_output@@V?$standard_base@DV?$string_output_adapter@D@__crt_stdio_output@@@2@@__crt_stdio_output@@QAEHXZ 100055c4 f i libucrt:output.obj
 0001:000046e0       ?state_case_flag@?$output_processor@DV?$string_output_adapter@D@__crt_stdio_output@@V?$standard_base@DV?$string_output_adapter@D@__crt_stdio_output@@@2@@__crt_stdio_output@@AAE_NXZ 100056e0 f i libucrt:output.obj
 0001:0000471d       ?state_case_normal@?$output_processor@DV?$string_output_adapter@D@__crt_stdio_output@@V?$standard_base@DV?$string_output_adapter@D@__crt_stdio_output@@@2@@__crt_stdio_output@@AAE_NXZ 1000571d f i libucrt:output.obj
 0001:0000473c       ?state_case_normal_common@?$output_processor@DV?$string_output_adapter@D@__crt_stdio_output@@V?$standard_base@DV?$string_output_adapter@D@__crt_stdio_output@@@2@@__crt_stdio_output@@AAE_NXZ 1000573c f i libucrt:output.obj
 0001:00004766       ?state_case_normal_tchar@?$output_processor@DV?$string_output_adapter@D@__crt_stdio_output@@V?$standard_base@DV?$string_output_adapter@D@__crt_stdio_output@@@2@@__crt_stdio_output@@AAE_ND@Z 10005766 f i libucrt:output.obj
 0001:000047c7       ?state_case_precision@?$output_processor@DV?$string_output_adapter@D@__crt_stdio_output@@V?$standard_base@DV?$string_output_adapter@D@__crt_stdio_output@@@2@@__crt_stdio_output@@AAE_NXZ 100057c7 f i libucrt:output.obj
 0001:000047ef       ?state_case_size@?$output_processor@DV?$string_output_adapter@D@__crt_stdio_output@@V?$standard_base@DV?$string_output_adapter@D@__crt_stdio_output@@@2@@__crt_stdio_output@@AAE_NXZ 100057ef f i libucrt:output.obj
 0001:00004958       ?state_case_type@?$output_processor@DV?$string_output_adapter@D@__crt_stdio_output@@V?$standard_base@DV?$string_output_adapter@D@__crt_stdio_output@@@2@@__crt_stdio_output@@AAE_NXZ 10005958 f i libucrt:output.obj
 0001:00004b87       ?state_case_width@?$output_processor@DV?$string_output_adapter@D@__crt_stdio_output@@V?$standard_base@DV?$string_output_adapter@D@__crt_stdio_output@@@2@@__crt_stdio_output@@AAE_NXZ 10005b87 f i libucrt:output.obj
 0001:00004bb2       ?to_integer_size@__crt_stdio_output@@YAIW4length_modifier@1@@Z 10005bb2 f i libucrt:output.obj
 0001:00004c0e       ?type_case_Z@?$output_processor@DV?$string_output_adapter@D@__crt_stdio_output@@V?$standard_base@DV?$string_output_adapter@D@__crt_stdio_output@@@2@@__crt_stdio_output@@AAE_NXZ 10005c0e f i libucrt:output.obj
 0001:00004c71       ?type_case_a@?$output_processor@DV?$string_output_adapter@D@__crt_stdio_output@@V?$standard_base@DV?$string_output_adapter@D@__crt_stdio_output@@@2@@__crt_stdio_output@@AAE_NXZ 10005c71 f i libucrt:output.obj
 0001:00004dcb       ?type_case_c_tchar@?$output_processor@DV?$string_output_adapter@D@__crt_stdio_output@@V?$standard_base@DV?$string_output_adapter@D@__crt_stdio_output@@@2@@__crt_stdio_output@@AAE_ND@Z 10005dcb f i libucrt:output.obj
 0001:00004e5b       ?type_case_integer@?$output_processor@DV?$string_output_adapter@D@__crt_stdio_output@@V?$standard_base@DV?$string_output_adapter@D@__crt_stdio_output@@@2@@__crt_stdio_output@@AAE_NI_N@Z 10005e5b f i libucrt:output.obj
 0001:00004fa5       ?type_case_n@?$output_processor@DV?$string_output_adapter@D@__crt_stdio_output@@V?$standard_base@DV?$string_output_adapter@D@__crt_stdio_output@@@2@@__crt_stdio_output@@AAE_NXZ 10005fa5 f i libucrt:output.obj
 0001:00005019       ?type_case_o@?$output_processor@DV?$string_output_adapter@D@__crt_stdio_output@@V?$standard_base@DV?$string_output_adapter@D@__crt_stdio_output@@@2@@__crt_stdio_output@@AAE_NXZ 10006019 f i libucrt:output.obj
 0001:00005038       ?type_case_p@?$output_processor@DV?$string_output_adapter@D@__crt_stdio_output@@V?$standard_base@DV?$string_output_adapter@D@__crt_stdio_output@@@2@@__crt_stdio_output@@AAE_NXZ 10006038 f i libucrt:output.obj
 0001:00005050       ?type_case_s@?$output_processor@DV?$string_output_adapter@D@__crt_stdio_output@@V?$standard_base@DV?$string_output_adapter@D@__crt_stdio_output@@@2@@__crt_stdio_output@@AAE_NXZ 10006050 f i libucrt:output.obj
 0001:000050c3       ?validate@?$string_output_adapter@D@__crt_stdio_output@@QBE_NXZ 100060c3 f i libucrt:output.obj
 0001:000050c3       ?validate@?$c_string_character_source@D@__crt_strtox@@QBE_NXZ 100060c3 f i libucrt:atox.obj
 0001:000050de       ?write_character@?$string_output_adapter@D@__crt_stdio_output@@QBE_NDQAH@Z 100060de f i libucrt:output.obj
 0001:00005120       ?write_stored_string_tchar@?$output_processor@DV?$string_output_adapter@D@__crt_stdio_output@@V?$standard_base@DV?$string_output_adapter@D@__crt_stdio_output@@@2@@__crt_stdio_output@@AAE_ND@Z 10006120 f i libucrt:output.obj
 0001:000051c7       ?write_string@?$string_output_adapter@D@__crt_stdio_output@@QBEXQBDHQAH1@Z 100061c7 f i libucrt:output.obj
 0001:0000525a       ___stdio_common_vsprintf   1000625a f   libucrt:output.obj
 0001:0000527e       _wcsncmp                   1000627e f   libucrt:wcsncmp.obj
 0001:000052b8       ?initialize@?$dual_state_global@P6AXPB_W00II@Z@__crt_state_management@@QAEXQ6AXPB_W00II@Z@Z 100062b8 f i libucrt:invalid_parameter.obj
 0001:000052b8       ?initialize@?$dual_state_global@PAU__crt_locale_data@@@__crt_state_management@@QAEXQAU__crt_locale_data@@@Z 100062b8 f i libucrt:initialization.obj
 0001:000052b8       ?initialize@?$dual_state_global@P6AHI@Z@__crt_state_management@@QAEXQ6AHI@Z@Z 100062b8 f i libucrt:new_handler.obj
 0001:000052b8       ?initialize@?$dual_state_global@P6AHPAU_exception@@@Z@__crt_state_management@@QAEXQ6AHPAU_exception@@@Z@Z 100062b8 f i libucrt:matherr.obj
 0001:000052b8       ?initialize@?$dual_state_global@PAPAD@__crt_state_management@@QAEXQAPAD@Z 100062b8 f i libucrt:environment_initialization.obj
 0001:000052b8       ?initialize@?$dual_state_global@P6AXH@Z@__crt_state_management@@QAEXQ6AXH@Z@Z 100062b8 f i libucrt:signal.obj
 0001:000052e9       ___acrt_call_reportfault   100062e9 f   libucrt:invalid_parameter.obj
 0001:00005424       ___acrt_initialize_invalid_parameter_handler 10006424 f   libucrt:invalid_parameter.obj
 0001:00005438       __invalid_parameter        10006438 f   libucrt:invalid_parameter.obj
 0001:000054b3       __invalid_parameter_noinfo 100064b3 f   libucrt:invalid_parameter.obj
 0001:000054c3       __invoke_watson            100064c3 f   libucrt:invalid_parameter.obj
 0001:000054f6       __initterm                 100064f6 f   libucrt:initterm.obj
 0001:00005552       __initterm_e               10006552 f   libucrt:initterm.obj
 0001:00005597       __seh_filter_dll           10006597 f   libucrt:exception_filter.obj
 0001:000055b7       __seh_filter_exe           100065b7 f   libucrt:exception_filter.obj
 0001:00005945       ___acrt_initialize_thread_local_exit_callback 10006945 f   libucrt:exit.obj
 0001:00005954       __cexit                    10006954 f   libucrt:exit.obj
 0001:00005963       __exit                     10006963 f   libucrt:exit.obj
 0001:00005979       __is_c_termination_complete 10006979 f   libucrt:exit.obj
 0001:00005c18       ___acrt_allocate_buffer_for_argv 10006c18 f   libucrt:argv_parsing.obj
 0001:00005c6d       __configure_narrow_argv    10006c6d f   libucrt:argv_parsing.obj
 0001:00005dd1       ??$uninitialize@A6AXAAPAPAD@Z@?$dual_state_global@PAPAD@__crt_state_management@@QAEXA6AXAAPAPAD@Z@Z 10006dd1 f i libucrt:environment_initialization.obj
 0001:00005dd1       ??$uninitialize@A6AXAAPAPA_W@Z@?$dual_state_global@PAPA_W@__crt_state_management@@QAEXA6AXAAPAPA_W@Z@Z 10006dd1 f i libucrt:environment_initialization.obj
 0001:00005e47       ___dcrt_uninitialize_environments_nolock 10006e47 f   libucrt:environment_initialization.obj
 0001:00005e7e       __initialize_narrow_environment 10006e7e f   libucrt:environment_initialization.obj
 0001:00005e83       ??$?RV<lambda_995298e7d72eb4c2aab26c0585b3abe5>@@AAV<lambda_275893d493268fdec8709772e3fcec0e>@@V<lambda_293819299cbf9a7022e18b56a874bb5c>@@@?$__crt_seh_guarded_call@H@@QAEH$$QAV<lambda_995298e7d72eb4c2aab26c0585b3abe5>@@AAV<lambda_275893d493268fdec8709772e3fcec0e>@@$$QAV<lambda_293819299cbf9a7022e18b56a874bb5c>@@@Z 10006e83 f i libucrt:onexit.obj
 0001:00005ed4       ??$__acrt_lock_and_call@V<lambda_275893d493268fdec8709772e3fcec0e>@@@@YAHW4__acrt_lock_id@@$$QAV<lambda_275893d493268fdec8709772e3fcec0e>@@@Z 10006ed4 f i libucrt:onexit.obj
 0001:0000601c       __execute_onexit_table     1000701c f   libucrt:onexit.obj
 0001:00006039       __initialize_onexit_table  10007039 f   libucrt:onexit.obj
 0001:000060a2       ___acrt_uninitialize_command_line 100070a2 f   libucrt:argv_data.obj
 0001:0000616a       ___acrt_initialize         1000716a f   libucrt:initialization.obj
 0001:0000617c       ___acrt_thread_attach      1000717c f   libucrt:initialization.obj
 0001:00006187       ___acrt_thread_detach      10007187 f   libucrt:initialization.obj
 0001:0000618f       ___acrt_uninitialize       1000718f f   libucrt:initialization.obj
 0001:000061a1       ___acrt_uninitialize_critical 100071a1 f   libucrt:initialization.obj
 0001:000061b3       _terminate                 100071b3 f   libucrt:terminate.obj
 0001:000061ef       _free                      100071ef f   libucrt:free.obj
 0001:000061f4       _strcpy_s                  100071f4 f   libucrt:strcpy_s.obj
 0001:0000624e       ??$is_overflow_condition@K@__crt_strtox@@YA_NIK@Z 1000724e f i libucrt:atox.obj
 0001:00006281       ??$parse_integer@KV?$c_string_character_source@D@__crt_strtox@@@__crt_strtox@@YAKQAU__crt_locale_pointers@@V?$c_string_character_source@D@0@H_N@Z 10007281 f i libucrt:atox.obj
 0001:000064a9       ?unget@?$c_string_character_source@D@__crt_strtox@@QAEXD@Z 100074a9 f i libucrt:atox.obj
 0001:000064d1       __chvalidchk_l             100074d1 f i libucrt:atox.obj
 0001:000064fb       __ischartype_l             100074fb f i libucrt:atox.obj
 0001:00006530       _strncmp                   10007530 f   libucrt:strncmp.obj
 0001:000065a8       _abort                     100075a8 f   libucrt:abort.obj
 0001:000065eb       _calloc                    100075eb f   libucrt:calloc.obj
 0001:000065f6       __isdigit_l                100075f6 f i libucrt:_ctype.obj
 0001:0000662e       _isdigit                   1000762e f i libucrt:_ctype.obj
 0001:000067c2       __tolower_l                100077c2 f   libucrt:tolower_toupper.obj
 0001:000067dc       _tolower                   100077dc f   libucrt:tolower_toupper.obj
 0001:0000680c       ___acrt_errno_from_os_error 1000780c f   libucrt:errno.obj
 0001:0000684f       ___acrt_errno_map_os_error 1000784f f   libucrt:errno.obj
 0001:00006872       ___doserrno                10007872 f   libucrt:errno.obj
 0001:00006885       __errno                    10007885 f   libucrt:errno.obj
 0001:00006898       __free_base                10007898 f   libucrt:free_base.obj
 0001:000068d2       __malloc_base              100078d2 f   libucrt:malloc_base.obj
 0001:00006920       ??$make_c_string_character_source@DPAPAD@__crt_strtox@@YA?AV?$c_string_character_source@D@0@QBDQAPAD@Z 10007920 f i libucrt:strtox.obj
 0001:0000693b       _strtol                    1000793b f   libucrt:strtox.obj
 0001:00006967       __mbtowc_l                 10007967 f   libucrt:mbtowc.obj
 0001:00006a61       _mbtowc                    10007a61 f   libucrt:mbtowc.obj
 0001:00006a7b       __wctomb_s_l               10007a7b f   libucrt:wctomb.obj
 0001:00006b9c       _wctomb_s                  10007b9c f   libucrt:wctomb.obj
 0001:00006bb9       _strnlen                   10007bb9 f   libucrt:strnlen.obj
 0001:00006ce0       _wcsnlen                   10007ce0 f   libucrt:strnlen.obj
 0001:00006e97       ??$?RV<lambda_3518db117f0e7cdb002338c5d3c47b6c>@@AAV<lambda_b2ea41f6bbb362cd97d94c6828d90b61>@@V<lambda_abdedf541bb04549bc734292b4a045d4>@@@?$__crt_seh_guarded_call@X@@QAEX$$QAV<lambda_3518db117f0e7cdb002338c5d3c47b6c>@@AAV<lambda_b2ea41f6bbb362cd97d94c6828d90b61>@@$$QAV<lambda_abdedf541bb04549bc734292b4a045d4>@@@Z 10007e97 f i libucrt:per_thread_data.obj
 0001:00006ee7       ??$?RV<lambda_51b6e8b1eb166f2a3faf91f424b38130>@@AAV<lambda_6250bd4b2a391816dd638c3bf72b0bcb>@@V<lambda_0b5a4a3e68152e1d9b943535f5f47bed>@@@?$__crt_seh_guarded_call@X@@QAEX$$QAV<lambda_51b6e8b1eb166f2a3faf91f424b38130>@@AAV<lambda_6250bd4b2a391816dd638c3bf72b0bcb>@@$$QAV<lambda_0b5a4a3e68152e1d9b943535f5f47bed>@@@Z 10007ee7 f i libucrt:per_thread_data.obj
 0001:00006f48       ??$?RV<lambda_5b71d36f03204c0beab531769a5b5694>@@AAV<lambda_be2b3da3f62db62e9dad5dc70221a656>@@V<lambda_8f9ce462984622f9bf76b59e2aaaf805>@@@?$__crt_seh_guarded_call@X@@QAEX$$QAV<lambda_5b71d36f03204c0beab531769a5b5694>@@AAV<lambda_be2b3da3f62db62e9dad5dc70221a656>@@$$QAV<lambda_8f9ce462984622f9bf76b59e2aaaf805>@@@Z 10007f48 f i libucrt:per_thread_data.obj
 0001:00006f93       ??$?RV<lambda_9df27f884b057bc3edfc946cb5b7cf47>@@AAV<lambda_e69574bed617af4e071282c136b37893>@@V<lambda_cc0d902bcbbeb830f749456577db4721>@@@?$__crt_seh_guarded_call@X@@QAEX$$QAV<lambda_9df27f884b057bc3edfc946cb5b7cf47>@@AAV<lambda_e69574bed617af4e071282c136b37893>@@$$QAV<lambda_cc0d902bcbbeb830f749456577db4721>@@@Z 10007f93 f i libucrt:per_thread_data.obj
 0001:00006fdb       ??$__acrt_lock_and_call@V<lambda_6250bd4b2a391816dd638c3bf72b0bcb>@@@@YAXW4__acrt_lock_id@@$$QAV<lambda_6250bd4b2a391816dd638c3bf72b0bcb>@@@Z 10007fdb f i libucrt:per_thread_data.obj
 0001:00007003       ??$__acrt_lock_and_call@V<lambda_b2ea41f6bbb362cd97d94c6828d90b61>@@@@YAXW4__acrt_lock_id@@$$QAV<lambda_b2ea41f6bbb362cd97d94c6828d90b61>@@@Z 10008003 f i libucrt:per_thread_data.obj
 0001:0000702b       ??$__acrt_lock_and_call@V<lambda_be2b3da3f62db62e9dad5dc70221a656>@@@@YAXW4__acrt_lock_id@@$$QAV<lambda_be2b3da3f62db62e9dad5dc70221a656>@@@Z 1000802b f i libucrt:per_thread_data.obj
 0001:00007053       ??$__acrt_lock_and_call@V<lambda_e69574bed617af4e071282c136b37893>@@@@YAXW4__acrt_lock_id@@$$QAV<lambda_e69574bed617af4e071282c136b37893>@@@Z 10008053 f i libucrt:per_thread_data.obj
 0001:00007209       ___acrt_freeptd            10008209 f   libucrt:per_thread_data.obj
 0001:00007235       ___acrt_getptd             10008235 f   libucrt:per_thread_data.obj
 0001:000072b9       ___acrt_getptd_noexit      100082b9 f   libucrt:per_thread_data.obj
 0001:0000733e       ___acrt_initialize_ptd     1000833e f   libucrt:per_thread_data.obj
 0001:0000736a       ___acrt_uninitialize_ptd   1000836a f   libucrt:per_thread_data.obj
 0001:00007384       ___acrt_update_locale_info 10008384 f   libucrt:locale_update.obj
 0001:000073b1       ___acrt_update_multibyte_info 100083b1 f   libucrt:locale_update.obj
 0001:000073de       ?__acrt_fp_classify@@YA?AW4__acrt_fp_class@@ABN@Z 100083de f i libucrt:cvt.obj
 0001:0000744a       ?__acrt_fp_is_negative@@YA_NABN@Z 1000844a f i libucrt:cvt.obj
 0001:00007ca9       ___acrt_fp_format          10008ca9 f   libucrt:cvt.obj
 0001:00007df3       __fileno                   10008df3 f   libucrt:fileno.obj
 0001:00007e19       ___acrt_initialize_stdio   10008e19 f   libucrt:_file.obj
 0001:00007ee1       ___acrt_uninitialize_stdio 10008ee1 f   libucrt:_file.obj
 0001:00007f2d       __lock_file                10008f2d f   libucrt:_file.obj
 0001:00007f41       __unlock_file              10008f41 f   libucrt:_file.obj
 0001:00007f55       __get_printf_count_output  10008f55 f   libucrt:printf_count_output.obj
 0001:00007f6a       ___acrt_set_locale_changed 10008f6a f   libucrt:wsetlocale.obj
 0001:00007f75       ___acrt_uninitialize_locale 10008f75 f   libucrt:wsetlocale.obj
 0001:00008133       ___acrt_initialize_lowio   10009133 f   libucrt:ioinit.obj
 0001:00008189       ___acrt_uninitialize_lowio 10009189 f   libucrt:ioinit.obj
 0001:000081b5       ___acrt_initialize_locks   100091b5 f   libucrt:locks.obj
 0001:000081f6       ___acrt_lock               100091f6 f   libucrt:locks.obj
 0001:0000820d       ___acrt_uninitialize_locks 1000920d f   libucrt:locks.obj
 0001:0000823e       ___acrt_unlock             1000923e f   libucrt:locks.obj
 0001:0000836c       ___acrt_FlsAlloc@4         1000936c f   libucrt:winapi_thunks.obj
 0001:000083c2       ___acrt_FlsFree@4          100093c2 f   libucrt:winapi_thunks.obj
 0001:00008418       ___acrt_FlsGetValue@4      10009418 f   libucrt:winapi_thunks.obj
 0001:0000846e       ___acrt_FlsSetValue@8      1000946e f   libucrt:winapi_thunks.obj
 0001:000084c7       ___acrt_InitializeCriticalSectionEx@12 100094c7 f   libucrt:winapi_thunks.obj
 0001:00008529       ___acrt_LCMapStringEx@36   10009529 f   libucrt:winapi_thunks.obj
 0001:000085b1       ___acrt_LocaleNameToLCID@8 100095b1 f   libucrt:winapi_thunks.obj
 0001:0000860d       ___acrt_initialize_winapi_thunks 1000960d f   libucrt:winapi_thunks.obj
 0001:00008633       ___acrt_is_packaged_app    10009633 f   libucrt:winapi_thunks.obj
 0001:000086ba       ___acrt_uninitialize_winapi_thunks 100096ba f   libucrt:winapi_thunks.obj
 0001:000086f0       __calloc_base              100096f0 f   libucrt:calloc_base.obj
 0001:00008b0f       ??1?$argument_list@D@?A0xb0e4b824@@QAE@XZ 10009b0f f i libucrt:argv_wildcards.obj
 0001:00008b34       ?append@?$argument_list@D@?A0xb0e4b824@@QAEHQAD@Z 10009b34 f i libucrt:argv_wildcards.obj
 0001:00008b69       ?expand_if_necessary@?$argument_list@D@?A0xb0e4b824@@AAEHXZ 10009b69 f i libucrt:argv_wildcards.obj
 0001:00008bf0       ___acrt_expand_narrow_argv_wildcards 10009bf0 f   libucrt:argv_wildcards.obj
 0001:00008bfb       ??$?RV<lambda_978dc153c237d78434369da87b74ff60>@@AAV<lambda_ad1ced32f4ac17aa236e5ef05d6b3b7c>@@V<lambda_4a8533e2866a575feecb8298ce776b0d>@@@?$__crt_seh_guarded_call@X@@QAEX$$QAV<lambda_978dc153c237d78434369da87b74ff60>@@AAV<lambda_ad1ced32f4ac17aa236e5ef05d6b3b7c>@@$$QAV<lambda_4a8533e2866a575feecb8298ce776b0d>@@@Z 10009bfb f i libucrt:mbctype.obj
 0001:00008c3e       ??$__acrt_lock_and_call@V<lambda_ad1ced32f4ac17aa236e5ef05d6b3b7c>@@@@YAXW4__acrt_lock_id@@$$QAV<lambda_ad1ced32f4ac17aa236e5ef05d6b3b7c>@@@Z 10009c3e f i libucrt:mbctype.obj
 0001:000090d5       ___acrt_initialize_multibyte 1000a0d5 f   libucrt:mbctype.obj
 0001:000090f3       ___acrt_update_thread_multibyte_data 1000a0f3 f   libucrt:mbctype.obj
 0001:00009195       __setmbcp_nolock           1000a195 f   libucrt:mbctype.obj
 0001:00009460       __ismbblead                1000a460 f   libucrt:ismbbyte.obj
 0001:00009478       ___acrt_initialize_command_line 1000a478 f   libucrt:argv_data.obj
 0001:000094c8       ___dcrt_get_narrow_environment_from_os 1000a4c8 f   libucrt:get_environment_from_os.obj
 0001:0000954b       __recalloc                 1000a54b f   libucrt:recalloc.obj
 0001:00009556       __recalloc_base            1000a556 f   libucrt:recalloc.obj
 0001:000095c3       ___acrt_initialize_heap    1000a5c3 f   libucrt:heap_handle.obj
 0001:000095d4       ___acrt_uninitialize_heap  1000a5d4 f   libucrt:heap_handle.obj
 0001:000095de       ___acrt_execute_initializers 1000a5de f   libucrt:shared_initialization.obj
 0001:00009661       ___acrt_execute_uninitializers 1000a661 f   libucrt:shared_initialization.obj
 0001:000096ae       ___acrt_initialize_new_handler 1000a6ae f   libucrt:new_handler.obj
 0001:000096c2       __callnewh                 1000a6c2 f   libucrt:new_handler.obj
 0001:00009706       __query_new_handler        1000a706 f   libucrt:new_handler.obj
 0001:00009758       ??$?RV<lambda_a048d3beccc847880fc8490e18b82769>@@AAV<lambda_ec61778202f4f5fc7e7711acc23c3bca>@@V<lambda_f7496a158712204296dd6628a163878e>@@@?$__crt_seh_guarded_call@P6AXH@Z@@QAEP6AXH@Z$$QAV<lambda_a048d3beccc847880fc8490e18b82769>@@AAV<lambda_ec61778202f4f5fc7e7711acc23c3bca>@@$$QAV<lambda_f7496a158712204296dd6628a163878e>@@@Z 1000a758 f i libucrt:signal.obj
 0001:000097b2       ??$__acrt_lock_and_call@V<lambda_ec61778202f4f5fc7e7711acc23c3bca>@@@@YAP6AXH@ZW4__acrt_lock_id@@$$QAV<lambda_ec61778202f4f5fc7e7711acc23c3bca>@@@Z 1000a7b2 f i libucrt:signal.obj
 0001:00009844       ___acrt_get_sigabrt_handler 1000a844 f   libucrt:signal.obj
 0001:0000985b       ___acrt_initialize_signal_handlers 1000a85b f   libucrt:signal.obj
 0001:00009896       ___fpecode                 1000a896 f   libucrt:signal.obj
 0001:0000989f       _raise                     1000a89f f   libucrt:signal.obj
 0001:00009aa7       ___acrt_has_user_matherr   1000aaa7 f   libucrt:matherr.obj
 0001:00009ac0       ___acrt_initialize_user_matherr 1000aac0 f   libucrt:matherr.obj
 0001:00009ad4       ___acrt_invoke_user_matherr 1000aad4 f   libucrt:matherr.obj
 0001:00009b1d       ___pctype_func             1000ab1d f   libucrt:ctype.obj
 0001:00009b43       __isctype_l                1000ab43 f   libucrt:isctype.obj
 0001:00009c15       __isleadbyte_l             1000ac15 f i libucrt:_wctype.obj
 0001:00009e6b       ___acrt_LCMapStringA       1000ae6b f   libucrt:lcmapstringa.obj
 0001:00009eb6       __freea_crt                1000aeb6 f i libucrt:lcmapstringa.obj
 0001:00009ed6       __query_new_mode           1000aed6 f   libucrt:new_mode.obj
 0001:00009edc       ___acrt_add_locale_ref     1000aedc f   libucrt:locale_refcounting.obj
 0001:00009f59       ___acrt_free_locale        1000af59 f   libucrt:locale_refcounting.obj
 0001:0000a0a3       ___acrt_locale_add_lc_time_reference 1000b0a3 f   libucrt:locale_refcounting.obj
 0001:0000a0cc       ___acrt_locale_free_lc_time_if_unreferenced 1000b0cc f   libucrt:locale_refcounting.obj
 0001:0000a0fc       ___acrt_locale_release_lc_time_reference 1000b0fc f   libucrt:locale_refcounting.obj
 0001:0000a125       ___acrt_release_locale_ref 1000b125 f   libucrt:locale_refcounting.obj
 0001:0000a1a6       ___acrt_update_thread_locale_data 1000b1a6 f   libucrt:locale_refcounting.obj
 0001:0000a21d       __updatetlocinfoEx_nolock  1000b21d f   libucrt:locale_refcounting.obj
 0001:0000a26d       ___acrt_fp_strflt_to_string 1000b26d f   libucrt:_fptostr.obj
 0001:0000a329       ??0scoped_fp_state_reset@?A0x48fbfdd4@@QAE@XZ 1000b329 f i libucrt:cfout.obj
 0001:0000a360       ?divide@__crt_strtox@@YA_KAAUbig_integer@1@ABU21@@Z 1000b360 f i libucrt:cfout.obj
 0001:0000a80e       ___acrt_fltout             1000b80e f   libucrt:cfout.obj
 0001:0000bbaa       __fcloseall                1000cbaa f   libucrt:closeall.obj
 0001:0000bc4a       ___acrt_stdio_flush_nolock 1000cc4a f   libucrt:fflush.obj
 0001:0000bcb0       __fflush_nolock            1000ccb0 f   libucrt:fflush.obj
 0001:0000bcf7       __flushall                 1000ccf7 f   libucrt:fflush.obj
 0001:0000bdd8       ___acrt_stdio_free_buffer_nolock 1000cdd8 f   libucrt:_freebuf.obj
 0001:0000be16       __isatty                   1000ce16 f   libucrt:isatty.obj
 0001:0000be6c       ___acrt_locale_free_monetary 1000ce6c f   libucrt:initmon.obj
 0001:0000bf6a       ___acrt_locale_free_numeric 1000cf6a f   libucrt:initnum.obj
 0001:0000c00f       ___acrt_locale_free_time   1000d00f f   libucrt:inittime.obj
 0001:0000c0f3       ___acrt_GetStringTypeA     1000d0f3 f   libucrt:getstringtypea.obj
 0001:0000c210       ___acrt_lowio_create_handle_array 1000d210 f   libucrt:osfinfo.obj
 0001:0000c28a       ___acrt_lowio_destroy_handle_array 1000d28a f   libucrt:osfinfo.obj
 0001:0000c2bf       ___acrt_lowio_ensure_fh_exists 1000d2bf f   libucrt:osfinfo.obj
 0001:0000c357       ___acrt_lowio_lock_fh      1000d357 f   libucrt:osfinfo.obj
 0001:0000c37a       ___acrt_lowio_unlock_fh    1000d37a f   libucrt:osfinfo.obj
 0001:0000c39d       __free_osfhnd              1000d39d f   libucrt:osfinfo.obj
 0001:0000c42e       __get_osfhandle            1000d42e f   libucrt:osfinfo.obj
 0001:0000c554       ___acrt_DownlevelLocaleNameToLCID 1000d554 f   libucrt:lcidtoname_downlevel.obj
 0001:0000c660       _qsort                     1000d660 f   libucrt:qsort.obj
 0001:0000caab       _strncpy_s                 1000daab f   libucrt:strncpy_s.obj
 0001:0000cac0       _strpbrk                   1000dac0 f   libucrt:strpbrk.obj
 0001:0000cb00       __mbsdec                   1000db00 f   libucrt:mbsdec.obj
 0001:0000cb17       __mbsdec_l                 1000db17 f   libucrt:mbsdec.obj
 0001:0000cbb3       __msize                    1000dbb3 f   libucrt:msize.obj
 0001:0000cbe6       __realloc_base             1000dbe6 f   libucrt:realloc_base.obj
 0001:0000cc4f       ___strncnt                 1000dc4f f   libucrt:strncnt.obj
 0001:0000cc6b       _fegetenv                  1000dc6b f   libucrt:fegetenv.obj
 0001:0000cc88       _fesetenv                  1000dc88 f   libucrt:fesetenv.obj
 0001:0000ccd1       _feholdexcept              1000dcd1 f   libucrt:feholdexcept.obj
 0001:0000cd20       _log10                     1000dd20 f   libucrt:log10.obj
 0001:0000cd60       __CIlog10                  1000dd60 f   libucrt:log10.obj
 0001:0000cd9b       __CIlog10_default          1000dd9b f   libucrt:log10.obj
 0001:0000cdaf       __log10_default            1000ddaf     libucrt:log10.obj
 0001:0000ce70       _ceil                      1000de70 f   libucrt:ceil_pentium4.obj
 0001:0000ceb0       __ceil_pentium4            1000deb0 f   libucrt:ceil_pentium4.obj
 0001:0000d51d       __write                    1000e51d f   libucrt:write.obj
 0001:0000d608       __write_nolock             1000e608 f   libucrt:write.obj
 0001:0000d892       __lseeki64_nolock          1000e892 f   libucrt:lseek.obj
 0001:0000d8ad       __fclose_nolock            1000e8ad f   libucrt:fclose.obj
 0001:0000d923       _fclose                    1000e923 f   libucrt:fclose.obj
 0001:0000d9a3       ??$?RV<lambda_61cee617f5178ae960314fd4d05640a0>@@AAV<lambda_6978c1fb23f02e42e1d9e99668cc68aa>@@V<lambda_9cd88cf8ad10232537feb2133f08c833>@@@?$__crt_seh_guarded_call@H@@QAEH$$QAV<lambda_61cee617f5178ae960314fd4d05640a0>@@AAV<lambda_6978c1fb23f02e42e1d9e99668cc68aa>@@$$QAV<lambda_9cd88cf8ad10232537feb2133f08c833>@@@Z 1000e9a3 f i libucrt:commit.obj
 0001:0000da3b       ??$__acrt_lowio_lock_fh_and_call@V<lambda_6978c1fb23f02e42e1d9e99668cc68aa>@@@@YAHH$$QAV<lambda_6978c1fb23f02e42e1d9e99668cc68aa>@@@Z 1000ea3b f i libucrt:commit.obj
 0001:0000da63       __commit                   1000ea63 f   libucrt:commit.obj
 0001:0000dad2       __query_app_type           1000ead2 f   libucrt:report_runtime_error.obj
 0001:0000dd7b       __getfpcontrolword         1000ed7b f   libucrt:_fenvutils.obj
 0001:0000ddbe       __getfpstatusword          1000edbe f   libucrt:_fenvutils.obj
 0001:0000de66       __setfpcontrolword         1000ee66 f   libucrt:_fenvutils.obj
 0001:0000dee6       __setfpstatusword          1000eee6 f   libucrt:_fenvutils.obj
 0001:0000df66       __clearfp                  1000ef66 f   libucrt:ieee87.obj
 0001:0000e044       ___acrt_initialize_sse2    1000f044 f   libucrt:mathfcns.obj
 0001:0000e060       __CIlog10_pentium4         1000f060 f   libucrt:log10_pentium4.obj
 0001:0000e078       __log10_pentium4           1000f078     libucrt:log10_pentium4.obj
 0001:0000e301       __fFEXP                    1000f301     libucrt:87tran.obj
 0001:0000e358       __rtinfpopse               1000f358     libucrt:87tran.obj
 0001:0000e35a       __rtinfnpopse              1000f35a     libucrt:87tran.obj
 0001:0000e36a       __fFLN                     1000f36a     libucrt:87tran.obj
 0001:0000e41f       __rtinfpop                 1000f41f     libucrt:87tran.obj
 0001:0000e421       __rtinfnpop                1000f421     libucrt:87tran.obj
 0001:0000e43e       __ffexpm1                  1000f43e     libucrt:87tran.obj
 0001:0000e4f0       __trandisp1                1000f4f0 f   libucrt:87disp.obj
 0001:0000e557       __trandisp2                1000f557 f   libucrt:87disp.obj
 0001:0000e5e3       __rttospopde               1000f5e3     libucrt:87disp.obj
 0001:0000e5e8       __rttospop                 1000f5e8     libucrt:87disp.obj
 0001:0000e5ea       __rtnospop                 1000f5ea     libucrt:87disp.obj
 0001:0000e5ec       __rttosnpop                1000f5ec     libucrt:87disp.obj
 0001:0000e5ed       __rtnospopde               1000f5ed     libucrt:87disp.obj
 0001:0000e5f4       __rtzeropop                1000f5f4     libucrt:87disp.obj
 0001:0000e5f6       __rtzeronpop               1000f5f6     libucrt:87disp.obj
 0001:0000e5fb       __rtzerospop               1000f5fb     libucrt:87disp.obj
 0001:0000e608       __rtonepop                 1000f608     libucrt:87disp.obj
 0001:0000e60a       __rtonenpop                1000f60a     libucrt:87disp.obj
 0001:0000e60f       __tosnan1                  1000f60f     libucrt:87disp.obj
 0001:0000e63a       __nosnan2                  1000f63a     libucrt:87disp.obj
 0001:0000e63c       __tosnan2                  1000f63c     libucrt:87disp.obj
 0001:0000e664       __nan2                     1000f664     libucrt:87disp.obj
 0001:0000e6a3       __rtindfpop                1000f6a3     libucrt:87disp.obj
 0001:0000e6a5       __rtindfnpop               1000f6a5     libucrt:87disp.obj
 0001:0000e6b6       __rttosnpopde              1000f6b6     libucrt:87disp.obj
 0001:0000e6c0       __rtatan2inf               1000f6c0     libucrt:87disp.obj
 0001:0000e6dd       __rtchsifneg               1000f6dd     libucrt:87disp.obj
 0001:0000e6f0       __twoToTOS                 1000f6f0 f   libucrt:common.obj
 0001:0000e705       __load_CW                  1000f705 f   libucrt:common.obj
 0001:0000e71c       __convertTOStoQNaN         1000f71c f   libucrt:common.obj
 0001:0000e735       __fload_withFB             1000f735 f   libucrt:common.obj
 0001:0000e778       __checkTOS_withFB          1000f778 f   libucrt:common.obj
 0001:0000e78e       __fast_exit                1000f78e f   libucrt:common.obj
 0001:0000e79b       __math_exit                1000f79b f   libucrt:common.obj
 0001:0000e7c5       __check_overflow_exit      1000f7c5 f   libucrt:common.obj
 0001:0000e7d9       __check_range_exit         1000f7d9 f   libucrt:common.obj
 0001:0000e880       __startTwoArgErrorHandling 1000f880 f   libucrt:genexcep.obj
 0001:0000e897       __startOneArgErrorHandling 1000f897 f   libucrt:genexcep.obj
 0001:0000e8d3       ___libm_error_support      1000f8d3 f   libucrt:libm_error.obj
 0001:0000eaeb       __ceil_default             1000faeb f   libucrt:ceil.obj
 0001:0000eba4       __putwch_nolock            1000fba4 f   libucrt:putwch.obj
 0001:0000ebe9       ??$?RV<lambda_123407a5e2ac06da108355a851863b7a>@@AAV<lambda_2fe9b910cf3cbf4a0ab98a02ba45b3ec>@@V<lambda_ae55bdf541ad94d75914d381c370e64d>@@@?$__crt_seh_guarded_call@H@@QAEH$$QAV<lambda_123407a5e2ac06da108355a851863b7a>@@AAV<lambda_2fe9b910cf3cbf4a0ab98a02ba45b3ec>@@$$QAV<lambda_ae55bdf541ad94d75914d381c370e64d>@@@Z 1000fbe9 f i libucrt:close.obj
 0001:0000ec6b       ??$__acrt_lowio_lock_fh_and_call@V<lambda_2fe9b910cf3cbf4a0ab98a02ba45b3ec>@@@@YAHH$$QAV<lambda_2fe9b910cf3cbf4a0ab98a02ba45b3ec>@@@Z 1000fc6b f i libucrt:close.obj
 0001:0000ec93       __close                    1000fc93 f   libucrt:close.obj
 0001:0000ed12       __close_nolock             1000fd12 f   libucrt:close.obj
 0001:0000edae       ?__acrt_stdio_free_stream@@YAXV__crt_stdio_stream@@@Z 1000fdae f   libucrt:stream.obj
 0001:0000edf0       ___ascii_strnicmp          1000fdf0 f   libucrt:_strnicm.obj
 0001:0000ee51       __clrfp                    1000fe51 f   libucrt:fpctrl.obj
 0001:0000ee64       __ctrlfp                   1000fe64 f   libucrt:fpctrl.obj
 0001:0000ee90       __set_statfp               1000fe90 f   libucrt:fpctrl.obj
 0001:0000eeeb       __statfp                   1000feeb f   libucrt:fpctrl.obj
 0001:0000eefd       __d_inttype                1000fefd f   libucrt:powhlp.obj
 0001:0000ef67       __powhlp                   1000ff67 f   libucrt:powhlp.obj
 0001:0000f092       __87except                 10010092 f   libucrt:87except.obj
 0001:0000f19d       __frnd                     1001019d f   libucrt:frnd.obj
 0001:0000f1b3       __errcode                  100101b3 f   libucrt:fpexcept.obj
 0001:0000f1e7       __except1                  100101e7 f   libucrt:fpexcept.obj
 0001:0000f2b5       __handle_exc               100102b5 f   libucrt:fpexcept.obj
 0001:0000f495       __raise_exc                10010495 f   libucrt:fpexcept.obj
 0001:0000f4b8       __raise_exc_ex             100104b8 f   libucrt:fpexcept.obj
 0001:0000f7a9       __set_errno_from_matherr   100107a9 f   libucrt:fpexcept.obj
 0001:0000f7d8       __umatherr                 100107d8 f   libucrt:fpexcept.obj
 0001:0000f87a       __decomp                   1001087a f   libucrt:util.obj
 0001:0000f94e       __set_exp                  1001094e f   libucrt:util.obj
 0001:0000f97d       __sptype                   1001097d f   libucrt:util.obj
 0001:0000f9db       ___dcrt_lowio_initialize_console_output 100109db f   libucrt:initcon.obj
 0001:0000f9fa       ___dcrt_terminate_console_output 100109fa f   libucrt:initcon.obj
 0001:0000fa11       __fpclass                  10010a11 f   libucrt:ieeemisc.obj
 0001:0000fab5       _IsProcessorFeaturePresent@4 10010ab5 f   kernel32:KERNEL32.dll
 0001:0000fac0       __FindPESection            10010ac0 f   LIBCMT:pesect.obj
 0001:0000fb10       __IsNonwritableInCurrentImage 10010b10 f   LIBCMT:pesect.obj
 0001:0000fbd0       __ValidateImageBase        10010bd0 f   LIBCMT:pesect.obj
 0001:0000fc10       __aulldvrm                 10010c10 f   LIBCMT:ulldvrm.obj
 0001:0000fcb0       __SEH_prolog4_GS           10010cb0 f   LIBCMT:sehprolg4gs.obj
 0001:0000fcf9       __SEH_epilog4_GS           10010cf9 f   LIBCMT:sehprolg4gs.obj
 0001:0000fd10       __alldvrm                  10010d10 f   LIBCMT:lldvrm.obj
 0001:0000fdf0       __aullshr                  10010df0 f   LIBCMT:ullshr.obj
 0001:0000fe10       __alloca_probe_16          10010e10 f   LIBCMT:alloca16.obj
 0001:0000fe26       __alloca_probe_8           10010e26     LIBCMT:alloca16.obj
 0001:0000fe40       __allshl                   10010e40 f   LIBCMT:llshl.obj
 0001:0000fe60       __ftol2_sse                10010e60 f   LIBCMT:ftol2.obj
 0001:0000fe69       __ftol2_pentium4           10010e69 f   LIBCMT:ftol2.obj
 0001:0000fe7c       __ftol2_sse_excpt          10010e7c f   LIBCMT:ftol2.obj
 0001:0000fea0       __ftol2                    10010ea0 f   LIBCMT:ftol2.obj
 0001:0000ff20       __chkstk                   10010f20 f   LIBCMT:chkstk.obj
 0001:0000ff20       __alloca_probe             10010f20 f   LIBCMT:chkstk.obj
 0002:00000000       __imp__SelectObject@8      10011000     gdi32:GDI32.dll
 0002:00000004       __imp__DeleteObject@4      10011004     gdi32:GDI32.dll
 0002:00000008       __imp__DeleteDC@4          10011008     gdi32:GDI32.dll
 0002:0000000c       __imp__CreateSolidBrush@4  1001100c     gdi32:GDI32.dll
 0002:00000010       __imp__CreateCompatibleDC@4 10011010     gdi32:GDI32.dll
 0002:00000014       __imp__CreateDIBSection@24 10011014     gdi32:GDI32.dll
 0002:00000018       \177GDI32_NULL_THUNK_DATA  10011018     gdi32:GDI32.dll
 0002:0000001c       __imp__WriteFile@20        1001101c     kernel32:KERNEL32.dll
 0002:00000020       __imp__CloseHandle@4       10011020     kernel32:KERNEL32.dll
 0002:00000024       __imp__lstrcpynW@12        10011024     kernel32:KERNEL32.dll
 0002:00000028       __imp__lstrcpyW@8          10011028     kernel32:KERNEL32.dll
 0002:0000002c       __imp__lstrcatW@8          1001102c     kernel32:KERNEL32.dll
 0002:00000030       __imp__lstrlenW@4          10011030     kernel32:KERNEL32.dll
 0002:00000034       __imp__LoadLibraryW@4      10011034     kernel32:KERNEL32.dll
 0002:00000038       __imp__WaitForSingleObject@8 10011038     kernel32:KERNEL32.dll
 0002:0000003c       __imp__GetTempFileNameW@16 1001103c     kernel32:KERNEL32.dll
 0002:00000040       __imp__CreateFileW@28      10011040     kernel32:KERNEL32.dll
 0002:00000044       __imp__DeleteFileW@4       10011044     kernel32:KERNEL32.dll
 0002:00000048       __imp__WriteConsoleW@20    10011048     kernel32:KERNEL32.dll
 0002:0000004c       __imp__DecodePointer@4     1001104c     kernel32:KERNEL32.dll
 0002:00000050       __imp__FlushFileBuffers@4  10011050     kernel32:KERNEL32.dll
 0002:00000054       __imp__GetLastError@0      10011054     kernel32:KERNEL32.dll
 0002:00000058       __imp__GetProcessHeap@0    10011058     kernel32:KERNEL32.dll
 0002:0000005c       __imp__HeapFree@12         1001105c     kernel32:KERNEL32.dll
 0002:00000060       __imp__HeapAlloc@12        10011060     kernel32:KERNEL32.dll
 0002:00000064       __imp__GetProcAddress@8    10011064     kernel32:KERNEL32.dll
 0002:00000068       __imp__GetTempPathW@8      10011068     kernel32:KERNEL32.dll
 0002:0000006c       __imp__FreeLibrary@4       1001106c     kernel32:KERNEL32.dll
 0002:00000070       __imp__SetFilePointerEx@20 10011070     kernel32:KERNEL32.dll
 0002:00000074       __imp__GetConsoleMode@8    10011074     kernel32:KERNEL32.dll
 0002:00000078       __imp__GetConsoleCP@0      10011078     kernel32:KERNEL32.dll
 0002:0000007c       __imp__HeapCreate@12       1001107c     kernel32:KERNEL32.dll
 0002:00000080       __imp__HeapDestroy@4       10011080     kernel32:KERNEL32.dll
 0002:00000084       __imp__HeapReAlloc@16      10011084     kernel32:KERNEL32.dll
 0002:00000088       __imp__RaiseException@16   10011088     kernel32:KERNEL32.dll
 0002:0000008c       __imp__CreateThread@24     1001108c     kernel32:KERNEL32.dll
 0002:00000090       __imp__GetCurrentThreadId@0 10011090     kernel32:KERNEL32.dll
 0002:00000094       __imp__TerminateThread@8   10011094     kernel32:KERNEL32.dll
 0002:00000098       __imp__SetLastError@4      10011098     kernel32:KERNEL32.dll
 0002:0000009c       __imp__ResumeThread@4      1001109c     kernel32:KERNEL32.dll
 0002:000000a0       __imp__IsDebuggerPresent@0 100110a0     kernel32:KERNEL32.dll
 0002:000000a4       __imp__GetTickCount@0      100110a4     kernel32:KERNEL32.dll
 0002:000000a8       __imp__lstrcpynA@12        100110a8     kernel32:KERNEL32.dll
 0002:000000ac       __imp__DebugBreak@0        100110ac     kernel32:KERNEL32.dll
 0002:000000b0       __imp__UnhandledExceptionFilter@4 100110b0     kernel32:KERNEL32.dll
 0002:000000b4       __imp__SetUnhandledExceptionFilter@4 100110b4     kernel32:KERNEL32.dll
 0002:000000b8       __imp__GetCurrentProcess@0 100110b8     kernel32:KERNEL32.dll
 0002:000000bc       __imp__TerminateProcess@8  100110bc     kernel32:KERNEL32.dll
 0002:000000c0       __imp__IsProcessorFeaturePresent@4 100110c0     kernel32:KERNEL32.dll
 0002:000000c4       __imp__QueryPerformanceCounter@4 100110c4     kernel32:KERNEL32.dll
 0002:000000c8       __imp__GetCurrentProcessId@0 100110c8     kernel32:KERNEL32.dll
 0002:000000cc       __imp__GetSystemTimeAsFileTime@4 100110cc     kernel32:KERNEL32.dll
 0002:000000d0       __imp__InitializeSListHead@4 100110d0     kernel32:KERNEL32.dll
 0002:000000d4       __imp__GetStartupInfoW@4   100110d4     kernel32:KERNEL32.dll
 0002:000000d8       __imp__GetModuleHandleW@4  100110d8     kernel32:KERNEL32.dll
 0002:000000dc       __imp__InterlockedFlushSList@4 100110dc     kernel32:KERNEL32.dll
 0002:000000e0       __imp__RtlUnwind@16        100110e0     kernel32:KERNEL32.dll
 0002:000000e4       __imp__EnterCriticalSection@4 100110e4     kernel32:KERNEL32.dll
 0002:000000e8       __imp__LeaveCriticalSection@4 100110e8     kernel32:KERNEL32.dll
 0002:000000ec       __imp__DeleteCriticalSection@4 100110ec     kernel32:KERNEL32.dll
 0002:000000f0       __imp__InitializeCriticalSectionAndSpinCount@8 100110f0     kernel32:KERNEL32.dll
 0002:000000f4       __imp__TlsAlloc@0          100110f4     kernel32:KERNEL32.dll
 0002:000000f8       __imp__TlsGetValue@4       100110f8     kernel32:KERNEL32.dll
 0002:000000fc       __imp__TlsSetValue@8       100110fc     kernel32:KERNEL32.dll
 0002:00000100       __imp__TlsFree@4           10011100     kernel32:KERNEL32.dll
 0002:00000104       __imp__LoadLibraryExW@12   10011104     kernel32:KERNEL32.dll
 0002:00000108       __imp__ExitProcess@4       10011108     kernel32:KERNEL32.dll
 0002:0000010c       __imp__GetModuleHandleExW@12 1001110c     kernel32:KERNEL32.dll
 0002:00000110       __imp__GetModuleFileNameA@12 10011110     kernel32:KERNEL32.dll
 0002:00000114       __imp__MultiByteToWideChar@24 10011114     kernel32:KERNEL32.dll
 0002:00000118       __imp__WideCharToMultiByte@32 10011118     kernel32:KERNEL32.dll
 0002:0000011c       __imp__GetACP@0            1001111c     kernel32:KERNEL32.dll
 0002:00000120       __imp__GetStdHandle@4      10011120     kernel32:KERNEL32.dll
 0002:00000124       __imp__GetFileType@4       10011124     kernel32:KERNEL32.dll
 0002:00000128       __imp__LCMapStringW@24     10011128     kernel32:KERNEL32.dll
 0002:0000012c       __imp__FindClose@4         1001112c     kernel32:KERNEL32.dll
 0002:00000130       __imp__FindFirstFileExA@24 10011130     kernel32:KERNEL32.dll
 0002:00000134       __imp__FindNextFileA@8     10011134     kernel32:KERNEL32.dll
 0002:00000138       __imp__IsValidCodePage@4   10011138     kernel32:KERNEL32.dll
 0002:0000013c       __imp__GetOEMCP@0          1001113c     kernel32:KERNEL32.dll
 0002:00000140       __imp__GetCPInfo@8         10011140     kernel32:KERNEL32.dll
 0002:00000144       __imp__GetCommandLineA@0   10011144     kernel32:KERNEL32.dll
 0002:00000148       __imp__GetCommandLineW@0   10011148     kernel32:KERNEL32.dll
 0002:0000014c       __imp__GetEnvironmentStringsW@0 1001114c     kernel32:KERNEL32.dll
 0002:00000150       __imp__FreeEnvironmentStringsW@4 10011150     kernel32:KERNEL32.dll
 0002:00000154       __imp__GetStringTypeW@16   10011154     kernel32:KERNEL32.dll
 0002:00000158       __imp__SetStdHandle@8      10011158     kernel32:KERNEL32.dll
 0002:0000015c       __imp__HeapSize@12         1001115c     kernel32:KERNEL32.dll
 0002:00000160       \177KERNEL32_NULL_THUNK_DATA 10011160     kernel32:KERNEL32.dll
 0002:00000164       __imp__wsprintfW           10011164     user32:USER32.dll
 0002:00000168       __imp__CharLowerBuffW@8    10011168     user32:USER32.dll
 0002:0000016c       __imp__FillRect@12         1001116c     user32:USER32.dll
 0002:00000170       \177USER32_NULL_THUNK_DATA 10011170     user32:USER32.dll
 0002:00000174       __imp__CoInitializeEx@8    10011174     ole32:ole32.dll
 0002:00000178       __imp__CoUninitialize@0    10011178     ole32:ole32.dll
 0002:0000017c       \177ole32_NULL_THUNK_DATA  1001117c     ole32:ole32.dll
 0002:00000180       ___guard_check_icall_fptr  10011180     LIBCMT:guard_support.obj
 0002:00000184       ___xc_a                    10011184     LIBCMT:initializers.obj
 0002:00000188       ___xc_z                    10011188     LIBCMT:initializers.obj
 0002:0000018c       ___xi_a                    1001118c     LIBCMT:initializers.obj
 0002:00000190       ___acrt_stdio_initializer  10011190     libucrt:stdio_initializer.obj
 0002:00000194       ___acrt_multibyte_initializer 10011194     libucrt:multibyte_initializer.obj
 0002:00000198       ___acrt_tran_sse2_initializer 10011198     libucrt:sse2_initializer.obj
 0002:0000019c       ___xi_z                    1001119c     LIBCMT:initializers.obj
 0002:000001a0       ___xp_a                    100111a0     LIBCMT:initializers.obj
 0002:000001a4       ___acrt_locale_terminator  100111a4     libucrt:locale_initializer.obj
 0002:000001a8       ___dcrt_console_output_terminator 100111a8     libucrt:console_output_initializer.obj
 0002:000001ac       ___acrt_stdio_terminator   100111ac     libucrt:stdio_initializer.obj
 0002:000001b0       ___xp_z                    100111b0     LIBCMT:initializers.obj
 0002:000001b4       ___xt_a                    100111b4     LIBCMT:initializers.obj
 0002:000001b8       ___xt_z                    100111b8     LIBCMT:initializers.obj
 0002:000001c0       _FrameDimensionTime        100111c0     gdip.obj
 0002:000001d0       _FrameDimensionPage        100111d0     gdip.obj
 0002:000001e0       ??_C@_1BI@LOJECBFD@?$AAG?$AAd?$AAi?$AAP?$AAl?$AAu?$AAs?$AA?4?$AAd?$AAl?$AAl@ 100111e0     gdip.obj
 0002:000001f8       ??_C@_0P@NIGHOHPH@GdiplusStartup@ 100111f8     gdip.obj
 0002:00000208       ??_C@_0BA@OMKIAPCJ@GdiplusShutdown@ 10011208     gdip.obj
 0002:00000218       ??_C@_0BJ@IPKMAACN@GdipCreateBitmapFromFile@ 10011218     gdip.obj
 0002:00000234       ??_C@_0BG@OPKFAGML@GdipGetImageThumbnail@ 10011234     gdip.obj
 0002:0000024c       ??_C@_0BC@DPLNHGNM@GdipGetImageWidth@ 1001124c     gdip.obj
 0002:00000260       ??_C@_0BD@JIGBIPOH@GdipGetImageHeight@ 10011260     gdip.obj
 0002:00000274       ??_C@_0BI@DDNLFBKI@GdipGetImagePixelFormat@ 10011274     gdip.obj
 0002:0000028c       ??_C@_0BB@MGCHKKMH@GdipDisposeImage@ 1001128c     gdip.obj
 0002:000002a0       ??_C@_0BH@PCHOHMFI@GdipImageGetFrameCount@ 100112a0     gdip.obj
 0002:000002b8       ??_C@_0BL@FLMDGKNM@GdipImageSelectActiveFrame@ 100112b8     gdip.obj
 0002:000002d4       ??_C@_0BI@PFDIBLKB@GdipGetPropertyItemSize@ 100112d4     gdip.obj
 0002:000002ec       ??_C@_0BE@JLBHAGMH@GdipGetPropertyItem@ 100112ec     gdip.obj
 0002:00000300       ??_C@_0BE@HNMMICFD@GdipImageRotateFlip@ 10011300     gdip.obj
 0002:00000314       ??_C@_0BG@BONHLFMI@GdipGetImageRawFormat@ 10011314     gdip.obj
 0002:0000032c       ??_C@_0BC@PACDIGJN@GdipCreateFromHDC@ 1001132c     gdip.obj
 0002:00000340       ??_C@_0BD@MFGJCODH@GdipDeleteGraphics@ 10011340     gdip.obj
 0002:00000354       ??_C@_0BH@MHAPNLKM@GdipDrawImageRectRectI@ 10011354     gdip.obj
 0002:0000036c       ??_C@_0BF@OBPAMLNN@gdip?3?3FreeThreadProc@ 1001136c     gdip.obj
 0002:00000384       ??_C@_0DO@KPMKCMAM@c?3?2users?2conemu?2src?2conemu?2src?2@ 10011384     gdip.obj
 0002:000003c4       ??_C@_17CGDFOGLC@?$AAC?$AAE?$AAT@ 100113c4     gdip.obj
 0002:000003cc       ??_C@_17IJKOPDBG@?$AAB?$AAM?$AAP@ 100113cc     gdip.obj
 0002:000003d4       ??_C@_17PGBJPCEM@?$AAE?$AAM?$AAF@ 100113d4     gdip.obj
 0002:000003dc       ??_C@_17MIIHMEBK@?$AAW?$AAM?$AAF@ 100113dc     gdip.obj
 0002:000003e4       ??_C@_19JJJNAIHN@?$AAJ?$AAP?$AAE?$AAG@ 100113e4     gdip.obj
 0002:000003f0       ??_C@_17PMGKNIMI@?$AAP?$AAN?$AAG@ 100113f0     gdip.obj
 0002:000003f8       ??_C@_17CPKNLHCH@?$AAG?$AAI?$AAF@ 100113f8     gdip.obj
 0002:00000400       ??_C@_19PNCGIGON@?$AAT?$AAI?$AAF?$AAF@ 10011400     gdip.obj
 0002:0000040c       ??_C@_19HEANOPFL@?$AAE?$AAX?$AAI?$AAF@ 1001140c     gdip.obj
 0002:00000418       ??_C@_17OGLEMJPJ@?$AAI?$AAC?$AAO@ 10011418     gdip.obj
 0002:00000420       ??_C@_1CA@KKEPPKFF@?$AA?$CF?$AAi?$AA?5?$AAx?$AA?5?$AA?$CF?$AAi?$AA?5?$AAx?$AA?5?$AA?$CF?$AAi?$AAb?$AAp?$AAp@ 10011420     gdip.obj
 0002:00000440       ??_C@_1M@HKOFHKAI@?$AA?5?$AA?$FL?$AA?$CF?$AAi?$AA?$FN@ 10011440     gdip.obj
 0002:0000044c       ??_C@_13HOIJIPNN@?$AA?5@   1001144c     gdip.obj
 0002:00000450       ??_C@_05LCABBMOG@?$CFs?3?$CFi@ 10011450     common-kernel32:WThreads.obj
 0002:00000460       __pDefaultRawDllMain       10011460     LIBCMT:dll_dllmain.obj
 0002:00000460       __pRawDllMain              10011460     LIBCMT:dll_dllmain.obj
 0002:00000604       ??_C@_08EHJDFFNH@__based?$CI@ 10011604     libvcruntime:undname.obj
 0002:00000610       ??_C@_07KOLFKCDI@__cdecl@  10011610     libvcruntime:undname.obj
 0002:00000618       ??_C@_08GHMPAG@__pascal@   10011618     libvcruntime:undname.obj
 0002:00000624       ??_C@_09IFJBGAPI@__stdcall@ 10011624     libvcruntime:undname.obj
 0002:00000630       ??_C@_0L@NPHFGOKO@__thiscall@ 10011630     libvcruntime:undname.obj
 0002:0000063c       ??_C@_0L@JMKHOMEK@__fastcall@ 1001163c     libvcruntime:undname.obj
 0002:00000648       ??_C@_0N@BCKKPABJ@__vectorcall@ 10011648     libvcruntime:undname.obj
 0002:00000658       ??_C@_09HIJEGCPM@__clrcall@ 10011658     libvcruntime:undname.obj
 0002:00000664       ??_C@_06GHPCKEAG@__eabi@   10011664     libvcruntime:undname.obj
 0002:0000066c       ??_C@_09IOPIDJLG@__swift_1@ 1001166c     libvcruntime:undname.obj
 0002:00000678       ??_C@_09KFNFGKHF@__swift_2@ 10011678     libvcruntime:undname.obj
 0002:00000684       ??_C@_07JOMMBBKO@__ptr64@  10011684     libvcruntime:undname.obj
 0002:0000068c       ??_C@_0L@PILCLIHE@__restrict@ 1001168c     libvcruntime:undname.obj
 0002:00000698       ??_C@_0M@GFIIJFMG@__unaligned@ 10011698     libvcruntime:undname.obj
 0002:000006a4       ??_C@_09DHDLOLLB@restrict?$CI@ 100116a4     libvcruntime:undname.obj
 0002:000006ae       ??_C@_00CNPNBAHC@@         100116ae     libvcruntime:undname.obj
 0002:000006b0       ??_C@_04NIHEBCM@?5new@     100116b0     libvcruntime:undname.obj
 0002:000006b8       ??_C@_07FPCDHGMM@?5delete@ 100116b8     libvcruntime:undname.obj
 0002:000006c0       ??_C@_01NEMOKFLO@?$DN@     100116c0     libvcruntime:undname.obj
 0002:000006c4       ??_C@_02GPIOPFAK@?$DO?$DO@ 100116c4     libvcruntime:undname.obj
 0002:000006c8       ??_C@_02FODMEDOG@?$DM?$DM@ 100116c8     libvcruntime:undname.obj
 0002:000006cc       ??_C@_01DCLJPIOD@?$CB@     100116cc     libvcruntime:undname.obj
 0002:000006d0       ??_C@_02EGOFBIJA@?$DN?$DN@ 100116d0     libvcruntime:undname.obj
 0002:000006d4       ??_C@_02FDNJECIE@?$CB?$DN@ 100116d4     libvcruntime:undname.obj
 0002:000006d8       ??_C@_02GPECMEKF@?$FL?$FN@ 100116d8     libvcruntime:undname.obj
 0002:000006dc       ??_C@_08LHJFAFGD@operator@ 100116dc     libvcruntime:undname.obj
 0002:000006e8       ??_C@_02HBOOOICD@?9?$DO@   100116e8     libvcruntime:undname.obj
 0002:000006ec       ??_C@_01NBENCBCI@?$CK@     100116ec     libvcruntime:undname.obj
 0002:000006f0       ??_C@_02ECNGHCIF@?$CL?$CL@ 100116f0     libvcruntime:undname.obj
 0002:000006f4       ??_C@_02BAABKJLB@?9?9@     100116f4     libvcruntime:undname.obj
 0002:000006f8       ??_C@_01JOAMLHOP@?9@       100116f8     libvcruntime:undname.obj
 0002:000006fc       ??_C@_01MIFGBAGJ@?$CL@     100116fc     libvcruntime:undname.obj
 0002:00000700       ??_C@_01HNPIGOCE@?$CG@     10011700     libvcruntime:undname.obj
 0002:00000704       ??_C@_03MNHNFDLC@?9?$DO?$CK@ 10011704     libvcruntime:undname.obj
 0002:00000708       ??_C@_01KMDKNFGN@?1@       10011708     libvcruntime:undname.obj
 0002:0000070c       ??_C@_01FGNFDNOH@?$CF@     1001170c     libvcruntime:undname.obj
 0002:00000710       ??_C@_01MNNFJEPP@?$DM@     10011710     libvcruntime:undname.obj
 0002:00000714       ??_C@_02EHCHHCKH@?$DM?$DN@ 10011714     libvcruntime:undname.obj
 0002:00000718       ??_C@_01PPODPGHN@?$DO@     10011718     libvcruntime:undname.obj
 0002:0000071c       ??_C@_02EEKDKGMJ@?$DO?$DN@ 1001171c     libvcruntime:undname.obj
 0002:00000720       ??_C@_01IHBHIGKO@?0@       10011720     libvcruntime:undname.obj
 0002:00000724       ??_C@_02HCKGKOFO@?$CI?$CJ@ 10011724     libvcruntime:undname.obj
 0002:00000728       ??_C@_01PJKLJHI@?$HO@      10011728     libvcruntime:undname.obj
 0002:0000072c       ??_C@_01JKBOJNNK@?$FO@     1001172c     libvcruntime:undname.obj
 0002:00000730       ??_C@_01DNKMNLPK@?$HM@     10011730     libvcruntime:undname.obj
 0002:00000734       ??_C@_02PPKAJPJL@?$CG?$CG@ 10011734     libvcruntime:undname.obj
 0002:00000738       ??_C@_02NONPIBCD@?$HM?$HM@ 10011738     libvcruntime:undname.obj
 0002:0000073c       ??_C@_02FPIMKNGF@?$CK?$DN@ 1001173c     libvcruntime:undname.obj
 0002:00000740       ??_C@_02FOEOMHFC@?$CL?$DN@ 10011740     libvcruntime:undname.obj
 0002:00000744       ??_C@_02FKMDLLOA@?9?$DN@   10011744     libvcruntime:undname.obj
 0002:00000748       ??_C@_02FJEHGPIO@?1?$DN@   10011748     libvcruntime:undname.obj
 0002:0000074c       ??_C@_02FENAOKFI@?$CF?$DN@ 1001174c     libvcruntime:undname.obj
 0002:00000750       ??_C@_03IKFCCPFF@?$DO?$DO?$DN@ 10011750     libvcruntime:undname.obj
 0002:00000754       ??_C@_03CDNPDDLA@?$DM?$DM?$DN@ 10011754     libvcruntime:undname.obj
 0002:00000758       ??_C@_02FGJGFEAB@?$CG?$DN@ 10011758     libvcruntime:undname.obj
 0002:0000075c       ??_C@_02DHLNPPGH@?$HM?$DN@ 1001175c     libvcruntime:undname.obj
 0002:00000760       ??_C@_02MHEGNOJ@?$FO?$DN@  10011760     libvcruntime:undname.obj
 0002:00000764       ??_C@_09IFPLHPGF@?$GAvftable?8@ 10011764     libvcruntime:undname.obj
 0002:00000770       ??_C@_09BLBHBJP@?$GAvbtable?8@ 10011770     libvcruntime:undname.obj
 0002:0000077c       ??_C@_07FEEIOKP@?$GAvcall?8@ 1001177c     libvcruntime:undname.obj
 0002:00000784       ??_C@_08LLFFHHDJ@?$GAtypeof?8@ 10011784     libvcruntime:undname.obj
 0002:00000790       ??_C@_0BF@KDPPACIK@?$GAlocal?5static?5guard?8@ 10011790     libvcruntime:undname.obj
 0002:000007a8       ??_C@_08OBABFOLI@?$GAstring?8@ 100117a8     libvcruntime:undname.obj
 0002:000007b4       ??_C@_0BD@JDLKDPAB@?$GAvbase?5destructor?8@ 100117b4     libvcruntime:undname.obj
 0002:000007c8       ??_C@_0BN@DEGPLNFK@?$GAvector?5deleting?5destructor?8@ 100117c8     libvcruntime:undname.obj
 0002:000007e8       ??_C@_0BO@OBMKPJIG@?$GAdefault?5constructor?5closure?8@ 100117e8     libvcruntime:undname.obj
 0002:00000808       ??_C@_0BN@IMDCHIKM@?$GAscalar?5deleting?5destructor?8@ 10011808     libvcruntime:undname.obj
 0002:00000828       ??_C@_0BO@PFGOCPJJ@?$GAvector?5constructor?5iterator?8@ 10011828     libvcruntime:undname.obj
 0002:00000848       ??_C@_0BN@LFPFMEDL@?$GAvector?5destructor?5iterator?8@ 10011848     libvcruntime:undname.obj
 0002:00000868       ??_C@_0CE@IKBNEHA@?$GAvector?5vbase?5constructor?5itera@ 10011868     libvcruntime:undname.obj
 0002:0000088c       ??_C@_0BL@NILFHHPC@?$GAvirtual?5displacement?5map?8@ 1001188c     libvcruntime:undname.obj
 0002:000008a8       ??_C@_0CB@JONCMFFK@?$GAeh?5vector?5constructor?5iterator@ 100118a8     libvcruntime:undname.obj
 0002:000008cc       ??_C@_0CA@GCEOPDGL@?$GAeh?5vector?5destructor?5iterator?8@ 100118cc     libvcruntime:undname.obj
 0002:000008ec       ??_C@_0CH@OOJPLCPH@?$GAeh?5vector?5vbase?5constructor?5it@ 100118ec     libvcruntime:undname.obj
 0002:00000914       ??_C@_0BL@LLKPOHJI@?$GAcopy?5constructor?5closure?8@ 10011914     libvcruntime:undname.obj
 0002:00000930       ??_C@_0BA@KBCDOMBN@?$GAudt?5returning?8@ 10011930     libvcruntime:undname.obj
 0002:00000940       ??_C@_03KLGMFNMG@?$GAEH@   10011940     libvcruntime:undname.obj
 0002:00000944       ??_C@_05KHLCHHI@?$GARTTI@  10011944     libvcruntime:undname.obj
 0002:0000094c       ??_C@_0BA@KKLDJDLB@?$GAlocal?5vftable?8@ 1001194c     libvcruntime:undname.obj
 0002:0000095c       ??_C@_0CE@IIHCMGGL@?$GAlocal?5vftable?5constructor?5clos@ 1001195c     libvcruntime:undname.obj
 0002:00000980       ??_C@_06FHBGPFGH@?5new?$FL?$FN@ 10011980     libvcruntime:undname.obj
 0002:00000988       ??_C@_09LBNFPBCA@?5delete?$FL?$FN@ 10011988     libvcruntime:undname.obj
 0002:00000994       ??_C@_0P@HJKNJFNN@?$GAomni?5callsig?8@ 10011994     libvcruntime:undname.obj
 0002:000009a4       ??_C@_0BL@CNOONJFP@?$GAplacement?5delete?5closure?8@ 100119a4     libvcruntime:undname.obj
 0002:000009c0       ??_C@_0BN@CKNJLHMB@?$GAplacement?5delete?$FL?$FN?5closure?8@ 100119c0     libvcruntime:undname.obj
 0002:000009e0       ??_C@_0CG@CFDHKGGD@?$GAmanaged?5vector?5constructor?5ite@ 100119e0     libvcruntime:undname.obj
 0002:00000a08       ??_C@_0CF@IMGKMJNO@?$GAmanaged?5vector?5destructor?5iter@ 10011a08     libvcruntime:undname.obj
 0002:00000a30       ??_C@_0CG@HLDDJMAG@?$GAeh?5vector?5copy?5constructor?5ite@ 10011a30     libvcruntime:undname.obj
 0002:00000a58       ??_C@_0CM@FCBBDIGB@?$GAeh?5vector?5vbase?5copy?5construct@ 10011a58     libvcruntime:undname.obj
 0002:00000a84       ??_C@_0BL@CLIPGLGB@?$GAdynamic?5initializer?5for?5?8@ 10011a84     libvcruntime:undname.obj
 0002:00000aa0       ??_C@_0CB@PDBIFEP@?$GAdynamic?5atexit?5destructor?5for?5@ 10011aa0     libvcruntime:undname.obj
 0002:00000ac4       ??_C@_0CD@CGAJBKEJ@?$GAvector?5copy?5constructor?5iterat@ 10011ac4     libvcruntime:undname.obj
 0002:00000ae8       ??_C@_0CJ@GJELGAMM@?$GAvector?5vbase?5copy?5constructor?5@ 10011ae8     libvcruntime:undname.obj
 0002:00000b14       ??_C@_0CL@FGIJHLCE@?$GAmanaged?5vector?5copy?5constructo@ 10011b14     libvcruntime:undname.obj
 0002:00000b40       ??_C@_0BM@PMGGMLDN@?$GAlocal?5static?5thread?5guard?8@ 10011b40     libvcruntime:undname.obj
 0002:00000b5c       ??_C@_0N@BDNMDMOL@operator?5?$CC?$CC?5@ 10011b5c     libvcruntime:undname.obj
 0002:00000b6c       ??_C@_0BC@GGEBGALA@operator?5co_await@ 10011b6c     libvcruntime:undname.obj
 0002:00000b80       ??_C@_0BC@DAFEJGAK@?5Type?5Descriptor?8@ 10011b80     libvcruntime:undname.obj
 0002:00000b94       ??_C@_0BM@LDKODKLH@?5Base?5Class?5Descriptor?5at?5?$CI@ 10011b94     libvcruntime:undname.obj
 0002:00000bb0       ??_C@_0BD@LGICGFMM@?5Base?5Class?5Array?8@ 10011bb0     libvcruntime:undname.obj
 0002:00000bc4       ??_C@_0BN@MECKDCOJ@?5Class?5Hierarchy?5Descriptor?8@ 10011bc4     libvcruntime:undname.obj
 0002:00000be4       ??_C@_0BK@CFCOFLF@?5Complete?5Object?5Locator?8@ 10011be4     libvcruntime:undname.obj
 0002:00000c0c       ??_C@_1DM@KHCHBNEB@?$AAa?$AAp?$AAi?$AA?9?$AAm?$AAs?$AA?9?$AAw?$AAi?$AAn?$AA?9?$AAc?$AAo?$AAr?$AAe@ 10011c0c     libvcruntime:winapi_downlevel.obj
 0002:00000c48       ??_C@_1DK@LPPGFMPP@?$AAa?$AAp?$AAi?$AA?9?$AAm?$AAs?$AA?9?$AAw?$AAi?$AAn?$AA?9?$AAc?$AAo?$AAr?$AAe@ 10011c48     libvcruntime:winapi_downlevel.obj
 0002:00000c84       ??_C@_1BC@GDMECMAK@?$AAk?$AAe?$AAr?$AAn?$AAe?$AAl?$AA3?$AA2@ 10011c84     libvcruntime:winapi_downlevel.obj
 0002:00000c98       ??_C@_1BA@PFFKHIOG@?$AAa?$AAp?$AAi?$AA?9?$AAm?$AAs?$AA?9@ 10011c98     libvcruntime:winapi_downlevel.obj
 0002:00000ca8       ??_C@_1BA@IAIFMGEF@?$AAe?$AAx?$AAt?$AA?9?$AAm?$AAs?$AA?9@ 10011ca8     libvcruntime:winapi_downlevel.obj
 0002:00000cc0       ??_C@_08KNHFBNJ@FlsAlloc@  10011cc0     libvcruntime:winapi_downlevel.obj
 0002:00000cd4       ??_C@_07PEJMOBNF@FlsFree@  10011cd4     libvcruntime:winapi_downlevel.obj
 0002:00000ce4       ??_C@_0M@GDNOONDI@FlsGetValue@ 10011ce4     libvcruntime:winapi_downlevel.obj
 0002:00000cf8       ??_C@_0M@JCPCPOEF@FlsSetValue@ 10011cf8     libvcruntime:winapi_downlevel.obj
 0002:00000d0c       ??_C@_0BM@HCFOFFN@InitializeCriticalSectionEx@ 10011d0c     libvcruntime:winapi_downlevel.obj
 0002:00000d28       __pDestructExceptionObject 10011d28     libvcruntime:ehhelpers.obj
 0002:00000d30       _standard_lookup_table     10011d30     libucrt:output.obj
 0002:00000d8c       ??_C@_06OJHGLDPL@?$CInull?$CJ?$AA@ 10011d8c     libucrt:output.obj
 0002:00000d94       ??_C@_1O@CEDCILHN@?$AA?$CI?$AAn?$AAu?$AAl?$AAl?$AA?$CJ?$AA?$AA@ 10011d94     libucrt:output.obj
 0002:00000da8       ___acrt_exception_action_table 10011da8     libucrt:exception_filter.obj
 0002:00000e38       ___acrt_signal_action_table_count 10011e38     libucrt:exception_filter.obj
 0002:00000e3c       ___acrt_signal_action_first_fpe_index 10011e3c     libucrt:exception_filter.obj
 0002:00000e40       ___acrt_signal_action_fpe_count 10011e40     libucrt:exception_filter.obj
 0002:00000e44       ??_C@_1BI@BGOHAHKC@?$AAm?$AAs?$AAc?$AAo?$AAr?$AAe?$AAe?$AA?4?$AAd?$AAl?$AAl?$AA?$AA@ 10011e44     libucrt:exit.obj
 0002:00000e5c       ??_C@_0P@MIGLKIOC@CorExitProcess?$AA@ 10011e5c     libucrt:exit.obj
 0002:00001050       ??_C@_03OEIAHPBN@INF?$AA@  10012050     libucrt:cvt.obj
 0002:00001054       ??_C@_03OJHLLCGB@inf?$AA@  10012054     libucrt:cvt.obj
 0002:00001058       ??_C@_03LKNCIKJB@NAN?$AA@  10012058     libucrt:cvt.obj
 0002:0000105c       ??_C@_03LHCJEHON@nan?$AA@  1001205c     libucrt:cvt.obj
 0002:00001060       ??_C@_09OFJJIMPC@NAN?$CISNAN?$CJ?$AA@ 10012060     libucrt:cvt.obj
 0002:0000106c       ??_C@_09IPFBKMDL@nan?$CIsnan?$CJ?$AA@ 1001206c     libucrt:cvt.obj
 0002:00001078       ??_C@_08IKHNHAJ@NAN?$CIIND?$CJ?$AA@ 10012078     libucrt:cvt.obj
 0002:00001084       ??_C@_08OFCDMILK@nan?$CIind?$CJ?$AA@ 10012084     libucrt:cvt.obj
 0002:00001090       ??_C@_05KLBDPFGC@e?$CL000?$AA@ 10012090     libucrt:cvt.obj
 0002:00001098       ??_C@_03KOEHGMDN@Sun?$AA@  10012098     libucrt:nlsdata.obj
 0002:0000109c       ??_C@_03PDAGKDH@Mon?$AA@   1001209c     libucrt:nlsdata.obj
 0002:000010a0       ??_C@_03NAGEINEP@Tue?$AA@  100120a0     libucrt:nlsdata.obj
 0002:000010a4       ??_C@_03MHOMLAJA@Wed?$AA@  100120a4     libucrt:nlsdata.obj
 0002:000010a8       ??_C@_03IOFIKPDN@Thu?$AA@  100120a8     libucrt:nlsdata.obj
 0002:000010ac       ??_C@_03IDIOELNC@Fri?$AA@  100120ac     libucrt:nlsdata.obj
 0002:000010b0       ??_C@_03FEFJNEK@Sat?$AA@   100120b0     libucrt:nlsdata.obj
 0002:000010b4       ??_C@_06OOPIFAJ@Sunday?$AA@ 100120b4     libucrt:nlsdata.obj
 0002:000010bc       ??_C@_06JLEDEDGH@Monday?$AA@ 100120bc     libucrt:nlsdata.obj
 0002:000010c4       ??_C@_07BAAGCFCM@Tuesday?$AA@ 100120c4     libucrt:nlsdata.obj
 0002:000010cc       ??_C@_09DLIGFAKA@Wednesday?$AA@ 100120cc     libucrt:nlsdata.obj
 0002:000010d8       ??_C@_08HACCIKIA@Thursday?$AA@ 100120d8     libucrt:nlsdata.obj
 0002:000010e4       ??_C@_06JECMNKMI@Friday?$AA@ 100120e4     libucrt:nlsdata.obj
 0002:000010ec       ??_C@_08INBOOONO@Saturday?$AA@ 100120ec     libucrt:nlsdata.obj
 0002:000010f8       ??_C@_03JIHJHPIE@Jan?$AA@  100120f8     libucrt:nlsdata.obj
 0002:000010fc       ??_C@_03HJBDCHOM@Feb?$AA@  100120fc     libucrt:nlsdata.obj
 0002:00001100       ??_C@_03ODNJBKGA@Mar?$AA@  10012100     libucrt:nlsdata.obj
 0002:00001104       ??_C@_03LEOLGMJP@Apr?$AA@  10012104     libucrt:nlsdata.obj
 0002:00001108       ??_C@_03CNMDKL@May?$AA@    10012108     libucrt:nlsdata.obj
 0002:0000110c       ??_C@_03IDFGHECI@Jun?$AA@  1001210c     libucrt:nlsdata.obj
 0002:00001110       ??_C@_03LBGABGKK@Jul?$AA@  10012110     libucrt:nlsdata.obj
 0002:00001114       ??_C@_03IFJFEIGA@Aug?$AA@  10012114     libucrt:nlsdata.obj
 0002:00001118       ??_C@_03GGCAPAJC@Sep?$AA@  10012118     libucrt:nlsdata.obj
 0002:0000111c       ??_C@_03BMAOKBAD@Oct?$AA@  1001211c     libucrt:nlsdata.obj
 0002:00001120       ??_C@_03JPJOFNIA@Nov?$AA@  10012120     libucrt:nlsdata.obj
 0002:00001124       ??_C@_03MKABNOCG@Dec?$AA@  10012124     libucrt:nlsdata.obj
 0002:00001128       ??_C@_07CGJPFGJA@January?$AA@ 10012128     libucrt:nlsdata.obj
 0002:00001130       ??_C@_08GNJGEPFN@February?$AA@ 10012130     libucrt:nlsdata.obj
 0002:0000113c       ??_C@_05HPCKOFNC@March?$AA@ 1001213c     libucrt:nlsdata.obj
 0002:00001144       ??_C@_05DMJDNLEJ@April?$AA@ 10012144     libucrt:nlsdata.obj
 0002:0000114c       ??_C@_04CNLMGBGM@June?$AA@ 1001214c     libucrt:nlsdata.obj
 0002:00001154       ??_C@_04MIEPOIFP@July?$AA@ 10012154     libucrt:nlsdata.obj
 0002:0000115c       ??_C@_06LBBHFDDG@August?$AA@ 1001215c     libucrt:nlsdata.obj
 0002:00001164       ??_C@_09BHHEALKD@September?$AA@ 10012164     libucrt:nlsdata.obj
 0002:00001170       ??_C@_07JJNFCEND@October?$AA@ 10012170     libucrt:nlsdata.obj
 0002:00001178       ??_C@_08HCHEGEOA@November?$AA@ 10012178     libucrt:nlsdata.obj
 0002:00001184       ??_C@_08EDHMEBNP@December?$AA@ 10012184     libucrt:nlsdata.obj
 0002:00001190       ??_C@_02DEDBPAFC@AM?$AA@   10012190     libucrt:nlsdata.obj
 0002:00001194       ??_C@_02CJNFDJBF@PM?$AA@   10012194     libucrt:nlsdata.obj
[...]
 0001:0000bd00       _common_flush_all          1000cd00 f   libucrt:fflush.obj
 0001:0000bfd3       ?free_crt_array_internal@@YAXQAPBXI@Z 1000cfd3 f   libucrt:inittime.obj
 0001:0000c498       ?GetTableIndexFromLocaleName@@YAHPB_W@Z 1000d498 f   libucrt:lcidtoname_downlevel.obj
 0001:0000c580       ?shortsort@@YAXPAD0IP6AHPBX1@Z@Z 1000d580 f   libucrt:qsort.obj
 0001:0000c620       ?swap@@YAXPAD0I@Z          1000d620 f   libucrt:qsort.obj
 0001:0000c9fa       ??$common_tcsncpy_s@D@@YAHQADIQBDI@Z 1000d9fa f   libucrt:strncpy_s.obj
 0001:0000cac0       $$000000                   1000dac0     libucrt:strpbrk.obj
 0001:0000cba4       ?initialize_multibyte@@YAHXZ 1000dba4 f   libucrt:multibyte_initializer.obj
 0001:0000cd20       $$000000                   1000dd20     libucrt:log10.obj
 0001:0000ce70       $$000000                   1000de70     libucrt:ceil_pentium4.obj
 0001:0000cf8d       ?write_double_translated_ansi_nolock@@YA?AUwrite_result@?A0x47fa6670@@HQBDI@Z 1000df8d f   libucrt:write.obj
 0001:0000d140       ?write_double_translated_unicode_nolock@@YA?AUwrite_result@?A0x47fa6670@@QBDI@Z 1000e140 f   libucrt:write.obj
 0001:0000d1ad       ?write_requires_double_translation_nolock@@YA_NH@Z 1000e1ad f   libucrt:write.obj
 0001:0000d223       ?write_text_ansi_nolock@@YA?AUwrite_result@?A0x47fa6670@@HQBDI@Z 1000e223 f   libucrt:write.obj
 0001:0000d302       ?write_text_utf16le_nolock@@YA?AUwrite_result@?A0x47fa6670@@HQBDI@Z 1000e302 f   libucrt:write.obj
 0001:0000d3f0       ?write_text_utf8_nolock@@YA?AUwrite_result@?A0x47fa6670@@HQBDI@Z 1000e3f0 f   libucrt:write.obj
 0001:0000d814       ??$common_lseek_nolock@_J@@YA_JH_JH@Z 1000e814 f   libucrt:lseek.obj
 0001:0000dad8       ___get_abstract_control_sse2 1000ead8 f   libucrt:_fenvutils.obj
 0001:0000db55       ___get_abstract_control_x87 1000eb55 f   libucrt:_fenvutils.obj
 0001:0000dbc8       ___get_machine_control     1000ebc8 f   libucrt:_fenvutils.obj
 0001:0000dc39       ___get_machine_control_sse2 1000ec39 f   libucrt:_fenvutils.obj
 0001:0000dcb9       ___get_machine_status_sse2 1000ecb9 f   libucrt:_fenvutils.obj
 0001:0000dd1a       ___get_machine_status_x87  1000ed1a f   libucrt:_fenvutils.obj
 0001:0000e060       $$000000                   1000f060     libucrt:log10_pentium4.obj
 0001:0000e2f0       $$000000                   1000f2f0     libucrt:87tran.obj
 0001:0000e4f0       $$000000                   1000f4f0     libucrt:87disp.obj
 0001:0000e6f0       $$000000                   1000f6f0     libucrt:common.obj
 0001:0000e880       $$000000                   1000f880     libucrt:genexcep.obj
 0001:0000edf0       $$000000                   1000fdf0     libucrt:_strnicm.obj
 0001:0000fc10       $$000000                   10010c10     LIBCMT:ulldvrm.obj
 0001:0000fcb0       $$000000                   10010cb0     LIBCMT:sehprolg4gs.obj
 0001:0000fd10       $$000000                   10010d10     LIBCMT:lldvrm.obj
 0001:0000fdf0       $$000000                   10010df0     LIBCMT:ullshr.obj
 0001:0000fe10       $$000000                   10010e10     LIBCMT:alloca16.obj
 0001:0000fe40       $$000000                   10010e40     LIBCMT:llshl.obj
 0001:0000fe60       $$000000                   10010e60     LIBCMT:ftol2.obj
 0001:0000ff20       $$000000                   10010f20     LIBCMT:chkstk.obj
 0002:00000458       _GS_ExceptionPointers      10011458     LIBCMT:gs_report.obj
 0002:00000468       ?tokenTable@@3QBQBDB       10011468     libvcruntime:undname.obj
 0002:000004a8       ?nameTable@@3QBQBDB        100114a8     libvcruntime:undname.obj
 0002:000005f0       ?rttiTable@@3QBQBDB        100115f0     libvcruntime:undname.obj
 0002:00000c00       ?module_names@?A0xbf9eb92d@@3QBQB_WB 10011c00     libvcruntime:winapi_downlevel.obj
 0002:00000cb8       ?candidate_modules@?1??try_get_FlsAlloc@@YAP6GKP6GXPAX@Z@ZXZ@4QBW4module_id@?A0xbf9eb92d@@B 10011cb8     libvcruntime:winapi_downlevel.obj
 0002:00000ccc       ?candidate_modules@?1??try_get_FlsFree@@YAP6GHK@ZXZ@4QBW4module_id@?A0xbf9eb92d@@B 10011ccc     libvcruntime:winapi_downlevel.obj
 0002:00000cdc       ?candidate_modules@?1??try_get_FlsGetValue@@YAP6GPAXK@ZXZ@4QBW4module_id@?A0xbf9eb92d@@B 10011cdc     libvcruntime:winapi_downlevel.obj
 0002:00000cf0       ?candidate_modules@?1??try_get_FlsSetValue@@YAP6GHKPAX@ZXZ@4QBW4module_id@?A0xbf9eb92d@@B 10011cf0     libvcruntime:winapi_downlevel.obj
 0002:00000d04       ?candidate_modules@?1??try_get_InitializeCriticalSectionEx@@YAP6GHPAU_RTL_CRITICAL_SECTION@@KK@ZXZ@4QBW4module_id@?A0xbf9eb92d@@B 10011d04     libvcruntime:winapi_downlevel.obj
 0002:00000e70       ___acrt_initializers       10011e70     libucrt:initialization.obj
 0002:00000ee8       _errtable                  10011ee8     libucrt:errno.obj
 0002:00001560       _module_names              10012560     libucrt:winapi_thunks.obj
 0002:00001aa8       ?candidate_modules@?1??try_get_FlsAlloc@@YAP6GKP6GXPAX@Z@ZXZ@4QBW4module_id@?A0x352e5c4b@@B 10012aa8     libucrt:winapi_thunks.obj
 0002:00001abc       ?candidate_modules@?1??try_get_FlsFree@@YAP6GHK@ZXZ@4QBW4module_id@?A0x352e5c4b@@B 10012abc     libucrt:winapi_thunks.obj
 0002:00001acc       ?candidate_modules@?1??try_get_FlsGetValue@@YAP6GPAXK@ZXZ@4QBW4module_id@?A0x352e5c4b@@B 10012acc     libucrt:winapi_thunks.obj
 0002:00001ae0       ?candidate_modules@?1??try_get_FlsSetValue@@YAP6GHKPAX@ZXZ@4QBW4module_id@?A0x352e5c4b@@B 10012ae0     libucrt:winapi_thunks.obj
 0002:00001af4       ?candidate_modules@?1??try_get_GetCurrentPackageId@@YAP6GJPAIPAE@ZXZ@4QBW4module_id@?A0x352e5c4b@@B 10012af4     libucrt:winapi_thunks.obj
 0002:00001b10       ?candidate_modules@?1??try_get_InitializeCriticalSectionEx@@YAP6GHPAU_RTL_CRITICAL_SECTION@@KK@ZXZ@4QBW4module_id@?A0x352e5c4b@@B 10012b10     libucrt:winapi_thunks.obj
 0002:00001b34       ?candidate_modules@?1??try_get_LCMapStringEx@@YAP6GHPB_WK0HPA_WHPAU_nlsversioninfo@@PAXJ@ZXZ@4QBW4module_id@?A0x352e5c4b@@B 10012b34     libucrt:winapi_thunks.obj
 0002:00001b4c       ?candidate_modules@?1??try_get_LocaleNameToLCID@@YAP6GKPB_WK@ZXZ@4QBW4module_id@?A0x352e5c4b@@B 10012b4c     libucrt:winapi_thunks.obj
 0002:00001b68       __mb_locale_names          10012b68     libucrt:mbctype.obj
 0002:00002b98       _LcidToLocaleNameTable     10013b98     libucrt:lcidtoname_downlevel.obj
 0002:00003cb8       _LocaleNameToIndexTable    10014cb8     libucrt:lcidtoname_downlevel.obj
 0002:00004c10       LOG_name                   10015c10     libucrt:log10.obj
 0002:00004c20       _One                       10015c20     libucrt:ceil_pentium4.obj
 0002:00004c30       _Bns                       10015c30     libucrt:ceil_pentium4.obj
 0002:00004c40       _Zero                      10015c40     libucrt:ceil_pentium4.obj
 0002:00004c50       _S                         10015c50     libucrt:ceil_pentium4.obj
 0002:00004c60       _NegZero                   10015c60     libucrt:ceil_pentium4.obj
 0002:00004c70       emask                      10015c70     libucrt:log10_pentium4.obj
 0002:00004c80       CC                         10015c80     libucrt:log10_pentium4.obj
 0002:00004c90       Magic                      10015c90     libucrt:log10_pentium4.obj
 0002:00004ca0       hi_mask                    10015ca0     libucrt:log10_pentium4.obj
 0002:00004cb0       LOG10_2                    10015cb0     libucrt:log10_pentium4.obj
 0002:00004cc0       place_L                    10015cc0     libucrt:log10_pentium4.obj
 0002:00004ce0       One                        10015ce0     libucrt:log10_pentium4.obj
 0002:00004cf0       Zero                       10015cf0     libucrt:log10_pentium4.obj
 0002:00004d00       Two52                      10015d00     libucrt:log10_pentium4.obj
 0002:00004d10       Infs                       10015d10     libucrt:log10_pentium4.obj
 0002:00004d20       NaN                        10015d20     libucrt:log10_pentium4.obj
 0002:00004d30       coeff                      10015d30     libucrt:log10_pentium4.obj
 0002:00004d8e       _log2max                   10015d8e     libucrt:87tran.obj
 0002:00004d98       _smallarg                  10015d98     libucrt:87tran.obj
 0002:00004da2       _half                      10015da2     libucrt:87tran.obj
 0002:00004dee       One                        10015dee     libucrt:87disp.obj
 0002:00004df6       Three                      10015df6     libucrt:87disp.obj
 0002:00004dfe       XAMtoTagTab                10015dfe     libucrt:87disp.obj
 0002:00004e10       One                        10015e10     libucrt:common.obj
 0002:00004e24       DblMax                     10015e24     libucrt:common.obj
 0002:00004e2c       DblMin                     10015e2c     libucrt:common.obj
 0002:00004e34       IeeeAdjO                   10015e34     libucrt:common.obj
 0002:00004e3c       IeeeAdjU                   10015e3c     libucrt:common.obj
 0002:00004e44       _infinity                  10015e44     libucrt:common.obj
 0002:00004e4c       _zero                      10015e4c     libucrt:common.obj
 0002:00004e88       _over                      10015e88     libucrt:fpctrl.obj
 0002:00004e94       _under                     10015e94     libucrt:fpctrl.obj
 0002:00005758       ?_names@?1??_get_fname@@9@9 10016758     libucrt:fpexcept.obj
 0002:00005c80       __sehtable$?SetThreadName@@YAXKPAD@Z 10016c80     common-kernel32:WThreads.obj
 0002:00005ca0       __sehtable$?dllmain_crt_process_attach@@YAHQAUHINSTANCE__@@QAX@Z 10016ca0     LIBCMT:dll_dllmain.obj
 0002:00005cc0       __sehtable$?dllmain_crt_process_detach@@YAH_N@Z 10016cc0     LIBCMT:dll_dllmain.obj
 0002:00005ce0       __sehtable$?dllmain_dispatch@@YAHQAUHINSTANCE__@@KQAX@Z 10016ce0     LIBCMT:dll_dllmain.obj
 0002:00005d00       __sehtable$___scrt_is_nonwritable_in_current_image 10016d00     LIBCMT:utility.obj
 0002:00005d20       __sehtable$___DestructExceptionObject 10016d20     libvcruntime:ehhelpers.obj
 0002:00005d40       __sehtable$?common_exit@@YAXHW4_crt_exit_cleanup_mode@@W4_crt_exit_return_mode@@@Z 10016d40     libucrt:exit.obj
 0002:00005d68       __sehtable$??$?RV<lambda_995298e7d72eb4c2aab26c0585b3abe5>@@AAV<lambda_275893d493268fdec8709772e3fcec0e>@@V<lambda_293819299cbf9a7022e18b56a874bb5c>@@@?$__crt_seh_guarded_call@H@@QAEH$$QAV<lambda_995298e7d72eb4c2aab26c0585b3abe5>@@AAV<lambda_275893d493268fdec8709772e3fcec0e>@@$$QAV<lambda_293819299cbf9a7022e18b56a874bb5c>@@@Z 10016d68     libucrt:onexit.obj
 0002:00005d88       __sehtable$_terminate      10016d88     libucrt:terminate.obj
 0002:00005da8       __sehtable$??$?RV<lambda_9df27f884b057bc3edfc946cb5b7cf47>@@AAV<lambda_e69574bed617af4e071282c136b37893>@@V<lambda_cc0d902bcbbeb830f749456577db4721>@@@?$__crt_seh_guarded_call@X@@QAEX$$QAV<lambda_9df27f884b057bc3edfc946cb5b7cf47>@@AAV<lambda_e69574bed617af4e071282c136b37893>@@$$QAV<lambda_cc0d902bcbbeb830f749456577db4721>@@@Z 10016da8     libucrt:per_thread_data.obj
 0002:00005dc8       __sehtable$??$?RV<lambda_3518db117f0e7cdb002338c5d3c47b6c>@@AAV<lambda_b2ea41f6bbb362cd97d94c6828d90b61>@@V<lambda_abdedf541bb04549bc734292b4a045d4>@@@?$__crt_seh_guarded_call@X@@QAEX$$QAV<lambda_3518db117f0e7cdb002338c5d3c47b6c>@@AAV<lambda_b2ea41f6bbb362cd97d94c6828d90b61>@@$$QAV<lambda_abdedf541bb04549bc734292b4a045d4>@@@Z 10016dc8     libucrt:per_thread_data.obj
 0002:00005de8       __sehtable$??$?RV<lambda_51b6e8b1eb166f2a3faf91f424b38130>@@AAV<lambda_6250bd4b2a391816dd638c3bf72b0bcb>@@V<lambda_0b5a4a3e68152e1d9b943535f5f47bed>@@@?$__crt_seh_guarded_call@X@@QAEX$$QAV<lambda_51b6e8b1eb166f2a3faf91f424b38130>@@AAV<lambda_6250bd4b2a391816dd638c3bf72b0bcb>@@$$QAV<lambda_0b5a4a3e68152e1d9b943535f5f47bed>@@@Z 10016de8     libucrt:per_thread_data.obj
 0002:00005e08       __sehtable$??$?RV<lambda_5b71d36f03204c0beab531769a5b5694>@@AAV<lambda_be2b3da3f62db62e9dad5dc70221a656>@@V<lambda_8f9ce462984622f9bf76b59e2aaaf805>@@@?$__crt_seh_guarded_call@X@@QAEX$$QAV<lambda_5b71d36f03204c0beab531769a5b5694>@@AAV<lambda_be2b3da3f62db62e9dad5dc70221a656>@@$$QAV<lambda_8f9ce462984622f9bf76b59e2aaaf805>@@@Z 10016e08     libucrt:per_thread_data.obj
 0002:00005e28       __sehtable$___acrt_uninitialize_locale 10016e28     libucrt:wsetlocale.obj
 0002:00005e48       __sehtable$___acrt_initialize_lowio 10016e48     libucrt:ioinit.obj
 0002:00005e68       __sehtable$___acrt_update_thread_multibyte_data 10016e68     libucrt:mbctype.obj
 0002:00005e88       __sehtable$??$?RV<lambda_978dc153c237d78434369da87b74ff60>@@AAV<lambda_ad1ced32f4ac17aa236e5ef05d6b3b7c>@@V<lambda_4a8533e2866a575feecb8298ce776b0d>@@@?$__crt_seh_guarded_call@X@@QAEX$$QAV<lambda_978dc153c237d78434369da87b74ff60>@@AAV<lambda_ad1ced32f4ac17aa236e5ef05d6b3b7c>@@$$QAV<lambda_4a8533e2866a575feecb8298ce776b0d>@@@Z 10016e88     libucrt:mbctype.obj
 0002:00005ea8       __sehtable$__query_new_handler 10016ea8     libucrt:new_handler.obj
 0002:00005ec8       __sehtable$_raise          10016ec8     libucrt:signal.obj
 0002:00005ee8       __sehtable$??$?RV<lambda_a048d3beccc847880fc8490e18b82769>@@AAV<lambda_ec61778202f4f5fc7e7711acc23c3bca>@@V<lambda_f7496a158712204296dd6628a163878e>@@@?$__crt_seh_guarded_call@P6AXH@Z@@QAEP6AXH@Z$$QAV<lambda_a048d3beccc847880fc8490e18b82769>@@AAV<lambda_ec61778202f4f5fc7e7711acc23c3bca>@@$$QAV<lambda_f7496a158712204296dd6628a163878e>@@@Z 10016ee8     libucrt:signal.obj
 0002:00005f08       __sehtable$___acrt_update_thread_locale_data 10016f08     libucrt:locale_refcounting.obj
 0002:00005f28       __sehtable$__fcloseall     10016f28     libucrt:closeall.obj
 0002:00005f48       __sehtable$_common_flush_all 10016f48     libucrt:fflush.obj
 0002:00005f70       __sehtable$___acrt_lowio_ensure_fh_exists 10016f70     libucrt:osfinfo.obj
 0002:00005f90       __sehtable$__write         10016f90     libucrt:write.obj
 0002:00005fb0       __sehtable$_fclose         10016fb0     libucrt:fclose.obj
 0002:00005fd0       __sehtable$??$?RV<lambda_61cee617f5178ae960314fd4d05640a0>@@AAV<lambda_6978c1fb23f02e42e1d9e99668cc68aa>@@V<lambda_9cd88cf8ad10232537feb2133f08c833>@@@?$__crt_seh_guarded_call@H@@QAEH$$QAV<lambda_61cee617f5178ae960314fd4d05640a0>@@AAV<lambda_6978c1fb23f02e42e1d9e99668cc68aa>@@$$QAV<lambda_9cd88cf8ad10232537feb2133f08c833>@@@Z 10016fd0     libucrt:commit.obj
 0002:00005ff0       __sehtable$??$?RV<lambda_123407a5e2ac06da108355a851863b7a>@@AAV<lambda_2fe9b910cf3cbf4a0ab98a02ba45b3ec>@@V<lambda_ae55bdf541ad94d75914d381c370e64d>@@@?$__crt_seh_guarded_call@H@@QAEH$$QAV<lambda_123407a5e2ac06da108355a851863b7a>@@AAV<lambda_2fe9b910cf3cbf4a0ab98a02ba45b3ec>@@$$QAV<lambda_ae55bdf541ad94d75914d381c370e64d>@@@Z 10016ff0     libucrt:close.obj
 0002:00006010       __sehtable$__IsNonwritableInCurrentImage 10017010     LIBCMT:pesect.obj
 0002:00006030       .edata                     10017030     gdi+.exp
 0002:00006058       rgpv                       10017058     gdi+.exp
 0002:0000606c       rgszName                   1001706c     gdi+.exp
 0002:00006080       rgwOrd                     10017080     gdi+.exp
 0002:0000608a       szName                     1001708a     gdi+.exp
 0002:00006093       $N00001                    10017093     gdi+.exp
 0002:0000609e       $N00002                    1001709e     gdi+.exp
 0002:000060a7       $N00003                    100170a7     gdi+.exp
 0002:000060b0       $N00004                    100170b0     gdi+.exp
 0002:000060b9       $N00005                    100170b9     gdi+.exp
 0002:000063b2       .idata$6                   100173b2     kernel32:KERNEL32.dll
 0002:000063ea       .idata$6                   100173ea     user32:USER32.dll
 0002:00006460       .idata$6                   10017460     gdi32:GDI32.dll
 0002:0000648e       .idata$6                   1001748e     ole32:ole32.dll
 0003:00000030       ?__vcrt_flsindex@@3KA      10018030     libvcruntime:per_thread_data.obj
 0003:00000054       _errno_no_memory           10018054     libucrt:errno.obj
 0003:00000058       _doserrno_no_memory        10018058     libucrt:errno.obj
 0003:0000005c       ___acrt_flsindex           1001805c     libucrt:per_thread_data.obj
 0003:000001cc       ___rgctypeflag             100181cc     libucrt:mbctype.obj
 0003:000001d0       ___rgcode_page_info        100181d0     libucrt:mbctype.obj
 0003:00000780       ?gHeapInit@?A0x8f3601b8@@3U?$atomic@H@std@@A 10018780     common-kernel32:Memory.obj
 0003:00000784       ?gHeapCounter@?A0x8f3601b8@@3U?$atomic@H@std@@A 10018784     common-kernel32:Memory.obj
 0003:0000078c       ?gh_UnknownTerminatedThread@@3PAXA 1001878c     common-kernel32:WThreads.obj
 0003:00000790       ?g_Threads@@3PAUConEmuThreadInfo@@A 10018790     common-kernel32:WThreads.obj
 0003:00007f98       _GS_ExceptionRecord        1001ff98     LIBCMT:gs_report.obj
 0003:00007fe8       _GS_ContextRecord          1001ffe8     LIBCMT:gs_report.obj
 0003:000082b4       ?__proc_attached@@3HA      100202b4     LIBCMT:dll_dllmain.obj
 0003:000082d0       ?is_initialized_as_dll@@3_NA 100202d0     LIBCMT:utility.obj
 0003:000082d1       ?module_local_atexit_table_initialized@@3_NA 100202d1     LIBCMT:utility.obj
 0003:000082d4       ?module_local_atexit_table@@3U_onexit_table_t@@A 100202d4     LIBCMT:utility.obj
 0003:000082e0       ?module_local_at_quick_exit_table@@3U_onexit_table_t@@A 100202e0     LIBCMT:utility.obj
 0003:00008320       ?heap@@3V_HeapManager@@A   10020320     libvcruntime:undname.obj
 0003:00008334       ?__vcrt_startup_thread_ptd@@3U__vcrt_ptd@@A 10020334     libvcruntime:per_thread_data.obj
 0003:0000835c       ___vcrt_lock_table         1002035c     libvcruntime:locks.obj
 0003:00008374       ___vcrt_locks_initialized  10020374     libvcruntime:locks.obj
 0003:00008378       ?module_handles@@3PAPAUHINSTANCE__@@A 10020378     libvcruntime:winapi_downlevel.obj
 0003:00008384       ?encoded_function_pointers@@3PAPAXA 10020384     libvcruntime:winapi_downlevel.obj
 0003:000083a0       ___acrt_invalid_parameter_handler 100203a0     libucrt:invalid_parameter.obj
 0003:000083a4       _c_termination_complete    100203a4     libucrt:exit.obj
 0003:000083a8       _thread_local_exit_callback_func 100203a8     libucrt:exit.obj
 0003:000083ac       ?c_exit_complete@?5??common_exit@@YAXHW4_crt_exit_cleanup_mode@@W4_crt_exit_return_mode@@@Z@4_NA 100203ac     libucrt:exit.obj
 0003:000083b0       ?program_name@?5???$common_configure_argv@D@@YAHW4_crt_argv_mode@@@Z@4PADA 100203b0     libucrt:argv_parsing.obj
 0003:000084e8       _enable_percent_n          100204e8     libucrt:printf_count_output.obj
 0003:00008708       ___acrt_lock_table         10020708     libucrt:locks.obj
 0003:00008840       ___acrt_locks_initialized  10020840     libucrt:locks.obj
 0003:00008848       _module_handles            10020848     libucrt:winapi_thunks.obj
 0003:00008898       _encoded_function_pointers 10020898     libucrt:winapi_thunks.obj
 0003:00008918       ?state_cache@?1??__acrt_is_packaged_app@@9@4JA 10020918     libucrt:winapi_thunks.obj
 0003:00008934       _fSystemSet                10020934     libucrt:mbctype.obj
 0003:00008938       ?initialized@?1??__acrt_initialize_multibyte@@9@4_NA 10020938     libucrt:mbctype.obj
 0003:00008958       ___acrt_new_handler        10020958     libucrt:new_handler.obj
 0003:0000895c       _ctrlc_action              1002095c     libucrt:signal.obj
 0003:00008960       _ctrlbreak_action          10020960     libucrt:signal.obj
 0003:00008964       _abort_action              10020964     libucrt:signal.obj
 0003:00008968       _term_action               10020968     libucrt:signal.obj
 0003:0000896c       _user_matherr              1002096c     libucrt:matherr.obj
 0003:00008970       ___acrt_global_new_mode    10020970     libucrt:new_mode.obj
 0003:0000897c       ___acrt_app_type           1002097c     libucrt:report_runtime_error.obj
 0003:00008984       __pmatherr_set             10020984     libucrt:libm_error.obj
 0004:000000a0       $R000000                   100210a0     gdip.res
 0004:000003b0       $R000310                   100213b0     gdip.res
