 ico

 Timestamp is 613e72b6 (Sun Sep 12 23:35:50 2021)

 Preferred load address is 10000000

 Start         Length     Name                   Class
 0001:00000000 0000ff0bH .text$mn                CODE
 0001:0000ff0b 00000000H .text$x                 CODE
 0002:00000000 00000150H .idata$5                DATA
 0002:00000150 00000004H .00cfg                  DATA
 0002:00000154 00000004H .CRT$XCA                DATA
 0002:00000158 00000004H .CRT$XCZ                DATA
 0002:0000015c 00000004H .CRT$XIA                DATA
 0002:00000160 0000000cH .CRT$XIC                DATA
 0002:0000016c 00000004H .CRT$XIZ                DATA
 0002:00000170 00000004H .CRT$XPA                DATA
 0002:00000174 00000008H .CRT$XPX                DATA
 0002:0000017c 00000004H .CRT$XPXA               DATA
 0002:00000180 00000004H .CRT$XPZ                DATA
 0002:00000184 00000004H .CRT$XTA                DATA
 0002:00000188 00000008H .CRT$XTZ                DATA
 0002:0000018c 00000000H .gfids$x                DATA
 0002:0000018c 00000000H .gfids$y                DATA
 0002:00000190 00005828H .rdata                  DATA
 0002:000059b8 00000238H .rdata$r                DATA
 0002:00005bf0 0000000cH .rdata$sxdata           DATA
 0002:00005bfc 00000304H .rdata$zzzdbg           DATA
 0002:00005f00 00000004H .rtc$IAA                DATA
 0002:00005f04 00000004H .rtc$IZZ                DATA
 0002:00005f08 00000004H .rtc$TAA                DATA
 0002:00005f0c 00000004H .rtc$TZZ                DATA
 0002:00005f10 00000390H .xdata$x                DATA
 0002:000062a0 00000094H .edata                  DATA
 0002:00006334 0000003cH .idata$2                DATA
 0002:00006370 00000014H .idata$3                DATA
 0002:00006384 00000150H .idata$4                DATA
 0002:000064d4 00000614H .idata$6                DATA
 0003:00000000 00000760H .data                   DATA
 0003:00000760 000000e0H .data$r                 DATA
 0003:00000840 00000a28H .bss                    DATA
 0004:00000000 000000a0H .rsrc$01                DATA
 0004:000000a0 00000488H .rsrc$02                DATA

  Address         Publics by Value              Rva+Base       Lib:Object

 0000:00000000       ___guard_iat_count         00000000     <absolute>
 0000:00000000       ___guard_longjmp_count     00000000     <absolute>
 0000:00000000       __except_list              00000000     <absolute>
 0000:00000000       ___guard_fids_count        00000000     <absolute>
 0000:00000000       ___guard_longjmp_table     00000000     <absolute>
 0000:00000000       ___hybrid_code_map_count   00000000     <absolute>
 0000:00000000       ___hybrid_auxiliary_iat    00000000     <absolute>
 0000:00000000       ___dynamic_value_reloc_table 00000000     <absolute>
 0000:00000000       ___guard_fids_table        00000000     <absolute>
 0000:00000000       ___guard_iat_table         00000000     <absolute>
 0000:00000000       ___volatile_metadata       00000000     <absolute>
 0000:00000000       ___enclave_config          00000000     <absolute>
 0000:00000000       ___hybrid_code_map         00000000     <absolute>
 0000:00000003       ___safe_se_handler_count   00000003     <absolute>
 0000:00000100       ___guard_flags             00000100     <absolute>
 0000:00000000       ___ImageBase               10000000     <linker-defined>
 0001:00000000       ??$swprintf_c@$0IA@@@YAHAAY0IA@_WPB_WZZ 10001000 f i ico.obj
 0001:00000019       ??0Bitmap@Gdiplus@@QAE@PAUIStream@@H@Z 10001019 f i ico.obj
 0001:00000053       ??1MStream@@UAE@XZ         10001053 f i ico.obj
 0001:0000008a       ??_GImage@Gdiplus@@UAEPAXI@Z 1000108a f i ico.obj
 0001:0000008a       ??_GBitmap@Gdiplus@@UAEPAXI@Z 1000108a f i ico.obj
 0001:0000008a       ??_EBitmap@Gdiplus@@UAEPAXI@Z 1000108a f i ico.obj
 0001:0000008a       ??_EImage@Gdiplus@@UAEPAXI@Z 1000108a f i ico.obj
 0001:000000c3       ??_GMStream@@UAEPAXI@Z     100010c3 f i ico.obj
 0001:000000c3       ??_EMStream@@UAEPAXI@Z     100010c3 f i ico.obj
 0001:000000e5       ?AddRef@MStream@@UAGKXZ    100010e5 f i ico.obj
 0001:000000fe       ?CET_Cancel@@YGXPAX@Z      100010fe f   ico.obj
 0001:0000011b       ?CET_Done@@YGXPAUCET_Init@@@Z 1000111b f   ico.obj
 0001:00000142       ?CET_Free@@YGXPAUCET_LoadInfo@@@Z 10001142 f   ico.obj
 0001:0000017b       ?CET_Init@@YGHPAU0@@Z      1000117b f   ico.obj
 0001:000001ec       ?CET_Load@@YGHPAUCET_LoadInfo@@@Z 100011ec f   ico.obj
 0001:00000322       ?Clone@Image@Gdiplus@@UAEPAV12@XZ 10001322 f i ico.obj
 0001:00000364       ?Clone@MStream@@UAGJPAPAUIStream@@@Z 10001364 f i ico.obj
 0001:0000036c       ?Close@ICODecoder@@QAEXXZ  1000136c f i ico.obj
 0001:000003a3       ?Close@ICOImage@@QAEXXZ    100013a3 f i ico.obj
 0001:000003f1       ?Commit@MStream@@UAGJK@Z   100013f1 f i ico.obj
 0001:00000403       ?CopyTo@MStream@@UAGJPAUIStream@@T_ULARGE_INTEGER@@PAT3@2@Z 10001403 f i ico.obj
 0001:00000403       ?LockRegion@MStream@@UAGJT_ULARGE_INTEGER@@0K@Z 10001403 f i ico.obj
 0001:00000403       ?UnlockRegion@MStream@@UAGJT_ULARGE_INTEGER@@0K@Z 10001403 f i ico.obj
 0001:0000040b       ?Decode1BPP@@YAPAEIIPAUtagRGBQUAD@@PAE1AAK@Z 1000140b f   ico.obj
 0001:000004cc       ?Decode24BPP@@YAPAEAAIIPAE1AAK@Z 100014cc f   ico.obj
 0001:00000680       ?Decode32BPP@@YAPAEAAIIPAE1AAK@Z 10001680 f   ico.obj
 0001:0000074b       ?Decode4BPP@@YAPAEIIPAUtagRGBQUAD@@PAE1AAK@Z 1000174b f   ico.obj
 0001:00000828       ?Decode8BPP@@YAPAEAAIIPAUtagRGBQUAD@@PAE2AAK@Z 10001828 f   ico.obj
 0001:000008f2       ?DecodeDummy@@YAPAEIIAAK@Z 100018f2 f   ico.obj
 0001:00000931       ?FromStream@Bitmap@Gdiplus@@SAPAV12@PAUIStream@@H@Z 10001931 f i ico.obj
 0001:00000952       ?GetPageBits@ICOImage@@QAEHPAUCET_LoadInfo@@@Z 10001952 f i ico.obj
 0001:00000aa5       ?GetPixelFormat@Image@Gdiplus@@QAEHXZ 10001aa5 f i ico.obj
 0001:00000ac5       ?Init@ICODecoder@@QAEHPAUCET_Init@@@Z 10001ac5 f i ico.obj
 0001:00000b26       ?LoadPageInfo@@YAKPAUICONCONTEXT@@HAAI111PAPB_W@Z 10001b26 f   ico.obj
 0001:00000c62       ?Open@ICOImage@@QAEH_NPB_WPBEKU_COORD@@@Z 10001c62 f i ico.obj
 0001:00000e16       ?PageDecode@ICOImage@@QAEHPAUCET_LoadInfo@@@Z 10001e16 f i ico.obj
 0001:0000118a       ?QueryInterface@MStream@@UAGJABU_GUID@@PAPAX@Z 1000218a f i ico.obj
 0001:000011f2       ?Read@MStream@@UAGJPAXKPAK@Z 100021f2 f i ico.obj
 0001:00001247       ?Release@MStream@@UAGKXZ   10002247 f i ico.obj
 0001:0000126e       ?Revert@MStream@@UAGJXZ    1000226e f i ico.obj
 0001:00001276       ?Seek@MStream@@UAGJT_LARGE_INTEGER@@KPAT_ULARGE_INTEGER@@@Z 10002276 f i ico.obj
 0001:000012f0       ?SetData@MStream@@QAEXPBXK@Z 100022f0 f i ico.obj
 0001:0000132f       ?SetSize@MStream@@UAGJT_ULARGE_INTEGER@@@Z 1000232f f i ico.obj
 0001:000013a2       ?Stat@MStream@@UAGJPAUtagSTATSTG@@K@Z 100023a2 f i ico.obj
 0001:0000141a       ?StringCchVPrintfW@@YGJPA_WIPB_WPAD@Z 1000241a f i ico.obj
 0001:00001471       ?Write@MStream@@UAGJPBXKPAK@Z 10002471 f i ico.obj
 0001:0000150e       ?__global_delete@@YAXPAXI@Z 1000250e f i ico.obj
 0001:0000150e       ?__empty_global_delete@@YAXPAXI@Z 1000250e f i ico.obj
 0001:0000150e       @_guard_check_icall_nop@4  1000250e f i LIBCMT:guard_support.obj
 0001:0000150f       ___local_stdio_printf_options 1000250f f i ico.obj
 0001:00001515       __vsnwprintf_l             10002515 f i ico.obj
 0001:00001547       ??3@YAXPAX@Z               10002547 f   common-kernel32:Memory.obj
 0001:0000154c       ?HeapDeinitialize@@YAXXZ   1000254c f   common-kernel32:Memory.obj
 0001:000015a2       ?HeapInitialize@@YA_NXZ    100025a2 f   common-kernel32:Memory.obj
 0001:000015d0       ?xf_free@@YAXPAX@Z         100025d0 f   common-kernel32:Memory.obj
 0001:00001610       _GdipAlloc@4               10002610 f   gdiplus:gdiplus.dll
 0001:00001616       _GdipFree@4                10002616 f   gdiplus:gdiplus.dll
 0001:0000161c       _GdiplusStartup@12         1000261c f   gdiplus:gdiplus.dll
 0001:00001622       _GdiplusShutdown@4         10002622 f   gdiplus:gdiplus.dll
 0001:00001628       _GdipCloneImage@8          10002628 f   gdiplus:gdiplus.dll
 0001:0000162e       _GdipDisposeImage@4        1000262e f   gdiplus:gdiplus.dll
 0001:00001634       _GdipGetImagePixelFormat@8 10002634 f   gdiplus:gdiplus.dll
 0001:0000163a       _GdipCreateBitmapFromStream@8 1000263a f   gdiplus:gdiplus.dll
 0001:00001640       _GdipCreateBitmapFromStreamICM@8 10002640 f   gdiplus:gdiplus.dll
 0001:00001646       _GdipBitmapLockBits@20     10002646 f   gdiplus:gdiplus.dll
 0001:0000164c       _GdipBitmapUnlockBits@8    1000264c f   gdiplus:gdiplus.dll
 0001:00001652       ??3@YAXPAXI@Z              10002652 f   LIBCMT:delete_scalar_size.obj
 0001:00001660       @__security_check_cookie@4 10002660 f   LIBCMT:secchk.obj
 0001:00001671       ??_Etype_info@@UAEPAXI@Z   10002671 f i LIBCMT:std_type_info_static.obj
 0001:00001671       ??_Gtype_info@@UAEPAXI@Z   10002671 f i LIBCMT:std_type_info_static.obj
 0001:000019b4       __DllMainCRTStartup@12     100029b4 f   LIBCMT:dll_dllmain.obj
 0001:000019d7       ___raise_securityfailure   100029d7 f   LIBCMT:gs_report.obj
 0001:000019ff       ___report_gsfailure        100029ff f   LIBCMT:gs_report.obj
 0001:00001b45       ___security_init_cookie    10002b45 f   LIBCMT:gs_support.obj
 0001:00001b90       _DllMain@12                10002b90 f   LIBCMT:dll_dllmain_stub.obj
 0001:00001b96       ?__scrt_initialize_type_info@@YAXXZ 10002b96 f   LIBCMT:tncleanup.obj
 0001:00001ba2       ?__scrt_uninitialize_type_info@@YAXXZ 10002ba2 f   LIBCMT:tncleanup.obj
 0001:00001bae       ___local_stdio_scanf_options 10002bae f i LIBCMT:default_local_stdio_options.obj
 0001:00001bb4       ___scrt_initialize_default_local_stdio_options 10002bb4 f   LIBCMT:default_local_stdio_options.obj
 0001:00001c15       ___scrt_acquire_startup_lock 10002c15 f   LIBCMT:utility.obj
 0001:00001c47       ___scrt_dllmain_after_initialize_c 10002c47 f   LIBCMT:utility.obj
 0001:00001c72       ___scrt_dllmain_before_initialize_c 10002c72 f   LIBCMT:utility.obj
 0001:00001c80       ___scrt_dllmain_crt_thread_attach 10002c80 f   LIBCMT:utility.obj
 0001:00001c9f       ___scrt_dllmain_crt_thread_detach 10002c9f f   LIBCMT:utility.obj
 0001:00001cac       ___scrt_dllmain_exception_filter 10002cac f   LIBCMT:utility.obj
 0001:00001ce0       ___scrt_dllmain_uninitialize_c 10002ce0 f   LIBCMT:utility.obj
 0001:00001d03       ___scrt_dllmain_uninitialize_critical 10002d03 f   LIBCMT:utility.obj
 0001:00001d10       ___scrt_initialize_crt     10002d10 f   LIBCMT:utility.obj
 0001:00001d49       ___scrt_initialize_onexit_tables 10002d49 f   LIBCMT:utility.obj
 0001:00001dee       ___scrt_is_nonwritable_in_current_image 10002dee f   LIBCMT:utility.obj
 0001:00001e82       ___scrt_release_startup_lock 10002e82 f   LIBCMT:utility.obj
 0001:00001e9f       ___scrt_uninitialize_crt   10002e9f f   LIBCMT:utility.obj
 0001:00001ec7       ___scrt_get_dyn_tls_init_callback 10002ec7 f   LIBCMT:dyn_tls_init.obj
 0001:00001ecd       ___scrt_fastfail           10002ecd f   LIBCMT:utility_desktop.obj
 0001:00001fe7       __crt_debugger_hook        10002fe7 f   LIBCMT:utility_desktop.obj
 0001:00001fef       __RTC_Initialize           10002fef f   LIBCMT:initsect.obj
 0001:0000201b       __RTC_Terminate            1000301b f   LIBCMT:initsect.obj
 0001:00002050       __SEH_prolog4              10003050 f   LIBCMT:sehprolg4.obj
 0001:00002096       __SEH_epilog4              10003096 f   LIBCMT:sehprolg4.obj
 0001:000020ab       ___isa_available_init      100030ab f   LIBCMT:cpu_disp.obj
 0001:00002242       __get_startup_argv_mode    10003242 f   LIBCMT:argv_mode.obj
 0001:00002246       ___scrt_is_ucrt_dll_in_use 10003246 f   LIBCMT:ucrt_detection.obj
 0001:00002260       _memmove                   10003260 f   libvcruntime:memmove.obj
 0001:000027e0       _memset                    100037e0 f   libvcruntime:memset.obj
 0001:00002980       __except_handler4          10003980 f   libvcruntime:chandler4.obj
 0001:00002ad7       ___std_type_info_destroy_list 10003ad7 f   libvcruntime:std_type_info.obj
 0001:00002afa       ___vcrt_initialize         10003afa f   libvcruntime:initialization.obj
 0001:00002b23       ___vcrt_thread_attach      10003b23 f   libvcruntime:initialization.obj
 0001:00002b2e       ___vcrt_thread_detach      10003b2e f   libvcruntime:initialization.obj
 0001:00002b39       ___vcrt_uninitialize       10003b39 f   libvcruntime:initialization.obj
 0001:00002b58       ___vcrt_uninitialize_critical 10003b58 f   libvcruntime:initialization.obj
 0001:00002b60       __local_unwind4            10003b60 f   libvcruntime:exsup4.obj
 0001:00002c38       __seh_longjmp_unwind4@4    10003c38 f   libvcruntime:exsup4.obj
 0001:00002c60       @_EH4_CallFilterFunc@8     10003c60 f   libvcruntime:exsup4.obj
 0001:00002c78       @_EH4_TransferToHandler@8  10003c78 f   libvcruntime:exsup4.obj
 0001:00002c94       @_EH4_GlobalUnwind2@8      10003c94 f   libvcruntime:exsup4.obj
 0001:00002cb0       @_EH4_LocalUnwind@16       10003cb0 f   libvcruntime:exsup4.obj
 0001:00002cc7       ___except_validate_context_record 10003cc7 f   libvcruntime:jbcxrval.obj
 0001:00002cf7       ___except_validate_jump_buffer 10003cf7 f   libvcruntime:jbcxrval.obj
 0001:00002d24       ___vcrt_freefls@4          10003d24 f   libvcruntime:per_thread_data.obj
 0001:00002d40       ___vcrt_freeptd            10003d40 f   libvcruntime:per_thread_data.obj
 0001:00002d76       ___vcrt_getptd_noexit      10003d76 f   libvcruntime:per_thread_data.obj
 0001:00002e08       ___vcrt_initialize_ptd     10003e08 f   libvcruntime:per_thread_data.obj
 0001:00002e3b       ___vcrt_uninitialize_ptd   10003e3b f   libvcruntime:per_thread_data.obj
 0001:00002e56       ___vcrt_initialize_locks   10003e56 f   libvcruntime:locks.obj
 0001:00002e92       ___vcrt_uninitialize_locks 10003e92 f   libvcruntime:locks.obj
 0001:00002ec1       ??$__crt_fast_encode_pointer@PAX@@YAPAXQAX@Z 10003ec1 f i libvcruntime:winapi_downlevel.obj
 0001:00003011       ___vcrt_FlsAlloc           10004011 f   libvcruntime:winapi_downlevel.obj
 0001:0000304c       ___vcrt_FlsFree            1000404c f   libvcruntime:winapi_downlevel.obj
 0001:00003087       ___vcrt_FlsGetValue        10004087 f   libvcruntime:winapi_downlevel.obj
 0001:000030c2       ___vcrt_FlsSetValue        100040c2 f   libvcruntime:winapi_downlevel.obj
 0001:00003100       ___vcrt_InitializeCriticalSectionEx 10004100 f   libvcruntime:winapi_downlevel.obj
 0001:00003147       ___vcrt_initialize_winapi_thunks 10004147 f   libvcruntime:winapi_downlevel.obj
 0001:00003170       ___vcrt_uninitialize_winapi_thunks 10004170 f   libvcruntime:winapi_downlevel.obj
 0001:000031a2       ___vcrt_initialize_pure_virtual_call_handler 100041a2 f   libvcruntime:purevirt_data.obj
 0001:000031b0       __global_unwind2           100041b0 f   libvcruntime:exsup.obj
 0001:00003216       __local_unwind2            10004216 f   libvcruntime:exsup.obj
 0001:0000329a       __abnormal_termination     1000429a f   libvcruntime:exsup.obj
 0001:000032c0       __NLG_Notify1              100042c0 f   libvcruntime:exsup.obj
 0001:000032cc       __NLG_Notify               100042cc f   libvcruntime:exsup.obj
 0001:000032e3       __NLG_Dispatch2            100042e3     libvcruntime:exsup.obj
 0001:000032e3       __NLG_Dispatch             100042e3     libvcruntime:exsup.obj
 0001:000032eb       __NLG_Call                 100042eb f   libvcruntime:exsup.obj
 0001:000032ed       __NLG_Return2              100042ed     libvcruntime:exsup.obj
 0001:000032f0       _memcpy                    100042f0 f   libvcruntime:memcpy.obj
 0001:00003870       __CallSettingFrame@12      10004870 f   libvcruntime:lowhelpr.obj
 0001:00003897       __NLG_Return               10004897     libvcruntime:lowhelpr.obj
 0001:000038bc       ___DestructExceptionObject 100048bc f   libvcruntime:ehhelpers.obj
 0001:0000395c       ?_CallMemberFunction0@@YGXQAX0@Z 1000495c f i libvcruntime:ehhelpers.obj
 0001:00003aee       ??$count@D@formatting_buffer@__crt_stdio_output@@QBEIXZ 10004aee f i libucrt:output.obj
 0001:00003b06       ??$ensure_buffer_is_big_enough@D@formatting_buffer@__crt_stdio_output@@QAE_NI@Z 10004b06 f i libucrt:output.obj
 0001:00003b8c       ??$is_wide_character_specifier@_W@__crt_stdio_output@@YA_N_K_WW4length_modifier@0@@Z 10004b8c f i libucrt:output.obj
 0001:00003bdb       ??$scratch_data@D@formatting_buffer@__crt_stdio_output@@QAEPADXZ 10004bdb f i libucrt:output.obj
 0001:00003bf9       ??$type_case_integer_parse_into_buffer@I@?$output_processor@_WV?$string_output_adapter@_W@__crt_stdio_output@@V?$standard_base@_WV?$string_output_adapter@_W@__crt_stdio_output@@@2@@__crt_stdio_output@@AAEXII_N@Z 10004bf9 f i libucrt:output.obj
 0001:00003c6e       ??$type_case_integer_parse_into_buffer@_K@?$output_processor@_WV?$string_output_adapter@_W@__crt_stdio_output@@V?$standard_base@_WV?$string_output_adapter@_W@__crt_stdio_output@@@2@@__crt_stdio_output@@AAEX_KI_N@Z 10004c6e f i libucrt:output.obj
 0001:00003cf6       ??$write_multiple_characters@V?$string_output_adapter@_W@__crt_stdio_output@@D@__crt_stdio_output@@YAXABV?$string_output_adapter@_W@0@DHQAH@Z 10004cf6 f i libucrt:output.obj
 0001:00003d27       ??0?$common_data@_W@__crt_stdio_output@@IAE@XZ 10004d27 f i libucrt:output.obj
 0001:00003d73       ??0?$output_adapter_data@_WV?$string_output_adapter@_W@__crt_stdio_output@@@__crt_stdio_output@@IAE@ABV?$string_output_adapter@_W@1@_KQB_WQAU__crt_locale_pointers@@QAD@Z 10004d73 f i libucrt:output.obj
 0001:00003daf       ??0?$output_processor@_WV?$string_output_adapter@_W@__crt_stdio_output@@V?$standard_base@_WV?$string_output_adapter@_W@__crt_stdio_output@@@2@@__crt_stdio_output@@QAE@ABV?$string_output_adapter@_W@1@_KQB_WQAU__crt_locale_pointers@@QAD@Z 10004daf f i libucrt:output.obj
 0001:00003de4       ??0_LocaleUpdate@@QAE@QAU__crt_locale_pointers@@@Z 10004de4 f i libucrt:output.obj
 0001:00003e67       ??1formatting_buffer@__crt_stdio_output@@QAE@XZ 10004e67 f i libucrt:output.obj
 0001:00003e81       ??4?$__crt_unique_heap_ptr@DU__crt_internal_free_policy@@@@QAEAAV0@$$QAV0@@Z 10004e81 f i libucrt:output.obj
 0001:00003ea5       ?crop_zeroes@__crt_stdio_output@@YAXPADQAU__crt_locale_pointers@@@Z 10004ea5 f i libucrt:output.obj
 0001:00003efc       ?find_next_state@?$output_processor@_WV?$string_output_adapter@_W@__crt_stdio_output@@V?$standard_base@_WV?$string_output_adapter@_W@__crt_stdio_output@@@2@@__crt_stdio_output@@ABE?AW4state@2@_WW432@@Z 10004efc f i libucrt:output.obj
 0001:00003f30       ?force_decimal_point@__crt_stdio_output@@YAXPADQAU__crt_locale_pointers@@@Z 10004f30 f i libucrt:output.obj
 0001:00003f8c       ?parse_int_from_format_string@?$output_processor@_WV?$string_output_adapter@_W@__crt_stdio_output@@V?$standard_base@_WV?$string_output_adapter@_W@__crt_stdio_output@@@2@@__crt_stdio_output@@AAE_NQAH@Z 10004f8c f i libucrt:output.obj
 0001:00003fea       ?process@?$output_processor@_WV?$string_output_adapter@_W@__crt_stdio_output@@V?$standard_base@_WV?$string_output_adapter@_W@__crt_stdio_output@@@2@@__crt_stdio_output@@QAEHXZ 10004fea f i libucrt:output.obj
 0001:0000410a       ?state_case_flag@?$output_processor@_WV?$string_output_adapter@_W@__crt_stdio_output@@V?$standard_base@_WV?$string_output_adapter@_W@__crt_stdio_output@@@2@@__crt_stdio_output@@AAE_NXZ 1000510a f i libucrt:output.obj
 0001:00004147       ?state_case_normal@?$output_processor@_WV?$string_output_adapter@_W@__crt_stdio_output@@V?$standard_base@_WV?$string_output_adapter@_W@__crt_stdio_output@@@2@@__crt_stdio_output@@AAE_NXZ 10005147 f i libucrt:output.obj
 0001:00004166       ?state_case_normal_common@?$output_processor@_WV?$string_output_adapter@_W@__crt_stdio_output@@V?$standard_base@_WV?$string_output_adapter@_W@__crt_stdio_output@@@2@@__crt_stdio_output@@AAE_NXZ 10005166 f i libucrt:output.obj
 0001:00004181       ?state_case_precision@?$output_processor@_WV?$string_output_adapter@_W@__crt_stdio_output@@V?$standard_base@_WV?$string_output_adapter@_W@__crt_stdio_output@@@2@@__crt_stdio_output@@AAE_NXZ 10005181 f i libucrt:output.obj
 0001:000041aa       ?state_case_size@?$output_processor@_WV?$string_output_adapter@_W@__crt_stdio_output@@V?$standard_base@_WV?$string_output_adapter@_W@__crt_stdio_output@@@2@@__crt_stdio_output@@AAE_NXZ 100051aa f i libucrt:output.obj
 0001:00004326       ?state_case_type@?$output_processor@_WV?$string_output_adapter@_W@__crt_stdio_output@@V?$standard_base@_WV?$string_output_adapter@_W@__crt_stdio_output@@@2@@__crt_stdio_output@@AAE_NXZ 10005326 f i libucrt:output.obj
 0001:00004583       ?state_case_width@?$output_processor@_WV?$string_output_adapter@_W@__crt_stdio_output@@V?$standard_base@_WV?$string_output_adapter@_W@__crt_stdio_output@@@2@@__crt_stdio_output@@AAE_NXZ 10005583 f i libucrt:output.obj
 0001:000045af       ?to_integer_size@__crt_stdio_output@@YAIW4length_modifier@1@@Z 100055af f i libucrt:output.obj
 0001:0000460b       ?type_case_Z@?$output_processor@_WV?$string_output_adapter@_W@__crt_stdio_output@@V?$standard_base@_WV?$string_output_adapter@_W@__crt_stdio_output@@@2@@__crt_stdio_output@@AAE_NXZ 1000560b f i libucrt:output.obj
 0001:0000466e       ?type_case_a@?$output_processor@_WV?$string_output_adapter@_W@__crt_stdio_output@@V?$standard_base@_WV?$string_output_adapter@_W@__crt_stdio_output@@@2@@__crt_stdio_output@@AAE_NXZ 1000566e f i libucrt:output.obj
 0001:000047e0       ?type_case_c_tchar@?$output_processor@_WV?$string_output_adapter@_W@__crt_stdio_output@@V?$standard_base@_WV?$string_output_adapter@_W@__crt_stdio_output@@@2@@__crt_stdio_output@@AAE_N_W@Z 100057e0 f i libucrt:output.obj
 0001:00004878       ?type_case_integer@?$output_processor@_WV?$string_output_adapter@_W@__crt_stdio_output@@V?$standard_base@_WV?$string_output_adapter@_W@__crt_stdio_output@@@2@@__crt_stdio_output@@AAE_NI_N@Z 10005878 f i libucrt:output.obj
 0001:000049c2       ?type_case_n@?$output_processor@_WV?$string_output_adapter@_W@__crt_stdio_output@@V?$standard_base@_WV?$string_output_adapter@_W@__crt_stdio_output@@@2@@__crt_stdio_output@@AAE_NXZ 100059c2 f i libucrt:output.obj
 0001:00004a36       ?type_case_o@?$output_processor@_WV?$string_output_adapter@_W@__crt_stdio_output@@V?$standard_base@_WV?$string_output_adapter@_W@__crt_stdio_output@@@2@@__crt_stdio_output@@AAE_NXZ 10005a36 f i libucrt:output.obj
 0001:00004a55       ?type_case_p@?$output_processor@_WV?$string_output_adapter@_W@__crt_stdio_output@@V?$standard_base@_WV?$string_output_adapter@_W@__crt_stdio_output@@@2@@__crt_stdio_output@@AAE_NXZ 10005a55 f i libucrt:output.obj
 0001:00004a6d       ?type_case_s@?$output_processor@_WV?$string_output_adapter@_W@__crt_stdio_output@@V?$standard_base@_WV?$string_output_adapter@_W@__crt_stdio_output@@@2@@__crt_stdio_output@@AAE_NXZ 10005a6d f i libucrt:output.obj
 0001:00004ae1       ?type_case_s_compute_narrow_string_length@?$output_processor@_WV?$string_output_adapter@_W@__crt_stdio_output@@V?$standard_base@_WV?$string_output_adapter@_W@__crt_stdio_output@@@2@@__crt_stdio_output@@ABEHH_W@Z 10005ae1 f i libucrt:output.obj
 0001:00004b21       ?validate@?$c_string_character_source@_W@__crt_strtox@@QBE_NXZ 10005b21 f i libucrt:atox.obj
 0001:00004b21       ?validate@?$string_output_adapter@_W@__crt_stdio_output@@QBE_NXZ 10005b21 f i libucrt:output.obj
 0001:00004b3c       ?write_character@?$string_output_adapter@_W@__crt_stdio_output@@QBE_N_WQAH@Z 10005b3c f i libucrt:output.obj
 0001:00004b81       ?write_stored_string_tchar@?$output_processor@_WV?$string_output_adapter@_W@__crt_stdio_output@@V?$standard_base@_WV?$string_output_adapter@_W@__crt_stdio_output@@@2@@__crt_stdio_output@@AAE_N_W@Z 10005b81 f i libucrt:output.obj
 0001:00004c0c       ?write_string@?$string_output_adapter@_W@__crt_stdio_output@@QBEXQB_WHQAH1@Z 10005c0c f i libucrt:output.obj
 0001:00004ca6       ___stdio_common_vswprintf  10005ca6 f   libucrt:output.obj
 0001:00004cca       __initterm                 10005cca f   libucrt:initterm.obj
 0001:00004d26       __initterm_e               10005d26 f   libucrt:initterm.obj
 0001:00004d6b       __seh_filter_dll           10005d6b f   libucrt:exception_filter.obj
 0001:00004d8b       __seh_filter_exe           10005d8b f   libucrt:exception_filter.obj
 0001:00005119       ___acrt_initialize_thread_local_exit_callback 10006119 f   libucrt:exit.obj
 0001:00005128       __cexit                    10006128 f   libucrt:exit.obj
 0001:00005137       __exit                     10006137 f   libucrt:exit.obj
 0001:0000514d       __is_c_termination_complete 1000614d f   libucrt:exit.obj
 0001:000053ec       ___acrt_allocate_buffer_for_argv 100063ec f   libucrt:argv_parsing.obj
 0001:00005441       __configure_narrow_argv    10006441 f   libucrt:argv_parsing.obj
 0001:000055a5       ??$uninitialize@A6AXAAPAPAD@Z@?$dual_state_global@PAPAD@__crt_state_management@@QAEXA6AXAAPAPAD@Z@Z 100065a5 f i libucrt:environment_initialization.obj
 0001:000055a5       ??$uninitialize@A6AXAAPAPA_W@Z@?$dual_state_global@PAPA_W@__crt_state_management@@QAEXA6AXAAPAPA_W@Z@Z 100065a5 f i libucrt:environment_initialization.obj
 0001:0000561b       ?initialize@?$dual_state_global@PAU__crt_locale_data@@@__crt_state_management@@QAEXQAU__crt_locale_data@@@Z 1000661b f i libucrt:initialization.obj
 0001:0000561b       ?initialize@?$dual_state_global@P6AHI@Z@__crt_state_management@@QAEXQ6AHI@Z@Z 1000661b f i libucrt:new_handler.obj
 0001:0000561b       ?initialize@?$dual_state_global@PAPAD@__crt_state_management@@QAEXQAPAD@Z 1000661b f i libucrt:environment_initialization.obj
 0001:0000561b       ?initialize@?$dual_state_global@P6AXH@Z@__crt_state_management@@QAEXQ6AXH@Z@Z 1000661b f i libucrt:signal.obj
 0001:0000561b       ?initialize@?$dual_state_global@P6AXPB_W00II@Z@__crt_state_management@@QAEXQ6AXPB_W00II@Z@Z 1000661b f i libucrt:invalid_parameter.obj
 0001:0000561b       ?initialize@?$dual_state_global@P6AHPAU_exception@@@Z@__crt_state_management@@QAEXQ6AHPAU_exception@@@Z@Z 1000661b f i libucrt:matherr.obj
 0001:0000564c       ___dcrt_uninitialize_environments_nolock 1000664c f   libucrt:environment_initialization.obj
 0001:00005683       __initialize_narrow_environment 10006683 f   libucrt:environment_initialization.obj
 0001:00005688       ??$?RV<lambda_995298e7d72eb4c2aab26c0585b3abe5>@@AAV<lambda_275893d493268fdec8709772e3fcec0e>@@V<lambda_293819299cbf9a7022e18b56a874bb5c>@@@?$__crt_seh_guarded_call@H@@QAEH$$QAV<lambda_995298e7d72eb4c2aab26c0585b3abe5>@@AAV<lambda_275893d493268fdec8709772e3fcec0e>@@$$QAV<lambda_293819299cbf9a7022e18b56a874bb5c>@@@Z 10006688 f i libucrt:onexit.obj
 0001:000056d9       ??$__acrt_lock_and_call@V<lambda_275893d493268fdec8709772e3fcec0e>@@@@YAHW4__acrt_lock_id@@$$QAV<lambda_275893d493268fdec8709772e3fcec0e>@@@Z 100066d9 f i libucrt:onexit.obj
 0001:00005821       __execute_onexit_table     10006821 f   libucrt:onexit.obj
 0001:0000583e       __initialize_onexit_table  1000683e f   libucrt:onexit.obj
 0001:000058a7       ___acrt_uninitialize_command_line 100068a7 f   libucrt:argv_data.obj
 0001:0000596f       ___acrt_initialize         1000696f f   libucrt:initialization.obj
 0001:00005981       ___acrt_thread_attach      10006981 f   libucrt:initialization.obj
 0001:0000598c       ___acrt_thread_detach      1000698c f   libucrt:initialization.obj
 0001:00005994       ___acrt_uninitialize       10006994 f   libucrt:initialization.obj
 0001:000059a6       ___acrt_uninitialize_critical 100069a6 f   libucrt:initialization.obj
 0001:000059b8       _terminate                 100069b8 f   libucrt:terminate.obj
 0001:000059f4       _free                      100069f4 f   libucrt:free.obj
 0001:000059f9       _strcpy_s                  100069f9 f   libucrt:strcpy_s.obj
 0001:00005a53       ??$is_overflow_condition@K@__crt_strtox@@YA_NIK@Z 10006a53 f i libucrt:atox.obj
 0001:00005a86       ??$parse_integer@KV?$c_string_character_source@_W@__crt_strtox@@@__crt_strtox@@YAKQAU__crt_locale_pointers@@V?$c_string_character_source@_W@0@H_N@Z 10006a86 f i libucrt:atox.obj
 0001:0000616b       ?unget@?$c_string_character_source@_W@__crt_strtox@@QAEX_W@Z 1000716b f i libucrt:atox.obj
 0001:00006197       __chvalidchk_l             10007197 f i libucrt:atox.obj
 0001:000061c1       __ischartype_l             100071c1 f i libucrt:atox.obj
 0001:00006200       _strncmp                   10007200 f   libucrt:strncmp.obj
 0001:00006278       _abort                     10007278 f   libucrt:abort.obj
 0001:000062bb       _calloc                    100072bb f   libucrt:calloc.obj
 0001:000062c6       _wcsncmp                   100072c6 f   libucrt:wcsncmp.obj
 0001:00006300       ___acrt_call_reportfault   10007300 f   libucrt:invalid_parameter.obj
 0001:0000643b       ___acrt_initialize_invalid_parameter_handler 1000743b f   libucrt:invalid_parameter.obj
 0001:0000644f       __invalid_parameter        1000744f f   libucrt:invalid_parameter.obj
 0001:000064ca       __invalid_parameter_noinfo 100074ca f   libucrt:invalid_parameter.obj
 0001:000064da       __invoke_watson            100074da f   libucrt:invalid_parameter.obj
 0001:0000650d       __isdigit_l                1000750d f i libucrt:_ctype.obj
 0001:00006545       _isdigit                   10007545 f i libucrt:_ctype.obj
 0001:000066d9       __tolower_l                100076d9 f   libucrt:tolower_toupper.obj
 0001:000066f3       _tolower                   100076f3 f   libucrt:tolower_toupper.obj
 0001:00006723       ___acrt_errno_from_os_error 10007723 f   libucrt:errno.obj
 0001:00006766       ___acrt_errno_map_os_error 10007766 f   libucrt:errno.obj
 0001:00006789       ___doserrno                10007789 f   libucrt:errno.obj
 0001:0000679c       __errno                    1000779c f   libucrt:errno.obj
 0001:000067af       __free_base                100077af f   libucrt:free_base.obj
 0001:000067e9       __malloc_base              100077e9 f   libucrt:malloc_base.obj
 0001:00006837       ??$make_c_string_character_source@_WPAPA_W@__crt_strtox@@YA?AV?$c_string_character_source@_W@0@QB_WQAPA_W@Z 10007837 f i libucrt:strtox.obj
 0001:00006852       _wcstol                    10007852 f   libucrt:strtox.obj
 0001:0000687e       __mbtowc_l                 1000787e f   libucrt:mbtowc.obj
 0001:00006978       _mbtowc                    10007978 f   libucrt:mbtowc.obj
 0001:00006992       _wcsnlen                   10007992 f   libucrt:strnlen.obj
 0001:00006b49       ??$?RV<lambda_3518db117f0e7cdb002338c5d3c47b6c>@@AAV<lambda_b2ea41f6bbb362cd97d94c6828d90b61>@@V<lambda_abdedf541bb04549bc734292b4a045d4>@@@?$__crt_seh_guarded_call@X@@QAEX$$QAV<lambda_3518db117f0e7cdb002338c5d3c47b6c>@@AAV<lambda_b2ea41f6bbb362cd97d94c6828d90b61>@@$$QAV<lambda_abdedf541bb04549bc734292b4a045d4>@@@Z 10007b49 f i libucrt:per_thread_data.obj
 0001:00006b99       ??$?RV<lambda_51b6e8b1eb166f2a3faf91f424b38130>@@AAV<lambda_6250bd4b2a391816dd638c3bf72b0bcb>@@V<lambda_0b5a4a3e68152e1d9b943535f5f47bed>@@@?$__crt_seh_guarded_call@X@@QAEX$$QAV<lambda_51b6e8b1eb166f2a3faf91f424b38130>@@AAV<lambda_6250bd4b2a391816dd638c3bf72b0bcb>@@$$QAV<lambda_0b5a4a3e68152e1d9b943535f5f47bed>@@@Z 10007b99 f i libucrt:per_thread_data.obj
 0001:00006bfa       ??$?RV<lambda_5b71d36f03204c0beab531769a5b5694>@@AAV<lambda_be2b3da3f62db62e9dad5dc70221a656>@@V<lambda_8f9ce462984622f9bf76b59e2aaaf805>@@@?$__crt_seh_guarded_call@X@@QAEX$$QAV<lambda_5b71d36f03204c0beab531769a5b5694>@@AAV<lambda_be2b3da3f62db62e9dad5dc70221a656>@@$$QAV<lambda_8f9ce462984622f9bf76b59e2aaaf805>@@@Z 10007bfa f i libucrt:per_thread_data.obj
 0001:00006c45       ??$?RV<lambda_9df27f884b057bc3edfc946cb5b7cf47>@@AAV<lambda_e69574bed617af4e071282c136b37893>@@V<lambda_cc0d902bcbbeb830f749456577db4721>@@@?$__crt_seh_guarded_call@X@@QAEX$$QAV<lambda_9df27f884b057bc3edfc946cb5b7cf47>@@AAV<lambda_e69574bed617af4e071282c136b37893>@@$$QAV<lambda_cc0d902bcbbeb830f749456577db4721>@@@Z 10007c45 f i libucrt:per_thread_data.obj
 0001:00006c8d       ??$__acrt_lock_and_call@V<lambda_6250bd4b2a391816dd638c3bf72b0bcb>@@@@YAXW4__acrt_lock_id@@$$QAV<lambda_6250bd4b2a391816dd638c3bf72b0bcb>@@@Z 10007c8d f i libucrt:per_thread_data.obj
 0001:00006cb5       ??$__acrt_lock_and_call@V<lambda_b2ea41f6bbb362cd97d94c6828d90b61>@@@@YAXW4__acrt_lock_id@@$$QAV<lambda_b2ea41f6bbb362cd97d94c6828d90b61>@@@Z 10007cb5 f i libucrt:per_thread_data.obj
 0001:00006cdd       ??$__acrt_lock_and_call@V<lambda_be2b3da3f62db62e9dad5dc70221a656>@@@@YAXW4__acrt_lock_id@@$$QAV<lambda_be2b3da3f62db62e9dad5dc70221a656>@@@Z 10007cdd f i libucrt:per_thread_data.obj
 0001:00006d05       ??$__acrt_lock_and_call@V<lambda_e69574bed617af4e071282c136b37893>@@@@YAXW4__acrt_lock_id@@$$QAV<lambda_e69574bed617af4e071282c136b37893>@@@Z 10007d05 f i libucrt:per_thread_data.obj
 0001:00006ebb       ___acrt_freeptd            10007ebb f   libucrt:per_thread_data.obj
 0001:00006ee7       ___acrt_getptd             10007ee7 f   libucrt:per_thread_data.obj
 0001:00006f6b       ___acrt_getptd_noexit      10007f6b f   libucrt:per_thread_data.obj
 0001:00006ff0       ___acrt_initialize_ptd     10007ff0 f   libucrt:per_thread_data.obj
 0001:0000701c       ___acrt_uninitialize_ptd   1000801c f   libucrt:per_thread_data.obj
 0001:00007036       ___acrt_update_locale_info 10008036 f   libucrt:locale_update.obj
 0001:00007063       ___acrt_update_multibyte_info 10008063 f   libucrt:locale_update.obj
 0001:00007090       ?__acrt_fp_classify@@YA?AW4__acrt_fp_class@@ABN@Z 10008090 f i libucrt:cvt.obj
 0001:000070fc       ?__acrt_fp_is_negative@@YA_NABN@Z 100080fc f i libucrt:cvt.obj
 0001:0000795b       ___acrt_fp_format          1000895b f   libucrt:cvt.obj
 0001:00007aa5       __fileno                   10008aa5 f   libucrt:fileno.obj
 0001:00007acb       ___acrt_initialize_stdio   10008acb f   libucrt:_file.obj
 0001:00007b93       ___acrt_uninitialize_stdio 10008b93 f   libucrt:_file.obj
 0001:00007bdf       __lock_file                10008bdf f   libucrt:_file.obj
 0001:00007bf3       __unlock_file              10008bf3 f   libucrt:_file.obj
 0001:00007c07       __get_printf_count_output  10008c07 f   libucrt:printf_count_output.obj
 0001:00007c1c       ___acrt_set_locale_changed 10008c1c f   libucrt:wsetlocale.obj
 0001:00007c27       ___acrt_uninitialize_locale 10008c27 f   libucrt:wsetlocale.obj
 0001:00007de5       ___acrt_initialize_lowio   10008de5 f   libucrt:ioinit.obj
 0001:00007e3b       ___acrt_uninitialize_lowio 10008e3b f   libucrt:ioinit.obj
 0001:00007e67       ___acrt_initialize_locks   10008e67 f   libucrt:locks.obj
 0001:00007ea8       ___acrt_lock               10008ea8 f   libucrt:locks.obj
 0001:00007ebf       ___acrt_uninitialize_locks 10008ebf f   libucrt:locks.obj
 0001:00007ef0       ___acrt_unlock             10008ef0 f   libucrt:locks.obj
 0001:0000801e       ___acrt_FlsAlloc@4         1000901e f   libucrt:winapi_thunks.obj
 0001:00008074       ___acrt_FlsFree@4          10009074 f   libucrt:winapi_thunks.obj
 0001:000080ca       ___acrt_FlsGetValue@4      100090ca f   libucrt:winapi_thunks.obj
 0001:00008120       ___acrt_FlsSetValue@8      10009120 f   libucrt:winapi_thunks.obj
 0001:00008179       ___acrt_InitializeCriticalSectionEx@12 10009179 f   libucrt:winapi_thunks.obj
 0001:000081db       ___acrt_LCMapStringEx@36   100091db f   libucrt:winapi_thunks.obj
 0001:00008263       ___acrt_LocaleNameToLCID@8 10009263 f   libucrt:winapi_thunks.obj
 0001:000082bf       ___acrt_initialize_winapi_thunks 100092bf f   libucrt:winapi_thunks.obj
 0001:000082e5       ___acrt_is_packaged_app    100092e5 f   libucrt:winapi_thunks.obj
 0001:0000836c       ___acrt_uninitialize_winapi_thunks 1000936c f   libucrt:winapi_thunks.obj
 0001:000083a2       __calloc_base              100093a2 f   libucrt:calloc_base.obj
 0001:000087c1       ??1?$argument_list@D@?A0xb0e4b824@@QAE@XZ 100097c1 f i libucrt:argv_wildcards.obj
 0001:000087e6       ?append@?$argument_list@D@?A0xb0e4b824@@QAEHQAD@Z 100097e6 f i libucrt:argv_wildcards.obj
 0001:0000881b       ?expand_if_necessary@?$argument_list@D@?A0xb0e4b824@@AAEHXZ 1000981b f i libucrt:argv_wildcards.obj
 0001:000088a2       ___acrt_expand_narrow_argv_wildcards 100098a2 f   libucrt:argv_wildcards.obj
 0001:000088ad       ??$?RV<lambda_978dc153c237d78434369da87b74ff60>@@AAV<lambda_ad1ced32f4ac17aa236e5ef05d6b3b7c>@@V<lambda_4a8533e2866a575feecb8298ce776b0d>@@@?$__crt_seh_guarded_call@X@@QAEX$$QAV<lambda_978dc153c237d78434369da87b74ff60>@@AAV<lambda_ad1ced32f4ac17aa236e5ef05d6b3b7c>@@$$QAV<lambda_4a8533e2866a575feecb8298ce776b0d>@@@Z 100098ad f i libucrt:mbctype.obj
 0001:000088f0       ??$__acrt_lock_and_call@V<lambda_ad1ced32f4ac17aa236e5ef05d6b3b7c>@@@@YAXW4__acrt_lock_id@@$$QAV<lambda_ad1ced32f4ac17aa236e5ef05d6b3b7c>@@@Z 100098f0 f i libucrt:mbctype.obj
 0001:00008d87       ___acrt_initialize_multibyte 10009d87 f   libucrt:mbctype.obj
 0001:00008da5       ___acrt_update_thread_multibyte_data 10009da5 f   libucrt:mbctype.obj
 0001:00008e47       __setmbcp_nolock           10009e47 f   libucrt:mbctype.obj
 0001:00009112       __ismbblead                1000a112 f   libucrt:ismbbyte.obj
 0001:0000912a       ___acrt_initialize_command_line 1000a12a f   libucrt:argv_data.obj
 0001:0000917a       ___dcrt_get_narrow_environment_from_os 1000a17a f   libucrt:get_environment_from_os.obj
 0001:000091fd       __recalloc                 1000a1fd f   libucrt:recalloc.obj
 0001:00009208       __recalloc_base            1000a208 f   libucrt:recalloc.obj
 0001:00009275       ___acrt_initialize_heap    1000a275 f   libucrt:heap_handle.obj
 0001:00009286       ___acrt_uninitialize_heap  1000a286 f   libucrt:heap_handle.obj
 0001:00009290       ___acrt_execute_initializers 1000a290 f   libucrt:shared_initialization.obj
 0001:00009313       ___acrt_execute_uninitializers 1000a313 f   libucrt:shared_initialization.obj
 0001:00009360       ___acrt_initialize_new_handler 1000a360 f   libucrt:new_handler.obj
 0001:00009374       __callnewh                 1000a374 f   libucrt:new_handler.obj
 0001:000093b8       __query_new_handler        1000a3b8 f   libucrt:new_handler.obj
 0001:0000940a       ??$?RV<lambda_a048d3beccc847880fc8490e18b82769>@@AAV<lambda_ec61778202f4f5fc7e7711acc23c3bca>@@V<lambda_f7496a158712204296dd6628a163878e>@@@?$__crt_seh_guarded_call@P6AXH@Z@@QAEP6AXH@Z$$QAV<lambda_a048d3beccc847880fc8490e18b82769>@@AAV<lambda_ec61778202f4f5fc7e7711acc23c3bca>@@$$QAV<lambda_f7496a158712204296dd6628a163878e>@@@Z 1000a40a f i libucrt:signal.obj
 0001:00009464       ??$__acrt_lock_and_call@V<lambda_ec61778202f4f5fc7e7711acc23c3bca>@@@@YAP6AXH@ZW4__acrt_lock_id@@$$QAV<lambda_ec61778202f4f5fc7e7711acc23c3bca>@@@Z 1000a464 f i libucrt:signal.obj
 0001:000094f6       ___acrt_get_sigabrt_handler 1000a4f6 f   libucrt:signal.obj
 0001:0000950d       ___acrt_initialize_signal_handlers 1000a50d f   libucrt:signal.obj
 0001:00009548       ___fpecode                 1000a548 f   libucrt:signal.obj
 0001:00009551       _raise                     1000a551 f   libucrt:signal.obj
 0001:00009759       ___acrt_has_user_matherr   1000a759 f   libucrt:matherr.obj
 0001:00009772       ___acrt_initialize_user_matherr 1000a772 f   libucrt:matherr.obj
 0001:00009786       ___acrt_invoke_user_matherr 1000a786 f   libucrt:matherr.obj
 0001:000097cf       ___pctype_func             1000a7cf f   libucrt:ctype.obj
 0001:000097f5       _iswctype                  1000a7f5 f   libucrt:iswctype.obj
 0001:00009854       __isctype_l                1000a854 f   libucrt:isctype.obj
 0001:00009926       __isleadbyte_l             1000a926 f i libucrt:_wctype.obj
 0001:00009b7c       ___acrt_LCMapStringA       1000ab7c f   libucrt:lcmapstringa.obj
 0001:00009bc7       __freea_crt                1000abc7 f i libucrt:lcmapstringa.obj
 0001:00009be7       __query_new_mode           1000abe7 f   libucrt:new_mode.obj
 0001:00009bed       ___acrt_add_locale_ref     1000abed f   libucrt:locale_refcounting.obj
 0001:00009c6a       ___acrt_free_locale        1000ac6a f   libucrt:locale_refcounting.obj
 0001:00009db4       ___acrt_locale_add_lc_time_reference 1000adb4 f   libucrt:locale_refcounting.obj
 0001:00009ddd       ___acrt_locale_free_lc_time_if_unreferenced 1000addd f   libucrt:locale_refcounting.obj
 0001:00009e0d       ___acrt_locale_release_lc_time_reference 1000ae0d f   libucrt:locale_refcounting.obj
 0001:00009e36       ___acrt_release_locale_ref 1000ae36 f   libucrt:locale_refcounting.obj
 0001:00009eb7       ___acrt_update_thread_locale_data 1000aeb7 f   libucrt:locale_refcounting.obj
 0001:00009f2e       __updatetlocinfoEx_nolock  1000af2e f   libucrt:locale_refcounting.obj
 0001:00009f7e       ___acrt_fp_strflt_to_string 1000af7e f   libucrt:_fptostr.obj
 0001:0000a03a       ??0scoped_fp_state_reset@?A0x48fbfdd4@@QAE@XZ 1000b03a f i libucrt:cfout.obj
 0001:0000a070       ?divide@__crt_strtox@@YA_KAAUbig_integer@1@ABU21@@Z 1000b070 f i libucrt:cfout.obj
 0001:0000a51e       ___acrt_fltout             1000b51e f   libucrt:cfout.obj
 0001:0000b8ba       __fcloseall                1000c8ba f   libucrt:closeall.obj
 0001:0000b95a       ___acrt_stdio_flush_nolock 1000c95a f   libucrt:fflush.obj
 0001:0000b9c0       __fflush_nolock            1000c9c0 f   libucrt:fflush.obj
 0001:0000ba07       __flushall                 1000ca07 f   libucrt:fflush.obj
 0001:0000bae8       ___acrt_stdio_free_buffer_nolock 1000cae8 f   libucrt:_freebuf.obj
 0001:0000bb26       __isatty                   1000cb26 f   libucrt:isatty.obj
 0001:0000bb7c       ___acrt_locale_free_monetary 1000cb7c f   libucrt:initmon.obj
 0001:0000bc7a       ___acrt_locale_free_numeric 1000cc7a f   libucrt:initnum.obj
 0001:0000bd1f       ___acrt_locale_free_time   1000cd1f f   libucrt:inittime.obj
 0001:0000be03       ___acrt_GetStringTypeA     1000ce03 f   libucrt:getstringtypea.obj
 0001:0000bf20       ___acrt_lowio_create_handle_array 1000cf20 f   libucrt:osfinfo.obj
 0001:0000bf9a       ___acrt_lowio_destroy_handle_array 1000cf9a f   libucrt:osfinfo.obj
 0001:0000bfcf       ___acrt_lowio_ensure_fh_exists 1000cfcf f   libucrt:osfinfo.obj
 0001:0000c067       ___acrt_lowio_lock_fh      1000d067 f   libucrt:osfinfo.obj
 0001:0000c08a       ___acrt_lowio_unlock_fh    1000d08a f   libucrt:osfinfo.obj
 0001:0000c0ad       __free_osfhnd              1000d0ad f   libucrt:osfinfo.obj
 0001:0000c13e       __get_osfhandle            1000d13e f   libucrt:osfinfo.obj
 0001:0000c264       ___acrt_DownlevelLocaleNameToLCID 1000d264 f   libucrt:lcidtoname_downlevel.obj
 0001:0000c370       _qsort                     1000d370 f   libucrt:qsort.obj
 0001:0000c7bb       _strncpy_s                 1000d7bb f   libucrt:strncpy_s.obj
 0001:0000c7d0       _strpbrk                   1000d7d0 f   libucrt:strpbrk.obj
 0001:0000c810       __mbsdec                   1000d810 f   libucrt:mbsdec.obj
 0001:0000c827       __mbsdec_l                 1000d827 f   libucrt:mbsdec.obj
 0001:0000c8c3       __msize                    1000d8c3 f   libucrt:msize.obj
 0001:0000c8f6       __realloc_base             1000d8f6 f   libucrt:realloc_base.obj
 0001:0000c95f       ___strncnt                 1000d95f f   libucrt:strncnt.obj
 0001:0000c97b       _fegetenv                  1000d97b f   libucrt:fegetenv.obj
 0001:0000c998       _fesetenv                  1000d998 f   libucrt:fesetenv.obj
 0001:0000c9e1       _feholdexcept              1000d9e1 f   libucrt:feholdexcept.obj
 0001:0000ca30       _log10                     1000da30 f   libucrt:log10.obj
 0001:0000ca70       __CIlog10                  1000da70 f   libucrt:log10.obj
 0001:0000caab       __CIlog10_default          1000daab f   libucrt:log10.obj
 0001:0000cabf       __log10_default            1000dabf     libucrt:log10.obj
 0001:0000cb80       _ceil                      1000db80 f   libucrt:ceil_pentium4.obj
 0001:0000cbc0       __ceil_pentium4            1000dbc0 f   libucrt:ceil_pentium4.obj
 0001:0000d22d       __write                    1000e22d f   libucrt:write.obj
 0001:0000d318       __write_nolock             1000e318 f   libucrt:write.obj
 0001:0000d5a2       __lseeki64_nolock          1000e5a2 f   libucrt:lseek.obj
 0001:0000d5bd       __fclose_nolock            1000e5bd f   libucrt:fclose.obj
 0001:0000d633       _fclose                    1000e633 f   libucrt:fclose.obj
 0001:0000d6b3       ??$?RV<lambda_61cee617f5178ae960314fd4d05640a0>@@AAV<lambda_6978c1fb23f02e42e1d9e99668cc68aa>@@V<lambda_9cd88cf8ad10232537feb2133f08c833>@@@?$__crt_seh_guarded_call@H@@QAEH$$QAV<lambda_61cee617f5178ae960314fd4d05640a0>@@AAV<lambda_6978c1fb23f02e42e1d9e99668cc68aa>@@$$QAV<lambda_9cd88cf8ad10232537feb2133f08c833>@@@Z 1000e6b3 f i libucrt:commit.obj
 0001:0000d74b       ??$__acrt_lowio_lock_fh_and_call@V<lambda_6978c1fb23f02e42e1d9e99668cc68aa>@@@@YAHH$$QAV<lambda_6978c1fb23f02e42e1d9e99668cc68aa>@@@Z 1000e74b f i libucrt:commit.obj
 0001:0000d773       __commit                   1000e773 f   libucrt:commit.obj
 0001:0000d7e2       __query_app_type           1000e7e2 f   libucrt:report_runtime_error.obj
 0001:0000da8b       __getfpcontrolword         1000ea8b f   libucrt:_fenvutils.obj
 0001:0000dace       __getfpstatusword          1000eace f   libucrt:_fenvutils.obj
 0001:0000db76       __setfpcontrolword         1000eb76 f   libucrt:_fenvutils.obj
 0001:0000dbf6       __setfpstatusword          1000ebf6 f   libucrt:_fenvutils.obj
 0001:0000dc76       __clearfp                  1000ec76 f   libucrt:ieee87.obj
 0001:0000dd54       ___acrt_initialize_sse2    1000ed54 f   libucrt:mathfcns.obj
 0001:0000dd70       __CIlog10_pentium4         1000ed70 f   libucrt:log10_pentium4.obj
 0001:0000dd88       __log10_pentium4           1000ed88     libucrt:log10_pentium4.obj
 0001:0000e011       __fFEXP                    1000f011     libucrt:87tran.obj
 0001:0000e068       __rtinfpopse               1000f068     libucrt:87tran.obj
 0001:0000e06a       __rtinfnpopse              1000f06a     libucrt:87tran.obj
 0001:0000e07a       __fFLN                     1000f07a     libucrt:87tran.obj
 0001:0000e12f       __rtinfpop                 1000f12f     libucrt:87tran.obj
 0001:0000e131       __rtinfnpop                1000f131     libucrt:87tran.obj
 0001:0000e14e       __ffexpm1                  1000f14e     libucrt:87tran.obj
 0001:0000e200       __trandisp1                1000f200 f   libucrt:87disp.obj
 0001:0000e267       __trandisp2                1000f267 f   libucrt:87disp.obj
 0001:0000e2f3       __rttospopde               1000f2f3     libucrt:87disp.obj
 0001:0000e2f8       __rttospop                 1000f2f8     libucrt:87disp.obj
 0001:0000e2fa       __rtnospop                 1000f2fa     libucrt:87disp.obj
 0001:0000e2fc       __rttosnpop                1000f2fc     libucrt:87disp.obj
 0001:0000e2fd       __rtnospopde               1000f2fd     libucrt:87disp.obj
 0001:0000e304       __rtzeropop                1000f304     libucrt:87disp.obj
 0001:0000e306       __rtzeronpop               1000f306     libucrt:87disp.obj
 0001:0000e30b       __rtzerospop               1000f30b     libucrt:87disp.obj
 0001:0000e318       __rtonepop                 1000f318     libucrt:87disp.obj
 0001:0000e31a       __rtonenpop                1000f31a     libucrt:87disp.obj
 0001:0000e31f       __tosnan1                  1000f31f     libucrt:87disp.obj
 0001:0000e34a       __nosnan2                  1000f34a     libucrt:87disp.obj
 0001:0000e34c       __tosnan2                  1000f34c     libucrt:87disp.obj
 0001:0000e374       __nan2                     1000f374     libucrt:87disp.obj
 0001:0000e3b3       __rtindfpop                1000f3b3     libucrt:87disp.obj
 0001:0000e3b5       __rtindfnpop               1000f3b5     libucrt:87disp.obj
 0001:0000e3c6       __rttosnpopde              1000f3c6     libucrt:87disp.obj
 0001:0000e3d0       __rtatan2inf               1000f3d0     libucrt:87disp.obj
 0001:0000e3ed       __rtchsifneg               1000f3ed     libucrt:87disp.obj
 0001:0000e400       __twoToTOS                 1000f400 f   libucrt:common.obj
 0001:0000e415       __load_CW                  1000f415 f   libucrt:common.obj
 0001:0000e42c       __convertTOStoQNaN         1000f42c f   libucrt:common.obj
 0001:0000e445       __fload_withFB             1000f445 f   libucrt:common.obj
 0001:0000e488       __checkTOS_withFB          1000f488 f   libucrt:common.obj
 0001:0000e49e       __fast_exit                1000f49e f   libucrt:common.obj
 0001:0000e4ab       __math_exit                1000f4ab f   libucrt:common.obj
 0001:0000e4d5       __check_overflow_exit      1000f4d5 f   libucrt:common.obj
 0001:0000e4e9       __check_range_exit         1000f4e9 f   libucrt:common.obj
 0001:0000e590       __startTwoArgErrorHandling 1000f590 f   libucrt:genexcep.obj
 0001:0000e5a7       __startOneArgErrorHandling 1000f5a7 f   libucrt:genexcep.obj
 0001:0000e5e3       ___libm_error_support      1000f5e3 f   libucrt:libm_error.obj
 0001:0000e7fb       __ceil_default             1000f7fb f   libucrt:ceil.obj
 0001:0000e8b4       __putwch_nolock            1000f8b4 f   libucrt:putwch.obj
 0001:0000e8f9       ??$?RV<lambda_123407a5e2ac06da108355a851863b7a>@@AAV<lambda_2fe9b910cf3cbf4a0ab98a02ba45b3ec>@@V<lambda_ae55bdf541ad94d75914d381c370e64d>@@@?$__crt_seh_guarded_call@H@@QAEH$$QAV<lambda_123407a5e2ac06da108355a851863b7a>@@AAV<lambda_2fe9b910cf3cbf4a0ab98a02ba45b3ec>@@$$QAV<lambda_ae55bdf541ad94d75914d381c370e64d>@@@Z 1000f8f9 f i libucrt:close.obj
 0001:0000e97b       ??$__acrt_lowio_lock_fh_and_call@V<lambda_2fe9b910cf3cbf4a0ab98a02ba45b3ec>@@@@YAHH$$QAV<lambda_2fe9b910cf3cbf4a0ab98a02ba45b3ec>@@@Z 1000f97b f i libucrt:close.obj
 0001:0000e9a3       __close                    1000f9a3 f   libucrt:close.obj
 0001:0000ea22       __close_nolock             1000fa22 f   libucrt:close.obj
 0001:0000eabe       ?__acrt_stdio_free_stream@@YAXV__crt_stdio_stream@@@Z 1000fabe f   libucrt:stream.obj
 0001:0000eb00       ___ascii_strnicmp          1000fb00 f   libucrt:_strnicm.obj
 0001:0000eb61       __clrfp                    1000fb61 f   libucrt:fpctrl.obj
 0001:0000eb74       __ctrlfp                   1000fb74 f   libucrt:fpctrl.obj
 0001:0000eba0       __set_statfp               1000fba0 f   libucrt:fpctrl.obj
 0001:0000ebfb       __statfp                   1000fbfb f   libucrt:fpctrl.obj
 0001:0000ec0d       __d_inttype                1000fc0d f   libucrt:powhlp.obj
 0001:0000ec77       __powhlp                   1000fc77 f   libucrt:powhlp.obj
 0001:0000eda2       __87except                 1000fda2 f   libucrt:87except.obj
 0001:0000eead       __frnd                     1000fead f   libucrt:frnd.obj
 0001:0000eec3       __errcode                  1000fec3 f   libucrt:fpexcept.obj
 0001:0000eef7       __except1                  1000fef7 f   libucrt:fpexcept.obj
 0001:0000efc5       __handle_exc               1000ffc5 f   libucrt:fpexcept.obj
 0001:0000f1a5       __raise_exc                100101a5 f   libucrt:fpexcept.obj
 0001:0000f1c8       __raise_exc_ex             100101c8 f   libucrt:fpexcept.obj
 0001:0000f4b9       __set_errno_from_matherr   100104b9 f   libucrt:fpexcept.obj
 0001:0000f4e8       __umatherr                 100104e8 f   libucrt:fpexcept.obj
 0001:0000f58a       __decomp                   1001058a f   libucrt:util.obj
 0001:0000f65e       __set_exp                  1001065e f   libucrt:util.obj
 0001:0000f68d       __sptype                   1001068d f   libucrt:util.obj
 0001:0000f6eb       ___dcrt_lowio_initialize_console_output 100106eb f   libucrt:initcon.obj
 0001:0000f70a       ___dcrt_terminate_console_output 1001070a f   libucrt:initcon.obj
 0001:0000f721       __fpclass                  10010721 f   libucrt:ieeemisc.obj
 0001:0000f7c5       _IsProcessorFeaturePresent@4 100107c5 f   kernel32:KERNEL32.dll
 0001:0000f7d0       __FindPESection            100107d0 f   LIBCMT:pesect.obj
 0001:0000f820       __IsNonwritableInCurrentImage 10010820 f   LIBCMT:pesect.obj
 0001:0000f8e0       __ValidateImageBase        100108e0 f   LIBCMT:pesect.obj
 0001:0000f920       __aulldvrm                 10010920 f   LIBCMT:ulldvrm.obj
 0001:0000f9c0       __SEH_prolog4_GS           100109c0 f   LIBCMT:sehprolg4gs.obj
 0001:0000fa09       __SEH_epilog4_GS           10010a09 f   LIBCMT:sehprolg4gs.obj
 0001:0000fa20       __allmul                   10010a20 f   LIBCMT:llmul.obj
 0001:0000fa60       __alldvrm                  10010a60 f   LIBCMT:lldvrm.obj
 0001:0000fb40       __aullshr                  10010b40 f   LIBCMT:ullshr.obj
 0001:0000fb60       __alloca_probe_16          10010b60 f   LIBCMT:alloca16.obj
 0001:0000fb76       __alloca_probe_8           10010b76     LIBCMT:alloca16.obj
 0001:0000fb90       __allshl                   10010b90 f   LIBCMT:llshl.obj
 0001:0000fbb0       __ftol2_sse                10010bb0 f   LIBCMT:ftol2.obj
 0001:0000fbb9       __ftol2_pentium4           10010bb9 f   LIBCMT:ftol2.obj
 0001:0000fbcc       __ftol2_sse_excpt          10010bcc f   LIBCMT:ftol2.obj
 0001:0000fbf0       __ftol2                    10010bf0 f   LIBCMT:ftol2.obj
 0001:0000fc70       __alloca_probe             10010c70 f   LIBCMT:chkstk.obj
 0001:0000fc70       __chkstk                   10010c70 f   LIBCMT:chkstk.obj
 0001:0000fca0       _strrchr                   10010ca0 f   libvcruntime:strrchr.obj
 0001:0000fde0       _strchr                    10010de0 f   libvcruntime:strchr.obj
 0001:0000fe4e       ___from_strstr_to_strchr   10010e4e     libvcruntime:strchr.obj
 0002:00000000       __imp__HeapAlloc@12        10011000     kernel32:KERNEL32.dll
 0002:00000004       __imp__HeapReAlloc@16      10011004     kernel32:KERNEL32.dll
 0002:00000008       __imp__HeapFree@12         10011008     kernel32:KERNEL32.dll
 0002:0000000c       __imp__GetProcessHeap@0    1001100c     kernel32:KERNEL32.dll
 0002:00000010       __imp__GetLocalTime@4      10011010     kernel32:KERNEL32.dll
 0002:00000014       __imp__SystemTimeToFileTime@8 10011014     kernel32:KERNEL32.dll
 0002:00000018       __imp__CloseHandle@4       10011018     kernel32:KERNEL32.dll
 0002:0000001c       __imp__WriteConsoleW@20    1001101c     kernel32:KERNEL32.dll
 0002:00000020       __imp__DecodePointer@4     10011020     kernel32:KERNEL32.dll
 0002:00000024       __imp__FlushFileBuffers@4  10011024     kernel32:KERNEL32.dll
 0002:00000028       __imp__SetFilePointerEx@20 10011028     kernel32:KERNEL32.dll
 0002:0000002c       __imp__GetConsoleMode@8    1001102c     kernel32:KERNEL32.dll
 0002:00000030       __imp__GetConsoleCP@0      10011030     kernel32:KERNEL32.dll
 0002:00000034       __imp__WriteFile@20        10011034     kernel32:KERNEL32.dll
 0002:00000038       __imp__HeapSize@12         10011038     kernel32:KERNEL32.dll
 0002:0000003c       __imp__SetStdHandle@8      1001103c     kernel32:KERNEL32.dll
 0002:00000040       __imp__GetStringTypeW@16   10011040     kernel32:KERNEL32.dll
 0002:00000044       __imp__HeapCreate@12       10011044     kernel32:KERNEL32.dll
 0002:00000048       __imp__HeapDestroy@4       10011048     kernel32:KERNEL32.dll
 0002:0000004c       __imp__UnhandledExceptionFilter@4 1001104c     kernel32:KERNEL32.dll
 0002:00000050       __imp__SetUnhandledExceptionFilter@4 10011050     kernel32:KERNEL32.dll
 0002:00000054       __imp__GetCurrentProcess@0 10011054     kernel32:KERNEL32.dll
 0002:00000058       __imp__TerminateProcess@8  10011058     kernel32:KERNEL32.dll
 0002:0000005c       __imp__IsProcessorFeaturePresent@4 1001105c     kernel32:KERNEL32.dll
 0002:00000060       __imp__QueryPerformanceCounter@4 10011060     kernel32:KERNEL32.dll
 0002:00000064       __imp__GetCurrentProcessId@0 10011064     kernel32:KERNEL32.dll
 0002:00000068       __imp__GetCurrentThreadId@0 10011068     kernel32:KERNEL32.dll
 0002:0000006c       __imp__GetSystemTimeAsFileTime@4 1001106c     kernel32:KERNEL32.dll
 0002:00000070       __imp__InitializeSListHead@4 10011070     kernel32:KERNEL32.dll
 0002:00000074       __imp__IsDebuggerPresent@0 10011074     kernel32:KERNEL32.dll
 0002:00000078       __imp__GetStartupInfoW@4   10011078     kernel32:KERNEL32.dll
 0002:0000007c       __imp__GetModuleHandleW@4  1001107c     kernel32:KERNEL32.dll
 0002:00000080       __imp__InterlockedFlushSList@4 10011080     kernel32:KERNEL32.dll
 0002:00000084       __imp__RtlUnwind@16        10011084     kernel32:KERNEL32.dll
 0002:00000088       __imp__GetLastError@0      10011088     kernel32:KERNEL32.dll
 0002:0000008c       __imp__SetLastError@4      1001108c     kernel32:KERNEL32.dll
 0002:00000090       __imp__EnterCriticalSection@4 10011090     kernel32:KERNEL32.dll
 0002:00000094       __imp__LeaveCriticalSection@4 10011094     kernel32:KERNEL32.dll
 0002:00000098       __imp__DeleteCriticalSection@4 10011098     kernel32:KERNEL32.dll
 0002:0000009c       __imp__InitializeCriticalSectionAndSpinCount@8 1001109c     kernel32:KERNEL32.dll
 0002:000000a0       __imp__TlsAlloc@0          100110a0     kernel32:KERNEL32.dll
 0002:000000a4       __imp__TlsGetValue@4       100110a4     kernel32:KERNEL32.dll
 0002:000000a8       __imp__TlsSetValue@8       100110a8     kernel32:KERNEL32.dll
 0002:000000ac       __imp__TlsFree@4           100110ac     kernel32:KERNEL32.dll
 0002:000000b0       __imp__FreeLibrary@4       100110b0     kernel32:KERNEL32.dll
 0002:000000b4       __imp__GetProcAddress@8    100110b4     kernel32:KERNEL32.dll
 0002:000000b8       __imp__LoadLibraryExW@12   100110b8     kernel32:KERNEL32.dll
 0002:000000bc       __imp__RaiseException@16   100110bc     kernel32:KERNEL32.dll
 0002:000000c0       __imp__ExitProcess@4       100110c0     kernel32:KERNEL32.dll
 0002:000000c4       __imp__GetModuleHandleExW@12 100110c4     kernel32:KERNEL32.dll
 0002:000000c8       __imp__GetModuleFileNameA@12 100110c8     kernel32:KERNEL32.dll
 0002:000000cc       __imp__MultiByteToWideChar@24 100110cc     kernel32:KERNEL32.dll
 0002:000000d0       __imp__WideCharToMultiByte@32 100110d0     kernel32:KERNEL32.dll
 0002:000000d4       __imp__GetACP@0            100110d4     kernel32:KERNEL32.dll
 0002:000000d8       __imp__GetStdHandle@4      100110d8     kernel32:KERNEL32.dll
 0002:000000dc       __imp__GetFileType@4       100110dc     kernel32:KERNEL32.dll
 0002:000000e0       __imp__LCMapStringW@24     100110e0     kernel32:KERNEL32.dll
 0002:000000e4       __imp__FindClose@4         100110e4     kernel32:KERNEL32.dll
 0002:000000e8       __imp__FindFirstFileExA@24 100110e8     kernel32:KERNEL32.dll
 0002:000000ec       __imp__FindNextFileA@8     100110ec     kernel32:KERNEL32.dll
 0002:000000f0       __imp__IsValidCodePage@4   100110f0     kernel32:KERNEL32.dll
 0002:000000f4       __imp__GetOEMCP@0          100110f4     kernel32:KERNEL32.dll
 0002:000000f8       __imp__GetCPInfo@8         100110f8     kernel32:KERNEL32.dll
 0002:000000fc       __imp__GetCommandLineA@0   100110fc     kernel32:KERNEL32.dll
 0002:00000100       __imp__GetCommandLineW@0   10011100     kernel32:KERNEL32.dll
 0002:00000104       __imp__GetEnvironmentStringsW@0 10011104     kernel32:KERNEL32.dll
 0002:00000108       __imp__FreeEnvironmentStringsW@4 10011108     kernel32:KERNEL32.dll
 0002:0000010c       __imp__CreateFileW@28      1001110c     kernel32:KERNEL32.dll
 0002:00000110       \177KERNEL32_NULL_THUNK_DATA 10011110     kernel32:KERNEL32.dll
 0002:00000114       __imp__GdipBitmapLockBits@20 10011114     gdiplus:gdiplus.dll
 0002:00000118       __imp__GdipCreateBitmapFromStreamICM@8 10011118     gdiplus:gdiplus.dll
 0002:0000011c       __imp__GdipCreateBitmapFromStream@8 1001111c     gdiplus:gdiplus.dll
 0002:00000120       __imp__GdipGetImagePixelFormat@8 10011120     gdiplus:gdiplus.dll
 0002:00000124       __imp__GdipBitmapUnlockBits@8 10011124     gdiplus:gdiplus.dll
 0002:00000128       __imp__GdipCloneImage@8    10011128     gdiplus:gdiplus.dll
 0002:0000012c       __imp__GdiplusShutdown@4   1001112c     gdiplus:gdiplus.dll
 0002:00000130       __imp__GdiplusStartup@12   10011130     gdiplus:gdiplus.dll
 0002:00000134       __imp__GdipFree@4          10011134     gdiplus:gdiplus.dll
 0002:00000138       __imp__GdipAlloc@4         10011138     gdiplus:gdiplus.dll
 0002:0000013c       __imp__GdipDisposeImage@4  1001113c     gdiplus:gdiplus.dll
 0002:00000140       \177gdiplus_NULL_THUNK_DATA 10011140     gdiplus:gdiplus.dll
 0002:00000144       __imp__CoUninitialize@0    10011144     ole32:ole32.dll
 0002:00000148       __imp__CoInitializeEx@8    10011148     ole32:ole32.dll
 0002:0000014c       \177ole32_NULL_THUNK_DATA  1001114c     ole32:ole32.dll
 0002:00000150       ___guard_check_icall_fptr  10011150     LIBCMT:guard_support.obj
 0002:00000154       ___xc_a                    10011154     LIBCMT:initializers.obj
 0002:00000158       ___xc_z                    10011158     LIBCMT:initializers.obj
 0002:0000015c       ___xi_a                    1001115c     LIBCMT:initializers.obj
 0002:00000160       ___acrt_stdio_initializer  10011160     libucrt:stdio_initializer.obj
 0002:00000164       ___acrt_multibyte_initializer 10011164     libucrt:multibyte_initializer.obj
 0002:00000168       ___acrt_tran_sse2_initializer 10011168     libucrt:sse2_initializer.obj
 0002:0000016c       ___xi_z                    1001116c     LIBCMT:initializers.obj
 0002:00000170       ___xp_a                    10011170     LIBCMT:initializers.obj
 0002:00000174       ___acrt_locale_terminator  10011174     libucrt:locale_initializer.obj
 0002:00000178       ___dcrt_console_output_terminator 10011178     libucrt:console_output_initializer.obj
 0002:0000017c       ___acrt_stdio_terminator   1001117c     libucrt:stdio_initializer.obj
 0002:00000180       ___xp_z                    10011180     LIBCMT:initializers.obj
 0002:00000184       ___xt_a                    10011184     LIBCMT:initializers.obj
 0002:00000188       ___xt_z                    10011188     LIBCMT:initializers.obj
 0002:00000190       ??_C@_11LOCGONAA@@         10011190     ico.obj
 0002:00000198       ??_7Image@Gdiplus@@6B@     10011198     ico.obj
 0002:000001a4       ??_7Bitmap@Gdiplus@@6B@    100111a4     ico.obj
 0002:000001b0       ??_7MStream@@6B@           100111b0     ico.obj
 0002:000001ec       ??_C@_1BA@KIENHNBI@?$AAI?$AAC?$AAO?$AA?4?$AAP?$AAN?$AAG@ 100111ec     ico.obj
 0002:000001fc       ??_C@_1BA@HKGHICED@?$AAI?$AAC?$AAO?$AA?4?$AAD?$AAI?$AAB@ 100111fc     ico.obj
 0002:0000020c       ??_C@_1O@PALLNO@?$AA?5?$AA?$FL?$AAP?$AAN?$AAG?$AA?$FN@ 1001120c     ico.obj
 0002:0000021c       ??_C@_17OGLEMJPJ@?$AAI?$AAC?$AAO@ 1001121c     ico.obj
 0002:00000224       ??_C@_17IILLPF@?$AAC?$AAU?$AAR@ 10011224     ico.obj
 0002:0000022c       ??_C@_1DE@JEFKLGFF@?$AA?$CF?$AAi?$AA?5?$AAx?$AA?5?$AA?$CF?$AAi?$AA?5?$AAx?$AA?5?$AA?$CF?$AAi?$AAb?$AAp?$AAp@ 1001122c     ico.obj
 0002:00000260       _IID_IUnknown              10011260     uuid:unknwn_i.obj
 0002:00000270       _IID_ISequentialStream     10011270     uuid:objidl_i.obj
 0002:00000280       _IID_IStream               10011280     uuid:objidl_i.obj
 0002:00000294       ??_7type_info@@6B@         10011294     LIBCMT:std_type_info_static.obj
 0002:00000298       __pRawDllMain              10011298     LIBCMT:dll_dllmain.obj
 0002:00000298       __pDefaultRawDllMain       10011298     LIBCMT:dll_dllmain.obj
 0002:00000444       ??_C@_08EHJDFFNH@__based?$CI@ 10011444     libvcruntime:undname.obj
 0002:00000450       ??_C@_07KOLFKCDI@__cdecl@  10011450     libvcruntime:undname.obj
 0002:00000458       ??_C@_08GHMPAG@__pascal@   10011458     libvcruntime:undname.obj
 0002:00000464       ??_C@_09IFJBGAPI@__stdcall@ 10011464     libvcruntime:undname.obj
 0002:00000470       ??_C@_0L@NPHFGOKO@__thiscall@ 10011470     libvcruntime:undname.obj
 0002:0000047c       ??_C@_0L@JMKHOMEK@__fastcall@ 1001147c     libvcruntime:undname.obj
 0002:00000488       ??_C@_0N@BCKKPABJ@__vectorcall@ 10011488     libvcruntime:undname.obj
 0002:00000498       ??_C@_09HIJEGCPM@__clrcall@ 10011498     libvcruntime:undname.obj
 0002:000004a4       ??_C@_06GHPCKEAG@__eabi@   100114a4     libvcruntime:undname.obj
 0002:000004ac       ??_C@_09IOPIDJLG@__swift_1@ 100114ac     libvcruntime:undname.obj
 0002:000004b8       ??_C@_09KFNFGKHF@__swift_2@ 100114b8     libvcruntime:undname.obj
 0002:000004c4       ??_C@_07JOMMBBKO@__ptr64@  100114c4     libvcruntime:undname.obj
 0002:000004cc       ??_C@_0L@PILCLIHE@__restrict@ 100114cc     libvcruntime:undname.obj
 0002:000004d8       ??_C@_0M@GFIIJFMG@__unaligned@ 100114d8     libvcruntime:undname.obj
 0002:000004e4       ??_C@_09DHDLOLLB@restrict?$CI@ 100114e4     libvcruntime:undname.obj
 0002:000004ee       ??_C@_00CNPNBAHC@@         100114ee     libvcruntime:undname.obj
 0002:000004f0       ??_C@_04NIHEBCM@?5new@     100114f0     libvcruntime:undname.obj
 0002:000004f8       ??_C@_07FPCDHGMM@?5delete@ 100114f8     libvcruntime:undname.obj
 0002:00000500       ??_C@_01NEMOKFLO@?$DN@     10011500     libvcruntime:undname.obj
 0002:00000504       ??_C@_02GPIOPFAK@?$DO?$DO@ 10011504     libvcruntime:undname.obj
 0002:00000508       ??_C@_02FODMEDOG@?$DM?$DM@ 10011508     libvcruntime:undname.obj
 0002:0000050c       ??_C@_01DCLJPIOD@?$CB@     1001150c     libvcruntime:undname.obj
 0002:00000510       ??_C@_02EGOFBIJA@?$DN?$DN@ 10011510     libvcruntime:undname.obj
 0002:00000514       ??_C@_02FDNJECIE@?$CB?$DN@ 10011514     libvcruntime:undname.obj
 0002:00000518       ??_C@_02GPECMEKF@?$FL?$FN@ 10011518     libvcruntime:undname.obj
 0002:0000051c       ??_C@_08LHJFAFGD@operator@ 1001151c     libvcruntime:undname.obj
 0002:00000528       ??_C@_02HBOOOICD@?9?$DO@   10011528     libvcruntime:undname.obj
 0002:0000052c       ??_C@_01NBENCBCI@?$CK@     1001152c     libvcruntime:undname.obj
 0002:00000530       ??_C@_02ECNGHCIF@?$CL?$CL@ 10011530     libvcruntime:undname.obj
 0002:00000534       ??_C@_02BAABKJLB@?9?9@     10011534     libvcruntime:undname.obj
 0002:00000538       ??_C@_01JOAMLHOP@?9@       10011538     libvcruntime:undname.obj
 0002:0000053c       ??_C@_01MIFGBAGJ@?$CL@     1001153c     libvcruntime:undname.obj
 0002:00000540       ??_C@_01HNPIGOCE@?$CG@     10011540     libvcruntime:undname.obj
 0002:00000544       ??_C@_03MNHNFDLC@?9?$DO?$CK@ 10011544     libvcruntime:undname.obj
 0002:00000548       ??_C@_01KMDKNFGN@?1@       10011548     libvcruntime:undname.obj
 0002:0000054c       ??_C@_01FGNFDNOH@?$CF@     1001154c     libvcruntime:undname.obj
 0002:00000550       ??_C@_01MNNFJEPP@?$DM@     10011550     libvcruntime:undname.obj
 0002:00000554       ??_C@_02EHCHHCKH@?$DM?$DN@ 10011554     libvcruntime:undname.obj
 0002:00000558       ??_C@_01PPODPGHN@?$DO@     10011558     libvcruntime:undname.obj
 0002:0000055c       ??_C@_02EEKDKGMJ@?$DO?$DN@ 1001155c     libvcruntime:undname.obj
 0002:00000560       ??_C@_01IHBHIGKO@?0@       10011560     libvcruntime:undname.obj
 0002:00000564       ??_C@_02HCKGKOFO@?$CI?$CJ@ 10011564     libvcruntime:undname.obj
 0002:00000568       ??_C@_01PJKLJHI@?$HO@      10011568     libvcruntime:undname.obj
 0002:0000056c       ??_C@_01JKBOJNNK@?$FO@     1001156c     libvcruntime:undname.obj
 0002:00000570       ??_C@_01DNKMNLPK@?$HM@     10011570     libvcruntime:undname.obj
 0002:00000574       ??_C@_02PPKAJPJL@?$CG?$CG@ 10011574     libvcruntime:undname.obj
 0002:00000578       ??_C@_02NONPIBCD@?$HM?$HM@ 10011578     libvcruntime:undname.obj
 0002:0000057c       ??_C@_02FPIMKNGF@?$CK?$DN@ 1001157c     libvcruntime:undname.obj
 0002:00000580       ??_C@_02FOEOMHFC@?$CL?$DN@ 10011580     libvcruntime:undname.obj
 0002:00000584       ??_C@_02FKMDLLOA@?9?$DN@   10011584     libvcruntime:undname.obj
 0002:00000588       ??_C@_02FJEHGPIO@?1?$DN@   10011588     libvcruntime:undname.obj
 0002:0000058c       ??_C@_02FENAOKFI@?$CF?$DN@ 1001158c     libvcruntime:undname.obj
 0002:00000590       ??_C@_03IKFCCPFF@?$DO?$DO?$DN@ 10011590     libvcruntime:undname.obj
 0002:00000594       ??_C@_03CDNPDDLA@?$DM?$DM?$DN@ 10011594     libvcruntime:undname.obj
 0002:00000598       ??_C@_02FGJGFEAB@?$CG?$DN@ 10011598     libvcruntime:undname.obj
 0002:0000059c       ??_C@_02DHLNPPGH@?$HM?$DN@ 1001159c     libvcruntime:undname.obj
 0002:000005a0       ??_C@_02MHEGNOJ@?$FO?$DN@  100115a0     libvcruntime:undname.obj
 0002:000005a4       ??_C@_09IFPLHPGF@?$GAvftable?8@ 100115a4     libvcruntime:undname.obj
 0002:000005b0       ??_C@_09BLBHBJP@?$GAvbtable?8@ 100115b0     libvcruntime:undname.obj
 0002:000005bc       ??_C@_07FEEIOKP@?$GAvcall?8@ 100115bc     libvcruntime:undname.obj
 0002:000005c4       ??_C@_08LLFFHHDJ@?$GAtypeof?8@ 100115c4     libvcruntime:undname.obj
 0002:000005d0       ??_C@_0BF@KDPPACIK@?$GAlocal?5static?5guard?8@ 100115d0     libvcruntime:undname.obj
 0002:000005e8       ??_C@_08OBABFOLI@?$GAstring?8@ 100115e8     libvcruntime:undname.obj
 0002:000005f4       ??_C@_0BD@JDLKDPAB@?$GAvbase?5destructor?8@ 100115f4     libvcruntime:undname.obj
 0002:00000608       ??_C@_0BN@DEGPLNFK@?$GAvector?5deleting?5destructor?8@ 10011608     libvcruntime:undname.obj
 0002:00000628       ??_C@_0BO@OBMKPJIG@?$GAdefault?5constructor?5closure?8@ 10011628     libvcruntime:undname.obj
 0002:00000648       ??_C@_0BN@IMDCHIKM@?$GAscalar?5deleting?5destructor?8@ 10011648     libvcruntime:undname.obj
 0002:00000668       ??_C@_0BO@PFGOCPJJ@?$GAvector?5constructor?5iterator?8@ 10011668     libvcruntime:undname.obj
 0002:00000688       ??_C@_0BN@LFPFMEDL@?$GAvector?5destructor?5iterator?8@ 10011688     libvcruntime:undname.obj
 0002:000006a8       ??_C@_0CE@IKBNEHA@?$GAvector?5vbase?5constructor?5itera@ 100116a8     libvcruntime:undname.obj
 0002:000006cc       ??_C@_0BL@NILFHHPC@?$GAvirtual?5displacement?5map?8@ 100116cc     libvcruntime:undname.obj
 0002:000006e8       ??_C@_0CB@JONCMFFK@?$GAeh?5vector?5constructor?5iterator@ 100116e8     libvcruntime:undname.obj
 0002:0000070c       ??_C@_0CA@GCEOPDGL@?$GAeh?5vector?5destructor?5iterator?8@ 1001170c     libvcruntime:undname.obj
 0002:0000072c       ??_C@_0CH@OOJPLCPH@?$GAeh?5vector?5vbase?5constructor?5it@ 1001172c     libvcruntime:undname.obj
 0002:00000754       ??_C@_0BL@LLKPOHJI@?$GAcopy?5constructor?5closure?8@ 10011754     libvcruntime:undname.obj
 0002:00000770       ??_C@_0BA@KBCDOMBN@?$GAudt?5returning?8@ 10011770     libvcruntime:undname.obj
 0002:00000780       ??_C@_03KLGMFNMG@?$GAEH@   10011780     libvcruntime:undname.obj
 0002:00000784       ??_C@_05KHLCHHI@?$GARTTI@  10011784     libvcruntime:undname.obj
 0002:0000078c       ??_C@_0BA@KKLDJDLB@?$GAlocal?5vftable?8@ 1001178c     libvcruntime:undname.obj
 0002:0000079c       ??_C@_0CE@IIHCMGGL@?$GAlocal?5vftable?5constructor?5clos@ 1001179c     libvcruntime:undname.obj
 0002:000007c0       ??_C@_06FHBGPFGH@?5new?$FL?$FN@ 100117c0     libvcruntime:undname.obj
 0002:000007c8       ??_C@_09LBNFPBCA@?5delete?$FL?$FN@ 100117c8     libvcruntime:undname.obj
 0002:000007d4       ??_C@_0P@HJKNJFNN@?$GAomni?5callsig?8@ 100117d4     libvcruntime:undname.obj
 0002:000007e4       ??_C@_0BL@CNOONJFP@?$GAplacement?5delete?5closure?8@ 100117e4     libvcruntime:undname.obj
 0002:00000800       ??_C@_0BN@CKNJLHMB@?$GAplacement?5delete?$FL?$FN?5closure?8@ 10011800     libvcruntime:undname.obj
 0002:00000820       ??_C@_0CG@CFDHKGGD@?$GAmanaged?5vector?5constructor?5ite@ 10011820     libvcruntime:undname.obj
 0002:00000848       ??_C@_0CF@IMGKMJNO@?$GAmanaged?5vector?5destructor?5iter@ 10011848     libvcruntime:undname.obj
 0002:00000870       ??_C@_0CG@HLDDJMAG@?$GAeh?5vector?5copy?5constructor?5ite@ 10011870     libvcruntime:undname.obj
 0002:00000898       ??_C@_0CM@FCBBDIGB@?$GAeh?5vector?5vbase?5copy?5construct@ 10011898     libvcruntime:undname.obj
 0002:000008c4       ??_C@_0BL@CLIPGLGB@?$GAdynamic?5initializer?5for?5?8@ 100118c4     libvcruntime:undname.obj
 0002:000008e0       ??_C@_0CB@PDBIFEP@?$GAdynamic?5atexit?5destructor?5for?5@ 100118e0     libvcruntime:undname.obj
 0002:00000904       ??_C@_0CD@CGAJBKEJ@?$GAvector?5copy?5constructor?5iterat@ 10011904     libvcruntime:undname.obj
 0002:00000928       ??_C@_0CJ@GJELGAMM@?$GAvector?5vbase?5copy?5constructor?5@ 10011928     libvcruntime:undname.obj
 0002:00000954       ??_C@_0CL@FGIJHLCE@?$GAmanaged?5vector?5copy?5constructo@ 10011954     libvcruntime:undname.obj
 0002:00000980       ??_C@_0BM@PMGGMLDN@?$GAlocal?5static?5thread?5guard?8@ 10011980     libvcruntime:undname.obj
 0002:0000099c       ??_C@_0N@BDNMDMOL@operator?5?$CC?$CC?5@ 1001199c     libvcruntime:undname.obj
 0002:000009ac       ??_C@_0BC@GGEBGALA@operator?5co_await@ 100119ac     libvcruntime:undname.obj
 0002:000009c0       ??_C@_0BC@DAFEJGAK@?5Type?5Descriptor?8@ 100119c0     libvcruntime:undname.obj
 0002:000009d4       ??_C@_0BM@LDKODKLH@?5Base?5Class?5Descriptor?5at?5?$CI@ 100119d4     libvcruntime:undname.obj
 0002:000009f0       ??_C@_0BD@LGICGFMM@?5Base?5Class?5Array?8@ 100119f0     libvcruntime:undname.obj
 0002:00000a04       ??_C@_0BN@MECKDCOJ@?5Class?5Hierarchy?5Descriptor?8@ 10011a04     libvcruntime:undname.obj
 0002:00000a24       ??_C@_0BK@CFCOFLF@?5Complete?5Object?5Locator?8@ 10011a24     libvcruntime:undname.obj
 0002:00000a4c       ??_C@_1DM@KHCHBNEB@?$AAa?$AAp?$AAi?$AA?9?$AAm?$AAs?$AA?9?$AAw?$AAi?$AAn?$AA?9?$AAc?$AAo?$AAr?$AAe@ 10011a4c     libvcruntime:winapi_downlevel.obj
 0002:00000a88       ??_C@_1DK@LPPGFMPP@?$AAa?$AAp?$AAi?$AA?9?$AAm?$AAs?$AA?9?$AAw?$AAi?$AAn?$AA?9?$AAc?$AAo?$AAr?$AAe@ 10011a88     libvcruntime:winapi_downlevel.obj
 0002:00000ac4       ??_C@_1BC@GDMECMAK@?$AAk?$AAe?$AAr?$AAn?$AAe?$AAl?$AA3?$AA2@ 10011ac4     libvcruntime:winapi_downlevel.obj
 0002:00000ad8       ??_C@_1BA@PFFKHIOG@?$AAa?$AAp?$AAi?$AA?9?$AAm?$AAs?$AA?9@ 10011ad8     libvcruntime:winapi_downlevel.obj
 0002:00000ae8       ??_C@_1BA@IAIFMGEF@?$AAe?$AAx?$AAt?$AA?9?$AAm?$AAs?$AA?9@ 10011ae8     libvcruntime:winapi_downlevel.obj
 0002:00000b00       ??_C@_08KNHFBNJ@FlsAlloc@  10011b00     libvcruntime:winapi_downlevel.obj
 0002:00000b14       ??_C@_07PEJMOBNF@FlsFree@  10011b14     libvcruntime:winapi_downlevel.obj
 0002:00000b24       ??_C@_0M@GDNOONDI@FlsGetValue@ 10011b24     libvcruntime:winapi_downlevel.obj
 0002:00000b38       ??_C@_0M@JCPCPOEF@FlsSetValue@ 10011b38     libvcruntime:winapi_downlevel.obj
 0002:00000b4c       ??_C@_0BM@HCFOFFN@InitializeCriticalSectionEx@ 10011b4c     libvcruntime:winapi_downlevel.obj
 0002:00000b68       __pDestructExceptionObject 10011b68     libvcruntime:ehhelpers.obj
 0002:00000b70       _standard_lookup_table     10011b70     libucrt:output.obj
 0002:00000bcc       ??_C@_06OJHGLDPL@?$CInull?$CJ?$AA@ 10011bcc     libucrt:output.obj
 0002:00000bd4       ??_C@_1O@CEDCILHN@?$AA?$CI?$AAn?$AAu?$AAl?$AAl?$AA?$CJ?$AA?$AA@ 10011bd4     libucrt:output.obj
 0002:00000be8       ___acrt_exception_action_table 10011be8     libucrt:exception_filter.obj
 0002:00000c78       ___acrt_signal_action_table_count 10011c78     libucrt:exception_filter.obj
 0002:00000c7c       ___acrt_signal_action_first_fpe_index 10011c7c     libucrt:exception_filter.obj
 0002:00000c80       ___acrt_signal_action_fpe_count 10011c80     libucrt:exception_filter.obj
 0002:00000c84       ??_C@_1BI@BGOHAHKC@?$AAm?$AAs?$AAc?$AAo?$AAr?$AAe?$AAe?$AA?4?$AAd?$AAl?$AAl?$AA?$AA@ 10011c84     libucrt:exit.obj
 0002:00000c9c       ??_C@_0P@MIGLKIOC@CorExitProcess?$AA@ 10011c9c     libucrt:exit.obj
 0002:00000e90       ??_C@_03OEIAHPBN@INF?$AA@  10011e90     libucrt:cvt.obj
 0002:00000e94       ??_C@_03OJHLLCGB@inf?$AA@  10011e94     libucrt:cvt.obj
 0002:00000e98       ??_C@_03LKNCIKJB@NAN?$AA@  10011e98     libucrt:cvt.obj
 0002:00000e9c       ??_C@_03LHCJEHON@nan?$AA@  10011e9c     libucrt:cvt.obj
 0002:00000ea0       ??_C@_09OFJJIMPC@NAN?$CISNAN?$CJ?$AA@ 10011ea0     libucrt:cvt.obj
 0002:00000eac       ??_C@_09IPFBKMDL@nan?$CIsnan?$CJ?$AA@ 10011eac     libucrt:cvt.obj
 0002:00000eb8       ??_C@_08IKHNHAJ@NAN?$CIIND?$CJ?$AA@ 10011eb8     libucrt:cvt.obj
 0002:00000ec4       ??_C@_08OFCDMILK@nan?$CIind?$CJ?$AA@ 10011ec4     libucrt:cvt.obj
 0002:00000ed0       ??_C@_05KLBDPFGC@e?$CL000?$AA@ 10011ed0     libucrt:cvt.obj
 0002:00000ed8       ??_C@_03KOEHGMDN@Sun?$AA@  10011ed8     libucrt:nlsdata.obj
 0002:00000edc       ??_C@_03PDAGKDH@Mon?$AA@   10011edc     libucrt:nlsdata.obj
 0002:00000ee0       ??_C@_03NAGEINEP@Tue?$AA@  10011ee0     libucrt:nlsdata.obj
 0002:00000ee4       ??_C@_03MHOMLAJA@Wed?$AA@  10011ee4     libucrt:nlsdata.obj
 0002:00000ee8       ??_C@_03IOFIKPDN@Thu?$AA@  10011ee8     libucrt:nlsdata.obj
 0002:00000eec       ??_C@_03IDIOELNC@Fri?$AA@  10011eec     libucrt:nlsdata.obj
 0002:00000ef0       ??_C@_03FEFJNEK@Sat?$AA@   10011ef0     libucrt:nlsdata.obj
 0002:00000ef4       ??_C@_06OOPIFAJ@Sunday?$AA@ 10011ef4     libucrt:nlsdata.obj
 0002:00000efc       ??_C@_06JLEDEDGH@Monday?$AA@ 10011efc     libucrt:nlsdata.obj
 0002:00000f04       ??_C@_07BAAGCFCM@Tuesday?$AA@ 10011f04     libucrt:nlsdata.obj
 0002:00000f0c       ??_C@_09DLIGFAKA@Wednesday?$AA@ 10011f0c     libucrt:nlsdata.obj
 0002:00000f18       ??_C@_08HACCIKIA@Thursday?$AA@ 10011f18     libucrt:nlsdata.obj
 0002:00000f24       ??_C@_06JECMNKMI@Friday?$AA@ 10011f24     libucrt:nlsdata.obj
 0002:00000f2c       ??_C@_08INBOOONO@Saturday?$AA@ 10011f2c     libucrt:nlsdata.obj
 0002:00000f38       ??_C@_03JIHJHPIE@Jan?$AA@  10011f38     libucrt:nlsdata.obj
 0002:00000f3c       ??_C@_03HJBDCHOM@Feb?$AA@  10011f3c     libucrt:nlsdata.obj
 0002:00000f40       ??_C@_03ODNJBKGA@Mar?$AA@  10011f40     libucrt:nlsdata.obj
 0002:00000f44       ??_C@_03LEOLGMJP@Apr?$AA@  10011f44     libucrt:nlsdata.obj
 0002:00000f48       ??_C@_03CNMDKL@May?$AA@    10011f48     libucrt:nlsdata.obj
 0002:00000f4c       ??_C@_03IDFGHECI@Jun?$AA@  10011f4c     libucrt:nlsdata.obj
 0002:00000f50       ??_C@_03LBGABGKK@Jul?$AA@  10011f50     libucrt:nlsdata.obj
 0002:00000f54       ??_C@_03IFJFEIGA@Aug?$AA@  10011f54     libucrt:nlsdata.obj
 0002:00000f58       ??_C@_03GGCAPAJC@Sep?$AA@  10011f58     libucrt:nlsdata.obj
 0002:00000f5c       ??_C@_03BMAOKBAD@Oct?$AA@  10011f5c     libucrt:nlsdata.obj
 0002:00000f60       ??_C@_03JPJOFNIA@Nov?$AA@  10011f60     libucrt:nlsdata.obj
 0002:00000f64       ??_C@_03MKABNOCG@Dec?$AA@  10011f64     libucrt:nlsdata.obj
 0002:00000f68       ??_C@_07CGJPFGJA@January?$AA@ 10011f68     libucrt:nlsdata.obj
 0002:00000f70       ??_C@_08GNJGEPFN@February?$AA@ 10011f70     libucrt:nlsdata.obj
 0002:00000f7c       ??_C@_05HPCKOFNC@March?$AA@ 10011f7c     libucrt:nlsdata.obj
 0002:00000f84       ??_C@_05DMJDNLEJ@April?$AA@ 10011f84     libucrt:nlsdata.obj
 0002:00000f8c       ??_C@_04CNLMGBGM@June?$AA@ 10011f8c     libucrt:nlsdata.obj
 0002:00000f94       ??_C@_04MIEPOIFP@July?$AA@ 10011f94     libucrt:nlsdata.obj
 0002:00000f9c       ??_C@_06LBBHFDDG@August?$AA@ 10011f9c     libucrt:nlsdata.obj
 0002:00000fa4       ??_C@_09BHHEALKD@September?$AA@ 10011fa4     libucrt:nlsdata.obj
 0002:00000fb0       ??_C@_07JJNFCEND@October?$AA@ 10011fb0     libucrt:nlsdata.obj
 0002:00000fb8       ??_C@_08HCHEGEOA@November?$AA@ 10011fb8     libucrt:nlsdata.obj
 0002:00000fc4       ??_C@_08EDHMEBNP@December?$AA@ 10011fc4     libucrt:nlsdata.obj
 0002:00000fd0       ??_C@_02DEDBPAFC@AM?$AA@   10011fd0     libucrt:nlsdata.obj
 0002:00000fd4       ??_C@_02CJNFDJBF@PM?$AA@   10011fd4     libucrt:nlsdata.obj
 0002:00000fd8       ??_C@_08BPBNCDIB@MM?1dd?1yy?$AA@ 10011fd8     libucrt:nlsdata.obj
 0002:00000fe4       ??_C@_0BE@CKGJFCPC@dddd?0?5MMMM?5dd?0?5yyyy?$AA@ 10011fe4     libucrt:nlsdata.obj
 0002:00000ff8       ??_C@_08JCCMCCIL@HH?3mm?3ss?$AA@ 10011ff8     libucrt:nlsdata.obj
 0002:00001004       ??_C@_17MBGCMIPB@?$AAS?$AAu?$AAn?$AA?$AA@ 10012004     libucrt:nlsdata.obj
 0002:0000100c       ??_C@_17KBOMKBF@?$AAM?$AAo?$AAn?$AA?$AA@ 1001200c     libucrt:nlsdata.obj
 0002:00001014       ??_C@_17BMKGEGOJ@?$AAT?$AAu?$AAe?$AA?$AA@ 10012014     libucrt:nlsdata.obj
 0002:0000101c       ??_C@_17CJEDCEPE@?$AAW?$AAe?$AAd?$AA?$AA@ 1001201c     libucrt:nlsdata.obj
 0002:00001024       ??_C@_17PDPHAADD@?$AAT?$AAh?$AAu?$AA?$AA@ 10012024     libucrt:nlsdata.obj
 0002:0000102c       ??_C@_17HFOLPPLP@?$AAF?$AAr?$AAi?$AA?$AA@ 1001202c     libucrt:nlsdata.obj
[...]
 0001:0000995f       ?__acrt_LCMapStringA_stat@@YAHPAU__crt_locale_pointers@@PB_WKPBDHPADHHH@Z 1000a95f f   libucrt:lcmapstringa.obj
 0001:0000ba10       _common_flush_all          1000ca10 f   libucrt:fflush.obj
 0001:0000bce3       ?free_crt_array_internal@@YAXQAPBXI@Z 1000cce3 f   libucrt:inittime.obj
 0001:0000c1a8       ?GetTableIndexFromLocaleName@@YAHPB_W@Z 1000d1a8 f   libucrt:lcidtoname_downlevel.obj
 0001:0000c290       ?shortsort@@YAXPAD0IP6AHPBX1@Z@Z 1000d290 f   libucrt:qsort.obj
 0001:0000c330       ?swap@@YAXPAD0I@Z          1000d330 f   libucrt:qsort.obj
 0001:0000c70a       ??$common_tcsncpy_s@D@@YAHQADIQBDI@Z 1000d70a f   libucrt:strncpy_s.obj
 0001:0000c7d0       $$000000                   1000d7d0     libucrt:strpbrk.obj
 0001:0000c8b4       ?initialize_multibyte@@YAHXZ 1000d8b4 f   libucrt:multibyte_initializer.obj
 0001:0000ca30       $$000000                   1000da30     libucrt:log10.obj
 0001:0000cb80       $$000000                   1000db80     libucrt:ceil_pentium4.obj
 0001:0000cc9d       ?write_double_translated_ansi_nolock@@YA?AUwrite_result@?A0x47fa6670@@HQBDI@Z 1000dc9d f   libucrt:write.obj
 0001:0000ce50       ?write_double_translated_unicode_nolock@@YA?AUwrite_result@?A0x47fa6670@@QBDI@Z 1000de50 f   libucrt:write.obj
 0001:0000cebd       ?write_requires_double_translation_nolock@@YA_NH@Z 1000debd f   libucrt:write.obj
 0001:0000cf33       ?write_text_ansi_nolock@@YA?AUwrite_result@?A0x47fa6670@@HQBDI@Z 1000df33 f   libucrt:write.obj
 0001:0000d012       ?write_text_utf16le_nolock@@YA?AUwrite_result@?A0x47fa6670@@HQBDI@Z 1000e012 f   libucrt:write.obj
 0001:0000d100       ?write_text_utf8_nolock@@YA?AUwrite_result@?A0x47fa6670@@HQBDI@Z 1000e100 f   libucrt:write.obj
 0001:0000d524       ??$common_lseek_nolock@_J@@YA_JH_JH@Z 1000e524 f   libucrt:lseek.obj
 0001:0000d7e8       ___get_abstract_control_sse2 1000e7e8 f   libucrt:_fenvutils.obj
 0001:0000d865       ___get_abstract_control_x87 1000e865 f   libucrt:_fenvutils.obj
 0001:0000d8d8       ___get_machine_control     1000e8d8 f   libucrt:_fenvutils.obj
 0001:0000d949       ___get_machine_control_sse2 1000e949 f   libucrt:_fenvutils.obj
 0001:0000d9c9       ___get_machine_status_sse2 1000e9c9 f   libucrt:_fenvutils.obj
 0001:0000da2a       ___get_machine_status_x87  1000ea2a f   libucrt:_fenvutils.obj
 0001:0000dd70       $$000000                   1000ed70     libucrt:log10_pentium4.obj
 0001:0000e000       $$000000                   1000f000     libucrt:87tran.obj
 0001:0000e200       $$000000                   1000f200     libucrt:87disp.obj
 0001:0000e400       $$000000                   1000f400     libucrt:common.obj
 0001:0000e590       $$000000                   1000f590     libucrt:genexcep.obj
 0001:0000eb00       $$000000                   1000fb00     libucrt:_strnicm.obj
 0001:0000f920       $$000000                   10010920     LIBCMT:ulldvrm.obj
 0001:0000f9c0       $$000000                   100109c0     LIBCMT:sehprolg4gs.obj
 0001:0000fa20       $$000000                   10010a20     LIBCMT:llmul.obj
 0001:0000fa60       $$000000                   10010a60     LIBCMT:lldvrm.obj
 0001:0000fb40       $$000000                   10010b40     LIBCMT:ullshr.obj
 0001:0000fb60       $$000000                   10010b60     LIBCMT:alloca16.obj
 0001:0000fb90       $$000000                   10010b90     LIBCMT:llshl.obj
 0001:0000fbb0       $$000000                   10010bb0     LIBCMT:ftol2.obj
 0001:0000fc70       $$000000                   10010c70     LIBCMT:chkstk.obj
 0001:0000fca0       $$000000                   10010ca0     libvcruntime:strrchr.obj
 0001:0000fde0       $$000000                   10010de0     libvcruntime:strchr.obj
 0002:0000029c       _GS_ExceptionPointers      1001129c     LIBCMT:gs_report.obj
 0002:000002a8       ?tokenTable@@3QBQBDB       100112a8     libvcruntime:undname.obj
 0002:000002e8       ?nameTable@@3QBQBDB        100112e8     libvcruntime:undname.obj
 0002:00000430       ?rttiTable@@3QBQBDB        10011430     libvcruntime:undname.obj
 0002:00000a40       ?module_names@?A0xbf9eb92d@@3QBQB_WB 10011a40     libvcruntime:winapi_downlevel.obj
 0002:00000af8       ?candidate_modules@?1??try_get_FlsAlloc@@YAP6GKP6GXPAX@Z@ZXZ@4QBW4module_id@?A0xbf9eb92d@@B 10011af8     libvcruntime:winapi_downlevel.obj
 0002:00000b0c       ?candidate_modules@?1??try_get_FlsFree@@YAP6GHK@ZXZ@4QBW4module_id@?A0xbf9eb92d@@B 10011b0c     libvcruntime:winapi_downlevel.obj
 0002:00000b1c       ?candidate_modules@?1??try_get_FlsGetValue@@YAP6GPAXK@ZXZ@4QBW4module_id@?A0xbf9eb92d@@B 10011b1c     libvcruntime:winapi_downlevel.obj
 0002:00000b30       ?candidate_modules@?1??try_get_FlsSetValue@@YAP6GHKPAX@ZXZ@4QBW4module_id@?A0xbf9eb92d@@B 10011b30     libvcruntime:winapi_downlevel.obj
 0002:00000b44       ?candidate_modules@?1??try_get_InitializeCriticalSectionEx@@YAP6GHPAU_RTL_CRITICAL_SECTION@@KK@ZXZ@4QBW4module_id@?A0xbf9eb92d@@B 10011b44     libvcruntime:winapi_downlevel.obj
 0002:00000cb0       ___acrt_initializers       10011cb0     libucrt:initialization.obj
 0002:00000d28       _errtable                  10011d28     libucrt:errno.obj
 0002:000013a0       _module_names              100123a0     libucrt:winapi_thunks.obj
 0002:000018e8       ?candidate_modules@?1??try_get_FlsAlloc@@YAP6GKP6GXPAX@Z@ZXZ@4QBW4module_id@?A0x352e5c4b@@B 100128e8     libucrt:winapi_thunks.obj
 0002:000018fc       ?candidate_modules@?1??try_get_FlsFree@@YAP6GHK@ZXZ@4QBW4module_id@?A0x352e5c4b@@B 100128fc     libucrt:winapi_thunks.obj
 0002:0000190c       ?candidate_modules@?1??try_get_FlsGetValue@@YAP6GPAXK@ZXZ@4QBW4module_id@?A0x352e5c4b@@B 1001290c     libucrt:winapi_thunks.obj
 0002:00001920       ?candidate_modules@?1??try_get_FlsSetValue@@YAP6GHKPAX@ZXZ@4QBW4module_id@?A0x352e5c4b@@B 10012920     libucrt:winapi_thunks.obj
 0002:00001934       ?candidate_modules@?1??try_get_GetCurrentPackageId@@YAP6GJPAIPAE@ZXZ@4QBW4module_id@?A0x352e5c4b@@B 10012934     libucrt:winapi_thunks.obj
 0002:00001950       ?candidate_modules@?1??try_get_InitializeCriticalSectionEx@@YAP6GHPAU_RTL_CRITICAL_SECTION@@KK@ZXZ@4QBW4module_id@?A0x352e5c4b@@B 10012950     libucrt:winapi_thunks.obj
 0002:00001974       ?candidate_modules@?1??try_get_LCMapStringEx@@YAP6GHPB_WK0HPA_WHPAU_nlsversioninfo@@PAXJ@ZXZ@4QBW4module_id@?A0x352e5c4b@@B 10012974     libucrt:winapi_thunks.obj
 0002:0000198c       ?candidate_modules@?1??try_get_LocaleNameToLCID@@YAP6GKPB_WK@ZXZ@4QBW4module_id@?A0x352e5c4b@@B 1001298c     libucrt:winapi_thunks.obj
 0002:000019a8       __mb_locale_names          100129a8     libucrt:mbctype.obj
 0002:00002be0       _LcidToLocaleNameTable     10013be0     libucrt:lcidtoname_downlevel.obj
 0002:00003d00       _LocaleNameToIndexTable    10014d00     libucrt:lcidtoname_downlevel.obj
 0002:00004c50       LOG_name                   10015c50     libucrt:log10.obj
 0002:00004c60       _One                       10015c60     libucrt:ceil_pentium4.obj
 0002:00004c70       _Bns                       10015c70     libucrt:ceil_pentium4.obj
 0002:00004c80       _Zero                      10015c80     libucrt:ceil_pentium4.obj
 0002:00004c90       _S                         10015c90     libucrt:ceil_pentium4.obj
 0002:00004ca0       _NegZero                   10015ca0     libucrt:ceil_pentium4.obj
 0002:00004cb0       emask                      10015cb0     libucrt:log10_pentium4.obj
 0002:00004cc0       CC                         10015cc0     libucrt:log10_pentium4.obj
 0002:00004cd0       Magic                      10015cd0     libucrt:log10_pentium4.obj
 0002:00004ce0       hi_mask                    10015ce0     libucrt:log10_pentium4.obj
 0002:00004cf0       LOG10_2                    10015cf0     libucrt:log10_pentium4.obj
 0002:00004d00       place_L                    10015d00     libucrt:log10_pentium4.obj
 0002:00004d20       One                        10015d20     libucrt:log10_pentium4.obj
 0002:00004d30       Zero                       10015d30     libucrt:log10_pentium4.obj
 0002:00004d40       Two52                      10015d40     libucrt:log10_pentium4.obj
 0002:00004d50       Infs                       10015d50     libucrt:log10_pentium4.obj
 0002:00004d60       NaN                        10015d60     libucrt:log10_pentium4.obj
 0002:00004d70       coeff                      10015d70     libucrt:log10_pentium4.obj
 0002:00004dce       _log2max                   10015dce     libucrt:87tran.obj
 0002:00004dd8       _smallarg                  10015dd8     libucrt:87tran.obj
 0002:00004de2       _half                      10015de2     libucrt:87tran.obj
 0002:00004e2e       One                        10015e2e     libucrt:87disp.obj
 0002:00004e36       Three                      10015e36     libucrt:87disp.obj
 0002:00004e3e       XAMtoTagTab                10015e3e     libucrt:87disp.obj
 0002:00004e50       One                        10015e50     libucrt:common.obj
 0002:00004e64       DblMax                     10015e64     libucrt:common.obj
 0002:00004e6c       DblMin                     10015e6c     libucrt:common.obj
 0002:00004e74       IeeeAdjO                   10015e74     libucrt:common.obj
 0002:00004e7c       IeeeAdjU                   10015e7c     libucrt:common.obj
 0002:00004e84       _infinity                  10015e84     libucrt:common.obj
 0002:00004e8c       _zero                      10015e8c     libucrt:common.obj
 0002:00004ec8       _over                      10015ec8     libucrt:fpctrl.obj
 0002:00004ed4       _under                     10015ed4     libucrt:fpctrl.obj
 0002:00005798       ?_names@?1??_get_fname@@9@9 10016798     libucrt:fpexcept.obj
 0002:00005f10       __sehtable$?dllmain_crt_process_attach@@YAHQAUHINSTANCE__@@QAX@Z 10016f10     LIBCMT:dll_dllmain.obj
 0002:00005f30       __sehtable$?dllmain_crt_process_detach@@YAH_N@Z 10016f30     LIBCMT:dll_dllmain.obj
 0002:00005f50       __sehtable$?dllmain_dispatch@@YAHQAUHINSTANCE__@@KQAX@Z 10016f50     LIBCMT:dll_dllmain.obj
 0002:00005f70       __sehtable$___scrt_is_nonwritable_in_current_image 10016f70     LIBCMT:utility.obj
 0002:00005f90       __sehtable$___DestructExceptionObject 10016f90     libvcruntime:ehhelpers.obj
 0002:00005fb0       __sehtable$?common_exit@@YAXHW4_crt_exit_cleanup_mode@@W4_crt_exit_return_mode@@@Z 10016fb0     libucrt:exit.obj
 0002:00005fd8       __sehtable$??$?RV<lambda_995298e7d72eb4c2aab26c0585b3abe5>@@AAV<lambda_275893d493268fdec8709772e3fcec0e>@@V<lambda_293819299cbf9a7022e18b56a874bb5c>@@@?$__crt_seh_guarded_call@H@@QAEH$$QAV<lambda_995298e7d72eb4c2aab26c0585b3abe5>@@AAV<lambda_275893d493268fdec8709772e3fcec0e>@@$$QAV<lambda_293819299cbf9a7022e18b56a874bb5c>@@@Z 10016fd8     libucrt:onexit.obj
 0002:00005ff8       __sehtable$_terminate      10016ff8     libucrt:terminate.obj
 0002:00006018       __sehtable$??$?RV<lambda_9df27f884b057bc3edfc946cb5b7cf47>@@AAV<lambda_e69574bed617af4e071282c136b37893>@@V<lambda_cc0d902bcbbeb830f749456577db4721>@@@?$__crt_seh_guarded_call@X@@QAEX$$QAV<lambda_9df27f884b057bc3edfc946cb5b7cf47>@@AAV<lambda_e69574bed617af4e071282c136b37893>@@$$QAV<lambda_cc0d902bcbbeb830f749456577db4721>@@@Z 10017018     libucrt:per_thread_data.obj
 0002:00006038       __sehtable$??$?RV<lambda_3518db117f0e7cdb002338c5d3c47b6c>@@AAV<lambda_b2ea41f6bbb362cd97d94c6828d90b61>@@V<lambda_abdedf541bb04549bc734292b4a045d4>@@@?$__crt_seh_guarded_call@X@@QAEX$$QAV<lambda_3518db117f0e7cdb002338c5d3c47b6c>@@AAV<lambda_b2ea41f6bbb362cd97d94c6828d90b61>@@$$QAV<lambda_abdedf541bb04549bc734292b4a045d4>@@@Z 10017038     libucrt:per_thread_data.obj
 0002:00006058       __sehtable$??$?RV<lambda_51b6e8b1eb166f2a3faf91f424b38130>@@AAV<lambda_6250bd4b2a391816dd638c3bf72b0bcb>@@V<lambda_0b5a4a3e68152e1d9b943535f5f47bed>@@@?$__crt_seh_guarded_call@X@@QAEX$$QAV<lambda_51b6e8b1eb166f2a3faf91f424b38130>@@AAV<lambda_6250bd4b2a391816dd638c3bf72b0bcb>@@$$QAV<lambda_0b5a4a3e68152e1d9b943535f5f47bed>@@@Z 10017058     libucrt:per_thread_data.obj
 0002:00006078       __sehtable$??$?RV<lambda_5b71d36f03204c0beab531769a5b5694>@@AAV<lambda_be2b3da3f62db62e9dad5dc70221a656>@@V<lambda_8f9ce462984622f9bf76b59e2aaaf805>@@@?$__crt_seh_guarded_call@X@@QAEX$$QAV<lambda_5b71d36f03204c0beab531769a5b5694>@@AAV<lambda_be2b3da3f62db62e9dad5dc70221a656>@@$$QAV<lambda_8f9ce462984622f9bf76b59e2aaaf805>@@@Z 10017078     libucrt:per_thread_data.obj
 0002:00006098       __sehtable$___acrt_uninitialize_locale 10017098     libucrt:wsetlocale.obj
 0002:000060b8       __sehtable$___acrt_initialize_lowio 100170b8     libucrt:ioinit.obj
 0002:000060d8       __sehtable$___acrt_update_thread_multibyte_data 100170d8     libucrt:mbctype.obj
 0002:000060f8       __sehtable$??$?RV<lambda_978dc153c237d78434369da87b74ff60>@@AAV<lambda_ad1ced32f4ac17aa236e5ef05d6b3b7c>@@V<lambda_4a8533e2866a575feecb8298ce776b0d>@@@?$__crt_seh_guarded_call@X@@QAEX$$QAV<lambda_978dc153c237d78434369da87b74ff60>@@AAV<lambda_ad1ced32f4ac17aa236e5ef05d6b3b7c>@@$$QAV<lambda_4a8533e2866a575feecb8298ce776b0d>@@@Z 100170f8     libucrt:mbctype.obj
 0002:00006118       __sehtable$__query_new_handler 10017118     libucrt:new_handler.obj
 0002:00006138       __sehtable$_raise          10017138     libucrt:signal.obj
 0002:00006158       __sehtable$??$?RV<lambda_a048d3beccc847880fc8490e18b82769>@@AAV<lambda_ec61778202f4f5fc7e7711acc23c3bca>@@V<lambda_f7496a158712204296dd6628a163878e>@@@?$__crt_seh_guarded_call@P6AXH@Z@@QAEP6AXH@Z$$QAV<lambda_a048d3beccc847880fc8490e18b82769>@@AAV<lambda_ec61778202f4f5fc7e7711acc23c3bca>@@$$QAV<lambda_f7496a158712204296dd6628a163878e>@@@Z 10017158     libucrt:signal.obj
 0002:00006178       __sehtable$___acrt_update_thread_locale_data 10017178     libucrt:locale_refcounting.obj
 0002:00006198       __sehtable$__fcloseall     10017198     libucrt:closeall.obj
 0002:000061b8       __sehtable$_common_flush_all 100171b8     libucrt:fflush.obj
 0002:000061e0       __sehtable$___acrt_lowio_ensure_fh_exists 100171e0     libucrt:osfinfo.obj
 0002:00006200       __sehtable$__write         10017200     libucrt:write.obj
 0002:00006220       __sehtable$_fclose         10017220     libucrt:fclose.obj
 0002:00006240       __sehtable$??$?RV<lambda_61cee617f5178ae960314fd4d05640a0>@@AAV<lambda_6978c1fb23f02e42e1d9e99668cc68aa>@@V<lambda_9cd88cf8ad10232537feb2133f08c833>@@@?$__crt_seh_guarded_call@H@@QAEH$$QAV<lambda_61cee617f5178ae960314fd4d05640a0>@@AAV<lambda_6978c1fb23f02e42e1d9e99668cc68aa>@@$$QAV<lambda_9cd88cf8ad10232537feb2133f08c833>@@@Z 10017240     libucrt:commit.obj
 0002:00006260       __sehtable$??$?RV<lambda_123407a5e2ac06da108355a851863b7a>@@AAV<lambda_2fe9b910cf3cbf4a0ab98a02ba45b3ec>@@V<lambda_ae55bdf541ad94d75914d381c370e64d>@@@?$__crt_seh_guarded_call@H@@QAEH$$QAV<lambda_123407a5e2ac06da108355a851863b7a>@@AAV<lambda_2fe9b910cf3cbf4a0ab98a02ba45b3ec>@@$$QAV<lambda_ae55bdf541ad94d75914d381c370e64d>@@@Z 10017260     libucrt:close.obj
 0002:00006280       __sehtable$__IsNonwritableInCurrentImage 10017280     LIBCMT:pesect.obj
 0002:000062a0       .edata                     100172a0     ico.exp
 0002:000062c8       rgpv                       100172c8     ico.exp
 0002:000062dc       rgszName                   100172dc     ico.exp
 0002:000062f0       rgwOrd                     100172f0     ico.exp
 0002:000062fa       szName                     100172fa     ico.exp
 0002:00006302       $N00001                    10017302     ico.exp
 0002:0000630d       $N00002                    1001730d     ico.exp
 0002:00006316       $N00003                    10017316     ico.exp
 0002:0000631f       $N00004                    1001731f     ico.exp
 0002:00006328       $N00005                    10017328     ico.exp
 0002:00006534       .idata$6                   10017534     kernel32:KERNEL32.dll
 0002:00006566       .idata$6                   10017566     ole32:ole32.dll
 0002:00006658       .idata$6                   10017658     gdiplus:gdiplus.dll
 0003:00000020       ?__vcrt_flsindex@@3KA      10018020     libvcruntime:per_thread_data.obj
 0003:00000044       _errno_no_memory           10018044     libucrt:errno.obj
 0003:00000048       _doserrno_no_memory        10018048     libucrt:errno.obj
 0003:0000004c       ___acrt_flsindex           1001804c     libucrt:per_thread_data.obj
 0003:000001bc       ___rgctypeflag             100181bc     libucrt:mbctype.obj
 0003:000001c0       ___rgcode_page_info        100181c0     libucrt:mbctype.obj
 0003:00000858       ?gHeapInit@?A0x8f3601b8@@3U?$atomic@H@std@@A 10018858     common-kernel32:Memory.obj
 0003:0000085c       ?gHeapCounter@?A0x8f3601b8@@3U?$atomic@H@std@@A 1001885c     common-kernel32:Memory.obj
 0003:00000860       ?__proc_attached@@3HA      10018860     LIBCMT:dll_dllmain.obj
 0003:00000868       _GS_ExceptionRecord        10018868     LIBCMT:gs_report.obj
 0003:000008b8       _GS_ContextRecord          100188b8     LIBCMT:gs_report.obj
 0003:00000ba0       ?is_initialized_as_dll@@3_NA 10018ba0     LIBCMT:utility.obj
 0003:00000ba1       ?module_local_atexit_table_initialized@@3_NA 10018ba1     LIBCMT:utility.obj
 0003:00000ba4       ?module_local_atexit_table@@3U_onexit_table_t@@A 10018ba4     LIBCMT:utility.obj
 0003:00000bb0       ?module_local_at_quick_exit_table@@3U_onexit_table_t@@A 10018bb0     LIBCMT:utility.obj
 0003:00000bf0       ?heap@@3V_HeapManager@@A   10018bf0     libvcruntime:undname.obj
 0003:00000c04       ?__vcrt_startup_thread_ptd@@3U__vcrt_ptd@@A 10018c04     libvcruntime:per_thread_data.obj
 0003:00000c2c       ___vcrt_lock_table         10018c2c     libvcruntime:locks.obj
 0003:00000c44       ___vcrt_locks_initialized  10018c44     libvcruntime:locks.obj
 0003:00000c48       ?module_handles@@3PAPAUHINSTANCE__@@A 10018c48     libvcruntime:winapi_downlevel.obj
 0003:00000c54       ?encoded_function_pointers@@3PAPAXA 10018c54     libvcruntime:winapi_downlevel.obj
 0003:00000c70       _c_termination_complete    10018c70     libucrt:exit.obj
 0003:00000c74       _thread_local_exit_callback_func 10018c74     libucrt:exit.obj
 0003:00000c78       ?c_exit_complete@?5??common_exit@@YAXHW4_crt_exit_cleanup_mode@@W4_crt_exit_return_mode@@@Z@4_NA 10018c78     libucrt:exit.obj
 0003:00000c80       ?program_name@?5???$common_configure_argv@D@@YAHW4_crt_argv_mode@@@Z@4PADA 10018c80     libucrt:argv_parsing.obj
 0003:00000db0       ___acrt_invalid_parameter_handler 10018db0     libucrt:invalid_parameter.obj
 0003:00000dbc       _enable_percent_n          10018dbc     libucrt:printf_count_output.obj
 0003:00000fd8       ___acrt_lock_table         10018fd8     libucrt:locks.obj
 0003:00001110       ___acrt_locks_initialized  10019110     libucrt:locks.obj
 0003:00001118       _module_handles            10019118     libucrt:winapi_thunks.obj
 0003:00001168       _encoded_function_pointers 10019168     libucrt:winapi_thunks.obj
 0003:000011e8       ?state_cache@?1??__acrt_is_packaged_app@@9@4JA 100191e8     libucrt:winapi_thunks.obj
 0003:00001204       _fSystemSet                10019204     libucrt:mbctype.obj
 0003:00001208       ?initialized@?1??__acrt_initialize_multibyte@@9@4_NA 10019208     libucrt:mbctype.obj
 0003:00001228       ___acrt_new_handler        10019228     libucrt:new_handler.obj
 0003:0000122c       _ctrlc_action              1001922c     libucrt:signal.obj
 0003:00001230       _ctrlbreak_action          10019230     libucrt:signal.obj
 0003:00001234       _abort_action              10019234     libucrt:signal.obj
 0003:00001238       _term_action               10019238     libucrt:signal.obj
 0003:0000123c       _user_matherr              1001923c     libucrt:matherr.obj
 0003:00001240       ___acrt_global_new_mode    10019240     libucrt:new_mode.obj
 0003:0000124c       ___acrt_app_type           1001924c     libucrt:report_runtime_error.obj
 0003:00001254       __pmatherr_set             10019254     libucrt:libm_error.obj
 0004:000000a0       $R000000                   1001a0a0     ico.res
 0004:000003a8       $R000308                   1001a3a8     ico.res
